
****** Vitis HLS - High-Level Synthesis from C, C++ and OpenCL v2024.1 (64-bit)
  **** SW Build 5069499 on May 21 2024
  **** IP Build 5075265 on Wed May 22 21:45:21 MDT 2024
  **** SharedData Build 5076995 on Wed May 22 18:29:18 MDT 2024
  **** Start of session at: Tue May 19 10:39:59 2026
    ** Copyright 1986-2022 Xilinx, Inc. All Rights Reserved.
    ** Copyright 2022-2024 Advanced Micro Devices, Inc. All Rights Reserved.

source E:/Applaction/Xilinx/Vitis_HLS/2024.1/scripts/vitis_hls/hls.tcl -notrace
INFO: [HLS 200-10] For user 'jielu' on host 'yizhidianlu' (Windows NT_amd64 version 10.0) on Tue May 19 10:40:00 +0800 2026
INFO: [HLS 200-10] In directory 'C:/Users/jielu/Desktop/Workspace/FPGA-VLA/runs/T0024'
WARNING: [HLS 200-2053] The vitis_hls executable is deprecated. Consider using vitis-run --mode hls --tcl
Sourcing Tcl script 'run_hls.tcl'
INFO: [HLS 200-1510] Running: open_project xmod_attn_v1_hls -reset 
INFO: [HLS 200-10] Creating and opening project 'C:/Users/jielu/Desktop/Workspace/FPGA-VLA/runs/T0024/xmod_attn_v1_hls'.
INFO: [HLS 200-1510] Running: set_top xmod_attn_v1 
INFO: [HLS 200-1510] Running: add_files xmod_attn_v1.cpp -cflags -std=c++14 -I. 
INFO: [HLS 200-10] Adding design file 'xmod_attn_v1.cpp' to the project
INFO: [HLS 200-1510] Running: add_files q_kt_matmul_v1.cpp -cflags -std=c++14 -I. 
INFO: [HLS 200-10] Adding design file 'q_kt_matmul_v1.cpp' to the project
INFO: [HLS 200-1510] Running: add_files softmax_64_v1.cpp -cflags -std=c++14 -I. 
INFO: [HLS 200-10] Adding design file 'softmax_64_v1.cpp' to the project
INFO: [HLS 200-1510] Running: add_files weighted_sum_v1.cpp -cflags -std=c++14 -I. 
INFO: [HLS 200-10] Adding design file 'weighted_sum_v1.cpp' to the project
INFO: [HLS 200-1510] Running: add_files topk_engine.cpp -cflags -std=c++14 -I. 
INFO: [HLS 200-10] Adding design file 'topk_engine.cpp' to the project
INFO: [HLS 200-1510] Running: add_files -tb xmod_attn_v1_tb.cpp -cflags -std=c++14 -I. 
INFO: [HLS 200-10] Adding test bench file 'xmod_attn_v1_tb.cpp' to the project
INFO: [HLS 200-1510] Running: open_solution sol1 -flow_target vivado 
INFO: [HLS 200-10] Creating and opening solution 'C:/Users/jielu/Desktop/Workspace/FPGA-VLA/runs/T0024/xmod_attn_v1_hls/sol1'.
INFO: [HLS 200-1505] Using flow_target 'vivado'
Resolution: For help on HLS 200-1505 see docs.xilinx.com/access/sources/dita/topic?Doc_Version=2024.1%20English&url=ug1448-hls-guidance&resourceid=200-1505.html
INFO: [HLS 200-1510] Running: set_part xcvc1902-vsva2197-2MP-e-S 
INFO: [HLS 200-1611] Setting target device to 'xcvc1902-vsva2197-2MP-e-S'
INFO: [HLS 200-1510] Running: create_clock -period 4.0 -name default 
INFO: [SYN 201-201] Setting up clock 'default' with a period of 4ns.
INFO: [HLS 200-1510] Running: csim_design 
INFO: [SIM 211-2] *************** CSIM start ***************
INFO: [SIM 211-4] CSIM will launch CLANG as the compiler.
INFO: [HLS 200-2036] Building debug C Simulation binaries
   Compiling ../../../../xmod_attn_v1_tb.cpp in debug mode
   Compiling ../../../../topk_engine.cpp in debug mode
   Compiling ../../../../weighted_sum_v1.cpp in debug mode
   Compiling ../../../../softmax_64_v1.cpp in debug mode
   Compiling ../../../../q_kt_matmul_v1.cpp in debug mode
   Compiling ../../../../xmod_attn_v1.cpp in debug mode
   Generating csim.exe
--- case 0 ---
cosine_sim_vs_ref=1
exact_mismatch=0/4096  max_abs_diff=0
--- case 1 ---
cosine_sim_vs_ref=1
exact_mismatch=0/4096  max_abs_diff=0
--- case 2 ---
cosine_sim_vs_ref=1
exact_mismatch=0/4096  max_abs_diff=0
=== summary ===
min_cosine_sim_across_cases=1
cases_failed=0/3
INFO: [SIM 211-1] CSim done with 0 errors.
INFO: [SIM 211-3] *************** CSIM finish ***************
INFO: [HLS 200-2161] Finished Command csim_design Elapsed time: 00:00:04; Allocated memory: 0.984 MB.
INFO: [HLS 200-1510] Running: csynth_design 
INFO: [HLS 200-111] Finished File checks and directory preparation: CPU user time: 0 seconds. CPU system time: 0 seconds. Elapsed time: 0.177 seconds; current allocated memory: 230.531 MB.
INFO: [HLS 200-10] Analyzing design file 'topk_engine.cpp' ... 
INFO: [HLS 200-10] Analyzing design file 'weighted_sum_v1.cpp' ... 
INFO: [HLS 200-10] Analyzing design file 'softmax_64_v1.cpp' ... 
INFO: [HLS 200-10] Analyzing design file 'q_kt_matmul_v1.cpp' ... 
INFO: [HLS 200-10] Analyzing design file 'xmod_attn_v1.cpp' ... 
INFO: [HLS 200-111] Finished Source Code Analysis and Preprocessing: CPU user time: 1 seconds. CPU system time: 0 seconds. Elapsed time: 7.174 seconds; current allocated memory: 232.902 MB.
INFO: [HLS 200-777] Using interface defaults for 'Vivado' flow target.
INFO: [HLS 200-1995] There were 549 instructions in the design after the 'Compile/Link' phase of compilation. See the Design Size Report for more details: C:/Users/jielu/Desktop/Workspace/FPGA-VLA/runs/T0024/xmod_attn_v1_hls/sol1/syn/report/csynth_design_size.rpt
INFO: [HLS 200-1995] There were 6,226 instructions in the design after the 'Unroll/Inline (step 1)' phase of compilation. See the Design Size Report for more details: C:/Users/jielu/Desktop/Workspace/FPGA-VLA/runs/T0024/xmod_attn_v1_hls/sol1/syn/report/csynth_design_size.rpt
INFO: [HLS 200-1995] There were 3,600 instructions in the design after the 'Unroll/Inline (step 2)' phase of compilation. See the Design Size Report for more details: C:/Users/jielu/Desktop/Workspace/FPGA-VLA/runs/T0024/xmod_attn_v1_hls/sol1/syn/report/csynth_design_size.rpt
INFO: [HLS 200-1995] There were 3,135 instructions in the design after the 'Unroll/Inline (step 3)' phase of compilation. See the Design Size Report for more details: C:/Users/jielu/Desktop/Workspace/FPGA-VLA/runs/T0024/xmod_attn_v1_hls/sol1/syn/report/csynth_design_size.rpt
INFO: [HLS 200-1995] There were 3,134 instructions in the design after the 'Unroll/Inline (step 4)' phase of compilation. See the Design Size Report for more details: C:/Users/jielu/Desktop/Workspace/FPGA-VLA/runs/T0024/xmod_attn_v1_hls/sol1/syn/report/csynth_design_size.rpt
INFO: [HLS 200-1995] There were 31,200 instructions in the design after the 'Array/Struct (step 1)' phase of compilation. See the Design Size Report for more details: C:/Users/jielu/Desktop/Workspace/FPGA-VLA/runs/T0024/xmod_attn_v1_hls/sol1/syn/report/csynth_design_size.rpt
INFO: [HLS 200-1995] There were 4,450 instructions in the design after the 'Array/Struct (step 2)' phase of compilation. See the Design Size Report for more details: C:/Users/jielu/Desktop/Workspace/FPGA-VLA/runs/T0024/xmod_attn_v1_hls/sol1/syn/report/csynth_design_size.rpt
INFO: [HLS 200-1995] There were 4,450 instructions in the design after the 'Array/Struct (step 3)' phase of compilation. See the Design Size Report for more details: C:/Users/jielu/Desktop/Workspace/FPGA-VLA/runs/T0024/xmod_attn_v1_hls/sol1/syn/report/csynth_design_size.rpt
INFO: [HLS 200-1995] There were 4,450 instructions in the design after the 'Array/Struct (step 4)' phase of compilation. See the Design Size Report for more details: C:/Users/jielu/Desktop/Workspace/FPGA-VLA/runs/T0024/xmod_attn_v1_hls/sol1/syn/report/csynth_design_size.rpt
INFO: [HLS 200-1995] There were 4,965 instructions in the design after the 'Array/Struct (step 5)' phase of compilation. See the Design Size Report for more details: C:/Users/jielu/Desktop/Workspace/FPGA-VLA/runs/T0024/xmod_attn_v1_hls/sol1/syn/report/csynth_design_size.rpt
INFO: [HLS 200-1995] There were 4,578 instructions in the design after the 'Performance (step 1)' phase of compilation. See the Design Size Report for more details: C:/Users/jielu/Desktop/Workspace/FPGA-VLA/runs/T0024/xmod_attn_v1_hls/sol1/syn/report/csynth_design_size.rpt
INFO: [HLS 200-1995] There were 4,316 instructions in the design after the 'Performance (step 2)' phase of compilation. See the Design Size Report for more details: C:/Users/jielu/Desktop/Workspace/FPGA-VLA/runs/T0024/xmod_attn_v1_hls/sol1/syn/report/csynth_design_size.rpt
INFO: [HLS 200-1995] There were 4,316 instructions in the design after the 'Performance (step 3)' phase of compilation. See the Design Size Report for more details: C:/Users/jielu/Desktop/Workspace/FPGA-VLA/runs/T0024/xmod_attn_v1_hls/sol1/syn/report/csynth_design_size.rpt
INFO: [HLS 200-1995] There were 4,316 instructions in the design after the 'Performance (step 4)' phase of compilation. See the Design Size Report for more details: C:/Users/jielu/Desktop/Workspace/FPGA-VLA/runs/T0024/xmod_attn_v1_hls/sol1/syn/report/csynth_design_size.rpt
INFO: [HLS 200-1995] There were 4,766 instructions in the design after the 'HW Transforms (step 1)' phase of compilation. See the Design Size Report for more details: C:/Users/jielu/Desktop/Workspace/FPGA-VLA/runs/T0024/xmod_attn_v1_hls/sol1/syn/report/csynth_design_size.rpt
INFO: [HLS 200-1995] There were 4,809 instructions in the design after the 'HW Transforms (step 2)' phase of compilation. See the Design Size Report for more details: C:/Users/jielu/Desktop/Workspace/FPGA-VLA/runs/T0024/xmod_attn_v1_hls/sol1/syn/report/csynth_design_size.rpt
INFO: [HLS 214-291] Loop 'K_INNER' is marked as complete unroll implied by the pipeline pragma (weighted_sum_v1.cpp:52:11)
INFO: [HLS 214-291] Loop 'UR_LOOP' is marked as complete unroll implied by the pipeline pragma (weighted_sum_v1.cpp:54:11)
INFO: [HLS 214-291] Loop 'COMPARE_LOOP' is marked as complete unroll implied by the pipeline pragma (topk_engine.cpp:69:16)
INFO: [HLS 214-291] Loop 'SHIFT_LOOP' is marked as complete unroll implied by the pipeline pragma (topk_engine.cpp:81:14)
INFO: [HLS 214-291] Loop 'COMMIT_LOOP' is marked as complete unroll implied by the pipeline pragma (topk_engine.cpp:102:22)
INFO: [HLS 214-291] Loop 'T_INNER' is marked as complete unroll implied by the pipeline pragma (q_kt_matmul_v1.cpp:43:11)
INFO: [HLS 214-291] Loop 'UR_LOOP' is marked as complete unroll implied by the pipeline pragma (q_kt_matmul_v1.cpp:46:26)
INFO: [HLS 214-186] Unrolling loop 'LOAD_BATCH' (weighted_sum_v1.cpp:44:14) in function 'weighted_sum_v1' completely with a factor of 4 (weighted_sum_v1.cpp:18:0)
INFO: [HLS 214-186] Unrolling loop 'K_INNER' (weighted_sum_v1.cpp:52:11) in function 'weighted_sum_v1' completely with a factor of 4 (weighted_sum_v1.cpp:18:0)
INFO: [HLS 214-186] Unrolling loop 'UR_LOOP' (weighted_sum_v1.cpp:54:11) in function 'weighted_sum_v1' completely with a factor of 16 (weighted_sum_v1.cpp:18:0)
INFO: [HLS 214-186] Unrolling loop 'COMPARE_LOOP' (topk_engine.cpp:69:16) in function 'topk_engine' completely with a factor of 64 (topk_engine.cpp:36:0)
INFO: [HLS 214-186] Unrolling loop 'SHIFT_LOOP' (topk_engine.cpp:81:14) in function 'topk_engine' completely with a factor of 64 (topk_engine.cpp:36:0)
INFO: [HLS 214-186] Unrolling loop 'COMMIT_LOOP' (topk_engine.cpp:102:22) in function 'topk_engine' completely with a factor of 64 (topk_engine.cpp:36:0)
INFO: [HLS 214-186] Unrolling loop 'INIT_LOOP' (topk_engine.cpp:54:13) in function 'topk_engine' completely with a factor of 64 (topk_engine.cpp:36:0)
INFO: [HLS 214-186] Unrolling loop 'INIT_ACC' (q_kt_matmul_v1.cpp:36:12) in function 'q_kt_matmul_v1' completely with a factor of 4 (q_kt_matmul_v1.cpp:21:0)
INFO: [HLS 214-186] Unrolling loop 'T_INNER' (q_kt_matmul_v1.cpp:43:11) in function 'q_kt_matmul_v1' completely with a factor of 4 (q_kt_matmul_v1.cpp:21:0)
INFO: [HLS 214-186] Unrolling loop 'UR_LOOP' (q_kt_matmul_v1.cpp:46:26) in function 'q_kt_matmul_v1' completely with a factor of 32 (q_kt_matmul_v1.cpp:21:0)
INFO: [HLS 214-186] Unrolling loop 'WRITE_T' (q_kt_matmul_v1.cpp:54:18) in function 'q_kt_matmul_v1' completely with a factor of 4 (q_kt_matmul_v1.cpp:21:0)
INFO: [HLS 214-178] Inlining function 'sat16_(int)' into 'q_kt_matmul_v1(signed char const*, signed char const (*) [4096], short*)' (q_kt_matmul_v1.cpp:21:0)
INFO: [HLS 214-178] Inlining function 'sat8_(int)' into 'weighted_sum_v1(short const*, unsigned short const*, signed char const (*) [4096], signed char*)' (weighted_sum_v1.cpp:18:0)
INFO: [HLS 214-178] Inlining function 'softmax_64_v1(short const*, short*)' into 'xmod_attn_v1(signed char const*, signed char const (*) [4096], signed char const (*) [4096], signed char*)' (xmod_attn_v1.cpp:27:0)
INFO: [HLS 214-248] Applying array_partition to '_ZZ15weighted_sum_v1PKsPKtPA4096_KaPaE3acc': Cyclic partitioning with factor 16 on dimension 1. (weighted_sum_v1.cpp:27:0)
INFO: [HLS 214-248] Applying array_partition to 'top_v': Complete partitioning on dimension 1. (topk_engine.cpp:48:10)
INFO: [HLS 214-248] Applying array_partition to 'top_i': Complete partitioning on dimension 1. (topk_engine.cpp:49:14)
INFO: [HLS 214-248] Applying array_partition to 'new_v': Complete partitioning on dimension 1. (topk_engine.cpp:77:17)
INFO: [HLS 214-248] Applying array_partition to 'new_i': Complete partitioning on dimension 1. (topk_engine.cpp:78:18)
INFO: [HLS 214-248] Applying array_partition to 'shifted.i': Complete partitioning on dimension 1. (softmax_64_v1.cpp:15:13)
INFO: [HLS 214-248] Applying array_partition to 'top_scores': Complete partitioning on dimension 1. (xmod_attn_v1.cpp:31:13)
INFO: [HLS 214-248] Applying array_partition to 'top_indices': Complete partitioning on dimension 1. (xmod_attn_v1.cpp:32:14)
INFO: [HLS 214-248] Applying array_partition to 'weights': Complete partitioning on dimension 1. (xmod_attn_v1.cpp:33:13)
INFO: [HLS 214-248] Applying array_partition to 'Q': Cyclic partitioning with factor 32 on dimension 1. (xmod_attn_v1.cpp:27:0)
INFO: [HLS 214-248] Applying array_partition to 'K': Block partitioning with factor 4 on dimension 1. Cyclic partitioning with factor 32 on dimension 2. (xmod_attn_v1.cpp:27:0)
INFO: [HLS 214-248] Applying array_partition to 'V': Block partitioning with factor 4 on dimension 1. Cyclic partitioning with factor 16 on dimension 2. (xmod_attn_v1.cpp:27:0)
WARNING: [HLS 214-358] Array transformation on index using bit extension logic may lead to poor performance. Please use int or long for array index computation to benefit from optimizations.
WARNING: [HLS 214-358] Array transformation on index using bit extension logic may lead to poor performance. Please use int or long for array index computation to benefit from optimizations. (weighted_sum_v1.cpp:50:17)
INFO: [HLS 200-111] Finished Compiling Optimization and Transform: CPU user time: 0 seconds. CPU system time: 1 seconds. Elapsed time: 12.972 seconds; current allocated memory: 236.203 MB.
INFO: [HLS 200-111] Finished Checking Pragmas: CPU user time: 0 seconds. CPU system time: 0 seconds. Elapsed time: 0.046 seconds; current allocated memory: 236.203 MB.
INFO: [HLS 200-10] Starting code transformations ...
INFO: [HLS 200-111] Finished Standard Transforms: CPU user time: 1 seconds. CPU system time: 0 seconds. Elapsed time: 0.548 seconds; current allocated memory: 249.184 MB.
INFO: [HLS 200-10] Checking synthesizability ...
INFO: [HLS 200-111] Finished Checking Synthesizability: CPU user time: 0 seconds. CPU system time: 0 seconds. Elapsed time: 0.765 seconds; current allocated memory: 258.957 MB.
INFO: [XFORM 203-11] Balancing expressions in function 'weighted_sum_v1' (weighted_sum_v1.cpp:10:14)...64 expression(s) balanced.
INFO: [XFORM 203-11] Balancing expressions in function 'q_kt_matmul_v1' (q_kt_matmul_v1.cpp:14:11)...128 expression(s) balanced.
INFO: [HLS 200-111] Finished Loop, function and other optimizations: CPU user time: 4 seconds. CPU system time: 0 seconds. Elapsed time: 3.419 seconds; current allocated memory: 294.305 MB.
INFO: [HLS 200-2061] Successfully converted nested loops 'KB_LOOP'(weighted_sum_v1.cpp:38:14) and 'D_LOOP'(weighted_sum_v1.cpp:50:17) in function 'weighted_sum_v1' into perfectly nested loops.
INFO: [HLS 200-2061] Successfully converted nested loops 'TB_LOOP'(q_kt_matmul_v1.cpp:32:11) and 'D_LOOP'(q_kt_matmul_v1.cpp:41:17) in function 'q_kt_matmul_v1' into perfectly nested loops.
INFO: [XFORM 203-541] Flattening a loop nest 'KB_LOOP' (weighted_sum_v1.cpp:38:14) in function 'weighted_sum_v1'.
INFO: [XFORM 203-541] Flattening a loop nest 'TB_LOOP' (q_kt_matmul_v1.cpp:32:11) in function 'q_kt_matmul_v1'.
INFO: [HLS 200-111] Finished Architecture Synthesis: CPU user time: 2 seconds. CPU system time: 0 seconds. Elapsed time: 2.307 seconds; current allocated memory: 421.957 MB.
INFO: [HLS 200-10] Starting hardware synthesis ...
INFO: [HLS 200-10] Synthesizing 'xmod_attn_v1' ...
INFO: [HLS 200-10] ----------------------------------------------------------------
INFO: [HLS 200-42] -- Implementing module 'q_kt_matmul_v1' 
INFO: [HLS 200-10] ----------------------------------------------------------------
INFO: [SCHED 204-11] Starting scheduling ...
INFO: [HLS 200-486] Changing DSP latency (root=add_ln50_122) to 3 in order to utilize available DSP registers.
INFO: [HLS 200-486] Changing DSP latency (root=add_ln50_121) to 3 in order to utilize available DSP registers.
INFO: [HLS 200-486] Changing DSP latency (root=add_ln50_119) to 3 in order to utilize available DSP registers.
INFO: [HLS 200-486] Changing DSP latency (root=add_ln50_118) to 3 in order to utilize available DSP registers.
INFO: [HLS 200-486] Changing DSP latency (root=add_ln50_115) to 3 in order to utilize available DSP registers.
INFO: [HLS 200-486] Changing DSP latency (root=add_ln50_114) to 3 in order to utilize available DSP registers.
INFO: [HLS 200-486] Changing DSP latency (root=add_ln50_112) to 3 in order to utilize available DSP registers.
INFO: [HLS 200-486] Changing DSP latency (root=add_ln50_111) to 3 in order to utilize available DSP registers.
INFO: [HLS 200-486] Changing DSP latency (root=add_ln50_107) to 3 in order to utilize available DSP registers.
INFO: [HLS 200-486] Changing DSP latency (root=add_ln50_106) to 3 in order to utilize available DSP registers.
INFO: [HLS 200-486] Changing DSP latency (root=add_ln50_104) to 3 in order to utilize available DSP registers.
INFO: [HLS 200-486] Changing DSP latency (root=add_ln50_103) to 3 in order to utilize available DSP registers.
INFO: [HLS 200-486] Changing DSP latency (root=add_ln50_100) to 3 in order to utilize available DSP registers.
INFO: [HLS 200-486] Changing DSP latency (root=add_ln50_99) to 3 in order to utilize available DSP registers.
INFO: [HLS 200-486] Changing DSP latency (root=add_ln50_97) to 3 in order to utilize available DSP registers.
INFO: [HLS 200-486] Changing DSP latency (root=add_ln50_96) to 3 in order to utilize available DSP registers.
INFO: [HLS 200-486] Changing DSP latency (root=add_ln50_90) to 3 in order to utilize available DSP registers.
INFO: [HLS 200-486] Changing DSP latency (root=add_ln50_89) to 3 in order to utilize available DSP registers.
INFO: [HLS 200-486] Changing DSP latency (root=add_ln50_87) to 3 in order to utilize available DSP registers.
INFO: [HLS 200-486] Changing DSP latency (root=add_ln50_86) to 3 in order to utilize available DSP registers.
INFO: [HLS 200-486] Changing DSP latency (root=add_ln50_83) to 3 in order to utilize available DSP registers.
INFO: [HLS 200-486] Changing DSP latency (root=add_ln50_82) to 3 in order to utilize available DSP registers.
INFO: [HLS 200-486] Changing DSP latency (root=add_ln50_80) to 3 in order to utilize available DSP registers.
INFO: [HLS 200-486] Changing DSP latency (root=add_ln50_79) to 3 in order to utilize available DSP registers.
INFO: [HLS 200-486] Changing DSP latency (root=add_ln50_75) to 3 in order to utilize available DSP registers.
INFO: [HLS 200-486] Changing DSP latency (root=add_ln50_74) to 3 in order to utilize available DSP registers.
INFO: [HLS 200-486] Changing DSP latency (root=add_ln50_72) to 3 in order to utilize available DSP registers.
INFO: [HLS 200-486] Changing DSP latency (root=add_ln50_71) to 3 in order to utilize available DSP registers.
INFO: [HLS 200-486] Changing DSP latency (root=add_ln50_68) to 3 in order to utilize available DSP registers.
INFO: [HLS 200-486] Changing DSP latency (root=add_ln50_67) to 3 in order to utilize available DSP registers.
INFO: [HLS 200-486] Changing DSP latency (root=add_ln50_65) to 3 in order to utilize available DSP registers.
INFO: [HLS 200-486] Changing DSP latency (root=add_ln50_64) to 3 in order to utilize available DSP registers.
INFO: [HLS 200-486] Changing DSP latency (root=add_ln50_58) to 3 in order to utilize available DSP registers.
INFO: [HLS 200-486] Changing DSP latency (root=add_ln50_57) to 3 in order to utilize available DSP registers.
INFO: [HLS 200-486] Changing DSP latency (root=add_ln50_55) to 3 in order to utilize available DSP registers.
INFO: [HLS 200-486] Changing DSP latency (root=add_ln50_54) to 3 in order to utilize available DSP registers.
INFO: [HLS 200-486] Changing DSP latency (root=add_ln50_51) to 3 in order to utilize available DSP registers.
INFO: [HLS 200-486] Changing DSP latency (root=add_ln50_50) to 3 in order to utilize available DSP registers.
INFO: [HLS 200-486] Changing DSP latency (root=add_ln50_48) to 3 in order to utilize available DSP registers.
INFO: [HLS 200-486] Changing DSP latency (root=add_ln50_47) to 3 in order to utilize available DSP registers.
INFO: [HLS 200-486] Changing DSP latency (root=add_ln50_43) to 3 in order to utilize available DSP registers.
INFO: [HLS 200-486] Changing DSP latency (root=add_ln50_42) to 3 in order to utilize available DSP registers.
INFO: [HLS 200-486] Changing DSP latency (root=add_ln50_40) to 3 in order to utilize available DSP registers.
INFO: [HLS 200-486] Changing DSP latency (root=add_ln50_39) to 3 in order to utilize available DSP registers.
INFO: [HLS 200-486] Changing DSP latency (root=add_ln50_36) to 3 in order to utilize available DSP registers.
INFO: [HLS 200-486] Changing DSP latency (root=add_ln50_35) to 3 in order to utilize available DSP registers.
INFO: [HLS 200-486] Changing DSP latency (root=add_ln50_33) to 3 in order to utilize available DSP registers.
INFO: [HLS 200-486] Changing DSP latency (root=add_ln50_32) to 3 in order to utilize available DSP registers.
INFO: [HLS 200-486] Changing DSP latency (root=add_ln50_26) to 3 in order to utilize available DSP registers.
INFO: [HLS 200-486] Changing DSP latency (root=add_ln50_25) to 3 in order to utilize available DSP registers.
INFO: [HLS 200-486] Changing DSP latency (root=add_ln50_23) to 3 in order to utilize available DSP registers.
INFO: [HLS 200-486] Changing DSP latency (root=add_ln50_22) to 3 in order to utilize available DSP registers.
INFO: [HLS 200-486] Changing DSP latency (root=add_ln50_19) to 3 in order to utilize available DSP registers.
INFO: [HLS 200-486] Changing DSP latency (root=add_ln50_18) to 3 in order to utilize available DSP registers.
INFO: [HLS 200-486] Changing DSP latency (root=add_ln50_16) to 3 in order to utilize available DSP registers.
INFO: [HLS 200-486] Changing DSP latency (root=add_ln50_15) to 3 in order to utilize available DSP registers.
INFO: [HLS 200-486] Changing DSP latency (root=add_ln50_11) to 3 in order to utilize available DSP registers.
INFO: [HLS 200-486] Changing DSP latency (root=add_ln50_10) to 3 in order to utilize available DSP registers.
INFO: [HLS 200-486] Changing DSP latency (root=add_ln50_8) to 3 in order to utilize available DSP registers.
INFO: [HLS 200-486] Changing DSP latency (root=add_ln50_7) to 3 in order to utilize available DSP registers.
INFO: [HLS 200-486] Changing DSP latency (root=add_ln50_4) to 3 in order to utilize available DSP registers.
INFO: [HLS 200-486] Changing DSP latency (root=add_ln50_3) to 3 in order to utilize available DSP registers.
INFO: [HLS 200-486] Changing DSP latency (root=add_ln50_1) to 3 in order to utilize available DSP registers.
INFO: [HLS 200-486] Changing DSP latency (root=add_ln50) to 3 in order to utilize available DSP registers.
INFO: [SCHED 204-61] Pipelining loop 'TB_LOOP_D_LOOP'.
WARNING: [HLS 200-885] The II Violation in module 'q_kt_matmul_v1' (loop 'TB_LOOP_D_LOOP'): Unable to schedule 'load' operation 8 bit ('K_0_1_load_1', q_kt_matmul_v1.cpp:48) on array 'K_0_1' due to limited memory ports (II = 1). Please consider using a memory core with more ports or partitioning the array 'K_0_1'.
Resolution: For help on HLS 200-885 see docs.xilinx.com/access/sources/dita/topic?Doc_Version=2024.1%20English&url=ug1448-hls-guidance&resourceid=200-885.html
INFO: [HLS 200-1470] Pipelining result : Target II = 1, Final II = 2, Depth = 9, loop 'TB_LOOP_D_LOOP'
INFO: [SCHED 204-11] Finished scheduling.
INFO: [HLS 200-111] Finished Scheduling: CPU user time: 100 seconds. CPU system time: 2 seconds. Elapsed time: 103.84 seconds; current allocated memory: 427.121 MB.
INFO: [BIND 205-100] Starting micro-architecture generation ...
INFO: [BIND 205-101] Performing variable lifetime analysis.
INFO: [BIND 205-101] Exploring resource sharing.
INFO: [BIND 205-101] Binding ...
INFO: [BIND 205-100] Finished micro-architecture generation.
INFO: [HLS 200-111] Finished Binding: CPU user time: 24 seconds. CPU system time: 1 seconds. Elapsed time: 24.75 seconds; current allocated memory: 427.121 MB.
INFO: [HLS 200-10] ----------------------------------------------------------------
INFO: [HLS 200-42] -- Implementing module 'topk_engine_Pipeline_MAIN_LOOP' 
INFO: [HLS 200-10] ----------------------------------------------------------------
INFO: [SCHED 204-11] Starting scheduling ...
INFO: [SCHED 204-61] Pipelining loop 'MAIN_LOOP'.
INFO: [HLS 200-1470] Pipelining result : Target II = 1, Final II = 1, Depth = 2, loop 'MAIN_LOOP'
INFO: [SCHED 204-11] Finished scheduling.
INFO: [HLS 200-111] Finished Scheduling: CPU user time: 83 seconds. CPU system time: 1 seconds. Elapsed time: 86.64 seconds; current allocated memory: 427.121 MB.
INFO: [BIND 205-100] Starting micro-architecture generation ...
INFO: [BIND 205-101] Performing variable lifetime analysis.
INFO: [BIND 205-101] Exploring resource sharing.
INFO: [BIND 205-101] Binding ...
INFO: [BIND 205-100] Finished micro-architecture generation.
INFO: [HLS 200-111] Finished Binding: CPU user time: 1 seconds. CPU system time: 0 seconds. Elapsed time: 0.877 seconds; current allocated memory: 427.121 MB.
INFO: [HLS 200-10] ----------------------------------------------------------------
INFO: [HLS 200-42] -- Implementing module 'topk_engine_Pipeline_WRITE_LOOP' 
INFO: [HLS 200-10] ----------------------------------------------------------------
INFO: [SCHED 204-11] Starting scheduling ...
INFO: [SCHED 204-61] Pipelining loop 'WRITE_LOOP'.
INFO: [HLS 200-1470] Pipelining result : Target II = 1, Final II = 1, Depth = 1, loop 'WRITE_LOOP'
INFO: [SCHED 204-11] Finished scheduling.
INFO: [HLS 200-111] Finished Scheduling: CPU user time: 1 seconds. CPU system time: 1 seconds. Elapsed time: 1.368 seconds; current allocated memory: 427.121 MB.
INFO: [BIND 205-100] Starting micro-architecture generation ...
INFO: [BIND 205-101] Performing variable lifetime analysis.
INFO: [BIND 205-101] Exploring resource sharing.
INFO: [BIND 205-101] Binding ...
INFO: [BIND 205-100] Finished micro-architecture generation.
INFO: [HLS 200-111] Finished Binding: CPU user time: 1 seconds. CPU system time: 0 seconds. Elapsed time: 0.296 seconds; current allocated memory: 427.121 MB.
INFO: [HLS 200-10] ----------------------------------------------------------------
INFO: [HLS 200-42] -- Implementing module 'topk_engine' 
INFO: [HLS 200-10] ----------------------------------------------------------------
INFO: [SCHED 204-11] Starting scheduling ...
INFO: [SCHED 204-11] Finished scheduling.
INFO: [HLS 200-111] Finished Scheduling: CPU user time: 0 seconds. CPU system time: 0 seconds. Elapsed time: 0.29 seconds; current allocated memory: 427.121 MB.
INFO: [BIND 205-100] Starting micro-architecture generation ...
INFO: [BIND 205-101] Performing variable lifetime analysis.
INFO: [BIND 205-101] Exploring resource sharing.
INFO: [BIND 205-101] Binding ...
INFO: [BIND 205-100] Finished micro-architecture generation.
INFO: [HLS 200-111] Finished Binding: CPU user time: 0 seconds. CPU system time: 0 seconds. Elapsed time: 0.185 seconds; current allocated memory: 427.121 MB.
INFO: [HLS 200-10] ----------------------------------------------------------------
INFO: [HLS 200-42] -- Implementing module 'xmod_attn_v1_Pipeline_MAX_LOOP' 
INFO: [HLS 200-10] ----------------------------------------------------------------
INFO: [SCHED 204-11] Starting scheduling ...
INFO: [SCHED 204-61] Pipelining loop 'MAX_LOOP'.
INFO: [HLS 200-1470] Pipelining result : Target II = 1, Final II = 1, Depth = 1, loop 'MAX_LOOP'
INFO: [SCHED 204-11] Finished scheduling.
INFO: [HLS 200-111] Finished Scheduling: CPU user time: 1 seconds. CPU system time: 0 seconds. Elapsed time: 0.844 seconds; current allocated memory: 427.121 MB.
INFO: [BIND 205-100] Starting micro-architecture generation ...
INFO: [BIND 205-101] Performing variable lifetime analysis.
INFO: [BIND 205-101] Exploring resource sharing.
INFO: [BIND 205-101] Binding ...
INFO: [BIND 205-100] Finished micro-architecture generation.
INFO: [HLS 200-111] Finished Binding: CPU user time: 0 seconds. CPU system time: 0 seconds. Elapsed time: 0.075 seconds; current allocated memory: 427.121 MB.
INFO: [HLS 200-10] ----------------------------------------------------------------
INFO: [HLS 200-42] -- Implementing module 'xmod_attn_v1_Pipeline_SHIFT_SUM_LOOP' 
INFO: [HLS 200-10] ----------------------------------------------------------------
INFO: [SCHED 204-11] Starting scheduling ...
INFO: [SCHED 204-61] Pipelining loop 'SHIFT_SUM_LOOP'.
INFO: [HLS 200-1470] Pipelining result : Target II = 1, Final II = 1, Depth = 2, loop 'SHIFT_SUM_LOOP'
INFO: [SCHED 204-11] Finished scheduling.
INFO: [HLS 200-111] Finished Scheduling: CPU user time: 1 seconds. CPU system time: 0 seconds. Elapsed time: 0.883 seconds; current allocated memory: 427.121 MB.
INFO: [BIND 205-100] Starting micro-architecture generation ...
INFO: [BIND 205-101] Performing variable lifetime analysis.
INFO: [BIND 205-101] Exploring resource sharing.
INFO: [BIND 205-101] Binding ...
INFO: [BIND 205-100] Finished micro-architecture generation.
INFO: [HLS 200-111] Finished Binding: CPU user time: 0 seconds. CPU system time: 0 seconds. Elapsed time: 0.314 seconds; current allocated memory: 427.121 MB.
INFO: [HLS 200-10] ----------------------------------------------------------------
INFO: [HLS 200-42] -- Implementing module 'xmod_attn_v1_Pipeline_NORM_LOOP' 
INFO: [HLS 200-10] ----------------------------------------------------------------
INFO: [SCHED 204-11] Starting scheduling ...
INFO: [SCHED 204-61] Pipelining loop 'NORM_LOOP'.
INFO: [HLS 200-1470] Pipelining result : Target II = 1, Final II = 1, Depth = 20, loop 'NORM_LOOP'
INFO: [SCHED 204-11] Finished scheduling.
INFO: [HLS 200-111] Finished Scheduling: CPU user time: 9 seconds. CPU system time: 0 seconds. Elapsed time: 9.284 seconds; current allocated memory: 427.121 MB.
INFO: [BIND 205-100] Starting micro-architecture generation ...
INFO: [BIND 205-101] Performing variable lifetime analysis.
INFO: [BIND 205-101] Exploring resource sharing.
INFO: [BIND 205-101] Binding ...
INFO: [BIND 205-100] Finished micro-architecture generation.
INFO: [HLS 200-111] Finished Binding: CPU user time: 0 seconds. CPU system time: 0 seconds. Elapsed time: 0.519 seconds; current allocated memory: 427.121 MB.
INFO: [HLS 200-10] ----------------------------------------------------------------
INFO: [HLS 200-42] -- Implementing module 'weighted_sum_v1_Pipeline_INIT_LOOP' 
INFO: [HLS 200-10] ----------------------------------------------------------------
INFO: [SCHED 204-11] Starting scheduling ...
INFO: [SCHED 204-61] Pipelining loop 'INIT_LOOP'.
INFO: [HLS 200-1470] Pipelining result : Target II = 1, Final II = 1, Depth = 1, loop 'INIT_LOOP'
INFO: [SCHED 204-11] Finished scheduling.
INFO: [HLS 200-111] Finished Scheduling: CPU user time: 5 seconds. CPU system time: 0 seconds. Elapsed time: 4.753 seconds; current allocated memory: 427.121 MB.
INFO: [BIND 205-100] Starting micro-architecture generation ...
INFO: [BIND 205-101] Performing variable lifetime analysis.
INFO: [BIND 205-101] Exploring resource sharing.
INFO: [BIND 205-101] Binding ...
INFO: [BIND 205-100] Finished micro-architecture generation.
INFO: [HLS 200-111] Finished Binding: CPU user time: 0 seconds. CPU system time: 0 seconds. Elapsed time: 0.061 seconds; current allocated memory: 427.121 MB.
INFO: [HLS 200-10] ----------------------------------------------------------------
INFO: [HLS 200-42] -- Implementing module 'weighted_sum_v1_Pipeline_KB_LOOP_D_LOOP' 
INFO: [HLS 200-10] ----------------------------------------------------------------
INFO: [SCHED 204-11] Starting scheduling ...
INFO: [HLS 200-486] Changing DSP latency (root=add_ln56_62) to 3 in order to utilize available DSP registers.
INFO: [HLS 200-486] Changing DSP latency (root=add_ln56_61) to 3 in order to utilize available DSP registers.
INFO: [HLS 200-486] Changing DSP latency (root=add_ln56_60) to 3 in order to utilize available DSP registers.
INFO: [HLS 200-486] Changing DSP latency (root=add_ln56_58) to 3 in order to utilize available DSP registers.
INFO: [HLS 200-486] Changing DSP latency (root=add_ln56_57) to 3 in order to utilize available DSP registers.
INFO: [HLS 200-486] Changing DSP latency (root=add_ln56_56) to 3 in order to utilize available DSP registers.
INFO: [HLS 200-486] Changing DSP latency (root=add_ln56_54) to 3 in order to utilize available DSP registers.
INFO: [HLS 200-486] Changing DSP latency (root=add_ln56_53) to 3 in order to utilize available DSP registers.
INFO: [HLS 200-486] Changing DSP latency (root=add_ln56_52) to 3 in order to utilize available DSP registers.
INFO: [HLS 200-486] Changing DSP latency (root=add_ln56_50) to 3 in order to utilize available DSP registers.
INFO: [HLS 200-486] Changing DSP latency (root=add_ln56_49) to 3 in order to utilize available DSP registers.
INFO: [HLS 200-486] Changing DSP latency (root=add_ln56_48) to 3 in order to utilize available DSP registers.
INFO: [HLS 200-486] Changing DSP latency (root=add_ln56_46) to 3 in order to utilize available DSP registers.
INFO: [HLS 200-486] Changing DSP latency (root=add_ln56_45) to 3 in order to utilize available DSP registers.
INFO: [HLS 200-486] Changing DSP latency (root=add_ln56_44) to 3 in order to utilize available DSP registers.
INFO: [HLS 200-486] Changing DSP latency (root=add_ln56_42) to 3 in order to utilize available DSP registers.
INFO: [HLS 200-486] Changing DSP latency (root=add_ln56_41) to 3 in order to utilize available DSP registers.
INFO: [HLS 200-486] Changing DSP latency (root=add_ln56_40) to 3 in order to utilize available DSP registers.
INFO: [HLS 200-486] Changing DSP latency (root=add_ln56_38) to 3 in order to utilize available DSP registers.
INFO: [HLS 200-486] Changing DSP latency (root=add_ln56_37) to 3 in order to utilize available DSP registers.
INFO: [HLS 200-486] Changing DSP latency (root=add_ln56_36) to 3 in order to utilize available DSP registers.
INFO: [HLS 200-486] Changing DSP latency (root=add_ln56_34) to 3 in order to utilize available DSP registers.
INFO: [HLS 200-486] Changing DSP latency (root=add_ln56_33) to 3 in order to utilize available DSP registers.
INFO: [HLS 200-486] Changing DSP latency (root=add_ln56_32) to 3 in order to utilize available DSP registers.
INFO: [HLS 200-486] Changing DSP latency (root=add_ln56_30) to 3 in order to utilize available DSP registers.
INFO: [HLS 200-486] Changing DSP latency (root=add_ln56_29) to 3 in order to utilize available DSP registers.
INFO: [HLS 200-486] Changing DSP latency (root=add_ln56_28) to 3 in order to utilize available DSP registers.
INFO: [HLS 200-486] Changing DSP latency (root=add_ln56_26) to 3 in order to utilize available DSP registers.
INFO: [HLS 200-486] Changing DSP latency (root=add_ln56_25) to 3 in order to utilize available DSP registers.
INFO: [HLS 200-486] Changing DSP latency (root=add_ln56_24) to 3 in order to utilize available DSP registers.
INFO: [HLS 200-486] Changing DSP latency (root=add_ln56_22) to 3 in order to utilize available DSP registers.
INFO: [HLS 200-486] Changing DSP latency (root=add_ln56_21) to 3 in order to utilize available DSP registers.
INFO: [HLS 200-486] Changing DSP latency (root=add_ln56_20) to 3 in order to utilize available DSP registers.
INFO: [HLS 200-486] Changing DSP latency (root=add_ln56_18) to 3 in order to utilize available DSP registers.
INFO: [HLS 200-486] Changing DSP latency (root=add_ln56_17) to 3 in order to utilize available DSP registers.
INFO: [HLS 200-486] Changing DSP latency (root=add_ln56_16) to 3 in order to utilize available DSP registers.
INFO: [HLS 200-486] Changing DSP latency (root=add_ln56_14) to 3 in order to utilize available DSP registers.
INFO: [HLS 200-486] Changing DSP latency (root=add_ln56_13) to 3 in order to utilize available DSP registers.
INFO: [HLS 200-486] Changing DSP latency (root=add_ln56_12) to 3 in order to utilize available DSP registers.
INFO: [HLS 200-486] Changing DSP latency (root=add_ln56_10) to 3 in order to utilize available DSP registers.
INFO: [HLS 200-486] Changing DSP latency (root=add_ln56_9) to 3 in order to utilize available DSP registers.
INFO: [HLS 200-486] Changing DSP latency (root=add_ln56_8) to 3 in order to utilize available DSP registers.
INFO: [HLS 200-486] Changing DSP latency (root=add_ln56_6) to 3 in order to utilize available DSP registers.
INFO: [HLS 200-486] Changing DSP latency (root=add_ln56_5) to 3 in order to utilize available DSP registers.
INFO: [HLS 200-486] Changing DSP latency (root=add_ln56_4) to 3 in order to utilize available DSP registers.
INFO: [HLS 200-486] Changing DSP latency (root=add_ln56_2) to 3 in order to utilize available DSP registers.
INFO: [HLS 200-486] Changing DSP latency (root=add_ln56_1) to 3 in order to utilize available DSP registers.
INFO: [HLS 200-486] Changing DSP latency (root=add_ln56) to 3 in order to utilize available DSP registers.
INFO: [SCHED 204-61] Pipelining loop 'KB_LOOP_D_LOOP'.
WARNING: [HLS 200-885] The II Violation in module 'weighted_sum_v1_Pipeline_KB_LOOP_D_LOOP' (loop 'KB_LOOP_D_LOOP'): Unable to schedule 'load' operation 8 bit ('V_0_0_load', weighted_sum_v1.cpp:56) on array 'V_0_0' due to limited memory ports (II = 1). Please consider using a memory core with more ports or partitioning the array 'V_0_0'.
Resolution: For help on HLS 200-885 see docs.xilinx.com/access/sources/dita/topic?Doc_Version=2024.1%20English&url=ug1448-hls-guidance&resourceid=200-885.html
INFO: [HLS 200-1470] Pipelining result : Target II = 1, Final II = 2, Depth = 10, loop 'KB_LOOP_D_LOOP'
INFO: [SCHED 204-11] Finished scheduling.
INFO: [HLS 200-111] Finished Scheduling: CPU user time: 55 seconds. CPU system time: 2 seconds. Elapsed time: 57.256 seconds; current allocated memory: 436.531 MB.
INFO: [BIND 205-100] Starting micro-architecture generation ...
INFO: [BIND 205-101] Performing variable lifetime analysis.
INFO: [BIND 205-101] Exploring resource sharing.
INFO: [BIND 205-101] Binding ...
INFO: [BIND 205-100] Finished micro-architecture generation.
INFO: [HLS 200-111] Finished Binding: CPU user time: 14 seconds. CPU system time: 0 seconds. Elapsed time: 14.894 seconds; current allocated memory: 437.496 MB.
INFO: [HLS 200-10] ----------------------------------------------------------------
INFO: [HLS 200-42] -- Implementing module 'weighted_sum_v1_Pipeline_WRITE_LOOP' 
INFO: [HLS 200-10] ----------------------------------------------------------------
INFO: [SCHED 204-11] Starting scheduling ...
INFO: [SCHED 204-61] Pipelining loop 'WRITE_LOOP'.
INFO: [HLS 200-1470] Pipelining result : Target II = 1, Final II = 1, Depth = 3, loop 'WRITE_LOOP'
INFO: [SCHED 204-11] Finished scheduling.
INFO: [HLS 200-111] Finished Scheduling: CPU user time: 45 seconds. CPU system time: 1 seconds. Elapsed time: 46.272 seconds; current allocated memory: 437.902 MB.
INFO: [BIND 205-100] Starting micro-architecture generation ...
INFO: [BIND 205-101] Performing variable lifetime analysis.
INFO: [BIND 205-101] Exploring resource sharing.
INFO: [BIND 205-101] Binding ...
INFO: [BIND 205-100] Finished micro-architecture generation.
INFO: [HLS 200-111] Finished Binding: CPU user time: 0 seconds. CPU system time: 0 seconds. Elapsed time: 0.125 seconds; current allocated memory: 437.914 MB.
INFO: [HLS 200-10] ----------------------------------------------------------------
INFO: [HLS 200-42] -- Implementing module 'weighted_sum_v1' 
INFO: [HLS 200-10] ----------------------------------------------------------------
INFO: [SCHED 204-11] Starting scheduling ...
INFO: [SCHED 204-11] Finished scheduling.
INFO: [HLS 200-111] Finished Scheduling: CPU user time: 0 seconds. CPU system time: 0 seconds. Elapsed time: 0.235 seconds; current allocated memory: 437.930 MB.
INFO: [BIND 205-100] Starting micro-architecture generation ...
INFO: [BIND 205-101] Performing variable lifetime analysis.
INFO: [BIND 205-101] Exploring resource sharing.
INFO: [BIND 205-101] Binding ...
INFO: [BIND 205-100] Finished micro-architecture generation.
INFO: [HLS 200-111] Finished Binding: CPU user time: 15 seconds. CPU system time: 0 seconds. Elapsed time: 15.049 seconds; current allocated memory: 437.949 MB.
INFO: [HLS 200-10] ----------------------------------------------------------------
INFO: [HLS 200-42] -- Implementing module 'xmod_attn_v1' 
INFO: [HLS 200-10] ----------------------------------------------------------------
INFO: [SCHED 204-11] Starting scheduling ...
INFO: [SCHED 204-11] Finished scheduling.
INFO: [HLS 200-111] Finished Scheduling: CPU user time: 44 seconds. CPU system time: 2 seconds. Elapsed time: 46.673 seconds; current allocated memory: 440.055 MB.
INFO: [BIND 205-100] Starting micro-architecture generation ...
INFO: [BIND 205-101] Performing variable lifetime analysis.
INFO: [BIND 205-101] Exploring resource sharing.
INFO: [BIND 205-101] Binding ...
INFO: [BIND 205-100] Finished micro-architecture generation.
INFO: [HLS 200-111] Finished Binding: CPU user time: 45 seconds. CPU system time: 1 seconds. Elapsed time: 46.143 seconds; current allocated memory: 441.414 MB.
INFO: [HLS 200-10] ----------------------------------------------------------------
INFO: [HLS 200-10] -- Generating RTL for module 'q_kt_matmul_v1' 
INFO: [HLS 200-10] ----------------------------------------------------------------
INFO: [HLS 200-1030] Apply Unified Pipeline Control on module 'q_kt_matmul_v1' pipeline 'TB_LOOP_D_LOOP' pipeline type 'loop pipeline'
INFO: [RTGEN 206-100] Generating core module 'mac_muladd_8s_8s_16s_17_4_1': 64 instance(s).
INFO: [RTGEN 206-100] Generating core module 'mul_8s_8s_16_1_1': 64 instance(s).
INFO: [RTGEN 206-100] Generating core module 'sparsemux_9_2_8_1_1': 64 instance(s).
INFO: [RTGEN 206-100] Finished creating RTL model for 'q_kt_matmul_v1'.
INFO: [HLS 200-111] Finished Creating RTL model: CPU user time: 120 seconds. CPU system time: 3 seconds. Elapsed time: 124.741 seconds; current allocated memory: 460.504 MB.
INFO: [HLS 200-10] ----------------------------------------------------------------
INFO: [HLS 200-10] -- Generating RTL for module 'topk_engine_Pipeline_MAIN_LOOP' 
INFO: [HLS 200-10] ----------------------------------------------------------------
INFO: [HLS 200-1030] Apply Unified Pipeline Control on module 'topk_engine_Pipeline_MAIN_LOOP' pipeline 'MAIN_LOOP' pipeline type 'loop pipeline'
INFO: [RTGEN 206-100] Finished creating RTL model for 'topk_engine_Pipeline_MAIN_LOOP'.
INFO: [HLS 200-111] Finished Creating RTL model: CPU user time: 72 seconds. CPU system time: 11 seconds. Elapsed time: 84.062 seconds; current allocated memory: 505.039 MB.
INFO: [HLS 200-10] ----------------------------------------------------------------
INFO: [HLS 200-10] -- Generating RTL for module 'topk_engine_Pipeline_WRITE_LOOP' 
INFO: [HLS 200-10] ----------------------------------------------------------------
INFO: [RTGEN 206-100] Generating core module 'sparsemux_129_6_16_1_1': 1 instance(s).
INFO: [RTGEN 206-100] Generating core module 'sparsemux_129_6_8_1_1': 1 instance(s).
INFO: [RTGEN 206-100] Finished creating RTL model for 'topk_engine_Pipeline_WRITE_LOOP'.
INFO: [HLS 200-111] Finished Creating RTL model: CPU user time: 3 seconds. CPU system time: 5 seconds. Elapsed time: 7.438 seconds; current allocated memory: 530.266 MB.
INFO: [HLS 200-10] ----------------------------------------------------------------
INFO: [HLS 200-10] -- Generating RTL for module 'topk_engine' 
INFO: [HLS 200-10] ----------------------------------------------------------------
INFO: [RTGEN 206-100] Finished creating RTL model for 'topk_engine'.
INFO: [HLS 200-111] Finished Creating RTL model: CPU user time: 1 seconds. CPU system time: 1 seconds. Elapsed time: 2.14 seconds; current allocated memory: 537.738 MB.
INFO: [HLS 200-10] ----------------------------------------------------------------
INFO: [HLS 200-10] -- Generating RTL for module 'xmod_attn_v1_Pipeline_MAX_LOOP' 
INFO: [HLS 200-10] ----------------------------------------------------------------
INFO: [RTGEN 206-100] Generating core module 'sparsemux_127_6_16_1_1': 1 instance(s).
INFO: [RTGEN 206-100] Finished creating RTL model for 'xmod_attn_v1_Pipeline_MAX_LOOP'.
INFO: [HLS 200-111] Finished Creating RTL model: CPU user time: 0 seconds. CPU system time: 0 seconds. Elapsed time: 0.798 seconds; current allocated memory: 546.598 MB.
INFO: [HLS 200-10] ----------------------------------------------------------------
INFO: [HLS 200-10] -- Generating RTL for module 'xmod_attn_v1_Pipeline_SHIFT_SUM_LOOP' 
INFO: [HLS 200-10] ----------------------------------------------------------------
INFO: [HLS 200-1030] Apply Unified Pipeline Control on module 'xmod_attn_v1_Pipeline_SHIFT_SUM_LOOP' pipeline 'SHIFT_SUM_LOOP' pipeline type 'loop pipeline'
INFO: [RTGEN 206-100] Generating core module 'sparsemux_129_6_16_1_1': 1 instance(s).
INFO: [RTGEN 206-100] Finished creating RTL model for 'xmod_attn_v1_Pipeline_SHIFT_SUM_LOOP'.
INFO: [HLS 200-111] Finished Creating RTL model: CPU user time: 2 seconds. CPU system time: 0 seconds. Elapsed time: 2.009 seconds; current allocated memory: 548.836 MB.
INFO: [HLS 200-10] ----------------------------------------------------------------
INFO: [HLS 200-10] -- Generating RTL for module 'xmod_attn_v1_Pipeline_NORM_LOOP' 
INFO: [HLS 200-10] ----------------------------------------------------------------
INFO: [HLS 200-1030] Apply Unified Pipeline Control on module 'xmod_attn_v1_Pipeline_NORM_LOOP' pipeline 'NORM_LOOP' pipeline type 'loop pipeline'
INFO: [RTGEN 206-100] Generating core module 'sdiv_31ns_22s_16_19_1': 1 instance(s).
INFO: [RTGEN 206-100] Generating core module 'sparsemux_129_6_16_1_1': 1 instance(s).
INFO: [RTGEN 206-100] Finished creating RTL model for 'xmod_attn_v1_Pipeline_NORM_LOOP'.
INFO: [HLS 200-111] Finished Creating RTL model: CPU user time: 1 seconds. CPU system time: 2 seconds. Elapsed time: 2.659 seconds; current allocated memory: 561.496 MB.
INFO: [HLS 200-10] ----------------------------------------------------------------
INFO: [HLS 200-10] -- Generating RTL for module 'weighted_sum_v1_Pipeline_INIT_LOOP' 
INFO: [HLS 200-10] ----------------------------------------------------------------
INFO: [RTGEN 206-100] Finished creating RTL model for 'weighted_sum_v1_Pipeline_INIT_LOOP'.
INFO: [HLS 200-111] Finished Creating RTL model: CPU user time: 2 seconds. CPU system time: 1 seconds. Elapsed time: 3.016 seconds; current allocated memory: 578.188 MB.
INFO: [HLS 200-10] ----------------------------------------------------------------
INFO: [HLS 200-10] -- Generating RTL for module 'weighted_sum_v1_Pipeline_KB_LOOP_D_LOOP' 
INFO: [HLS 200-10] ----------------------------------------------------------------
INFO: [HLS 200-1030] Apply Unified Pipeline Control on module 'weighted_sum_v1_Pipeline_KB_LOOP_D_LOOP' pipeline 'KB_LOOP_D_LOOP' pipeline type 'loop pipeline'
INFO: [RTGEN 206-100] Generating core module 'mac_muladd_16s_8s_24s_25_4_1': 16 instance(s).
INFO: [RTGEN 206-100] Generating core module 'mac_muladd_16s_8s_25s_25_4_1': 16 instance(s).
INFO: [RTGEN 206-100] Generating core module 'mac_muladd_16s_8s_32s_32_4_1': 16 instance(s).
INFO: [RTGEN 206-100] Generating core module 'mul_16s_8s_24_1_1': 16 instance(s).
INFO: [RTGEN 206-100] Generating core module 'sparsemux_33_6_16_1_1': 4 instance(s).
INFO: [RTGEN 206-100] Generating core module 'sparsemux_33_6_8_1_1': 4 instance(s).
INFO: [RTGEN 206-100] Generating core module 'sparsemux_9_2_8_1_1': 64 instance(s).
INFO: [RTGEN 206-100] Finished creating RTL model for 'weighted_sum_v1_Pipeline_KB_LOOP_D_LOOP'.
INFO: [HLS 200-111] Finished Creating RTL model: CPU user time: 1 seconds. CPU system time: 0 seconds. Elapsed time: 1.46 seconds; current allocated memory: 586.660 MB.
INFO: [HLS 200-10] ----------------------------------------------------------------
INFO: [HLS 200-10] -- Generating RTL for module 'weighted_sum_v1_Pipeline_WRITE_LOOP' 
INFO: [HLS 200-10] ----------------------------------------------------------------
INFO: [HLS 200-1030] Apply Unified Pipeline Control on module 'weighted_sum_v1_Pipeline_WRITE_LOOP' pipeline 'WRITE_LOOP' pipeline type 'loop pipeline'
INFO: [RTGEN 206-100] Generating core module 'sparsemux_33_4_32_1_1': 1 instance(s).
INFO: [RTGEN 206-100] Finished creating RTL model for 'weighted_sum_v1_Pipeline_WRITE_LOOP'.
INFO: [HLS 200-111] Finished Creating RTL model: CPU user time: 45 seconds. CPU system time: 6 seconds. Elapsed time: 51.543 seconds; current allocated memory: 615.969 MB.
INFO: [HLS 200-10] ----------------------------------------------------------------
INFO: [HLS 200-10] -- Generating RTL for module 'weighted_sum_v1' 
INFO: [HLS 200-10] ----------------------------------------------------------------
INFO: [SYN 201-210] Renamed object name 'weighted_sum_v1_weighted_sum_v1_short_const_unsigned_short_const_signed_char_const_4096_9_RAM_AUTO_1R1W' to 'weighted_sum_v1_weighted_sum_v1_short_const_unsigned_short_const_signed_char_bkb' due to the length limit 80
INFO: [SYN 201-210] Renamed object name 'weighted_sum_v1_weighted_sum_v1_short_const_unsigned_short_const_signed_char_const_4096_8_RAM_AUTO_1R1W' to 'weighted_sum_v1_weighted_sum_v1_short_const_unsigned_short_const_signed_char_cud' due to the length limit 80
INFO: [SYN 201-210] Renamed object name 'weighted_sum_v1_weighted_sum_v1_short_const_unsigned_short_const_signed_char_const_4096_7_RAM_AUTO_1R1W' to 'weighted_sum_v1_weighted_sum_v1_short_const_unsigned_short_const_signed_char_dEe' due to the length limit 80
INFO: [SYN 201-210] Renamed object name 'weighted_sum_v1_weighted_sum_v1_short_const_unsigned_short_const_signed_char_const_4096_6_RAM_AUTO_1R1W' to 'weighted_sum_v1_weighted_sum_v1_short_const_unsigned_short_const_signed_char_eOg' due to the length limit 80
INFO: [SYN 201-210] Renamed object name 'weighted_sum_v1_weighted_sum_v1_short_const_unsigned_short_const_signed_char_const_4096_5_RAM_AUTO_1R1W' to 'weighted_sum_v1_weighted_sum_v1_short_const_unsigned_short_const_signed_char_fYi' due to the length limit 80
INFO: [SYN 201-210] Renamed object name 'weighted_sum_v1_weighted_sum_v1_short_const_unsigned_short_const_signed_char_const_4096_4_RAM_AUTO_1R1W' to 'weighted_sum_v1_weighted_sum_v1_short_const_unsigned_short_const_signed_char_g8j' due to the length limit 80
INFO: [SYN 201-210] Renamed object name 'weighted_sum_v1_weighted_sum_v1_short_const_unsigned_short_const_signed_char_const_4096_3_RAM_AUTO_1R1W' to 'weighted_sum_v1_weighted_sum_v1_short_const_unsigned_short_const_signed_char_hbi' due to the length limit 80
INFO: [SYN 201-210] Renamed object name 'weighted_sum_v1_weighted_sum_v1_short_const_unsigned_short_const_signed_char_const_4096_2_RAM_AUTO_1R1W' to 'weighted_sum_v1_weighted_sum_v1_short_const_unsigned_short_const_signed_char_ibs' due to the length limit 80
INFO: [SYN 201-210] Renamed object name 'weighted_sum_v1_weighted_sum_v1_short_const_unsigned_short_const_signed_char_const_4096_1_RAM_AUTO_1R1W' to 'weighted_sum_v1_weighted_sum_v1_short_const_unsigned_short_const_signed_char_jbC' due to the length limit 80
INFO: [SYN 201-210] Renamed object name 'weighted_sum_v1_weighted_sum_v1_short_const_unsigned_short_const_signed_char_const_4096_RAM_AUTO_1R1W' to 'weighted_sum_v1_weighted_sum_v1_short_const_unsigned_short_const_signed_char_kbM' due to the length limit 80
INFO: [RTGEN 206-100] Finished creating RTL model for 'weighted_sum_v1'.
INFO: [RTMG 210-278] Implementing memory 'xmod_attn_v1_weighted_sum_v1_weighted_sum_v1_short_const_unsigned_short_const_signed_char_bkb' using auto RAMs.
INFO: [HLS 200-111] Finished Creating RTL model: CPU user time: 1 seconds. CPU system time: 0 seconds. Elapsed time: 1.335 seconds; current allocated memory: 615.969 MB.
INFO: [HLS 200-10] ----------------------------------------------------------------
INFO: [HLS 200-10] -- Generating RTL for module 'xmod_attn_v1' 
INFO: [HLS 200-10] ----------------------------------------------------------------
INFO: [RTGEN 206-500] Setting interface mode on port 'xmod_attn_v1/Q_0' to 'ap_memory'.
INFO: [RTGEN 206-500] Setting interface mode on port 'xmod_attn_v1/Q_1' to 'ap_memory'.
INFO: [RTGEN 206-500] Setting interface mode on port 'xmod_attn_v1/Q_2' to 'ap_memory'.
INFO: [RTGEN 206-500] Setting interface mode on port 'xmod_attn_v1/Q_3' to 'ap_memory'.
INFO: [RTGEN 206-500] Setting interface mode on port 'xmod_attn_v1/Q_4' to 'ap_memory'.
INFO: [RTGEN 206-500] Setting interface mode on port 'xmod_attn_v1/Q_5' to 'ap_memory'.
INFO: [RTGEN 206-500] Setting interface mode on port 'xmod_attn_v1/Q_6' to 'ap_memory'.
INFO: [RTGEN 206-500] Setting interface mode on port 'xmod_attn_v1/Q_7' to 'ap_memory'.
INFO: [RTGEN 206-500] Setting interface mode on port 'xmod_attn_v1/Q_8' to 'ap_memory'.
INFO: [RTGEN 206-500] Setting interface mode on port 'xmod_attn_v1/Q_9' to 'ap_memory'.
INFO: [RTGEN 206-500] Setting interface mode on port 'xmod_attn_v1/Q_10' to 'ap_memory'.
INFO: [RTGEN 206-500] Setting interface mode on port 'xmod_attn_v1/Q_11' to 'ap_memory'.
INFO: [RTGEN 206-500] Setting interface mode on port 'xmod_attn_v1/Q_12' to 'ap_memory'.
INFO: [RTGEN 206-500] Setting interface mode on port 'xmod_attn_v1/Q_13' to 'ap_memory'.
INFO: [RTGEN 206-500] Setting interface mode on port 'xmod_attn_v1/Q_14' to 'ap_memory'.
INFO: [RTGEN 206-500] Setting interface mode on port 'xmod_attn_v1/Q_15' to 'ap_memory'.
INFO: [RTGEN 206-500] Setting interface mode on port 'xmod_attn_v1/Q_16' to 'ap_memory'.
INFO: [RTGEN 206-500] Setting interface mode on port 'xmod_attn_v1/Q_17' to 'ap_memory'.
INFO: [RTGEN 206-500] Setting interface mode on port 'xmod_attn_v1/Q_18' to 'ap_memory'.
INFO: [RTGEN 206-500] Setting interface mode on port 'xmod_attn_v1/Q_19' to 'ap_memory'.
INFO: [RTGEN 206-500] Setting interface mode on port 'xmod_attn_v1/Q_20' to 'ap_memory'.
INFO: [RTGEN 206-500] Setting interface mode on port 'xmod_attn_v1/Q_21' to 'ap_memory'.
INFO: [RTGEN 206-500] Setting interface mode on port 'xmod_attn_v1/Q_22' to 'ap_memory'.
INFO: [RTGEN 206-500] Setting interface mode on port 'xmod_attn_v1/Q_23' to 'ap_memory'.
INFO: [RTGEN 206-500] Setting interface mode on port 'xmod_attn_v1/Q_24' to 'ap_memory'.
INFO: [RTGEN 206-500] Setting interface mode on port 'xmod_attn_v1/Q_25' to 'ap_memory'.
INFO: [RTGEN 206-500] Setting interface mode on port 'xmod_attn_v1/Q_26' to 'ap_memory'.
INFO: [RTGEN 206-500] Setting interface mode on port 'xmod_attn_v1/Q_27' to 'ap_memory'.
INFO: [RTGEN 206-500] Setting interface mode on port 'xmod_attn_v1/Q_28' to 'ap_memory'.
INFO: [RTGEN 206-500] Setting interface mode on port 'xmod_attn_v1/Q_29' to 'ap_memory'.
INFO: [RTGEN 206-500] Setting interface mode on port 'xmod_attn_v1/Q_30' to 'ap_memory'.
INFO: [RTGEN 206-500] Setting interface mode on port 'xmod_attn_v1/Q_31' to 'ap_memory'.
INFO: [RTGEN 206-500] Setting interface mode on port 'xmod_attn_v1/K_0_0' to 'ap_memory'.
INFO: [RTGEN 206-500] Setting interface mode on port 'xmod_attn_v1/K_0_1' to 'ap_memory'.
INFO: [RTGEN 206-500] Setting interface mode on port 'xmod_attn_v1/K_0_2' to 'ap_memory'.
INFO: [RTGEN 206-500] Setting interface mode on port 'xmod_attn_v1/K_0_3' to 'ap_memory'.
INFO: [RTGEN 206-500] Setting interface mode on port 'xmod_attn_v1/K_0_4' to 'ap_memory'.
INFO: [RTGEN 206-500] Setting interface mode on port 'xmod_attn_v1/K_0_5' to 'ap_memory'.
INFO: [RTGEN 206-500] Setting interface mode on port 'xmod_attn_v1/K_0_6' to 'ap_memory'.
INFO: [RTGEN 206-500] Setting interface mode on port 'xmod_attn_v1/K_0_7' to 'ap_memory'.
INFO: [RTGEN 206-500] Setting interface mode on port 'xmod_attn_v1/K_0_8' to 'ap_memory'.
INFO: [RTGEN 206-500] Setting interface mode on port 'xmod_attn_v1/K_0_9' to 'ap_memory'.
INFO: [RTGEN 206-500] Setting interface mode on port 'xmod_attn_v1/K_0_10' to 'ap_memory'.
INFO: [RTGEN 206-500] Setting interface mode on port 'xmod_attn_v1/K_0_11' to 'ap_memory'.
INFO: [RTGEN 206-500] Setting interface mode on port 'xmod_attn_v1/K_0_12' to 'ap_memory'.
INFO: [RTGEN 206-500] Setting interface mode on port 'xmod_attn_v1/K_0_13' to 'ap_memory'.
INFO: [RTGEN 206-500] Setting interface mode on port 'xmod_attn_v1/K_0_14' to 'ap_memory'.
INFO: [RTGEN 206-500] Setting interface mode on port 'xmod_attn_v1/K_0_15' to 'ap_memory'.
INFO: [RTGEN 206-500] Setting interface mode on port 'xmod_attn_v1/K_0_16' to 'ap_memory'.
INFO: [RTGEN 206-500] Setting interface mode on port 'xmod_attn_v1/K_0_17' to 'ap_memory'.
INFO: [RTGEN 206-500] Setting interface mode on port 'xmod_attn_v1/K_0_18' to 'ap_memory'.
INFO: [RTGEN 206-500] Setting interface mode on port 'xmod_attn_v1/K_0_19' to 'ap_memory'.
INFO: [RTGEN 206-500] Setting interface mode on port 'xmod_attn_v1/K_0_20' to 'ap_memory'.
INFO: [RTGEN 206-500] Setting interface mode on port 'xmod_attn_v1/K_0_21' to 'ap_memory'.
INFO: [RTGEN 206-500] Setting interface mode on port 'xmod_attn_v1/K_0_22' to 'ap_memory'.
INFO: [RTGEN 206-500] Setting interface mode on port 'xmod_attn_v1/K_0_23' to 'ap_memory'.
INFO: [RTGEN 206-500] Setting interface mode on port 'xmod_attn_v1/K_0_24' to 'ap_memory'.
INFO: [RTGEN 206-500] Setting interface mode on port 'xmod_attn_v1/K_0_25' to 'ap_memory'.
INFO: [RTGEN 206-500] Setting interface mode on port 'xmod_attn_v1/K_0_26' to 'ap_memory'.
INFO: [RTGEN 206-500] Setting interface mode on port 'xmod_attn_v1/K_0_27' to 'ap_memory'.
INFO: [RTGEN 206-500] Setting interface mode on port 'xmod_attn_v1/K_0_28' to 'ap_memory'.
INFO: [RTGEN 206-500] Setting interface mode on port 'xmod_attn_v1/K_0_29' to 'ap_memory'.
INFO: [RTGEN 206-500] Setting interface mode on port 'xmod_attn_v1/K_0_30' to 'ap_memory'.
INFO: [RTGEN 206-500] Setting interface mode on port 'xmod_attn_v1/K_0_31' to 'ap_memory'.
INFO: [RTGEN 206-500] Setting interface mode on port 'xmod_attn_v1/K_1_0' to 'ap_memory'.
INFO: [RTGEN 206-500] Setting interface mode on port 'xmod_attn_v1/K_1_1' to 'ap_memory'.
INFO: [RTGEN 206-500] Setting interface mode on port 'xmod_attn_v1/K_1_2' to 'ap_memory'.
INFO: [RTGEN 206-500] Setting interface mode on port 'xmod_attn_v1/K_1_3' to 'ap_memory'.
INFO: [RTGEN 206-500] Setting interface mode on port 'xmod_attn_v1/K_1_4' to 'ap_memory'.
INFO: [RTGEN 206-500] Setting interface mode on port 'xmod_attn_v1/K_1_5' to 'ap_memory'.
INFO: [RTGEN 206-500] Setting interface mode on port 'xmod_attn_v1/K_1_6' to 'ap_memory'.
INFO: [RTGEN 206-500] Setting interface mode on port 'xmod_attn_v1/K_1_7' to 'ap_memory'.
INFO: [RTGEN 206-500] Setting interface mode on port 'xmod_attn_v1/K_1_8' to 'ap_memory'.
INFO: [RTGEN 206-500] Setting interface mode on port 'xmod_attn_v1/K_1_9' to 'ap_memory'.
INFO: [RTGEN 206-500] Setting interface mode on port 'xmod_attn_v1/K_1_10' to 'ap_memory'.
INFO: [RTGEN 206-500] Setting interface mode on port 'xmod_attn_v1/K_1_11' to 'ap_memory'.
INFO: [RTGEN 206-500] Setting interface mode on port 'xmod_attn_v1/K_1_12' to 'ap_memory'.
INFO: [RTGEN 206-500] Setting interface mode on port 'xmod_attn_v1/K_1_13' to 'ap_memory'.
INFO: [RTGEN 206-500] Setting interface mode on port 'xmod_attn_v1/K_1_14' to 'ap_memory'.
INFO: [RTGEN 206-500] Setting interface mode on port 'xmod_attn_v1/K_1_15' to 'ap_memory'.
INFO: [RTGEN 206-500] Setting interface mode on port 'xmod_attn_v1/K_1_16' to 'ap_memory'.
INFO: [RTGEN 206-500] Setting interface mode on port 'xmod_attn_v1/K_1_17' to 'ap_memory'.
INFO: [RTGEN 206-500] Setting interface mode on port 'xmod_attn_v1/K_1_18' to 'ap_memory'.
INFO: [RTGEN 206-500] Setting interface mode on port 'xmod_attn_v1/K_1_19' to 'ap_memory'.
INFO: [RTGEN 206-500] Setting interface mode on port 'xmod_attn_v1/K_1_20' to 'ap_memory'.
INFO: [RTGEN 206-500] Setting interface mode on port 'xmod_attn_v1/K_1_21' to 'ap_memory'.
INFO: [RTGEN 206-500] Setting interface mode on port 'xmod_attn_v1/K_1_22' to 'ap_memory'.
INFO: [RTGEN 206-500] Setting interface mode on port 'xmod_attn_v1/K_1_23' to 'ap_memory'.
INFO: [RTGEN 206-500] Setting interface mode on port 'xmod_attn_v1/K_1_24' to 'ap_memory'.
INFO: [RTGEN 206-500] Setting interface mode on port 'xmod_attn_v1/K_1_25' to 'ap_memory'.
INFO: [RTGEN 206-500] Setting interface mode on port 'xmod_attn_v1/K_1_26' to 'ap_memory'.
INFO: [RTGEN 206-500] Setting interface mode on port 'xmod_attn_v1/K_1_27' to 'ap_memory'.
INFO: [RTGEN 206-500] Setting interface mode on port 'xmod_attn_v1/K_1_28' to 'ap_memory'.
INFO: [RTGEN 206-500] Setting interface mode on port 'xmod_attn_v1/K_1_29' to 'ap_memory'.
INFO: [RTGEN 206-500] Setting interface mode on port 'xmod_attn_v1/K_1_30' to 'ap_memory'.
INFO: [RTGEN 206-500] Setting interface mode on port 'xmod_attn_v1/K_1_31' to 'ap_memory'.
INFO: [RTGEN 206-500] Setting interface mode on port 'xmod_attn_v1/K_2_0' to 'ap_memory'.
INFO: [RTGEN 206-500] Setting interface mode on port 'xmod_attn_v1/K_2_1' to 'ap_memory'.
INFO: [RTGEN 206-500] Setting interface mode on port 'xmod_attn_v1/K_2_2' to 'ap_memory'.
INFO: [RTGEN 206-500] Setting interface mode on port 'xmod_attn_v1/K_2_3' to 'ap_memory'.
INFO: [RTGEN 206-500] Setting interface mode on port 'xmod_attn_v1/K_2_4' to 'ap_memory'.
INFO: [RTGEN 206-500] Setting interface mode on port 'xmod_attn_v1/K_2_5' to 'ap_memory'.
INFO: [RTGEN 206-500] Setting interface mode on port 'xmod_attn_v1/K_2_6' to 'ap_memory'.
INFO: [RTGEN 206-500] Setting interface mode on port 'xmod_attn_v1/K_2_7' to 'ap_memory'.
INFO: [RTGEN 206-500] Setting interface mode on port 'xmod_attn_v1/K_2_8' to 'ap_memory'.
INFO: [RTGEN 206-500] Setting interface mode on port 'xmod_attn_v1/K_2_9' to 'ap_memory'.
INFO: [RTGEN 206-500] Setting interface mode on port 'xmod_attn_v1/K_2_10' to 'ap_memory'.
INFO: [RTGEN 206-500] Setting interface mode on port 'xmod_attn_v1/K_2_11' to 'ap_memory'.
INFO: [RTGEN 206-500] Setting interface mode on port 'xmod_attn_v1/K_2_12' to 'ap_memory'.
INFO: [RTGEN 206-500] Setting interface mode on port 'xmod_attn_v1/K_2_13' to 'ap_memory'.
INFO: [RTGEN 206-500] Setting interface mode on port 'xmod_attn_v1/K_2_14' to 'ap_memory'.
INFO: [RTGEN 206-500] Setting interface mode on port 'xmod_attn_v1/K_2_15' to 'ap_memory'.
INFO: [RTGEN 206-500] Setting interface mode on port 'xmod_attn_v1/K_2_16' to 'ap_memory'.
INFO: [RTGEN 206-500] Setting interface mode on port 'xmod_attn_v1/K_2_17' to 'ap_memory'.
INFO: [RTGEN 206-500] Setting interface mode on port 'xmod_attn_v1/K_2_18' to 'ap_memory'.
INFO: [RTGEN 206-500] Setting interface mode on port 'xmod_attn_v1/K_2_19' to 'ap_memory'.
INFO: [RTGEN 206-500] Setting interface mode on port 'xmod_attn_v1/K_2_20' to 'ap_memory'.
INFO: [RTGEN 206-500] Setting interface mode on port 'xmod_attn_v1/K_2_21' to 'ap_memory'.
INFO: [RTGEN 206-500] Setting interface mode on port 'xmod_attn_v1/K_2_22' to 'ap_memory'.
INFO: [RTGEN 206-500] Setting interface mode on port 'xmod_attn_v1/K_2_23' to 'ap_memory'.
INFO: [RTGEN 206-500] Setting interface mode on port 'xmod_attn_v1/K_2_24' to 'ap_memory'.
INFO: [RTGEN 206-500] Setting interface mode on port 'xmod_attn_v1/K_2_25' to 'ap_memory'.
INFO: [RTGEN 206-500] Setting interface mode on port 'xmod_attn_v1/K_2_26' to 'ap_memory'.
INFO: [RTGEN 206-500] Setting interface mode on port 'xmod_attn_v1/K_2_27' to 'ap_memory'.
INFO: [RTGEN 206-500] Setting interface mode on port 'xmod_attn_v1/K_2_28' to 'ap_memory'.
INFO: [RTGEN 206-500] Setting interface mode on port 'xmod_attn_v1/K_2_29' to 'ap_memory'.
INFO: [RTGEN 206-500] Setting interface mode on port 'xmod_attn_v1/K_2_30' to 'ap_memory'.
INFO: [RTGEN 206-500] Setting interface mode on port 'xmod_attn_v1/K_2_31' to 'ap_memory'.
INFO: [RTGEN 206-500] Setting interface mode on port 'xmod_attn_v1/K_3_0' to 'ap_memory'.
INFO: [RTGEN 206-500] Setting interface mode on port 'xmod_attn_v1/K_3_1' to 'ap_memory'.
INFO: [RTGEN 206-500] Setting interface mode on port 'xmod_attn_v1/K_3_2' to 'ap_memory'.
INFO: [RTGEN 206-500] Setting interface mode on port 'xmod_attn_v1/K_3_3' to 'ap_memory'.
INFO: [RTGEN 206-500] Setting interface mode on port 'xmod_attn_v1/K_3_4' to 'ap_memory'.
INFO: [RTGEN 206-500] Setting interface mode on port 'xmod_attn_v1/K_3_5' to 'ap_memory'.
INFO: [RTGEN 206-500] Setting interface mode on port 'xmod_attn_v1/K_3_6' to 'ap_memory'.
INFO: [RTGEN 206-500] Setting interface mode on port 'xmod_attn_v1/K_3_7' to 'ap_memory'.
INFO: [RTGEN 206-500] Setting interface mode on port 'xmod_attn_v1/K_3_8' to 'ap_memory'.
INFO: [RTGEN 206-500] Setting interface mode on port 'xmod_attn_v1/K_3_9' to 'ap_memory'.
INFO: [RTGEN 206-500] Setting interface mode on port 'xmod_attn_v1/K_3_10' to 'ap_memory'.
INFO: [RTGEN 206-500] Setting interface mode on port 'xmod_attn_v1/K_3_11' to 'ap_memory'.
INFO: [RTGEN 206-500] Setting interface mode on port 'xmod_attn_v1/K_3_12' to 'ap_memory'.
INFO: [RTGEN 206-500] Setting interface mode on port 'xmod_attn_v1/K_3_13' to 'ap_memory'.
INFO: [RTGEN 206-500] Setting interface mode on port 'xmod_attn_v1/K_3_14' to 'ap_memory'.
INFO: [RTGEN 206-500] Setting interface mode on port 'xmod_attn_v1/K_3_15' to 'ap_memory'.
INFO: [RTGEN 206-500] Setting interface mode on port 'xmod_attn_v1/K_3_16' to 'ap_memory'.
INFO: [RTGEN 206-500] Setting interface mode on port 'xmod_attn_v1/K_3_17' to 'ap_memory'.
INFO: [RTGEN 206-500] Setting interface mode on port 'xmod_attn_v1/K_3_18' to 'ap_memory'.
INFO: [RTGEN 206-500] Setting interface mode on port 'xmod_attn_v1/K_3_19' to 'ap_memory'.
INFO: [RTGEN 206-500] Setting interface mode on port 'xmod_attn_v1/K_3_20' to 'ap_memory'.
INFO: [RTGEN 206-500] Setting interface mode on port 'xmod_attn_v1/K_3_21' to 'ap_memory'.
INFO: [RTGEN 206-500] Setting interface mode on port 'xmod_attn_v1/K_3_22' to 'ap_memory'.
INFO: [RTGEN 206-500] Setting interface mode on port 'xmod_attn_v1/K_3_23' to 'ap_memory'.
INFO: [RTGEN 206-500] Setting interface mode on port 'xmod_attn_v1/K_3_24' to 'ap_memory'.
INFO: [RTGEN 206-500] Setting interface mode on port 'xmod_attn_v1/K_3_25' to 'ap_memory'.
INFO: [RTGEN 206-500] Setting interface mode on port 'xmod_attn_v1/K_3_26' to 'ap_memory'.
INFO: [RTGEN 206-500] Setting interface mode on port 'xmod_attn_v1/K_3_27' to 'ap_memory'.
INFO: [RTGEN 206-500] Setting interface mode on port 'xmod_attn_v1/K_3_28' to 'ap_memory'.
INFO: [RTGEN 206-500] Setting interface mode on port 'xmod_attn_v1/K_3_29' to 'ap_memory'.
INFO: [RTGEN 206-500] Setting interface mode on port 'xmod_attn_v1/K_3_30' to 'ap_memory'.
INFO: [RTGEN 206-500] Setting interface mode on port 'xmod_attn_v1/K_3_31' to 'ap_memory'.
INFO: [RTGEN 206-500] Setting interface mode on port 'xmod_attn_v1/V_0_0' to 'ap_memory'.
INFO: [RTGEN 206-500] Setting interface mode on port 'xmod_attn_v1/V_0_1' to 'ap_memory'.
INFO: [RTGEN 206-500] Setting interface mode on port 'xmod_attn_v1/V_0_2' to 'ap_memory'.
INFO: [RTGEN 206-500] Setting interface mode on port 'xmod_attn_v1/V_0_3' to 'ap_memory'.
INFO: [RTGEN 206-500] Setting interface mode on port 'xmod_attn_v1/V_0_4' to 'ap_memory'.
INFO: [RTGEN 206-500] Setting interface mode on port 'xmod_attn_v1/V_0_5' to 'ap_memory'.
INFO: [RTGEN 206-500] Setting interface mode on port 'xmod_attn_v1/V_0_6' to 'ap_memory'.
INFO: [RTGEN 206-500] Setting interface mode on port 'xmod_attn_v1/V_0_7' to 'ap_memory'.
INFO: [RTGEN 206-500] Setting interface mode on port 'xmod_attn_v1/V_0_8' to 'ap_memory'.
INFO: [RTGEN 206-500] Setting interface mode on port 'xmod_attn_v1/V_0_9' to 'ap_memory'.
INFO: [RTGEN 206-500] Setting interface mode on port 'xmod_attn_v1/V_0_10' to 'ap_memory'.
INFO: [RTGEN 206-500] Setting interface mode on port 'xmod_attn_v1/V_0_11' to 'ap_memory'.
INFO: [RTGEN 206-500] Setting interface mode on port 'xmod_attn_v1/V_0_12' to 'ap_memory'.
INFO: [RTGEN 206-500] Setting interface mode on port 'xmod_attn_v1/V_0_13' to 'ap_memory'.
INFO: [RTGEN 206-500] Setting interface mode on port 'xmod_attn_v1/V_0_14' to 'ap_memory'.
INFO: [RTGEN 206-500] Setting interface mode on port 'xmod_attn_v1/V_0_15' to 'ap_memory'.
INFO: [RTGEN 206-500] Setting interface mode on port 'xmod_attn_v1/V_1_0' to 'ap_memory'.
INFO: [RTGEN 206-500] Setting interface mode on port 'xmod_attn_v1/V_1_1' to 'ap_memory'.
INFO: [RTGEN 206-500] Setting interface mode on port 'xmod_attn_v1/V_1_2' to 'ap_memory'.
INFO: [RTGEN 206-500] Setting interface mode on port 'xmod_attn_v1/V_1_3' to 'ap_memory'.
INFO: [RTGEN 206-500] Setting interface mode on port 'xmod_attn_v1/V_1_4' to 'ap_memory'.
INFO: [RTGEN 206-500] Setting interface mode on port 'xmod_attn_v1/V_1_5' to 'ap_memory'.
INFO: [RTGEN 206-500] Setting interface mode on port 'xmod_attn_v1/V_1_6' to 'ap_memory'.
INFO: [RTGEN 206-500] Setting interface mode on port 'xmod_attn_v1/V_1_7' to 'ap_memory'.
INFO: [RTGEN 206-500] Setting interface mode on port 'xmod_attn_v1/V_1_8' to 'ap_memory'.
INFO: [RTGEN 206-500] Setting interface mode on port 'xmod_attn_v1/V_1_9' to 'ap_memory'.
INFO: [RTGEN 206-500] Setting interface mode on port 'xmod_attn_v1/V_1_10' to 'ap_memory'.
INFO: [RTGEN 206-500] Setting interface mode on port 'xmod_attn_v1/V_1_11' to 'ap_memory'.
INFO: [RTGEN 206-500] Setting interface mode on port 'xmod_attn_v1/V_1_12' to 'ap_memory'.
INFO: [RTGEN 206-500] Setting interface mode on port 'xmod_attn_v1/V_1_13' to 'ap_memory'.
INFO: [RTGEN 206-500] Setting interface mode on port 'xmod_attn_v1/V_1_14' to 'ap_memory'.
INFO: [RTGEN 206-500] Setting interface mode on port 'xmod_attn_v1/V_1_15' to 'ap_memory'.
INFO: [RTGEN 206-500] Setting interface mode on port 'xmod_attn_v1/V_2_0' to 'ap_memory'.
INFO: [RTGEN 206-500] Setting interface mode on port 'xmod_attn_v1/V_2_1' to 'ap_memory'.
INFO: [RTGEN 206-500] Setting interface mode on port 'xmod_attn_v1/V_2_2' to 'ap_memory'.
INFO: [RTGEN 206-500] Setting interface mode on port 'xmod_attn_v1/V_2_3' to 'ap_memory'.
INFO: [RTGEN 206-500] Setting interface mode on port 'xmod_attn_v1/V_2_4' to 'ap_memory'.
INFO: [RTGEN 206-500] Setting interface mode on port 'xmod_attn_v1/V_2_5' to 'ap_memory'.
INFO: [RTGEN 206-500] Setting interface mode on port 'xmod_attn_v1/V_2_6' to 'ap_memory'.
INFO: [RTGEN 206-500] Setting interface mode on port 'xmod_attn_v1/V_2_7' to 'ap_memory'.
INFO: [RTGEN 206-500] Setting interface mode on port 'xmod_attn_v1/V_2_8' to 'ap_memory'.
INFO: [RTGEN 206-500] Setting interface mode on port 'xmod_attn_v1/V_2_9' to 'ap_memory'.
INFO: [RTGEN 206-500] Setting interface mode on port 'xmod_attn_v1/V_2_10' to 'ap_memory'.
INFO: [RTGEN 206-500] Setting interface mode on port 'xmod_attn_v1/V_2_11' to 'ap_memory'.
INFO: [RTGEN 206-500] Setting interface mode on port 'xmod_attn_v1/V_2_12' to 'ap_memory'.
INFO: [RTGEN 206-500] Setting interface mode on port 'xmod_attn_v1/V_2_13' to 'ap_memory'.
INFO: [RTGEN 206-500] Setting interface mode on port 'xmod_attn_v1/V_2_14' to 'ap_memory'.
INFO: [RTGEN 206-500] Setting interface mode on port 'xmod_attn_v1/V_2_15' to 'ap_memory'.
INFO: [RTGEN 206-500] Setting interface mode on port 'xmod_attn_v1/V_3_0' to 'ap_memory'.
INFO: [RTGEN 206-500] Setting interface mode on port 'xmod_attn_v1/V_3_1' to 'ap_memory'.
INFO: [RTGEN 206-500] Setting interface mode on port 'xmod_attn_v1/V_3_2' to 'ap_memory'.
INFO: [RTGEN 206-500] Setting interface mode on port 'xmod_attn_v1/V_3_3' to 'ap_memory'.
INFO: [RTGEN 206-500] Setting interface mode on port 'xmod_attn_v1/V_3_4' to 'ap_memory'.
INFO: [RTGEN 206-500] Setting interface mode on port 'xmod_attn_v1/V_3_5' to 'ap_memory'.
INFO: [RTGEN 206-500] Setting interface mode on port 'xmod_attn_v1/V_3_6' to 'ap_memory'.
INFO: [RTGEN 206-500] Setting interface mode on port 'xmod_attn_v1/V_3_7' to 'ap_memory'.
INFO: [RTGEN 206-500] Setting interface mode on port 'xmod_attn_v1/V_3_8' to 'ap_memory'.
INFO: [RTGEN 206-500] Setting interface mode on port 'xmod_attn_v1/V_3_9' to 'ap_memory'.
INFO: [RTGEN 206-500] Setting interface mode on port 'xmod_attn_v1/V_3_10' to 'ap_memory'.
INFO: [RTGEN 206-500] Setting interface mode on port 'xmod_attn_v1/V_3_11' to 'ap_memory'.
INFO: [RTGEN 206-500] Setting interface mode on port 'xmod_attn_v1/V_3_12' to 'ap_memory'.
INFO: [RTGEN 206-500] Setting interface mode on port 'xmod_attn_v1/V_3_13' to 'ap_memory'.
INFO: [RTGEN 206-500] Setting interface mode on port 'xmod_attn_v1/V_3_14' to 'ap_memory'.
INFO: [RTGEN 206-500] Setting interface mode on port 'xmod_attn_v1/V_3_15' to 'ap_memory'.
INFO: [RTGEN 206-500] Setting interface mode on port 'xmod_attn_v1/out_r' to 'ap_memory'.
INFO: [RTGEN 206-500] Setting interface mode on function 'xmod_attn_v1' to 'ap_ctrl_hs'.
INFO: [RTGEN 206-100] Finished creating RTL model for 'xmod_attn_v1'.
INFO: [RTMG 210-278] Implementing memory 'xmod_attn_v1_scores_RAM_AUTO_1R1W' using auto RAMs.
INFO: [HLS 200-111] Finished Creating RTL model: CPU user time: 69 seconds. CPU system time: 3 seconds. Elapsed time: 73.512 seconds; current allocated memory: 633.047 MB.
INFO: [HLS 200-111] Finished Generating all RTL models: CPU user time: 128 seconds. CPU system time: 4 seconds. Elapsed time: 134.567 seconds; current allocated memory: 653.789 MB.
INFO: [HLS 200-111] Finished Updating report files: CPU user time: 44 seconds. CPU system time: 3 seconds. Elapsed time: 47.221 seconds; current allocated memory: 712.375 MB.
INFO: [VHDL 208-304] Generating VHDL RTL for xmod_attn_v1.
INFO: [VLOG 209-307] Generating Verilog RTL for xmod_attn_v1.
INFO: [HLS 200-790] **** Loop Constraint Status: All loop constraints were NOT satisfied.
INFO: [HLS 200-789] **** Estimated Fmax: 351.37 MHz
INFO: [HLS 200-2161] Finished Command csynth_design Elapsed time: 00:17:05; Allocated memory: 482.160 MB.
INFO: [HLS 200-112] Total CPU user time: 944 seconds. Total CPU system time: 53 seconds. Total elapsed time: 1033.01 seconds; peak allocated memory: 712.375 MB.
