NOC MEM CONFIG: /tools/projects/FPGA-VLA/runs/T0043/package_v5/sim/behav_waveform/xsim/noc_memory_config.txt




INFO: Using QEMU from : /tools/Xilinx/Vitis/2024.1/data/emulation/qemu/comp/qemu/sysroots/x86_64-petalinux-linux/usr/bin/qemu-system-aarch64
Directory '/tools/projects/FPGA-VLA/runs/T0043/package_v5/emu_qemu_scripts' created
Using QEMU dtb from /tools/projects/FPGA-VLA/runs/T0043/package_v5/sim/behav_waveform/xsim/board-versal-ps-cosim-vitis-vck190.dtb

PS COSIM_MACHINE_PATH unix:./qemu-rport-_pl@0
INFO: Using PMC/PU from : /tools/Xilinx/Vitis/2024.1/data/emulation/qemu/comp/qemu/sysroots/x86_64-petalinux-linux/usr/bin/qemu-system-microblazeel

Starting QEMU
 - Press <Ctrl-a h> for help 
Launching QEMU using command "/usr/bin/time -p -o qemu_time.txt /tools/Xilinx/Vitis/2024.1/data/emulation/qemu/comp/qemu/sysroots/x86_64-petalinux-linux/usr/bin/qemu-system-aarch64 -M "arm-generic-fdt"  -display "none"  -chardev "stdio,id=serial2,logfile=qemu_output.log,mux=on,signal=off"  -mon "serial2"  -sync-quantum ""1000000000""  -boot "mode=5"  -hw-dtb /tools/projects/FPGA-VLA/runs/T0043/package_v5/sim/behav_waveform/xsim/board-versal-ps-cosim-vitis-vck190.dtb  -drive "file=/tools/projects/FPGA-VLA/runs/T0043/package_v5/sd_card.img,format=raw,if=sd,index=1"  -no-reboot -display "none"  -machine-path "."  -chardev "socket,path=./qemu-rport-_pmc@0,server=on,id=ps-pmc-rp"  -chardev "socket,path=./qemu-rport-_pl@0,server=on,id=pl-rp""
Waiting for QEMU to start. 
QEMU started. qemu_pid=2872062
Waiting for PMU to start. 
PMC started. pmc_pid=2872072
Path of the simulation directory :  /tools/projects/FPGA-VLA/runs/T0043/package_v5/sim/behav_waveform/xsim
Simulator started. simulator_pid 2872087

xsim vitis_design_wrapper_sim_wrapper_behav -key {Behavioral:sim_1:Functional:vitis_design_wrapper_sim_wrapper} -tclbatch vitis_design_wrapper_sim_wrapper.tcl -protoinst protoinst_files/bd_57a1.protoinst -protoinst protoinst_files/bd_27ec.protoinst -protoinst protoinst_files/bd_90d1.protoinst -protoinst protoinst_files/bd_28ba.protoinst -protoinst protoinst_files/bd_05a5.protoinst -protoinst protoinst_files/bd_931e.protoinst -protoinst protoinst_files/bd_93ee.protoinst -protoinst protoinst_files/bd_53bf.protoinst -protoinst protoinst_files/bd_920e.protoinst -protoinst protoinst_files/bd_525f.protoinst -protoinst protoinst_files/vitis_design.protoinst -protoinst protoinst_files/xlnoc.protoinst -log simulate.log -R --protoinst /tools/projects/FPGA-VLA/runs/T0043/package_v5/sim/behav_waveform/xsim/dr_behav.protoinst

****** xsim v2024.1 (64-bit)
  **** SW Build 5076996 on Wed May 22 18:36:09 MDT 2024
  **** IP Build 5075265 on Wed May 22 21:45:21 MDT 2024
  **** SharedData Build 5076995 on Wed May 22 18:29:18 MDT 2024
  **** Start of session at: Thu May 28 22:32:06 2026
    ** Copyright 1986-2022 Xilinx, Inc. All Rights Reserved.
    ** Copyright 2022-2024 Advanced Micro Devices, Inc. All Rights Reserved.

source xsim.dir/vitis_design_wrapper_sim_wrapper_behav/xsim_script.tcl
# xsim {vitis_design_wrapper_sim_wrapper_behav} -autoloadwcfg -tclbatch {vitis_design_wrapper_sim_wrapper.tcl} -runall -key {Behavioral:sim_1:Functional:vitis_design_wrapper_sim_wrapper} -protoinst {protoinst_files/bd_57a1.protoinst} -protoinst {protoinst_files/bd_27ec.protoinst} -protoinst {protoinst_files/bd_90d1.protoinst} -protoinst {protoinst_files/bd_28ba.protoinst} -protoinst {protoinst_files/bd_05a5.protoinst} -protoinst {protoinst_files/bd_931e.protoinst} -protoinst {protoinst_files/bd_93ee.protoinst} -protoinst {protoinst_files/bd_53bf.protoinst} -protoinst {protoinst_files/bd_920e.protoinst} -protoinst {protoinst_files/bd_525f.protoinst} -protoinst {protoinst_files/vitis_design.protoinst} -protoinst {protoinst_files/xlnoc.protoinst} -protoinst {/tools/projects/FPGA-VLA/runs/T0043/package_v5/sim/behav_waveform/xsim/dr_behav.protoinst}
[AIESIM_OPTIONS]: aiesim_options file path ./aiesim_options.txt
[AIESIM_OPTIONS]: No aiesim_options provided 
[INFO]: Disable Unused Tiles
[INFO]: Xpe File: /tools/projects/FPGA-VLA/runs/T0043/package_v5/cfg/./aie.xpe
INFO  : Running AIE MTMODEL Simulation with 1 threads
ISS disables unused tiles
Optimized ISS Wrapper (R+W), r2p25

Info: DEVICE FILE: /tools/Xilinx/Vitis/2024.1/aietools/data/devices/VC1902.json

Info: AIE SOLUTION FILE: /tools/projects/FPGA-VLA/runs/T0043/package_v5/cfg/./aie.shim.solution.aiesol
qemu-system-aarch64: -chardev socket,path=./qemu-rport-_pmc@0,server=on,id=ps-pmc-rp: info: QEMU waiting for connection on: disconnected:unix:./qemu-rport-_pmc@0,server=on
qemu-system-aarch64: -chardev socket,path=./qemu-rport-_pl@0,server=on,id=pl-rp: info: QEMU waiting for connection on: disconnected:unix:./qemu-rport-_pl@0,server=on
INFO  : ROWS: 8 COLS: 50
Running Dispatch Server on port: 40889
[SUMMARY_FILE]: Warning AIE_PKG_DIR option missing in -aie-sim-options file
Summary File: Warning - Can't find aie compiler summary file!
[INFO]: Disabled Simulator Hang Detect 
Current Directory=/tools/projects/FPGA-VLA/runs/T0043/package_v5/sim/behav_waveform/xsim

Warning: (W505) object already exists: .vitis_design_wrapper_sim_wrapper.vitis_design_wrapper_i.vitis_design_i.cips_noc.inst.rd_socket. Latter declaration will be renamed to .vitis_design_wrapper_sim_wrapper.vitis_design_wrapper_i.vitis_design_i.cips_noc.inst.rd_socket_0
In file: sc_object_manager.cpp:161

Warning: (W505) object already exists: .vitis_design_wrapper_sim_wrapper.vitis_design_wrapper_i.vitis_design_i.cips_noc.inst.wr_socket. Latter declaration will be renamed to .vitis_design_wrapper_sim_wrapper.vitis_design_wrapper_i.vitis_design_i.cips_noc.inst.wr_socket_0
In file: sc_object_manager.cpp:161

Warning: (W505) object already exists: .vitis_design_wrapper_sim_wrapper.vitis_design_wrapper_i.vitis_design_i.cips_noc.inst.rd_socket. Latter declaration will be renamed to .vitis_design_wrapper_sim_wrapper.vitis_design_wrapper_i.vitis_design_i.cips_noc.inst.rd_socket_1
In file: sc_object_manager.cpp:161

Warning: (W505) object already exists: .vitis_design_wrapper_sim_wrapper.vitis_design_wrapper_i.vitis_design_i.cips_noc.inst.wr_socket. Latter declaration will be renamed to .vitis_design_wrapper_sim_wrapper.vitis_design_wrapper_i.vitis_design_i.cips_noc.inst.wr_socket_1
In file: sc_object_manager.cpp:161

Warning: (W505) object already exists: .vitis_design_wrapper_sim_wrapper.vitis_design_wrapper_i.vitis_design_i.cips_noc.inst.rd_socket. Latter declaration will be renamed to .vitis_design_wrapper_sim_wrapper.vitis_design_wrapper_i.vitis_design_i.cips_noc.inst.rd_socket_2
In file: sc_object_manager.cpp:161

Warning: (W505) object already exists: .vitis_design_wrapper_sim_wrapper.vitis_design_wrapper_i.vitis_design_i.cips_noc.inst.wr_socket. Latter declaration will be renamed to .vitis_design_wrapper_sim_wrapper.vitis_design_wrapper_i.vitis_design_i.cips_noc.inst.wr_socket_2
In file: sc_object_manager.cpp:161

Warning: (W505) object already exists: .vitis_design_wrapper_sim_wrapper.vitis_design_wrapper_i.vitis_design_i.cips_noc.inst.rd_socket. Latter declaration will be renamed to .vitis_design_wrapper_sim_wrapper.vitis_design_wrapper_i.vitis_design_i.cips_noc.inst.rd_socket_3
In file: sc_object_manager.cpp:161

Warning: (W505) object already exists: .vitis_design_wrapper_sim_wrapper.vitis_design_wrapper_i.vitis_design_i.cips_noc.inst.wr_socket. Latter declaration will be renamed to .vitis_design_wrapper_sim_wrapper.vitis_design_wrapper_i.vitis_design_i.cips_noc.inst.wr_socket_3
In file: sc_object_manager.cpp:161

Warning: (W505) object already exists: .vitis_design_wrapper_sim_wrapper.vitis_design_wrapper_i.vitis_design_i.cips_noc.inst.rd_socket. Latter declaration will be renamed to .vitis_design_wrapper_sim_wrapper.vitis_design_wrapper_i.vitis_design_i.cips_noc.inst.rd_socket_4
In file: sc_object_manager.cpp:161

Warning: (W505) object already exists: .vitis_design_wrapper_sim_wrapper.vitis_design_wrapper_i.vitis_design_i.cips_noc.inst.wr_socket. Latter declaration will be renamed to .vitis_design_wrapper_sim_wrapper.vitis_design_wrapper_i.vitis_design_i.cips_noc.inst.wr_socket_4
In file: sc_object_manager.cpp:161

Warning: (W505) object already exists: .vitis_design_wrapper_sim_wrapper.vitis_design_wrapper_i.vitis_design_i.cips_noc.inst.rd_socket. Latter declaration will be renamed to .vitis_design_wrapper_sim_wrapper.vitis_design_wrapper_i.vitis_design_i.cips_noc.inst.rd_socket_5
In file: sc_object_manager.cpp:161

Warning: (W505) object already exists: .vitis_design_wrapper_sim_wrapper.vitis_design_wrapper_i.vitis_design_i.cips_noc.inst.wr_socket. Latter declaration will be renamed to .vitis_design_wrapper_sim_wrapper.vitis_design_wrapper_i.vitis_design_i.cips_noc.inst.wr_socket_5
In file: sc_object_manager.cpp:161

Warning: (W505) object already exists: .vitis_design_wrapper_sim_wrapper.vitis_design_wrapper_i.vitis_design_i.cips_noc.inst.rd_socket. Latter declaration will be renamed to .vitis_design_wrapper_sim_wrapper.vitis_design_wrapper_i.vitis_design_i.cips_noc.inst.rd_socket_6
In file: sc_object_manager.cpp:161

Warning: (W505) object already exists: .vitis_design_wrapper_sim_wrapper.vitis_design_wrapper_i.vitis_design_i.cips_noc.inst.wr_socket. Latter declaration will be renamed to .vitis_design_wrapper_sim_wrapper.vitis_design_wrapper_i.vitis_design_i.cips_noc.inst.wr_socket_6
In file: sc_object_manager.cpp:161

Warning: (W505) object already exists: .vitis_design_wrapper_sim_wrapper.vitis_design_wrapper_i.vitis_design_i.cips_noc.inst.rd_socket. Latter declaration will be renamed to .vitis_design_wrapper_sim_wrapper.vitis_design_wrapper_i.vitis_design_i.cips_noc.inst.rd_socket_7
In file: sc_object_manager.cpp:161

Warning: (W505) object already exists: .vitis_design_wrapper_sim_wrapper.vitis_design_wrapper_i.vitis_design_i.cips_noc.inst.wr_socket. Latter declaration will be renamed to .vitis_design_wrapper_sim_wrapper.vitis_design_wrapper_i.vitis_design_i.cips_noc.inst.wr_socket_7
In file: sc_object_manager.cpp:161
--------------------------------------------------------------------------------------------------
SLAVE STREAM INFO:  | Port Name         | Port Width        | Stream Type       | Channel Index     
                    | S00_AXIS          | 128               | PL STREAM         | 192, 193          
--------------------------------------------------------------------------------------------------
--------------------------------------------------------------------------------------------------
MASTER STREAM INFO: | Port Name         | Port Width        | Stream Type       | Channel Index     
                    | M00_AXIS          | 128               | PL STREAM         | 156, 157          
--------------------------------------------------------------------------------------------------
WARNING::[ XTLM::751 ] Deprecated.! Please instantiate Memory Manager with this pointer (sc_module pointer).
WARNING::[ XTLM::751 ] Deprecated.! Please instantiate Memory Manager with this pointer (sc_module pointer).
WARNING::[ XTLM::751 ] Deprecated.! Please instantiate Memory Manager with this pointer (sc_module pointer).
WARNING::[ XTLM::751 ] Deprecated.! Please instantiate Memory Manager with this pointer (sc_module pointer).
WARNING::[ XTLM::751 ] Deprecated.! Please instantiate Memory Manager with this pointer (sc_module pointer).

Warning: (W505) object already exists: .vitis_design_wrapper_sim_wrapper.vitis_design_wrapper_i.vitis_design_i.noc_ddr4.inst.rd_socket. Latter declaration will be renamed to .vitis_design_wrapper_sim_wrapper.vitis_design_wrapper_i.vitis_design_i.noc_ddr4.inst.rd_socket_0
In file: sc_object_manager.cpp:161

Warning: (W505) object already exists: .vitis_design_wrapper_sim_wrapper.vitis_design_wrapper_i.vitis_design_i.noc_ddr4.inst.wr_socket. Latter declaration will be renamed to .vitis_design_wrapper_sim_wrapper.vitis_design_wrapper_i.vitis_design_i.noc_ddr4.inst.wr_socket_0
In file: sc_object_manager.cpp:161

Warning: (W505) object already exists: .vitis_design_wrapper_sim_wrapper.vitis_design_wrapper_i.vitis_design_i.noc_ddr4.inst.rd_socket. Latter declaration will be renamed to .vitis_design_wrapper_sim_wrapper.vitis_design_wrapper_i.vitis_design_i.noc_ddr4.inst.rd_socket_1
In file: sc_object_manager.cpp:161

Warning: (W505) object already exists: .vitis_design_wrapper_sim_wrapper.vitis_design_wrapper_i.vitis_design_i.noc_ddr4.inst.wr_socket. Latter declaration will be renamed to .vitis_design_wrapper_sim_wrapper.vitis_design_wrapper_i.vitis_design_i.noc_ddr4.inst.wr_socket_1
In file: sc_object_manager.cpp:161
INFO::[ DDR-STORAGE ] Creating initial 2GB DRAM file image:qemu-memory-_mem_0x80000000@0x800000000ULL
INFO::[ DDR-STORAGE ] Creating initial 2GB DRAM file image:qemu-memory-_mem_0x50000000000@0x50000000000ULL
*****************running enhanced NoC-V1 SystemC model*************

Info: (I804) /IEEE_Std_1666/deprecated: sc_object::get_parent() is deprecated, use get_parent_object() instead

Info: (I804) /IEEE_Std_1666/deprecated: sc_sensitive_pos is deprecated use sc_sensitive << with pos() instead
TraceManager type=nothing
TraceManager type=nothing
TraceManager type=nothing
INFO: [Wavedata 42-565] Reading protoinst file protoinst_files/bd_57a1.protoinst
WARNING: [Wavedata 42-558] Couldn't load one or more protocol instances from protoinst file protoinst_files/bd_57a1.protoinst for the following reason(s):
There are no instances of module "bd_57a1" in the design.

INFO: [Wavedata 42-565] Reading protoinst file protoinst_files/bd_27ec.protoinst
WARNING: [Wavedata 42-558] Couldn't load one or more protocol instances from protoinst file protoinst_files/bd_27ec.protoinst for the following reason(s):
There are no instances of module "bd_27ec" in the design.

INFO: [Wavedata 42-565] Reading protoinst file protoinst_files/bd_90d1.protoinst
WARNING: [Wavedata 42-558] Couldn't load one or more protocol instances from protoinst file protoinst_files/bd_90d1.protoinst for the following reason(s):
There are no instances of module "bd_90d1" in the design.

INFO: [Wavedata 42-565] Reading protoinst file protoinst_files/bd_28ba.protoinst
WARNING: [Wavedata 42-558] Couldn't load one or more protocol instances from protoinst file protoinst_files/bd_28ba.protoinst for the following reason(s):
There are no instances of module "bd_28ba" in the design.

INFO: [Wavedata 42-565] Reading protoinst file protoinst_files/bd_05a5.protoinst
WARNING: [Wavedata 42-558] Couldn't load one or more protocol instances from protoinst file protoinst_files/bd_05a5.protoinst for the following reason(s):
There are no instances of module "bd_05a5" in the design.

INFO: [Wavedata 42-565] Reading protoinst file protoinst_files/bd_931e.protoinst
WARNING: [Wavedata 42-558] Couldn't load one or more protocol instances from protoinst file protoinst_files/bd_931e.protoinst for the following reason(s):
There are no instances of module "bd_931e" in the design.

INFO: [Wavedata 42-565] Reading protoinst file protoinst_files/bd_93ee.protoinst
WARNING: [Wavedata 42-558] Couldn't load one or more protocol instances from protoinst file protoinst_files/bd_93ee.protoinst for the following reason(s):
There are no instances of module "bd_93ee" in the design.

INFO: [Wavedata 42-565] Reading protoinst file protoinst_files/bd_53bf.protoinst
WARNING: [Wavedata 42-558] Couldn't load one or more protocol instances from protoinst file protoinst_files/bd_53bf.protoinst for the following reason(s):
There are no instances of module "bd_53bf" in the design.

INFO: [Wavedata 42-565] Reading protoinst file protoinst_files/bd_920e.protoinst
WARNING: [Wavedata 42-558] Couldn't load one or more protocol instances from protoinst file protoinst_files/bd_920e.protoinst for the following reason(s):
There are no instances of module "bd_920e" in the design.

INFO: [Wavedata 42-565] Reading protoinst file protoinst_files/bd_525f.protoinst
WARNING: [Wavedata 42-558] Couldn't load one or more protocol instances from protoinst file protoinst_files/bd_525f.protoinst for the following reason(s):
There are no instances of module "bd_525f" in the design.

INFO: [Wavedata 42-565] Reading protoinst file protoinst_files/vitis_design.protoinst
INFO: [Wavedata 42-564]   Found protocol instance at /vitis_design_wrapper_sim_wrapper/vitis_design_wrapper_i/vitis_design_i//CIPS_0/FPD_AXI_NOC_0
INFO: [Wavedata 42-564]   Found protocol instance at /vitis_design_wrapper_sim_wrapper/vitis_design_wrapper_i/vitis_design_i//CIPS_0/FPD_AXI_NOC_1
INFO: [Wavedata 42-564]   Found protocol instance at /vitis_design_wrapper_sim_wrapper/vitis_design_wrapper_i/vitis_design_i//CIPS_0/FPD_CCI_NOC_0
INFO: [Wavedata 42-564]   Found protocol instance at /vitis_design_wrapper_sim_wrapper/vitis_design_wrapper_i/vitis_design_i//CIPS_0/FPD_CCI_NOC_1
INFO: [Wavedata 42-564]   Found protocol instance at /vitis_design_wrapper_sim_wrapper/vitis_design_wrapper_i/vitis_design_i//CIPS_0/FPD_CCI_NOC_2
INFO: [Wavedata 42-564]   Found protocol instance at /vitis_design_wrapper_sim_wrapper/vitis_design_wrapper_i/vitis_design_i//CIPS_0/FPD_CCI_NOC_3
INFO: [Wavedata 42-564]   Found protocol instance at /vitis_design_wrapper_sim_wrapper/vitis_design_wrapper_i/vitis_design_i//CIPS_0/LPD_AXI_NOC_0
INFO: [Wavedata 42-564]   Found protocol instance at /vitis_design_wrapper_sim_wrapper/vitis_design_wrapper_i/vitis_design_i//CIPS_0/M_AXI_FPD
INFO: [Wavedata 42-564]   Found protocol instance at /vitis_design_wrapper_sim_wrapper/vitis_design_wrapper_i/vitis_design_i//CIPS_0/PMC_NOC_AXI_0
INFO: [Wavedata 42-564]   Found protocol instance at /vitis_design_wrapper_sim_wrapper/vitis_design_wrapper_i/vitis_design_i//VitisRegion/M00_AXI_bypass_m
INFO: [Wavedata 42-564]   Found protocol instance at /vitis_design_wrapper_sim_wrapper/vitis_design_wrapper_i/vitis_design_i//VitisRegion/M00_AXI_bypass_s
INFO: [Wavedata 42-564]   Found protocol instance at /vitis_design_wrapper_sim_wrapper/vitis_design_wrapper_i/vitis_design_i//VitisRegion/m_axi_gmem_o
INFO: [Wavedata 42-564]   Found protocol instance at /vitis_design_wrapper_sim_wrapper/vitis_design_wrapper_i/vitis_design_i//VitisRegion/m_axi_gmem_q
INFO: [Wavedata 42-564]   Found protocol instance at /vitis_design_wrapper_sim_wrapper/vitis_design_wrapper_i/vitis_design_i//VitisRegion/pl_stub_1/m_axi_gmem_o
INFO: [Wavedata 42-564]   Found protocol instance at /vitis_design_wrapper_sim_wrapper/vitis_design_wrapper_i/vitis_design_i//VitisRegion/pl_stub_1/m_axi_gmem_q
INFO: [Wavedata 42-564]   Found protocol instance at /vitis_design_wrapper_sim_wrapper/vitis_design_wrapper_i/vitis_design_i//VitisRegion/pl_stub_1/s_axi_control
INFO: [Wavedata 42-564]   Found protocol instance at /vitis_design_wrapper_sim_wrapper/vitis_design_wrapper_i/vitis_design_i//VitisRegion/pl_stub_1/s_out_from_aie
INFO: [Wavedata 42-564]   Found protocol instance at /vitis_design_wrapper_sim_wrapper/vitis_design_wrapper_i/vitis_design_i//VitisRegion/pl_stub_1/s_q_to_aie
INFO: [Wavedata 42-564]   Found protocol instance at /vitis_design_wrapper_sim_wrapper/vitis_design_wrapper_i/vitis_design_i//VitisRegion/s_axi_control
INFO: [Wavedata 42-564]   Found protocol instance at /vitis_design_wrapper_sim_wrapper/vitis_design_wrapper_i/vitis_design_i//VitisRegion/s_out_from_aie
INFO: [Wavedata 42-564]   Found protocol instance at /vitis_design_wrapper_sim_wrapper/vitis_design_wrapper_i/vitis_design_i//VitisRegion/s_q_to_aie
INFO: [Wavedata 42-564]   Found protocol instance at /vitis_design_wrapper_sim_wrapper/vitis_design_wrapper_i/vitis_design_i//ai_engine_0/M00_AXI
INFO: [Wavedata 42-564]   Found protocol instance at /vitis_design_wrapper_sim_wrapper/vitis_design_wrapper_i/vitis_design_i//ai_engine_0/M00_AXIS
INFO: [Wavedata 42-564]   Found protocol instance at /vitis_design_wrapper_sim_wrapper/vitis_design_wrapper_i/vitis_design_i//ai_engine_0/S00_AXI
INFO: [Wavedata 42-564]   Found protocol instance at /vitis_design_wrapper_sim_wrapper/vitis_design_wrapper_i/vitis_design_i//ai_engine_0/S00_AXIS
INFO: [Wavedata 42-564]   Found protocol instance at /vitis_design_wrapper_sim_wrapper/vitis_design_wrapper_i/vitis_design_i//axi_intc_cascaded_1/s_axi
INFO: [Wavedata 42-564]   Found protocol instance at /vitis_design_wrapper_sim_wrapper/vitis_design_wrapper_i/vitis_design_i//axi_intc_parent/s_axi
INFO: [Wavedata 42-564]   Found protocol instance at /vitis_design_wrapper_sim_wrapper/vitis_design_wrapper_i/vitis_design_i//cips_noc/M00_AXI
INFO: [Wavedata 42-564]   Found protocol instance at /vitis_design_wrapper_sim_wrapper/vitis_design_wrapper_i/vitis_design_i//cips_noc/S00_AXI
INFO: [Wavedata 42-564]   Found protocol instance at /vitis_design_wrapper_sim_wrapper/vitis_design_wrapper_i/vitis_design_i//cips_noc/S01_AXI
INFO: [Wavedata 42-564]   Found protocol instance at /vitis_design_wrapper_sim_wrapper/vitis_design_wrapper_i/vitis_design_i//cips_noc/S02_AXI
INFO: [Wavedata 42-564]   Found protocol instance at /vitis_design_wrapper_sim_wrapper/vitis_design_wrapper_i/vitis_design_i//cips_noc/S03_AXI
INFO: [Wavedata 42-564]   Found protocol instance at /vitis_design_wrapper_sim_wrapper/vitis_design_wrapper_i/vitis_design_i//cips_noc/S04_AXI
INFO: [Wavedata 42-564]   Found protocol instance at /vitis_design_wrapper_sim_wrapper/vitis_design_wrapper_i/vitis_design_i//cips_noc/S05_AXI
INFO: [Wavedata 42-564]   Found protocol instance at /vitis_design_wrapper_sim_wrapper/vitis_design_wrapper_i/vitis_design_i//cips_noc/S06_AXI
INFO: [Wavedata 42-564]   Found protocol instance at /vitis_design_wrapper_sim_wrapper/vitis_design_wrapper_i/vitis_design_i//cips_noc/S07_AXI
INFO: [Wavedata 42-564]   Found protocol instance at /vitis_design_wrapper_sim_wrapper/vitis_design_wrapper_i/vitis_design_i//dummy_slave_0/S_AXI
INFO: [Wavedata 42-564]   Found protocol instance at /vitis_design_wrapper_sim_wrapper/vitis_design_wrapper_i/vitis_design_i//dummy_slave_1/S_AXI
INFO: [Wavedata 42-564]   Found protocol instance at /vitis_design_wrapper_sim_wrapper/vitis_design_wrapper_i/vitis_design_i//dummy_slave_2/S_AXI
INFO: [Wavedata 42-564]   Found protocol instance at /vitis_design_wrapper_sim_wrapper/vitis_design_wrapper_i/vitis_design_i//dummy_slave_3/S_AXI
INFO: [Wavedata 42-564]   Found protocol instance at /vitis_design_wrapper_sim_wrapper/vitis_design_wrapper_i/vitis_design_i//icn_ctrl_1/M00_AXI
INFO: [Wavedata 42-564]   Found protocol instance at /vitis_design_wrapper_sim_wrapper/vitis_design_wrapper_i/vitis_design_i//icn_ctrl_1/M01_AXI
INFO: [Wavedata 42-564]   Found protocol instance at /vitis_design_wrapper_sim_wrapper/vitis_design_wrapper_i/vitis_design_i//icn_ctrl_1/M02_AXI
INFO: [Wavedata 42-564]   Found protocol instance at /vitis_design_wrapper_sim_wrapper/vitis_design_wrapper_i/vitis_design_i//icn_ctrl_1/M03_AXI
INFO: [Wavedata 42-564]   Found protocol instance at /vitis_design_wrapper_sim_wrapper/vitis_design_wrapper_i/vitis_design_i//icn_ctrl_1/M04_AXI
INFO: [Wavedata 42-564]   Found protocol instance at /vitis_design_wrapper_sim_wrapper/vitis_design_wrapper_i/vitis_design_i//icn_ctrl_1/M05_AXI
INFO: [Wavedata 42-564]   Found protocol instance at /vitis_design_wrapper_sim_wrapper/vitis_design_wrapper_i/vitis_design_i//icn_ctrl_1/M06_AXI
INFO: [Wavedata 42-564]   Found protocol instance at /vitis_design_wrapper_sim_wrapper/vitis_design_wrapper_i/vitis_design_i//icn_ctrl_1/S00_AXI
INFO: [Wavedata 42-564]   Found protocol instance at /vitis_design_wrapper_sim_wrapper/vitis_design_wrapper_i/vitis_design_i//icn_ctrl_2/M00_AXI
INFO: [Wavedata 42-564]   Found protocol instance at /vitis_design_wrapper_sim_wrapper/vitis_design_wrapper_i/vitis_design_i//icn_ctrl_2/S00_AXI
INFO: [Wavedata 42-564]   Found protocol instance at /vitis_design_wrapper_sim_wrapper/vitis_design_wrapper_i/vitis_design_i//icn_ctrl_3/M00_AXI
INFO: [Wavedata 42-564]   Found protocol instance at /vitis_design_wrapper_sim_wrapper/vitis_design_wrapper_i/vitis_design_i//icn_ctrl_3/S00_AXI
INFO: [Wavedata 42-564]   Found protocol instance at /vitis_design_wrapper_sim_wrapper/vitis_design_wrapper_i/vitis_design_i//icn_ctrl_4/M00_AXI
INFO: [Wavedata 42-564]   Found protocol instance at /vitis_design_wrapper_sim_wrapper/vitis_design_wrapper_i/vitis_design_i//icn_ctrl_4/S00_AXI
INFO: [Wavedata 42-564]   Found protocol instance at /vitis_design_wrapper_sim_wrapper/vitis_design_wrapper_i/vitis_design_i//icn_ctrl_5/M00_AXI
INFO: [Wavedata 42-564]   Found protocol instance at /vitis_design_wrapper_sim_wrapper/vitis_design_wrapper_i/vitis_design_i//icn_ctrl_5/S00_AXI
INFO: [Wavedata 42-564]   Found protocol instance at /vitis_design_wrapper_sim_wrapper/vitis_design_wrapper_i/vitis_design_i//noc_ddr4/S00_AXI
INFO: [Wavedata 42-564]   Found protocol instance at /vitis_design_wrapper_sim_wrapper/vitis_design_wrapper_i/vitis_design_i//noc_ddr4/S01_AXI
INFO: [Wavedata 42-564]   Found protocol instance at /vitis_design_wrapper_sim_wrapper/vitis_design_wrapper_i/vitis_design_i//noc_ddr4/S02_AXI
INFO: [Wavedata 42-565] Reading protoinst file protoinst_files/xlnoc.protoinst
INFO: [Wavedata 42-565] Reading protoinst file /tools/projects/FPGA-VLA/runs/T0043/package_v5/sim/behav_waveform/xsim/dr_behav.protoinst
INFO: [Wavedata 42-564]   Found protocol instance at /vitis_design_wrapper_sim_wrapper/vitis_design_wrapper_i/vitis_design_i/VitisRegion/pl_stub_1/inst/grp_pl_stub_Pipeline_PUSH_Q_fu_127/grp_pl_stub_Pipeline_PUSH_Q_fu_127
INFO: [Wavedata 42-564]   Found protocol instance at /vitis_design_wrapper_sim_wrapper/vitis_design_wrapper_i/vitis_design_i/VitisRegion/pl_stub_1/inst/grp_pl_stub_Pipeline_PULL_OUT_fu_142/grp_pl_stub_Pipeline_PULL_OUT_fu_142
Time resolution is 1 ps
WARNING: [Simtcl 6-25] Warning: Both '-runall' and '-tclbatch' were specified. The '-runall' was ignored
source vitis_design_wrapper_sim_wrapper.tcl
## if { [file exists vitis_params.tcl] } {
##   source vitis_params.tcl
## }
### set VITIS_DYNAMIC_REGION_HW_EMU_PATH vitis_design_wrapper_sim_wrapper/vitis_design_wrapper_i/vitis_design_i
## if { [info exists ::env(USER_PRE_SIM_SCRIPT)] } {
##   if { [catch {source $::env(USER_PRE_SIM_SCRIPT)} msg] } {
##     puts $msg
##   }
## }
## if { [file exists pre_sim_tool_scripts.tcl] } {
##   source pre_sim_tool_scripts.tcl
## }
### if { [file exists preprocess_profile.tcl] } {
###   if { [catch {source -notrace preprocess_profile.tcl} msg] } {
###     puts $msg 
###   }
### }
### if { [info exists ::env(XILINX_SC_HW_EMU)] } {
###   source $::env(XILINX_VITIS)/system_compiler/examples/sc_hw_emu_pre_xsim.tcl
### }
## puts "We are running simulator for infinite time. Added some default signals in the waveform. You can pause simulation and add signals and then resume the simulaion again."
We are running simulator for infinite time. Added some default signals in the waveform. You can pause simulation and add signals and then resume the simulaion again.
## puts ""

## puts "Stopping at breakpoint in simulator also stops the host code execution"
Stopping at breakpoint in simulator also stops the host code execution
## puts ""

## if { [info exists ::env(VITIS_LAUNCH_WAVEFORM_GUI) ] } {
##   run 1ns
## } else {
##   run all
## }
[INFO]: Enabled Stream Switch Port Latency 
0 s: Close summary file.
connect to ./qemu-rport-_pl@0
