Option Map File Used: '/tools/Xilinx/Vitis/2024.1/data/vitis/vpp/optMap.xml'

****** v++ v2024.1 (64-bit)
  **** SW Build 5074859 on 2024-05-20-23:21:20
  **** Start of session at: Thu May 28 14:43:03 2026
    ** Copyright 1986-2022 Xilinx, Inc. All Rights Reserved.
    ** Copyright 2022-2024 Advanced Micro Devices, Inc. All Rights Reserved.

INFO: [v++ 60-1306] Additional information associated with this v++ package can be found at:
	Reports: /tools/projects/FPGA-VLA/runs/T0043/_x/reports/package
	Log files: /tools/projects/FPGA-VLA/runs/T0043/_x/logs/package
Running Dispatch Server on port: 45001
INFO: [v++ 60-1548] Creating build summary session with primary output ./v++.package_summary, at Thu May 28 14:43:06 2026
INFO: [v++ 60-1315] Creating rulecheck session with output '/tools/projects/FPGA-VLA/runs/T0043/_x/reports/package/v++_package_a_guidance.html', at Thu May 28 14:43:06 2026
INFO: [v++ 60-895]   Target platform: /tools/Xilinx/Vitis/2024.1/base_platforms/xilinx_vck190_base_202410_1/xilinx_vck190_base_202410_1.xpfm
INFO: [v++ 60-1578]   This platform contains Xilinx Shell Archive '/tools/Xilinx/Vitis/2024.1/base_platforms/xilinx_vck190_base_202410_1/hw/hw.xsa'
INFO: [v++ 60-2256] Packaging for hardware emulation
INFO: [v++ 82-3881] device architecture set to versal
WARNING: [v++ 82-1147] Kernel image is not specified for linux domain
WARNING: [v++ 82-3523] Root FS is not specified for linux domain
INFO: [v++ 82-1012] deleting existing /tools/projects/FPGA-VLA/runs/T0043/package/boot_image.bif
INFO: [v++ 82-1022] generating /tools/projects/FPGA-VLA/runs/T0043/package/boot_image.bif
INFO: [v++ 82-3884] generating pdi for arch versal with bif /tools/projects/FPGA-VLA/runs/T0043/package/boot_image.bif


****** Bootgen v2024.1
  **** Build date : May 19 2024-13:05:05
    ** Copyright 1986-2022 Xilinx, Inc. All Rights Reserved.
    ** Copyright 2022-2024 Advanced Micro Devices, Inc. All Rights Reserved.


[INFO]   : Bootimage generated successfully

INFO: [v++ 82-1023] generating boot files


****** Bootgen v2024.1
  **** Build date : May 19 2024-13:05:05
    ** Copyright 1986-2022 Xilinx, Inc. All Rights Reserved.
    ** Copyright 2022-2024 Advanced Micro Devices, Inc. All Rights Reserved.

INFO: [v++ 82-3582] QEMU and NOC addressing from XSA database
INFO: [v++ 82-3574] Executing ddr_memspec.dtsi to generate PS and PMC DTB files
INFO: [v++ 82-3564] Deleting existing file: /tools/projects/FPGA-VLA/runs/T0043/_x/package/qemu_dts_files/ddr_memspec.dtsi
INFO: [v++ 82-3571] Creating noc_memory_config file
INFO: [v++ 82-3579] Launched the XSCT to generate qemu addressing.
Display is :185
INFO: [Hsi 55-2053] elapsed time for repository (/tools/Xilinx/Vitis/2024.1/data/embeddedsw) loading 0 seconds
INFO: [v++ 82-3580] QEMU Addressing files generated successfully.
INFO: [v++ 82-3574] Executing ddr_memspec.dtsi to generate PS and PMC DTB files
INFO: [v++ 82-3889] validating boot mode
generating qspi image
flash_strip_bw /tools/projects/FPGA-VLA/runs/T0043/package/BOOT.BIN /tools/projects/FPGA-VLA/runs/T0043/package/qemu_qspi_low.bin /tools/projects/FPGA-VLA/runs/T0043/package/qemu_qspi_high.bin
truncate -s 256M /tools/projects/FPGA-VLA/runs/T0043/package/qemu_qspi_low.bin
truncate -s 256M /tools/projects/FPGA-VLA/runs/T0043/package/qemu_qspi_high.bin
QSPI Image generated successfully
INFO: [v++ 82-1022] generating /tools/projects/FPGA-VLA/runs/T0043/package/launch_hw_emu.sh
INFO: [v++ 60-2460] Successfully copied a temporary xclbin to the output xclbin: /tools/projects/FPGA-VLA/runs/T0043/a.xclbin
INFO: [v++ 60-2343] Use the Vitis Unified IDE to visualize and navigate the reports. Run the following command. 
    vitis -a/ --analyze ./v++.package_summary 
INFO: [v++ 60-791] Total elapsed time: 0h 2m 22s
INFO: [v++ 60-1653] Closing dispatch client.
