Copyright 1986-2022 Xilinx, Inc. All Rights Reserved. Copyright 2022-2024 Advanced Micro Devices, Inc. All Rights Reserved.
--------------------------------------------------------------------------------------------------------------------------------------------------
| Tool Version      : Vivado v.2024.1 (lin64) Build 5076996 Wed May 22 18:36:09 MDT 2024
| Date              : Fri May 29 15:25:34 2026
| Host              : iZuf63nslpsmuz7caylpqsZ running 64-bit Ubuntu 22.04.5 LTS
| Command           : report_timing_summary -file /tools/projects/FPGA-VLA/runs/T0050/impl_timing_150mhz_A1.rpt
| Design            : mr_vla_bd_v4_wrapper
| Device            : xcvc1902-vsva2197
| Speed File        : -2MP  PRODUCTION 2.13 2024-03-28
| Design State      : Physopt postRoute
| Temperature Grade : E
--------------------------------------------------------------------------------------------------------------------------------------------------

Timing Summary Report

------------------------------------------------------------------------------------------------
| Timer Settings
| --------------
------------------------------------------------------------------------------------------------

  Enable Multi Corner Analysis               :  Yes
  Enable Pessimism Removal                   :  Yes
  Pessimism Removal Resolution               :  Nearest Common Node
  Enable Input Delay Default Clock           :  No
  Enable Preset / Clear Arcs                 :  No
  Disable Flight Delays                      :  No
  Ignore I/O Paths                           :  No
  Timing Early Launch at Borrowing Latches   :  No
  Borrow Time for Max Delay Exceptions       :  Yes
  Merge Timing Exceptions                    :  Yes
  Inter-SLR Compensation                     :  Conservative

  Corner  Analyze    Analyze    
  Name    Max Paths  Min Paths  
  ------  ---------  ---------  
  Slow    Yes        Yes        
  Fast    Yes        Yes        


------------------------------------------------------------------------------------------------
| Report Methodology
| ------------------
------------------------------------------------------------------------------------------------

No report available as report_methodology has not been run prior. Run report_methodology on the current design for the summary of methodology violations.



check_timing report

Table of Contents
-----------------
1. checking no_clock (0)
2. checking constant_clock (0)
3. checking pulse_width_clock (0)
4. checking unconstrained_internal_endpoints (0)
5. checking no_input_delay (0)
6. checking no_output_delay (0)
7. checking multiple_clock (0)
8. checking generated_clocks (0)
9. checking loops (0)
10. checking partial_input_delay (0)
11. checking partial_output_delay (0)
12. checking latch_loops (0)

1. checking no_clock (0)
------------------------
 There are 0 register/latch pins with no clock.


2. checking constant_clock (0)
------------------------------
 There are 0 register/latch pins with constant_clock.


3. checking pulse_width_clock (0)
---------------------------------
 There are 0 register/latch pins which need pulse_width check


4. checking unconstrained_internal_endpoints (0)
------------------------------------------------
 There are 0 pins that are not constrained for maximum delay.

 There are 0 pins that are not constrained for maximum delay due to constant clock.


5. checking no_input_delay (0)
------------------------------
 There are 0 input ports with no input delay specified.

 There are 0 input ports with no input delay but user has a false path constraint.


6. checking no_output_delay (0)
-------------------------------
 There are 0 ports with no output delay specified.

 There are 0 ports with no output delay but user has a false path constraint

 There are 0 ports with no output delay but with a timing clock defined on it or propagating through it


7. checking multiple_clock (0)
------------------------------
 There are 0 register/latch pins with multiple clocks.


8. checking generated_clocks (0)
--------------------------------
 There are 0 generated clocks that are not connected to a clock source.


9. checking loops (0)
---------------------
 There are 0 combinational loops in the design.


10. checking partial_input_delay (0)
------------------------------------
 There are 0 input ports with partial input delay specified.


11. checking partial_output_delay (0)
-------------------------------------
 There are 0 ports with partial output delay specified.


12. checking latch_loops (0)
----------------------------
 There are 0 combinational latch loops in the design through latch input



------------------------------------------------------------------------------------------------
| Design Timing Summary
| ---------------------
------------------------------------------------------------------------------------------------

    WNS(ns)      TNS(ns)  TNS Failing Endpoints  TNS Total Endpoints      WHS(ns)      THS(ns)  THS Failing Endpoints  THS Total Endpoints     WPWS(ns)     TPWS(ns)  TPWS Failing Endpoints  TPWS Total Endpoints  
    -------      -------  ---------------------  -------------------      -------      -------  ---------------------  -------------------     --------     --------  ----------------------  --------------------  
     -0.293      -13.329                     88               252749       -3.942   -67994.453                  21987               252749        2.667        0.000                       0                 60373  


Timing constraints are not met.


------------------------------------------------------------------------------------------------
| Clock Summary
| -------------
------------------------------------------------------------------------------------------------

Clock  Waveform(ns)         Period(ns)      Frequency(MHz)
-----  ------------         ----------      --------------
clk    {0.000 3.333}        6.667           149.992         


------------------------------------------------------------------------------------------------
| Intra Clock Table
| -----------------
------------------------------------------------------------------------------------------------

Clock             WNS(ns)      TNS(ns)  TNS Failing Endpoints  TNS Total Endpoints      WHS(ns)      THS(ns)  THS Failing Endpoints  THS Total Endpoints     WPWS(ns)     TPWS(ns)  TPWS Failing Endpoints  TPWS Total Endpoints  
-----             -------      -------  ---------------------  -------------------      -------      -------  ---------------------  -------------------     --------     --------  ----------------------  --------------------  
clk                -0.293      -13.329                     88               252749       -3.942   -67994.453                  21987               252749        2.667        0.000                       0                 60373  


------------------------------------------------------------------------------------------------
| Inter Clock Table
| -----------------
------------------------------------------------------------------------------------------------

From Clock    To Clock          WNS(ns)      TNS(ns)  TNS Failing Endpoints  TNS Total Endpoints      WHS(ns)      THS(ns)  THS Failing Endpoints  THS Total Endpoints  
----------    --------          -------      -------  ---------------------  -------------------      -------      -------  ---------------------  -------------------  


------------------------------------------------------------------------------------------------
| Other Path Groups Table
| -----------------------
------------------------------------------------------------------------------------------------

Path Group    From Clock    To Clock          WNS(ns)      TNS(ns)  TNS Failing Endpoints  TNS Total Endpoints      WHS(ns)      THS(ns)  THS Failing Endpoints  THS Total Endpoints  
----------    ----------    --------          -------      -------  ---------------------  -------------------      -------      -------  ---------------------  -------------------  


------------------------------------------------------------------------------------------------
| Timing Details
| --------------
------------------------------------------------------------------------------------------------


---------------------------------------------------------------------------------------------------
From Clock:  clk
  To Clock:  clk

Setup :           88  Failing Endpoints,  Worst Slack       -0.293ns,  Total Violation      -13.329ns
Hold  :        21987  Failing Endpoints,  Worst Slack       -3.942ns,  Total Violation   -67994.457ns
PW    :            0  Failing Endpoints,  Worst Slack        2.667ns,  Total Violation        0.000ns
---------------------------------------------------------------------------------------------------


Max Delay Paths
--------------------------------------------------------------------------------------
Slack (VIOLATED) :        -0.293ns  (required time - arrival time)
  Source:                 mr_vla_bd_v4_i/u_vit/inst/ddrOUT_m_axi_U/bus_write/wreq_throttle/last_cnt_reg[3]/C
                            (rising edge-triggered cell FDRE clocked by clk  {rise@0.000ns fall@3.333ns period=6.667ns})
  Destination:            m_axi_ddrOUT_WVALID_2
                            (output port clocked by clk  {rise@0.000ns fall@3.333ns period=6.667ns})
  Path Group:             clk
  Path Type:              Max at Slow Process Corner
  Requirement:            6.667ns  (clk rise@6.667ns - clk rise@0.000ns)
  Data Path Delay:        0.642ns  (logic 0.283ns (44.048%)  route 0.359ns (55.952%))
  Logic Levels:           2  (LUT4=1 LUT5=1)
  Output Delay:           2.000ns
  Clock Path Skew:        -4.254ns (DCD - SCD + CPR)
    Destination Clock Delay (DCD):    0.000ns = ( 6.667 - 6.667 ) 
    Source Clock Delay      (SCD):    4.254ns
    Clock Pessimism Removal (CPR):    0.000ns
  Clock Uncertainty:      0.063ns  (CJ)/2 + PE + PJ
    Clock Jitter             (CJ):    0.126ns
    Phase Error              (PE):    0.000ns
    Phase Jitter             (PJ):    0.000ns
  Clock Net Delay (Source):      4.099ns (routing 1.731ns, distribution 2.368ns)

    Location             Delay type                Incr(ns)  Path(ns)    Netlist Resource(s)
  -------------------------------------------------------------------    -------------------
                         (clock clk rise edge)        0.000     0.000 r  
                                                      0.000     0.000 r  clk (IN)
                         net (fo=0)                   0.077     0.077    clk_BUFG_LOPT_OOC
    BUFGCE_HDIO_X0Y0     BUFGCE (Prop_BUFCE_BUFGCE_HDIO_I_O)
                                                      0.078     0.155 r  clk_BUFGCE_inst_LOPT_OOC/O
    X5Y2 (CLOCK_ROOT)    net (fo=60027, routed)       4.099     4.254    mr_vla_bd_v4_i/u_vit/inst/ddrOUT_m_axi_U/bus_write/wreq_throttle/ap_clk
    SLICE_X54Y180        FDRE                                         r  mr_vla_bd_v4_i/u_vit/inst/ddrOUT_m_axi_U/bus_write/wreq_throttle/last_cnt_reg[3]/C
  -------------------------------------------------------------------    -------------------
    SLICE_X54Y180        FDRE (Prop_EFF_SLICEL_C_Q)
                                                      0.092     4.346 r  mr_vla_bd_v4_i/u_vit/inst/ddrOUT_m_axi_U/bus_write/wreq_throttle/last_cnt_reg[3]/Q
                         net (fo=5, routed)           0.197     4.544    mr_vla_bd_v4_i/u_vit/inst/ddrOUT_m_axi_U/bus_write/wreq_throttle/data_fifo/U_fifo_srl/Q[3]
    SLICE_X57Y180        LUT5 (Prop_H6LUT_SLICEM_I2_O)
                                                      0.120     4.664 r  mr_vla_bd_v4_i/u_vit/inst/ddrOUT_m_axi_U/bus_write/wreq_throttle/data_fifo/U_fifo_srl/m_axi_ddrOUT_WVALID_INST_0_i_2/O
                         net (fo=12, routed)          0.162     4.826    mr_vla_bd_v4_i/u_vit/inst/ddrOUT_m_axi_U/bus_write/wreq_throttle/data_fifo/U_fifo_srl_n_15
    SLICE_X56Y180        LUT4 (Prop_A6LUT_SLICEL_I2_O)
                                                      0.071     4.897 r  mr_vla_bd_v4_i/u_vit/inst/ddrOUT_m_axi_U/bus_write/wreq_throttle/data_fifo/m_axi_ddrOUT_WVALID_INST_0/O
                         net (fo=0)                   0.000     4.897    m_axi_ddrOUT_WVALID_2
                                                                      r  m_axi_ddrOUT_WVALID_2 (OUT)
  -------------------------------------------------------------------    -------------------

                         (clock clk rise edge)        6.667     6.667 r  
                         clock pessimism              0.000     6.667    
                         clock uncertainty           -0.063     6.604    
                         output delay                -2.000     4.604    
  -------------------------------------------------------------------
                         required time                          4.604    
                         arrival time                          -4.897    
  -------------------------------------------------------------------
                         slack                                 -0.293    





Min Delay Paths
--------------------------------------------------------------------------------------
Slack (VIOLATED) :        -3.942ns  (arrival time - required time)
  Source:                 m_axi_ddrW2_RDATA_0[8]
                            (input port clocked by clk  {rise@0.000ns fall@3.333ns period=6.667ns})
  Destination:            mr_vla_bd_v4_i/u_adh/inst/ddrW2_m_axi_U/bus_read/rs_rdata/data_p2_reg[8]/D
                            (rising edge-triggered cell FDRE clocked by clk  {rise@0.000ns fall@3.333ns period=6.667ns})
  Path Group:             clk
  Path Type:              Hold (Min at Slow Process Corner)
  Requirement:            0.000ns  (clk rise@0.000ns - clk rise@0.000ns)
  Data Path Delay:        0.048ns  (logic 0.000ns (0.000%)  route 0.048ns (100.000%))
  Logic Levels:           0  
  Input Delay:            0.300ns
  Clock Path Skew:        4.250ns (DCD - SCD - CPR)
    Destination Clock Delay (DCD):    4.250ns
    Source Clock Delay      (SCD):    0.000ns
    Clock Pessimism Removal (CPR):    -0.000ns
  Clock Net Delay (Destination): 4.095ns (routing 1.731ns, distribution 2.364ns)

    Location             Delay type                Incr(ns)  Path(ns)    Netlist Resource(s)
  -------------------------------------------------------------------    -------------------
                         (clock clk rise edge)        0.000     0.000 r  
                         input delay                  0.300     0.300    
                                                      0.000     0.300 r  m_axi_ddrW2_RDATA_0[8] (IN)
                         net (fo=1, unset)            0.048     0.348    mr_vla_bd_v4_i/u_adh/inst/ddrW2_m_axi_U/bus_read/rs_rdata/data_p2_reg[32]_0[8]
    SLICE_X54Y209        FDRE                                         r  mr_vla_bd_v4_i/u_adh/inst/ddrW2_m_axi_U/bus_read/rs_rdata/data_p2_reg[8]/D
  -------------------------------------------------------------------    -------------------

                         (clock clk rise edge)        0.000     0.000 r  
                                                      0.000     0.000 r  clk (IN)
                         net (fo=0)                   0.077     0.077    clk_BUFG_LOPT_OOC
    BUFGCE_HDIO_X0Y0     BUFGCE (Prop_BUFCE_BUFGCE_HDIO_I_O)
                                                      0.078     0.155 r  clk_BUFGCE_inst_LOPT_OOC/O
    X5Y2 (CLOCK_ROOT)    net (fo=60027, routed)       4.095     4.250    mr_vla_bd_v4_i/u_adh/inst/ddrW2_m_axi_U/bus_read/rs_rdata/ap_clk
    SLICE_X54Y209        FDRE                                         r  mr_vla_bd_v4_i/u_adh/inst/ddrW2_m_axi_U/bus_read/rs_rdata/data_p2_reg[8]/C
                         clock pessimism              0.000     4.250    
    SLICE_X54Y209        FDRE (Hold_AFF_SLICEL_C_D)
                                                      0.040     4.290    mr_vla_bd_v4_i/u_adh/inst/ddrW2_m_axi_U/bus_read/rs_rdata/data_p2_reg[8]
  -------------------------------------------------------------------
                         required time                         -4.290    
                         arrival time                           0.348    
  -------------------------------------------------------------------
                         slack                                 -3.942    





Pulse Width Checks
--------------------------------------------------------------------------------------
Clock Name:         clk
Waveform(ns):       { 0.000 3.333 }
Period(ns):         6.667
Sources:            { clk }

Check Type        Corner  Lib Pin        Reference Pin  Required(ns)  Actual(ns)  Slack(ns)  Location       Pin
Min Period        n/a     URAM288E5/CLK  n/a            1.818         6.667       4.849      URAM288_X4Y25  mr_vla_bd_v4_i/u_vit/inst/W_ffn1_local_1_U/ram_reg_uram_2/CLK
Low Pulse Width   Slow    URAM288E5/CLK  n/a            0.666         3.333       2.667      URAM288_X4Y25  mr_vla_bd_v4_i/u_vit/inst/W_ffn1_local_1_U/ram_reg_uram_2/CLK
High Pulse Width  Slow    URAM288E5/CLK  n/a            0.666         3.334       2.668      URAM288_X4Y25  mr_vla_bd_v4_i/u_vit/inst/W_ffn1_local_1_U/ram_reg_uram_2/CLK



