Copyright 1986-2022 Xilinx, Inc. All Rights Reserved. Copyright 2022-2024 Advanced Micro Devices, Inc. All Rights Reserved.
--------------------------------------------------------------------------------------------------------------------------------------------------
| Tool Version      : Vivado v.2024.1 (lin64) Build 5076996 Wed May 22 18:36:09 MDT 2024
| Date              : Fri May 29 16:11:25 2026
| Host              : iZuf63nslpsmuz7caylpqsZ running 64-bit Ubuntu 22.04.5 LTS
| Command           : report_timing_summary -file /tools/projects/FPGA-VLA/runs/T0050/impl_timing_150mhz_A1b.rpt
| Design            : mr_vla_bd_v4_wrapper
| Device            : xcvc1902-vsva2197
| Speed File        : -2MP  PRODUCTION 2.13 2024-03-28
| Design State      : Physopt postRoute
| Temperature Grade : E
--------------------------------------------------------------------------------------------------------------------------------------------------

Timing Summary Report

------------------------------------------------------------------------------------------------
| Timer Settings
| --------------
------------------------------------------------------------------------------------------------

  Enable Multi Corner Analysis               :  Yes
  Enable Pessimism Removal                   :  Yes
  Pessimism Removal Resolution               :  Nearest Common Node
  Enable Input Delay Default Clock           :  No
  Enable Preset / Clear Arcs                 :  No
  Disable Flight Delays                      :  No
  Ignore I/O Paths                           :  No
  Timing Early Launch at Borrowing Latches   :  No
  Borrow Time for Max Delay Exceptions       :  Yes
  Merge Timing Exceptions                    :  Yes
  Inter-SLR Compensation                     :  Conservative

  Corner  Analyze    Analyze    
  Name    Max Paths  Min Paths  
  ------  ---------  ---------  
  Slow    Yes        Yes        
  Fast    Yes        Yes        


------------------------------------------------------------------------------------------------
| Report Methodology
| ------------------
------------------------------------------------------------------------------------------------

No report available as report_methodology has not been run prior. Run report_methodology on the current design for the summary of methodology violations.



check_timing report

Table of Contents
-----------------
1. checking no_clock (0)
2. checking constant_clock (0)
3. checking pulse_width_clock (0)
4. checking unconstrained_internal_endpoints (0)
5. checking no_input_delay (0)
6. checking no_output_delay (0)
7. checking multiple_clock (0)
8. checking generated_clocks (0)
9. checking loops (0)
10. checking partial_input_delay (0)
11. checking partial_output_delay (0)
12. checking latch_loops (0)

1. checking no_clock (0)
------------------------
 There are 0 register/latch pins with no clock.


2. checking constant_clock (0)
------------------------------
 There are 0 register/latch pins with constant_clock.


3. checking pulse_width_clock (0)
---------------------------------
 There are 0 register/latch pins which need pulse_width check


4. checking unconstrained_internal_endpoints (0)
------------------------------------------------
 There are 0 pins that are not constrained for maximum delay.

 There are 0 pins that are not constrained for maximum delay due to constant clock.


5. checking no_input_delay (0)
------------------------------
 There are 0 input ports with no input delay specified.

 There are 0 input ports with no input delay but user has a false path constraint.


6. checking no_output_delay (0)
-------------------------------
 There are 0 ports with no output delay specified.

 There are 0 ports with no output delay but user has a false path constraint

 There are 0 ports with no output delay but with a timing clock defined on it or propagating through it


7. checking multiple_clock (0)
------------------------------
 There are 0 register/latch pins with multiple clocks.


8. checking generated_clocks (0)
--------------------------------
 There are 0 generated clocks that are not connected to a clock source.


9. checking loops (0)
---------------------
 There are 0 combinational loops in the design.


10. checking partial_input_delay (0)
------------------------------------
 There are 0 input ports with partial input delay specified.


11. checking partial_output_delay (0)
-------------------------------------
 There are 0 ports with partial output delay specified.


12. checking latch_loops (0)
----------------------------
 There are 0 combinational latch loops in the design through latch input



------------------------------------------------------------------------------------------------
| Design Timing Summary
| ---------------------
------------------------------------------------------------------------------------------------

    WNS(ns)      TNS(ns)  TNS Failing Endpoints  TNS Total Endpoints      WHS(ns)      THS(ns)  THS Failing Endpoints  THS Total Endpoints     WPWS(ns)     TPWS(ns)  TPWS Failing Endpoints  TPWS Total Endpoints  
    -------      -------  ---------------------  -------------------      -------      -------  ---------------------  -------------------     --------     --------  ----------------------  --------------------  
     -0.654     -184.331                    613               252745       -3.593   -49720.344                  22846               252745        2.667        0.000                       0                 60370  


Timing constraints are not met.


------------------------------------------------------------------------------------------------
| Clock Summary
| -------------
------------------------------------------------------------------------------------------------

Clock  Waveform(ns)         Period(ns)      Frequency(MHz)
-----  ------------         ----------      --------------
clk    {0.000 3.333}        6.667           149.992         


------------------------------------------------------------------------------------------------
| Intra Clock Table
| -----------------
------------------------------------------------------------------------------------------------

Clock             WNS(ns)      TNS(ns)  TNS Failing Endpoints  TNS Total Endpoints      WHS(ns)      THS(ns)  THS Failing Endpoints  THS Total Endpoints     WPWS(ns)     TPWS(ns)  TPWS Failing Endpoints  TPWS Total Endpoints  
-----             -------      -------  ---------------------  -------------------      -------      -------  ---------------------  -------------------     --------     --------  ----------------------  --------------------  
clk                -0.654     -184.331                    613               252745       -3.593   -49720.344                  22846               252745        2.667        0.000                       0                 60370  


------------------------------------------------------------------------------------------------
| Inter Clock Table
| -----------------
------------------------------------------------------------------------------------------------

From Clock    To Clock          WNS(ns)      TNS(ns)  TNS Failing Endpoints  TNS Total Endpoints      WHS(ns)      THS(ns)  THS Failing Endpoints  THS Total Endpoints  
----------    --------          -------      -------  ---------------------  -------------------      -------      -------  ---------------------  -------------------  


------------------------------------------------------------------------------------------------
| Other Path Groups Table
| -----------------------
------------------------------------------------------------------------------------------------

Path Group    From Clock    To Clock          WNS(ns)      TNS(ns)  TNS Failing Endpoints  TNS Total Endpoints      WHS(ns)      THS(ns)  THS Failing Endpoints  THS Total Endpoints  
----------    ----------    --------          -------      -------  ---------------------  -------------------      -------      -------  ---------------------  -------------------  


------------------------------------------------------------------------------------------------
| Timing Details
| --------------
------------------------------------------------------------------------------------------------


---------------------------------------------------------------------------------------------------
From Clock:  clk
  To Clock:  clk

Setup :          613  Failing Endpoints,  Worst Slack       -0.654ns,  Total Violation     -184.331ns
Hold  :        22846  Failing Endpoints,  Worst Slack       -3.593ns,  Total Violation   -49720.344ns
PW    :            0  Failing Endpoints,  Worst Slack        2.667ns,  Total Violation        0.000ns
---------------------------------------------------------------------------------------------------


Max Delay Paths
--------------------------------------------------------------------------------------
Slack (VIOLATED) :        -0.654ns  (required time - arrival time)
  Source:                 mr_vla_bd_v4_i/u_xmod/inst/ddrQ_m_axi_U/load_unit_0/bus_wide_gen.data_valid_reg/C
                            (rising edge-triggered cell FDRE clocked by clk  {rise@0.000ns fall@3.333ns period=6.667ns})
  Destination:            mr_vla_bd_v4_i/u_xmod/inst/grp_xmod_attn_v1_Pipeline_LOAD_Q_fu_2137/ap_enable_reg_pp0_iter1_reg_replica/D
                            (rising edge-triggered cell FDRE clocked by clk  {rise@0.000ns fall@3.333ns period=6.667ns})
  Path Group:             clk
  Path Type:              Setup (Max at Slow Process Corner)
  Requirement:            6.667ns  (clk rise@6.667ns - clk rise@0.000ns)
  Data Path Delay:        7.911ns  (logic 0.321ns (4.058%)  route 7.590ns (95.942%))
  Logic Levels:           3  (LUT3=1 LUT5=1 LUT6=1)
  Clock Path Skew:        0.645ns (DCD - SCD + CPR)
    Destination Clock Delay (DCD):    3.928ns = ( 10.595 - 6.667 ) 
    Source Clock Delay      (SCD):    3.556ns
    Clock Pessimism Removal (CPR):    0.273ns
  Clock Uncertainty:      0.063ns  (CJ)/2 + PE + PJ
    Clock Jitter             (CJ):    0.126ns
    Phase Error              (PE):    0.000ns
    Phase Jitter             (PJ):    0.000ns
  Clock Net Delay (Source):      3.401ns (routing 1.441ns, distribution 1.960ns)
  Clock Net Delay (Destination): 3.800ns (routing 1.310ns, distribution 2.490ns)

    Location             Delay type                Incr(ns)  Path(ns)    Netlist Resource(s)
  -------------------------------------------------------------------    -------------------
                         (clock clk rise edge)        0.000     0.000 r  
                                                      0.000     0.000 r  clk (IN)
                         net (fo=0)                   0.077     0.077    clk_BUFG_LOPT_OOC
    BUFGCE_HDIO_X0Y0     BUFGCE (Prop_BUFCE_BUFGCE_HDIO_I_O)
                                                      0.078     0.155 r  clk_BUFGCE_inst_LOPT_OOC/O
    X3Y2 (CLOCK_ROOT)    net (fo=60024, routed)       3.401     3.556    mr_vla_bd_v4_i/u_xmod/inst/ddrQ_m_axi_U/load_unit_0/ap_clk
    SLICE_X201Y164       FDRE                                         r  mr_vla_bd_v4_i/u_xmod/inst/ddrQ_m_axi_U/load_unit_0/bus_wide_gen.data_valid_reg/C
  -------------------------------------------------------------------    -------------------
    SLICE_X201Y164       FDRE (Prop_AFF_SLICEM_C_Q)
                                                      0.090     3.646 f  mr_vla_bd_v4_i/u_xmod/inst/ddrQ_m_axi_U/load_unit_0/bus_wide_gen.data_valid_reg/Q
                         net (fo=25, routed)          2.099     5.745    mr_vla_bd_v4_i/u_xmod/inst/ddrQ_m_axi_U/load_unit_0/bus_wide_gen.data_valid_reg_0
    SLICE_X104Y208       LUT3 (Prop_G6LUT_SLICEL_I0_O)
                                                      0.074     5.819 r  mr_vla_bd_v4_i/u_xmod/inst/ddrQ_m_axi_U/load_unit_0/i_fu_182[12]_i_6/O
                         net (fo=3, routed)           0.017     5.836    mr_vla_bd_v4_i/u_xmod/inst/grp_xmod_attn_v1_Pipeline_LOAD_Q_fu_2137/flow_control_loop_pipe_sequential_init_U/ap_loop_init_int_reg_0
    SLICE_X104Y208       LUT6 (Prop_H6LUT_SLICEL_I0_O)
                                                      0.060     5.896 f  mr_vla_bd_v4_i/u_xmod/inst/grp_xmod_attn_v1_Pipeline_LOAD_Q_fu_2137/flow_control_loop_pipe_sequential_init_U/ap_loop_init_int_i_2__0/O
                         net (fo=5, routed)           0.242     6.138    mr_vla_bd_v4_i/u_xmod/inst/grp_xmod_attn_v1_Pipeline_LOAD_Q_fu_2137/flow_control_loop_pipe_sequential_init_U/ap_loop_init_int_i_2__0_n_4
    SLICE_X105Y208       LUT5 (Prop_E5LUT_SLICEM_I1_O)
                                                      0.097     6.235 r  mr_vla_bd_v4_i/u_xmod/inst/grp_xmod_attn_v1_Pipeline_LOAD_Q_fu_2137/flow_control_loop_pipe_sequential_init_U/ap_enable_reg_pp0_iter1_i_1__7/O
                         net (fo=2, routed)           5.232    11.467    mr_vla_bd_v4_i/u_xmod/inst/grp_xmod_attn_v1_Pipeline_LOAD_Q_fu_2137/flow_control_loop_pipe_sequential_init_U_n_32
    SLICE_X196Y164       FDRE                                         r  mr_vla_bd_v4_i/u_xmod/inst/grp_xmod_attn_v1_Pipeline_LOAD_Q_fu_2137/ap_enable_reg_pp0_iter1_reg_replica/D
  -------------------------------------------------------------------    -------------------

                         (clock clk rise edge)        6.667     6.667 r  
                                                      0.000     6.667 r  clk (IN)
                         net (fo=0)                   0.065     6.732    clk_BUFG_LOPT_OOC
    BUFGCE_HDIO_X0Y0     BUFGCE (Prop_BUFCE_BUFGCE_HDIO_I_O)
                                                      0.063     6.795 r  clk_BUFGCE_inst_LOPT_OOC/O
    X3Y2 (CLOCK_ROOT)    net (fo=60024, routed)       3.800    10.595    mr_vla_bd_v4_i/u_xmod/inst/grp_xmod_attn_v1_Pipeline_LOAD_Q_fu_2137/ap_clk
    SLICE_X196Y164       FDRE                                         r  mr_vla_bd_v4_i/u_xmod/inst/grp_xmod_attn_v1_Pipeline_LOAD_Q_fu_2137/ap_enable_reg_pp0_iter1_reg_replica/C
                         clock pessimism              0.273    10.868    
                         clock uncertainty           -0.063    10.805    
    SLICE_X196Y164       FDRE (Setup_GFF_SLICEL_C_D)
                                                      0.008    10.813    mr_vla_bd_v4_i/u_xmod/inst/grp_xmod_attn_v1_Pipeline_LOAD_Q_fu_2137/ap_enable_reg_pp0_iter1_reg_replica
  -------------------------------------------------------------------
                         required time                         10.813    
                         arrival time                         -11.467    
  -------------------------------------------------------------------
                         slack                                 -0.654    





Min Delay Paths
--------------------------------------------------------------------------------------
Slack (VIOLATED) :        -3.593ns  (arrival time - required time)
  Source:                 M03_AXI_0_awready
                            (input port clocked by clk  {rise@0.000ns fall@3.333ns period=6.667ns})
  Destination:            mr_vla_bd_v4_i/axi_sc_0/inst/m03_exit_pipeline/m03_exit/inst/aw_reg/state_reg[m_valid_i]/D
                            (rising edge-triggered cell FDRE clocked by clk  {rise@0.000ns fall@3.333ns period=6.667ns})
  Path Group:             clk
  Path Type:              Hold (Min at Slow Process Corner)
  Requirement:            0.000ns  (clk rise@0.000ns - clk rise@0.000ns)
  Data Path Delay:        0.096ns  (logic 0.053ns (55.208%)  route 0.043ns (44.792%))
  Logic Levels:           1  (LUT4=1)
  Input Delay:            0.200ns
  Clock Path Skew:        3.849ns (DCD - SCD - CPR)
    Destination Clock Delay (DCD):    3.849ns
    Source Clock Delay      (SCD):    0.000ns
    Clock Pessimism Removal (CPR):    -0.000ns
  Clock Net Delay (Destination): 3.694ns (routing 1.441ns, distribution 2.253ns)

    Location             Delay type                Incr(ns)  Path(ns)    Netlist Resource(s)
  -------------------------------------------------------------------    -------------------
                         (clock clk rise edge)        0.000     0.000 r  
                         input delay                  0.200     0.200    
                                                      0.000     0.200 f  M03_AXI_0_awready (IN)
                         net (fo=2, unset)            0.025     0.225    mr_vla_bd_v4_i/axi_sc_0/inst/m03_exit_pipeline/m03_exit/inst/aw_reg/m_axi_awready
    SLICE_X280Y147       LUT4 (Prop_A6LUT_SLICEL_I2_O)
                                                      0.053     0.278 r  mr_vla_bd_v4_i/axi_sc_0/inst/m03_exit_pipeline/m03_exit/inst/aw_reg/state[m_valid_i]_i_1__0/O
                         net (fo=1, routed)           0.018     0.296    mr_vla_bd_v4_i/axi_sc_0/inst/m03_exit_pipeline/m03_exit/inst/aw_reg/state[m_valid_i]_i_1__0_n_0
    SLICE_X280Y147       FDRE                                         r  mr_vla_bd_v4_i/axi_sc_0/inst/m03_exit_pipeline/m03_exit/inst/aw_reg/state_reg[m_valid_i]/D
  -------------------------------------------------------------------    -------------------

                         (clock clk rise edge)        0.000     0.000 r  
                                                      0.000     0.000 r  clk (IN)
                         net (fo=0)                   0.077     0.077    clk_BUFG_LOPT_OOC
    BUFGCE_HDIO_X0Y0     BUFGCE (Prop_BUFCE_BUFGCE_HDIO_I_O)
                                                      0.078     0.155 r  clk_BUFGCE_inst_LOPT_OOC/O
    X3Y2 (CLOCK_ROOT)    net (fo=60024, routed)       3.694     3.849    mr_vla_bd_v4_i/axi_sc_0/inst/m03_exit_pipeline/m03_exit/inst/aw_reg/aclk
    SLICE_X280Y147       FDRE                                         r  mr_vla_bd_v4_i/axi_sc_0/inst/m03_exit_pipeline/m03_exit/inst/aw_reg/state_reg[m_valid_i]/C
                         clock pessimism              0.000     3.849    
    SLICE_X280Y147       FDRE (Hold_AFF2_SLICEL_C_D)
                                                      0.040     3.889    mr_vla_bd_v4_i/axi_sc_0/inst/m03_exit_pipeline/m03_exit/inst/aw_reg/state_reg[m_valid_i]
  -------------------------------------------------------------------
                         required time                         -3.889    
                         arrival time                           0.296    
  -------------------------------------------------------------------
                         slack                                 -3.593    





Pulse Width Checks
--------------------------------------------------------------------------------------
Clock Name:         clk
Waveform(ns):       { 0.000 3.333 }
Period(ns):         6.667
Sources:            { clk }

Check Type        Corner  Lib Pin        Reference Pin  Required(ns)  Actual(ns)  Slack(ns)  Location       Pin
Min Period        n/a     URAM288E5/CLK  n/a            1.818         6.667       4.849      URAM288_X4Y23  mr_vla_bd_v4_i/u_vit/inst/W_ffn1_local_1_U/ram_reg_uram_2/CLK
Low Pulse Width   Slow    URAM288E5/CLK  n/a            0.666         3.334       2.668      URAM288_X4Y23  mr_vla_bd_v4_i/u_vit/inst/W_ffn1_local_1_U/ram_reg_uram_2/CLK
High Pulse Width  Slow    URAM288E5/CLK  n/a            0.666         3.334       2.668      URAM288_X4Y23  mr_vla_bd_v4_i/u_vit/inst/W_ffn1_local_1_U/ram_reg_uram_2/CLK



