                                           AI Engine Compiler
                                     Version 2024.1 (linux64-bit)
                                     SW Build 5072252 on 2024-05-21-05:03:35
                          Copyright 1986-2022 Xilinx, Inc. All Rights Reserved.
                          Copyright 2022-2024 Advanced Micro Devices, Inc. All Rights Reserved.
INFO: ML part stats configuration file found in /tools/Xilinx/Vitis/2024.1/aietools/data
INFO: [aiecompiler 77-3355] ###[Start]: Reading in platform specification from /tools/Xilinx/Vitis/2024.1/base_platforms/xilinx_vck190_base_202410_1/xilinx_vck190_base_202410_1.xpfm
INFO: [aiecompiler 55-2053] elapsed time for repository (/tools/Xilinx/Vivado/2024.1/data/embeddedsw) loading 0 seconds
INFO: [aiecompiler 77-3354] ###[Finish]:  Reading in platform specification from /tools/Xilinx/Vitis/2024.1/base_platforms/xilinx_vck190_base_202410_1/xilinx_vck190_base_202410_1.xpfm
INFO: [aiecompiler 21-403] Loading part xcvc1902-vsva2197-2MP-e-S
INFO: [aiecompiler 77-3379] Extracted physical device part from platform is : xcvc1902-vsva2197-2MP-e-S 
INFO: [aiecompiler 77-297] Cmd Line : /tools/Xilinx/Vitis/2024.1/aietools/bin/unwrapped/lnx64.o/aiecompiler --target=hw -platform=/tools/Xilinx/Vitis/2024.1/base_platforms/xilinx_vck190_base_202410_1/xilinx_vck190_base_202410_1.xpfm --pl-freq=250 --stacksize=4096 --heapsize=20480 graph.cpp 
Running Dispatch Server on port: 37293
INFO: [aiecompiler 77-404] Executing Cmd: ${XILINX_VITIS_AIETOOLS}/tps/lnx64/gcc/bin/g++ -E -std=c++17 -D__ADF_FRONTEND__ -D__AIE_ARCH__=10 -I/tools/Xilinx/Vitis/2024.1/aietools/include  -I .  graph.cpp > Work/temp/graph.ii
INFO: [aiecompiler 77-404] Executing Cmd: graph_preprocessor Work/temp/graph.ii -o Work/temp/graph.processed.ii -report-core-dump  -- -std=c++17  -ftemplate-depth=2048  -Wno-return-stack-address  -Wno-missing-declarations  -Wno-parentheses-equality  -Wno-shift-negative-value  
INFO: [aiecompiler 77-404] Executing Cmd: ${XILINX_VITIS_AIETOOLS}/tps/lnx64/gcc/bin/g++  -std=c++17  -I .  Work/temp/graph.processed.ii -o Work/temp/graph.out -L /tools/Xilinx/Vitis/2024.1/aietools/lib/lnx64.o -g -O0 -Wl,--unresolved-symbols=ignore-all  -Wno-return-stack-address  -Wno-missing-declarations  -lmeir_frontend  -ladf_api_frontend 
INFO: [aiecompiler 77-404] Executing Cmd: Work/temp/graph.out --workdir=Work --aiearch=aie --log-level=1 --pl-axi-lite=0 --enable-multi-layer=0 --disable-dma-autostart=0 --enable-light-cdo=0 --large-program-memory=0 --swfifo-threshold=40 --target=hw
INFO: [aiecompiler 77-749] Reading logical device VC1902.json
WARNING: [aiecompiler 77-5890] 'k_qks.in[0]' is a window port. Window ports are deprecated in this release and will be obsoleted in future releases. We recommend using io buffers instead.
WARNING: [aiecompiler 77-5890] 'k_av.out[0]' is a window port. Window ports are deprecated in this release and will be obsoleted in future releases. We recommend using io buffers instead.
INFO: [aiecompiler 77-6447] Executing Cmd: aieir_be --time-passes=0  --disable-om-fifo-insertion=false  --fast-nonlinearfloats=false  --high-performance=false  --single-mm2s-channel=false  --stacksize=4096  --output-archive=libadf.a  --disable-multirate=false  --fastmath=false  --event-trace-advanced-mapping=0  --gen-graph-cleanup=false  --use-canonical-net-names=false  --use-phy-shim=true  --trace-aiesim-option=0  --num-trace-streams=16  --adf-api-log-level=2  --enable-partition=false  --quiet=false  --exec-timed=0  --keep-intermediate-results=false  --enable-profiling=false  --runtime-opt=true  --disable-transform-merge-broadcast=false  --verbose=false  --nodot-graph=false  --disable-transform-broadcast-split=true  --pl-freq=250  --trace-plio-width=64  --broadcast-enable-core=true  --kernel-address-location=false  --target=hw --swfifo-threshold=40  --workdir=Work  --exit-after=complete  --test-iterations=-1  --known-tripcount=false  --platform=/tools/Xilinx/Vitis/2024.1/base_platforms/xilinx_vck190_base_202410_1/xilinx_vck190_base_202410_1.xpfm  --write-partitioned-file=true  --schemafile=AIEGraphSchema.json  --lock-fence-mode=1  --enable-reconfig=false  --evaluate-fifo-depth=false  --event-trace-port=gmio --xlopt=1  --extend-trace-partition=false  --graph-iterator-event=false  --optimize-pktids=false  --no-init=false  --fast-floats=true  --large-kernel-program=false  --no-timer-sync=false  --heapsize=20480  --enable-reconfig-dma-autostart=false  --disable-dma-autostart=false  --json=Work/temp/graph.json
AIEbuild feature license is found.
INFO: [aiecompiler 77-3355] ###[Start]: Reading in platform specification from /tools/Xilinx/Vitis/2024.1/base_platforms/xilinx_vck190_base_202410_1/xilinx_vck190_base_202410_1.xpfm
INFO: [aiecompiler 55-2053] elapsed time for repository (/tools/Xilinx/Vivado/2024.1/data/embeddedsw) loading 0 seconds
INFO: [aiecompiler 77-3354] ###[Finish]:  Reading in platform specification from /tools/Xilinx/Vitis/2024.1/base_platforms/xilinx_vck190_base_202410_1/xilinx_vck190_base_202410_1.xpfm
INFO: [aiecompiler 21-403] Loading part xcvc1902-vsva2197-2MP-e-S
INFO: [aiecompiler 77-3379] Extracted physical device part from platform is : xcvc1902-vsva2197-2MP-e-S 
INFO: [aiecompiler 77-749] Reading logical device VC1902.json
INFO: [aiecompiler 77-750] Reading physical device xcvc1902-vsva2197-2MP-e-S
INFO: [aiecompiler 77-951] ###Start:Loading Device Part xcvc1902-vsva2197-2MP-e-S
INFO: [aiecompiler 77-950] ###Finish(0u 0s 0w):Loading Device Part xcvc1902-vsva2197-2MP-e-S
INFO: [aiecompiler 77-4400] Finish reading physical device xcvc1902-vsva2197-2MP-e-S
INFO: [aiecompiler 77-951] ###Start:Loading Device Part xcvc1902-vsva2197-2MP-e-S
INFO: [aiecompiler 77-950] ###Finish(0u 0s 0w):Loading Device Part xcvc1902-vsva2197-2MP-e-S
WARNING: [aiecompiler 77-6300] Graphviz tools are not installed on this system, dot graphs will not be generated.
686: Work/temp/graph.json
INFO: [aiecompiler 77-757] Opening input file: Work/temp/graph.json
INFO: [aiecompiler 77-6287] Emitting AIEIr in file: Work/temp/graph_aieir_dump.txt
INFO: [aiecompiler 77-656] Processing Graph 'root'
INFO: [aiecompiler 77-404] Executing Cmd: 	cd Work/aie/ir;
${XILINX_VITIS_AIETOOLS}/tps/${RDI_PLATFORM}/target/bin/LNa64bin/chesscc +f +s -p me -P ${XILINX_VITIS_AIETOOLS}/data/versal_prod/lib +Wllvm,-O2,-fno-jump-tables,-femit-all-decls,-fno-discard-value-names,-mllvm,-chess-collapse-struct-types-during-linking=0,-Xclang,-chess-only-info-critical-passes,-g -D__AIENGINE__ -D__AIE_ARCH__=10 -I ${XILINX_VITIS_AIETOOLS}/data/versal_prod/lib -I ${XILINX_VITIS_AIETOOLS}/data/versal_prod/lib/runtime_cxx/libcxx-lite/include -I ${XILINX_VITIS_AIETOOLS}/data/versal_prod/lib/runtime_cxx/libs/libcxx-9.0.0/include-lite -I ${XILINX_VITIS_AIETOOLS}/data/versal_prod/lib/runtime/include empty.cc -o _header.ll

Configuration: Release_LLVM
Compiling "empty.cc"
chess-clang -I/tools/Xilinx/Vitis/2024.1/aietools/data/versal_prod/lib --chess-proc-dir=/tools/Xilinx/Vitis/2024.1/aietools/data/versal_prod/lib -S -nostdlibinc -D__chess__ -D__tct_release__=2306 -I/tools/Xilinx/Vitis/2024.1/aietools/data/versal_prod/lib -I/tools/Xilinx/Vitis/2024.1/aietools/data/versal_prod/lib/runtime_cxx/libcxx-lite/include -I/tools/Xilinx/Vitis/2024.1/aietools/data/versal_prod/lib/runtime_cxx/libs/libcxx-9.0.0/include-lite -I/tools/Xilinx/Vitis/2024.1/aietools/data/versal_prod/lib/runtime/include -I/tools/Xilinx/Vitis/2024.1/aietools/data/versal_prod/lib/runtime_cxx/libcxx-lite/include -I/tools/Xilinx/Vitis/2024.1/aietools/data/versal_prod/lib/runtime_cxx/libs/libcxx-9.0.0/include-lite -I/tools/Xilinx/Vitis/2024.1/aietools/data/versal_prod/lib/runtime/include -D__AIENGINE__ -D__AIE_ARCH__=10 -D__tct_tgt__=240112 -xc++ -O2 -include aie_core.h -std=c++2a -fno-builtin-memcpy -mllvm -disable-lsr -mllvm -replexitval=never -mllvm -enable-load-pre=false -mllvm -chess-disable-add-to-or -mllvm -chess-combine-gep-indices=none -mllvm -chess-disable-fold-phi-of-loads -mllvm -chess-aainfo2chains-algo=4 -mllvm -chess-aggressive-aainfo=false -mllvm -chess-enable-indvarsimplify=0 -fchess-register-c++-static-destructors-as-global-dtors -Werror=return-type -mllvm -chess-disable-cse-across-loopboundary -mllvm -chess-tbaa-detect-common-underlying-object=true -mllvm -chess-protect-llvm-global-reg-access=true -mllvm -chess-enable-c-pragma-protect -O2 -fno-jump-tables -femit-all-decls -fno-discard-value-names -mllvm -chess-collapse-struct-types-during-linking=0 -Xclang -chess-only-info-critical-passes -g empty.cc -o_header.ll -emit-llvm --chess-proc-name=me
Compilation finished successfully (0 errors, 0 warnings)
INFO: [aiecompiler 77-404] Executing Cmd: make -C Work/aie/ir -j 8 -f i4_kernel_qk_softmax.makefile -f i5_kernel_av.makefile all 2>&1

make: Entering directory '/tools/projects/FPGA-VLA/runs/T0042/aie_graph_v1_1a/Work/aie/ir'
/tools/Xilinx/Vitis/2024.1/aietools/tps/lnx64/target/bin/LNa64bin/chesscc +f +s -p me -P /tools/Xilinx/Vitis/2024.1/aietools/data/versal_prod/lib +Wllvm,-O2,-fno-jump-tables,-fno-discard-value-names,-mllvm,-chess-collapse-struct-types-during-linking=0,-Xclang,-chess-only-info-critical-passes,-g -D__AIENGINE__ -D__AIE_ARCH__=10 -D__LOCK_FENCE_MODE__=0 -DAIE_OPTION_SCALAR_FLOAT_ON_VECTOR -I ../../.. -I /tools/Xilinx/Vitis/2024.1/aietools/include -I /tools/Xilinx/Vitis/2024.1/aietools/data/versal_prod/lib/runtime_cxx/libcxx-lite/include -I /tools/Xilinx/Vitis/2024.1/aietools/data/versal_prod/lib/runtime_cxx/libs/libcxx-9.0.0/include-lite -I /tools/Xilinx/Vitis/2024.1/aietools/data/versal_prod/lib/runtime/include /tools/projects/FPGA-VLA/runs/T0042/aie_graph_v1_1a/kernel_qk_softmax.cpp -o i4_kernel_qk_softmax.ll
/tools/Xilinx/Vitis/2024.1/aietools/tps/lnx64/target/bin/LNa64bin/chesscc +f +s -p me -P /tools/Xilinx/Vitis/2024.1/aietools/data/versal_prod/lib +Wllvm,-O2,-fno-jump-tables,-fno-discard-value-names,-mllvm,-chess-collapse-struct-types-during-linking=0,-Xclang,-chess-only-info-critical-passes,-g -D__AIENGINE__ -D__AIE_ARCH__=10 -D__LOCK_FENCE_MODE__=0 -DAIE_OPTION_SCALAR_FLOAT_ON_VECTOR -I ../../.. -I /tools/Xilinx/Vitis/2024.1/aietools/include -I /tools/Xilinx/Vitis/2024.1/aietools/data/versal_prod/lib/runtime_cxx/libcxx-lite/include -I /tools/Xilinx/Vitis/2024.1/aietools/data/versal_prod/lib/runtime_cxx/libs/libcxx-9.0.0/include-lite -I /tools/Xilinx/Vitis/2024.1/aietools/data/versal_prod/lib/runtime/include /tools/projects/FPGA-VLA/runs/T0042/aie_graph_v1_1a/kernel_av.cpp -o i5_kernel_av.ll
Configuration: Release_LLVM
Configuration: Release_LLVM
Compiling "kernel_qk_softmax.cpp"
Compiling "kernel_av.cpp"
chess-clang -I/tools/Xilinx/Vitis/2024.1/aietools/data/versal_prod/lib --chess-proc-dir=/tools/Xilinx/Vitis/2024.1/aietools/data/versal_prod/lib -S -nostdlibinc -D__chess__ -D__tct_release__=2306 -I../../.. -I/tools/Xilinx/Vitis/2024.1/aietools/include -I/tools/Xilinx/Vitis/2024.1/aietools/data/versal_prod/lib/runtime_cxx/libcxx-lite/include -I/tools/Xilinx/Vitis/2024.1/aietools/data/versal_prod/lib/runtime_cxx/libs/libcxx-9.0.0/include-lite -I/tools/Xilinx/Vitis/2024.1/aietools/data/versal_prod/lib/runtime/include -I/tools/Xilinx/Vitis/2024.1/aietools/data/versal_prod/lib/runtime_cxx/libcxx-lite/include -I/tools/Xilinx/Vitis/2024.1/aietools/data/versal_prod/lib/runtime_cxx/libs/libcxx-9.0.0/include-lite -I/tools/Xilinx/Vitis/2024.1/aietools/data/versal_prod/lib/runtime/include -D__AIENGINE__ -D__AIE_ARCH__=10 -D__LOCK_FENCE_MODE__=0 -DAIE_OPTION_SCALAR_FLOAT_ON_VECTOR -D__tct_tgt__=240112 -xc++ -O2 -include aie_core.h -std=c++2a -fno-builtin-memcpy -mllvm -disable-lsr -mllvm -replexitval=never -mllvm -enable-load-pre=false -mllvm -chess-disable-add-to-or -mllvm -chess-combine-gep-indices=none -mllvm -chess-disable-fold-phi-of-loads -mllvm -chess-aainfo2chains-algo=4 -mllvm -chess-aggressive-aainfo=false -mllvm -chess-enable-indvarsimplify=0 -fchess-register-c++-static-destructors-as-global-dtors -Werror=return-type -mllvm -chess-disable-cse-across-loopboundary -mllvm -chess-tbaa-detect-common-underlying-object=true -mllvm -chess-protect-llvm-global-reg-access=true -mllvm -chess-enable-c-pragma-protect -O2 -fno-jump-tables -fno-discard-value-names -mllvm -chess-collapse-struct-types-during-linking=0 -Xclang -chess-only-info-critical-passes -g /tools/projects/FPGA-VLA/runs/T0042/aie_graph_v1_1a/kernel_qk_softmax.cpp -oi4_kernel_qk_softmax.ll -emit-llvm --chess-proc-name=me
chess-clang -I/tools/Xilinx/Vitis/2024.1/aietools/data/versal_prod/lib --chess-proc-dir=/tools/Xilinx/Vitis/2024.1/aietools/data/versal_prod/lib -S -nostdlibinc -D__chess__ -D__tct_release__=2306 -I../../.. -I/tools/Xilinx/Vitis/2024.1/aietools/include -I/tools/Xilinx/Vitis/2024.1/aietools/data/versal_prod/lib/runtime_cxx/libcxx-lite/include -I/tools/Xilinx/Vitis/2024.1/aietools/data/versal_prod/lib/runtime_cxx/libs/libcxx-9.0.0/include-lite -I/tools/Xilinx/Vitis/2024.1/aietools/data/versal_prod/lib/runtime/include -I/tools/Xilinx/Vitis/2024.1/aietools/data/versal_prod/lib/runtime_cxx/libcxx-lite/include -I/tools/Xilinx/Vitis/2024.1/aietools/data/versal_prod/lib/runtime_cxx/libs/libcxx-9.0.0/include-lite -I/tools/Xilinx/Vitis/2024.1/aietools/data/versal_prod/lib/runtime/include -D__AIENGINE__ -D__AIE_ARCH__=10 -D__LOCK_FENCE_MODE__=0 -DAIE_OPTION_SCALAR_FLOAT_ON_VECTOR -D__tct_tgt__=240112 -xc++ -O2 -include aie_core.h -std=c++2a -fno-builtin-memcpy -mllvm -disable-lsr -mllvm -replexitval=never -mllvm -enable-load-pre=false -mllvm -chess-disable-add-to-or -mllvm -chess-combine-gep-indices=none -mllvm -chess-disable-fold-phi-of-loads -mllvm -chess-aainfo2chains-algo=4 -mllvm -chess-aggressive-aainfo=false -mllvm -chess-enable-indvarsimplify=0 -fchess-register-c++-static-destructors-as-global-dtors -Werror=return-type -mllvm -chess-disable-cse-across-loopboundary -mllvm -chess-tbaa-detect-common-underlying-object=true -mllvm -chess-protect-llvm-global-reg-access=true -mllvm -chess-enable-c-pragma-protect -O2 -fno-jump-tables -fno-discard-value-names -mllvm -chess-collapse-struct-types-during-linking=0 -Xclang -chess-only-info-critical-passes -g /tools/projects/FPGA-VLA/runs/T0042/aie_graph_v1_1a/kernel_av.cpp -oi5_kernel_av.ll -emit-llvm --chess-proc-name=me
Compilation finished successfully (0 errors, 0 warnings)
Compilation finished successfully (0 errors, 0 warnings)
make: Leaving directory '/tools/projects/FPGA-VLA/runs/T0042/aie_graph_v1_1a/Work/aie/ir'
INFO: [aiecompiler 77-404] Executing Cmd: rm -f Work/aie/ir/i4_kernel_qk_softmax.makefile Work/aie/ir/i5_kernel_av.makefile;

INFO: [aiecompiler 77-404] Executing Cmd: 	cd Work/aie/ir;
	export XILINX_CARDANO_KERNEL_ANALYSIS_OPTIONS="-spec=i4_kernel_qk_softmax_spec.json" ;
	${XILINX_VITIS_AIETOOLS}/lnx64.o/tools/clang/bin/opt -S -load-pass-plugin ${XILINX_VITIS_AIETOOLS}/lib/lnx64.o/libLLVMKernelAnalysis.so -spec=i4_kernel_qk_softmax_spec.json  -passes=kernel_analysis i4_kernel_qk_softmax.ll > /dev/null;
	export XILINX_CARDANO_KERNEL_ANALYSIS_OPTIONS="-spec=i5_kernel_av_spec.json" ;
	${XILINX_VITIS_AIETOOLS}/lnx64.o/tools/clang/bin/opt -S -load-pass-plugin ${XILINX_VITIS_AIETOOLS}/lib/lnx64.o/libLLVMKernelAnalysis.so -spec=i5_kernel_av_spec.json  -passes=kernel_analysis i5_kernel_av.ll > /dev/null;

INFO: [aiecompiler 77-404] Executing Cmd: 	cd Work/aie/ir;
	${XILINX_VITIS_AIETOOLS}/lnx64.o/tools/clang/bin/opt -S -load-pass-plugin=${XILINX_VITIS_AIETOOLS}/lib/lnx64.o/libLLVMXLOptPreProc.so -passes=XLOptPreProc -spec=i4_kernel_qk_softmax_spec.json i4_kernel_qk_softmax.ll -o i4_kernel_qk_softmax.ll 2>/dev/null;
	${XILINX_VITIS_AIETOOLS}/lnx64.o/tools/clang/bin/opt -S -load-pass-plugin=${XILINX_VITIS_AIETOOLS}/lib/lnx64.o/libLLVMXLOptPreProc.so -passes=XLOptPreProc -spec=i5_kernel_av_spec.json i5_kernel_av.ll -o i5_kernel_av.ll 2>/dev/null;

INFO: [aiecompiler 77-5917] Repetition count for gr.k_qks is 1.
INFO: [aiecompiler 77-5917] Repetition count for gr.k_av is 1.
INFO: [aiecompiler 77-6276] DRC Results: 0 Errors
INFO: [aiecompiler 77-281] ###Writing Partition Data To JSON File Work/temp/graph_partition.json
EXCEPTION: vector::_M_range_check: __n (which is 4) >= this->size() (which is 0)
INFO: [aiecompiler 18-6358] GCLK_DESKEW_DEFAULT not specified in Clock Expansion Window constraints config file for device xcvc1902.  GCLK Deskew mode will be Off and cannot be enabled via GCLK_DESKEW override.
INFO: [aiecompiler 18-5720] The default GCLK Deskew mode is Off.
INFO: [aiecompiler 77-6313] Post Partition DRC Results: 0 Errors
INFO: [aiecompiler 75-4195] Writing AI Engine constraints file 'Work/temp/graph_aie_constraints_for_placer.aiecst'
INFO: [aiecompiler 75-4193] Reading constraints schema from /tools/Xilinx/Vitis/2024.1/aietools/data/aietools_constr_schema.json
Starting Vivado AIE Placer. HANENetlist | Checksum 529917667
AIENetlist | Total Netlist Checksum: 3900904830
 ... Nodes in trace graph = 0 ... 
No. of channels in cluster PT0: 4
No. of channels in cluster PT1: 4
Check AIE-PRE-MAPPER has run: 0 errors
AIE Initial Checker Successful
AIE Mapper Partitioner succeeded.
INFO: [aiecompiler 47-778] Running Pass 1 of AIE Mapper.
INFO: [aiecompiler 47-777] Running Global placer
ME Global Placer | Checksum: 685659633
ME Global Placer Run Time: 0.14
INFO: [aiecompiler 47-776] Running Detail placer
ME Detail Placer | Checksum: 3500096268
ME Detail Placer Run Time: 0.04
ME Post DP Optimization Run Time: 0
num_aie_cores: 2
num_aie_banks: 6
Check AIE-MAPPER has run: 0 errors
AIE Solution Checker Successful
AIE Mapper Solution Checker succeeded.
Total number of inferred DMAs: 0
Total number of buffer conflicts = 0
Approximate ME WL: 4
Placer Runtime: 0.22
Total Placer Runtime: 0.22
INFO: [aiecompiler 77-280] ###Writing Mapped Data To JSON File Work/temp/graph_mapped.json
INFO: [aiecompiler 77-1012] Writing Mapping Information To Constraints File Work/temp/graph_aie_mapped.aiecst
 ####=>writeBufferInfoListAsConstraint 0x445b5200 binfos.size() 2 i4_pi0 allBufferInfos: 2
 ####=>writeBufferInfoListAsConstraint 0x43ef1eb0 binfos.size() 2 i5_po0 allBufferInfos: 2
INFO: [aiecompiler 75-4195] Writing AI Engine constraints file 'Work/temp/graph_aie_mapped.aiecst'
INFO: [aiecompiler 75-4193] Reading constraints schema from /tools/Xilinx/Vitis/2024.1/aietools/data/aietools_constr_schema.json
INFO: [aiecompiler 77-6291] Entering MAPPING ANALYSIS pass 
INFO: [aiecompiler 77-6306] Mapped filename Work/temp/graph_mapped.json
INFO: [aiecompiler 77-4161] Generating AIE shim-constraint file at: Work/arch/aie_interface.aieintfcst
INFO: [aiecompiler 77-4165] Opening AIE shim-constraints schema JSON file: /tools/Xilinx/Vivado/2024.1/data/parts/xilinx/common/noc/schemas/constraints.json
INFO: [aiecompiler 77-6284] Done with MAPPING ANALYSIS pass 
INFO: [aiecompiler 77-310] Generating logical architecture in file Work/arch/logical_arch_aie.larch
INFO: [aiecompiler 77-313] Initializing logical architecture from file Work/arch/logical_arch_aie.larch
INFO: [aiecompiler 77-6290] Entering INTERPOSER ANALYSIS pass
INFO: [aiecompiler 77-6281] Done with  INTERPOSER ANALYSIS pass
nodeProcessed = 1
INFO: [aiecompiler 77-6569] For port 'gr.gmio_K.out[0]' allocated DMA is 'tile: shim, col:26, row:0, channel:0, dir:mm2s'
INFO: [aiecompiler 77-6569] For port 'gr.gmio_V.out[0]' allocated DMA is 'tile: shim, col:26, row:0, channel:1, dir:mm2s'
INFO: [aiecompiler 77-6570] For port 'gr.k_qks.in[0]', allocated DMA is 'tile: aie, col:23, row:0, channel:0, dir:s2mm'
INFO: [aiecompiler 77-6570] For port 'gr.k_av.out[0]', allocated DMA is 'tile: aie, col:25, row:0, channel:0, dir:mm2s'
Target Part xcvc1902-vsva2197-2MP-e-S 0x1bf71de0
Create HARTArchHelperV8
Create HARTArchHelperV8
Create HARTArchHelperV10
HARTArchConstsV10::initialize
BOUNCE_MIN_DIST 1, 1
HARTArchConstsV10::initialize - done
New Arch Helper: 0x5cbf7400 for device: 0x1bf71de0
INFO: [aiecompiler 35-3142] AIE Router building the Nodegraph
FirstActiveCoreTileCol 0 FirstArctiveCoreTileRow 0
FirstActiveCoreTileCol 0 FirstArctiveCoreTileRow 1
INFO: [aiecompiler 35-3197] AIE Router finished building the Nodegraph.
INFO: [aiecompiler 35-3196] AIE Router Nodegraph build cpu time 5.340000 wall time 5.340000
INFO: [aiecompiler 35-3225] AIE Router starting Netlist building.
INFO: [aiecompiler 35-3162] AIE Router creating Pin Mapper
Running AIE Post-Map Finalizer.
Post-Map Finalizer succeeded.
INFO: [aiecompiler 35-3211] AIE Router finished creating Pin Mapper.
INFO: [aiecompiler 35-3212] AIE Router Pin Mapper creation cpu time 0.040000 wall time 0.030000
Number of Horizontal Crossings across a cut: 36
Post Netlist Builder Checksum | NetGraph: 8ea3530 | NumContArr: 7097d62b
INFO: [aiecompiler 35-3182] AIE Router finished building the Netlist.
INFO: [aiecompiler 35-3183] AIE Router Netlist building cpu time 0.040000 wall time 0.030000
INFO: [aiecompiler 35-3223] AIE Router starting Constraint Manager.
Area group:  Contain Routing Rects : {{(0, 1)(49, 8)} {(0, 0)(49, 0)}  containing portions of netIds in this group: { 0 1 2 3 4 }
Area group:  Contain Routing Rects : {{(0, 1)(49, 8)} {(0, 0)(49, 0)}  containing portions of netIds in this group: { 0 1 2 3 4 }
INFO: [aiecompiler 35-3148] AIE Router finished reading area constraints.
INFO: [aiecompiler 35-3147] AIE Router Constraint Manager cpu time -0.000000 wall time 0.000000
INFO: [aiecompiler 35-3326] AIE Router starting projection of pins
Running AIE Post-Map Finalizer.
Post-Map Finalizer succeeded.
INFO: [aiecompiler 35-3325] AIE Router finished projection of pins
INFO: [aiecompiler 35-3324] AIE Router Projection cpu time 0.000000 wall time -0.000000
INFO: [aiecompiler 35-3224] AIE Router starting Cost Builder.
INFO: [aiecompiler 35-3152] AIE Router finished Cost Builder.
INFO: [aiecompiler 35-3151] AIE Router Cost Builder cpu time 0.000000 wall time -0.000000
INFO: [aiecompiler 35-3226] AIE Router starting to route nets.
Cost Coeffs: m_costCoef 1, m_congCostCoef 0.3, m_iterCostCoef 0.4, m_histCostCoef 3
CostMgr nodeGraph::getClkRgnInfo status: 0
Setting minatree comps to 5000
Creating HDRTPinDelayHelperV10 for floorplan 0x55ccb9d0
HDRTPinDelayHelperV10:: Creating pin delay helper
popping debug nodes from file  set using param route.printExpandDebugNodes
Min Local Branch Penalty = 10
Min Type Branch Penalty = 10
Outbound Branch Penalty = 20
Setting pin congestion multipler to 1
BufferFromBel: buf0 on (23,0,0) has: <0,4096>
BufferFromBel: buf0 on (23,0,0) has: <globalOffset, fullSize> <0,4096>
BufferFromBel: buf1 on (25,0,2) has: <0,4096>
BufferFromBel: buf1 on (25,0,2) has: <globalOffset, fullSize> <16384,4096>
BufferFromBel: sysmem2 on (26,0,0) has: <0,24608>
BufferFromBel: sysmem2 on (26,0,0) has: <globalOffset, fullSize> <0,24608>
BufferFromBel: sysmem3 on (24,1,0) has: <0,24608>
BufferFromBel: sysmem3 on (24,1,0) has: <globalOffset, fullSize> <0,24608>
BufferFromBel: buf0d on (23,0,1) has: <0,4096>
BufferFromBel: buf0d on (23,0,1) has: <globalOffset, fullSize> <8192,4096>
BufferFromBel: buf1d on (25,0,3) has: <0,4096>
BufferFromBel: buf1d on (25,0,3) has: <globalOffset, fullSize> <24576,4096>
Total number of components: 1
No FIFO terms found to need Global ILP, skipping

--GLOBAL Congestion:
Utilization threshold used for congestion level computation: 1
Congestion Report
North Dir Cong Level = 0 Max Cong = 0.333333 No Congested Regions.
South Dir Cong Level = 0 Max Cong = 0.25 No Congested Regions.
East Dir Cong Level = 0 Max Cong = 0.5 No Congested Regions.
West Dir Cong Level = 0 Max Cong = 0.25 No Congested Regions.

------------------------------
Reporting congestion hotspots
------------------------------
Direction: North
----------------
Congested clusters found at Level 0
Effective congestion level: 0 Aspect Ratio: 1 Sparse Ratio: 0
Direction: South
----------------
Congested clusters found at Level 0
Effective congestion level: 0 Aspect Ratio: 1 Sparse Ratio: 0
Direction: East
----------------
Congested clusters found at Level 0
Effective congestion level: 0 Aspect Ratio: 1 Sparse Ratio: 0
Direction: West
----------------
Congested clusters found at Level 0
Effective congestion level: 0 Aspect Ratio: 1 Sparse Ratio: 0


INFO: [aiecompiler 35-21] Average Estimated Local Routing Congestion:
 +-----------+-------------+-------------+
 | Direction | Region Size | Utilization |
 +-----------+-------------+-------------+
 | North     | 1 x 1       |      33.33% |
 | South     | 1 x 1       |      25.00% |
 | East      | 1 x 1       |      50.00% |
 | West      | 1 x 1       |      25.00% |
 +-----------+-------------+-------------+

NORTH:
*********************************************************************************************************************************
* 1             * 2             * 3             * 4             * 5             * 6             * 7             * 8             *
*********************************************************************************************************************************
| 30000 (1.00%) | 30000 (0.00%) | 30000 (0.00%) | 30000 (0.00%) | 30000 (0.00%) | 30000 (0.00%) | 30000 (0.00%) | 30000 (0.00%) |
~~~~~~~~~~~~~~~~~~~~~~~~~~~~~~~~~~~~~~~~~~~~~~~~~~~~~~~~~~~~~~~~~~~~~~~~~~~~~~~~~~~~~~~~~~~~~~~~~~~~~~~~~~~~~~~~~~~~~~~~~~~~~~~~~
SOUTH:
*********************************************************************************************************************************
* 1             * 2             * 3             * 4             * 5             * 6             * 7             * 8             *
*********************************************************************************************************************************
| 20000 (0.50%) | 20000 (0.00%) | 20000 (0.00%) | 20000 (0.00%) | 20000 (0.00%) | 20000 (0.00%) | 20000 (0.00%) | 20000 (0.00%) |
~~~~~~~~~~~~~~~~~~~~~~~~~~~~~~~~~~~~~~~~~~~~~~~~~~~~~~~~~~~~~~~~~~~~~~~~~~~~~~~~~~~~~~~~~~~~~~~~~~~~~~~~~~~~~~~~~~~~~~~~~~~~~~~~~
EAST:
****************************************************************************************************************************************************************************************************************************************************************************************************************************************************************************************************************************************************************************************************************************************************************************************************************************************************************************************************************************************************************
* 1            * 2            * 3            * 4            * 5            * 6            * 7            * 8            * 9            * 10           * 11           * 12           * 13           * 14           * 15           * 16           * 17           * 18           * 19           * 20           * 21           * 22           * 23           * 24           * 25           * 26           * 27           * 28           * 29           * 30           * 31           * 32           * 33           * 34           * 35           * 36           * 37           * 38           * 39           * 40           * 41           * 42           * 43           * 44           * 45           * 46           * 47           * 48           * 49           *
****************************************************************************************************************************************************************************************************************************************************************************************************************************************************************************************************************************************************************************************************************************************************************************************************************************************************************************************************************************************************************
| 3600 (0.00%) | 3600 (0.00%) | 3600 (0.00%) | 3600 (0.00%) | 3600 (0.00%) | 3600 (0.00%) | 3600 (0.00%) | 3600 (0.00%) | 3600 (0.00%) | 3600 (0.00%) | 3600 (0.00%) | 3600 (0.00%) | 3600 (0.00%) | 3600 (0.00%) | 3600 (0.00%) | 3600 (0.00%) | 3600 (0.00%) | 3600 (0.00%) | 3600 (0.00%) | 3600 (0.00%) | 3600 (0.00%) | 3600 (0.00%) | 3600 (0.00%) | 3600 (0.00%) | 3600 (2.78%) | 3600 (5.56%) | 3600 (0.00%) | 3600 (0.00%) | 3600 (0.00%) | 3600 (0.00%) | 3600 (0.00%) | 3600 (0.00%) | 3600 (0.00%) | 3600 (0.00%) | 3600 (0.00%) | 3600 (0.00%) | 3600 (0.00%) | 3600 (0.00%) | 3600 (0.00%) | 3600 (0.00%) | 3600 (0.00%) | 3600 (0.00%) | 3600 (0.00%) | 3600 (0.00%) | 3600 (0.00%) | 3600 (0.00%) | 3600 (0.00%) | 3600 (0.00%) | 3600 (0.00%) |
~~~~~~~~~~~~~~~~~~~~~~~~~~~~~~~~~~~~~~~~~~~~~~~~~~~~~~~~~~~~~~~~~~~~~~~~~~~~~~~~~~~~~~~~~~~~~~~~~~~~~~~~~~~~~~~~~~~~~~~~~~~~~~~~~~~~~~~~~~~~~~~~~~~~~~~~~~~~~~~~~~~~~~~~~~~~~~~~~~~~~~~~~~~~~~~~~~~~~~~~~~~~~~~~~~~~~~~~~~~~~~~~~~~~~~~~~~~~~~~~~~~~~~~~~~~~~~~~~~~~~~~~~~~~~~~~~~~~~~~~~~~~~~~~~~~~~~~~~~~~~~~~~~~~~~~~~~~~~~~~~~~~~~~~~~~~~~~~~~~~~~~~~~~~~~~~~~~~~~~~~~~~~~~~~~~~~~~~~~~~~~~~~~~~~~~~~~~~~~~~~~~~~~~~~~~~~~~~~~~~~~~~~~~~~~~~~~~~~~~~~~~~~~~~~~~~~~~~~~~~~~~~~~~~~~~~~~~~~~~~~~~~~~~~~~~~~~~~~~~~~~~~~~~~~~~~~~~~~~~~~~~~~~~~~~~~~~~~~~~~~~~~~~~~~~~~~~~~~~~~~~~~~~~~~~~~~~~~~~~~~~~~~~~~~~~~~~~~~~~~~~~~~~~~~~~~~~~~~~~~~~~~~~~~~~~~~~~~~~~~~~~~~~~~~~~~~~~~~~~~~~~~~~~~~~~~~~~~~~~~~~~~~~~~~~~~~~~~~~~~~~~~~~~~~~~~~~~~~~~~~~~~~~~~~~~~~~~~
WEST:
****************************************************************************************************************************************************************************************************************************************************************************************************************************************************************************************************************************************************************************************************************************************************************************************************************************************************************************************************************************************************************
* 1            * 2            * 3            * 4            * 5            * 6            * 7            * 8            * 9            * 10           * 11           * 12           * 13           * 14           * 15           * 16           * 17           * 18           * 19           * 20           * 21           * 22           * 23           * 24           * 25           * 26           * 27           * 28           * 29           * 30           * 31           * 32           * 33           * 34           * 35           * 36           * 37           * 38           * 39           * 40           * 41           * 42           * 43           * 44           * 45           * 46           * 47           * 48           * 49           *
****************************************************************************************************************************************************************************************************************************************************************************************************************************************************************************************************************************************************************************************************************************************************************************************************************************************************************************************************************************************************************
| 3600 (0.00%) | 3600 (0.00%) | 3600 (0.00%) | 3600 (0.00%) | 3600 (0.00%) | 3600 (0.00%) | 3600 (0.00%) | 3600 (0.00%) | 3600 (0.00%) | 3600 (0.00%) | 3600 (0.00%) | 3600 (0.00%) | 3600 (0.00%) | 3600 (0.00%) | 3600 (0.00%) | 3600 (0.00%) | 3600 (0.00%) | 3600 (0.00%) | 3600 (0.00%) | 3600 (0.00%) | 3600 (0.00%) | 3600 (0.00%) | 3600 (0.00%) | 3600 (2.78%) | 3600 (2.78%) | 3600 (2.78%) | 3600 (0.00%) | 3600 (0.00%) | 3600 (0.00%) | 3600 (0.00%) | 3600 (0.00%) | 3600 (0.00%) | 3600 (0.00%) | 3600 (0.00%) | 3600 (0.00%) | 3600 (0.00%) | 3600 (0.00%) | 3600 (0.00%) | 3600 (0.00%) | 3600 (0.00%) | 3600 (0.00%) | 3600 (0.00%) | 3600 (0.00%) | 3600 (0.00%) | 3600 (0.00%) | 3600 (0.00%) | 3600 (0.00%) | 3600 (0.00%) | 3600 (0.00%) |
~~~~~~~~~~~~~~~~~~~~~~~~~~~~~~~~~~~~~~~~~~~~~~~~~~~~~~~~~~~~~~~~~~~~~~~~~~~~~~~~~~~~~~~~~~~~~~~~~~~~~~~~~~~~~~~~~~~~~~~~~~~~~~~~~~~~~~~~~~~~~~~~~~~~~~~~~~~~~~~~~~~~~~~~~~~~~~~~~~~~~~~~~~~~~~~~~~~~~~~~~~~~~~~~~~~~~~~~~~~~~~~~~~~~~~~~~~~~~~~~~~~~~~~~~~~~~~~~~~~~~~~~~~~~~~~~~~~~~~~~~~~~~~~~~~~~~~~~~~~~~~~~~~~~~~~~~~~~~~~~~~~~~~~~~~~~~~~~~~~~~~~~~~~~~~~~~~~~~~~~~~~~~~~~~~~~~~~~~~~~~~~~~~~~~~~~~~~~~~~~~~~~~~~~~~~~~~~~~~~~~~~~~~~~~~~~~~~~~~~~~~~~~~~~~~~~~~~~~~~~~~~~~~~~~~~~~~~~~~~~~~~~~~~~~~~~~~~~~~~~~~~~~~~~~~~~~~~~~~~~~~~~~~~~~~~~~~~~~~~~~~~~~~~~~~~~~~~~~~~~~~~~~~~~~~~~~~~~~~~~~~~~~~~~~~~~~~~~~~~~~~~~~~~~~~~~~~~~~~~~~~~~~~~~~~~~~~~~~~~~~~~~~~~~~~~~~~~~~~~~~~~~~~~~~~~~~~~~~~~~~~~~~~~~~~~~~~~~~~~~~~~~~~~~~~~~~~~~~~~~~~~~~~~~~~~~~~~~
INFO: [aiecompiler 35-3366] Initial Estimated Cut Congestion
NORTH: No Congestion
SOUTH: No Congestion
EAST: No Congestion
WEST: No Congestion


New CongCostCoef: 0.3
New IterCostCoef: 0.4
INFO: [aiecompiler 35-3172] AIE Router is on Global Iteration: 0
INFO: [aiecompiler 35-3130] AIE Router Local Iteration Report: 
    IterNum: 2
    Nets Routed: 0
    Total Expand: 0.00063M
    Total Pop: 0.000354M
    Total Eval: 0.00063M
    Total nodes with num nets overflow: 0
    Total node congestion because of nets: 0
    Total num of over utilized nodes : 0
    Total over utilization : 0

There are no negative slack systems in this design, skipping router balancing
Trace graph pruning is enabled
Found buffer at bel: AIE_MEMGRP_BANK0
Found buffer at bel: AIE_MEMGRP_BANK0
Found buffer at bel: AIE_MEMGRP_BANK1
Found buffer at bel: AIE_MEMGRP_BANK2
Found buffer at bel: AIE_MEMGRP_BANK3
Found buffer at bel: AIE_MEMGRP_BANK0
INFO: [aiecompiler 35-3329] Trace Net Routing Global Iteration 0
New CongCostCoef: 0.3
New IterCostCoef: 0.4
INFO: [aiecompiler 35-3130] AIE Router Local Iteration Report: 
    IterNum: 2
    Nets Routed: 0
    Total Expand: 0.00063M
    Total Pop: 0.000354M
    Total Eval: 0.00063M
    Total nodes with num nets overflow: 0
    Total node congestion because of nets: 0
    Total num of over utilized nodes : 0
    Total over utilization : 0

Trace net routing converged, total trace nets routed in this phase: 0
INFO: [aiecompiler 35-3130] AIE Router Local Iteration Report: 
    IterNum: 3
    Nets Routed: 0
    Total Expand: 0.00063M
    Total Pop: 0.000354M
    Total Eval: 0.00063M
    Total nodes with num nets overflow: 0
    Total node congestion because of nets: 0
    Total num of over utilized nodes : 0
    Total over utilization : 0

Trace net routing converged, total trace nets routed in this phase: 0
Number of trace nets that were skipped routing: 0
INFO: [aiecompiler 35-3391] Estimated FIFO Congestion
*******************************************
* Type        * Region Size * Utilisation *
*******************************************
| Switch FIFO | 1x1         |  0.00%      |
| DMA FIFO    | 1x1         |  50.00%     |
~~~~~~~~~~~~~~~~~~~~~~~~~~~~~~~~~~~~~~~~~~~


Post Router Checksum | NetGraph: c5e6d6d5 | NumContArr: eeae49e0
INFO: [aiecompiler 35-3220] AIE Router finished routing nets.
INFO: [aiecompiler 35-3219] AIE Router routing cpu time 0.290000 wall time 0.290000
Running AIE Post-Map Finalizer.
Post-Map Finalizer succeeded.
No shared packet switched routing resources used in this design
Total Data net Wirelength is : 10
Total Trace net Wirelength is : 0
INFO: [aiecompiler 35-3252] AIE Router successfully routed all nets.
Total Number of unique Switch FIFOs: 0
Running AIE Post-Map Finalizer.
Post-Map Finalizer succeeded.
Ordered merge post process: Adding BD config broadcast nets
Running AIE Post-Map Finalizer.
Post-Map Finalizer succeeded.
Check AIE-ROUTER has run: 0 errors
Total Router Runtime: 5.69
HDRTPinDelayHelperV10:: Clearing pin delay helper
Releasing pin delay helper for floorplan 0x55ccb9d0
HDRTPinDelayHelperV10:: Releasing Pin Dly Helper
NodeGraph Released.
DeviceData Released.
 ####=>writeBufferInfoListAsConstraint 0x445b5200 binfos.size() 2 i4_pi0 allBufferInfos: 2
 ####=>writeBufferInfoListAsConstraint 0x43ef1eb0 binfos.size() 2 i5_po0 allBufferInfos: 2
INFO: [aiecompiler 75-4195] Writing AI Engine constraints file 'Work/temp/graph_aie_routed.aiecst'
INFO: [aiecompiler 75-4193] Reading constraints schema from /tools/Xilinx/Vitis/2024.1/aietools/data/aietools_constr_schema.json
DEBUG:TileRouter:### Entering TILE ROUTER pass
INFO: [aiecompiler 77-336] Producing aieshim solution for router in Work/arch/aieshim_solution.aiesol
DEBUG:TileRouter:### Done with TILE ROUTER pass
INFO: [aiecompiler 77-6289] Entering Dump_Partition_Graph pass 
INFO: [aiecompiler 77-6283] Done with Dump_Partition_Graph pass 
INFO: [aiecompiler 77-6256] Analyzing inter-kernel dependencies through control registers: begin
INFO: [aiecompiler 77-6257] Analyzing inter-kernel dependencies through control registers: end
INFO: [aiecompiler 77-6319] Writing proc file Work/aie/24_0/src/24_0.cc
INFO: [aiecompiler 77-6319] Writing proc file Work/aie/26_0/src/26_0.cc
INFO: [aiecompiler 77-6497] runtime-opt stats: Avoided compilation of 0 cores out of 2 cores.
INFO: [aiecompiler 77-6293] Entering XPE_Report_Generator pass 
AIE application complexity is LOW (0.093779).
INFO: [aiecompiler 77-6285] Done with XPE_Report_Generator pass 
INFO: [aiecompiler 77-6298] Generating CHESS Project File for processor at (24,0)
INFO: [aiecompiler 77-6299] Generating Linker script in Work/aie/24_0/scripts/24_0.bcf
INFO: [aiecompiler 77-21796] ### Created directory with path = Work/aie/24_0/timestamped_log
INFO: [aiecompiler 77-6298] Generating CHESS Project File for processor at (26,0)
INFO: [aiecompiler 77-6299] Generating Linker script in Work/aie/26_0/scripts/26_0.bcf
INFO: [aiecompiler 77-21796] ### Created directory with path = Work/aie/26_0/timestamped_log
INFO: [aiecompiler 77-404] Executing Cmd: make -C Work/aie -O -j 8 -f 24_0.llgen.Makefile -f 26_0.llgen.Makefile all 2>&1

make: Entering directory '/tools/projects/FPGA-VLA/runs/T0042/aie_graph_v1_1a/Work/aie'
/tools/Xilinx/Vitis/2024.1/aietools/tps/lnx64/target/bin/LNa64bin/chesscc +f +s -p me -P /tools/Xilinx/Vitis/2024.1/aietools/data/versal_prod/lib +P 4  +Wllvm,-O2,-fno-jump-tables,-fno-discard-value-names,-mllvm,-chess-collapse-struct-types-during-linking=0,-Xclang,-chess-only-info-critical-passes,-g -D__AIENGINE__ -D__AIE_ARCH__=10 -D__LOCK_FENCE_MODE__=0 -DAIE_OPTION_SCALAR_FLOAT_ON_VECTOR -I /tools/projects/FPGA-VLA/runs/T0042/aie_graph_v1_1a -I /tools/Xilinx/Vitis/2024.1/aietools/include -I /tools/Xilinx/Vitis/2024.1/aietools/data/versal_prod/lib/runtime_cxx/libcxx-lite/include -I /tools/Xilinx/Vitis/2024.1/aietools/data/versal_prod/lib/runtime_cxx/libs/libcxx-9.0.0/include-lite -I /tools/Xilinx/Vitis/2024.1/aietools/data/versal_prod/lib/runtime/include /tools/projects/FPGA-VLA/runs/T0042/aie_graph_v1_1a/Work/aie/24_0/src/24_0.cc -o ir/24_0_main.ll
Configuration: Release_LLVM
Compiling "24_0.cc"
chess-clang -I/tools/Xilinx/Vitis/2024.1/aietools/data/versal_prod/lib --chess-proc-dir=/tools/Xilinx/Vitis/2024.1/aietools/data/versal_prod/lib -S -nostdlibinc -D__chess__ -D__tct_release__=2306 -I/tools/projects/FPGA-VLA/runs/T0042/aie_graph_v1_1a -I/tools/Xilinx/Vitis/2024.1/aietools/include -I/tools/Xilinx/Vitis/2024.1/aietools/data/versal_prod/lib/runtime_cxx/libcxx-lite/include -I/tools/Xilinx/Vitis/2024.1/aietools/data/versal_prod/lib/runtime_cxx/libs/libcxx-9.0.0/include-lite -I/tools/Xilinx/Vitis/2024.1/aietools/data/versal_prod/lib/runtime/include -I/tools/Xilinx/Vitis/2024.1/aietools/data/versal_prod/lib/runtime_cxx/libcxx-lite/include -I/tools/Xilinx/Vitis/2024.1/aietools/data/versal_prod/lib/runtime_cxx/libs/libcxx-9.0.0/include-lite -I/tools/Xilinx/Vitis/2024.1/aietools/data/versal_prod/lib/runtime/include -D__AIENGINE__ -D__AIE_ARCH__=10 -D__LOCK_FENCE_MODE__=0 -DAIE_OPTION_SCALAR_FLOAT_ON_VECTOR -D__tct_tgt__=240112 -xc++ -O2 -include aie_core.h -std=c++2a -fno-builtin-memcpy -mllvm -disable-lsr -mllvm -replexitval=never -mllvm -enable-load-pre=false -mllvm -chess-disable-add-to-or -mllvm -chess-combine-gep-indices=none -mllvm -chess-disable-fold-phi-of-loads -mllvm -chess-aainfo2chains-algo=4 -mllvm -chess-aggressive-aainfo=false -mllvm -chess-enable-indvarsimplify=0 -fchess-register-c++-static-destructors-as-global-dtors -Werror=return-type -mllvm -chess-disable-cse-across-loopboundary -mllvm -chess-tbaa-detect-common-underlying-object=true -mllvm -chess-protect-llvm-global-reg-access=true -mllvm -chess-enable-c-pragma-protect -O2 -fno-jump-tables -fno-discard-value-names -mllvm -chess-collapse-struct-types-during-linking=0 -Xclang -chess-only-info-critical-passes -g /tools/projects/FPGA-VLA/runs/T0042/aie_graph_v1_1a/Work/aie/24_0/src/24_0.cc -oir/24_0_main.ll -emit-llvm --chess-proc-name=me
Compilation finished successfully (0 errors, 0 warnings)
/tools/Xilinx/Vitis/2024.1/aietools/tps/lnx64/target/bin/LNa64bin/chess-llvm-link --chess-config /tools/Xilinx/Vitis/2024.1/aietools/data/versal_prod/lib/isg/me_chess_llvm.cfg -chess-collapse-struct-types-during-linking=0 -S -o ir/24_0_orig.ll ir/i4_kernel_qk_softmax.ll ir/24_0_main.ll
/tools/Xilinx/Vitis/2024.1/aietools/lnx64.o/tools/clang/bin/opt -S -load-pass-plugin=/tools/Xilinx/Vitis/2024.1/aietools/lib/lnx64.o/libLLVMXLOpt.so -passes=xlopt ir/24_0_orig.ll -o ir/24_0.ll 2> 24_0/xlopt.log
make: Leaving directory '/tools/projects/FPGA-VLA/runs/T0042/aie_graph_v1_1a/Work/aie'
make: Entering directory '/tools/projects/FPGA-VLA/runs/T0042/aie_graph_v1_1a/Work/aie'
/tools/Xilinx/Vitis/2024.1/aietools/lnx64.o/tools/clang/bin/opt -S ir/24_0.ll -o ir/24_0.ll 2>/dev/null;
make: Leaving directory '/tools/projects/FPGA-VLA/runs/T0042/aie_graph_v1_1a/Work/aie'
make: Entering directory '/tools/projects/FPGA-VLA/runs/T0042/aie_graph_v1_1a/Work/aie'
/tools/Xilinx/Vitis/2024.1/aietools/tps/lnx64/target/bin/LNa64bin/chesscc +f +s -p me -P /tools/Xilinx/Vitis/2024.1/aietools/data/versal_prod/lib +P 4  +Wllvm,-O2,-fno-jump-tables,-fno-discard-value-names,-mllvm,-chess-collapse-struct-types-during-linking=0,-Xclang,-chess-only-info-critical-passes,-g -D__AIENGINE__ -D__AIE_ARCH__=10 -D__LOCK_FENCE_MODE__=0 -DAIE_OPTION_SCALAR_FLOAT_ON_VECTOR -I /tools/projects/FPGA-VLA/runs/T0042/aie_graph_v1_1a -I /tools/Xilinx/Vitis/2024.1/aietools/include -I /tools/Xilinx/Vitis/2024.1/aietools/data/versal_prod/lib/runtime_cxx/libcxx-lite/include -I /tools/Xilinx/Vitis/2024.1/aietools/data/versal_prod/lib/runtime_cxx/libs/libcxx-9.0.0/include-lite -I /tools/Xilinx/Vitis/2024.1/aietools/data/versal_prod/lib/runtime/include /tools/projects/FPGA-VLA/runs/T0042/aie_graph_v1_1a/Work/aie/26_0/src/26_0.cc -o ir/26_0_main.ll
Configuration: Release_LLVM
Compiling "26_0.cc"
chess-clang -I/tools/Xilinx/Vitis/2024.1/aietools/data/versal_prod/lib --chess-proc-dir=/tools/Xilinx/Vitis/2024.1/aietools/data/versal_prod/lib -S -nostdlibinc -D__chess__ -D__tct_release__=2306 -I/tools/projects/FPGA-VLA/runs/T0042/aie_graph_v1_1a -I/tools/Xilinx/Vitis/2024.1/aietools/include -I/tools/Xilinx/Vitis/2024.1/aietools/data/versal_prod/lib/runtime_cxx/libcxx-lite/include -I/tools/Xilinx/Vitis/2024.1/aietools/data/versal_prod/lib/runtime_cxx/libs/libcxx-9.0.0/include-lite -I/tools/Xilinx/Vitis/2024.1/aietools/data/versal_prod/lib/runtime/include -I/tools/Xilinx/Vitis/2024.1/aietools/data/versal_prod/lib/runtime_cxx/libcxx-lite/include -I/tools/Xilinx/Vitis/2024.1/aietools/data/versal_prod/lib/runtime_cxx/libs/libcxx-9.0.0/include-lite -I/tools/Xilinx/Vitis/2024.1/aietools/data/versal_prod/lib/runtime/include -D__AIENGINE__ -D__AIE_ARCH__=10 -D__LOCK_FENCE_MODE__=0 -DAIE_OPTION_SCALAR_FLOAT_ON_VECTOR -D__tct_tgt__=240112 -xc++ -O2 -include aie_core.h -std=c++2a -fno-builtin-memcpy -mllvm -disable-lsr -mllvm -replexitval=never -mllvm -enable-load-pre=false -mllvm -chess-disable-add-to-or -mllvm -chess-combine-gep-indices=none -mllvm -chess-disable-fold-phi-of-loads -mllvm -chess-aainfo2chains-algo=4 -mllvm -chess-aggressive-aainfo=false -mllvm -chess-enable-indvarsimplify=0 -fchess-register-c++-static-destructors-as-global-dtors -Werror=return-type -mllvm -chess-disable-cse-across-loopboundary -mllvm -chess-tbaa-detect-common-underlying-object=true -mllvm -chess-protect-llvm-global-reg-access=true -mllvm -chess-enable-c-pragma-protect -O2 -fno-jump-tables -fno-discard-value-names -mllvm -chess-collapse-struct-types-during-linking=0 -Xclang -chess-only-info-critical-passes -g /tools/projects/FPGA-VLA/runs/T0042/aie_graph_v1_1a/Work/aie/26_0/src/26_0.cc -oir/26_0_main.ll -emit-llvm --chess-proc-name=me
Compilation finished successfully (0 errors, 0 warnings)
/tools/Xilinx/Vitis/2024.1/aietools/tps/lnx64/target/bin/LNa64bin/chess-llvm-link --chess-config /tools/Xilinx/Vitis/2024.1/aietools/data/versal_prod/lib/isg/me_chess_llvm.cfg -chess-collapse-struct-types-during-linking=0 -S -o ir/26_0_orig.ll ir/i5_kernel_av.ll ir/26_0_main.ll
/tools/Xilinx/Vitis/2024.1/aietools/lnx64.o/tools/clang/bin/opt -S -load-pass-plugin=/tools/Xilinx/Vitis/2024.1/aietools/lib/lnx64.o/libLLVMXLOpt.so -passes=xlopt ir/26_0_orig.ll -o ir/26_0.ll 2> 26_0/xlopt.log
make: Leaving directory '/tools/projects/FPGA-VLA/runs/T0042/aie_graph_v1_1a/Work/aie'
make: Entering directory '/tools/projects/FPGA-VLA/runs/T0042/aie_graph_v1_1a/Work/aie'
/tools/Xilinx/Vitis/2024.1/aietools/lnx64.o/tools/clang/bin/opt -S ir/26_0.ll -o ir/26_0.ll 2>/dev/null;
make: Leaving directory '/tools/projects/FPGA-VLA/runs/T0042/aie_graph_v1_1a/Work/aie'
INFO: [aiecompiler 77-404] Executing Cmd: make -C Work/aie -O -j 8 -f 24_0.elfgen.Makefile -f 26_0.elfgen.Makefile all 2>&1

make: Entering directory '/tools/projects/FPGA-VLA/runs/T0042/aie_graph_v1_1a/Work/aie'
set -o pipefail;(/tools/Xilinx/Vitis/2024.1/aietools/tps/lnx64/target/bin/LNa64bin/chessmk  -C Release_LLVM -P /tools/Xilinx/Vitis/2024.1/aietools/data/versal_prod/lib +P 4  -DDEPLOYMENT_ELF=1 -D__LOCK_FENCE_MODE__=0 -DAIE_OPTION_SCALAR_FLOAT_ON_VECTOR  +w  +o ../Release 26_0/scripts/26_0.prx) 2>&1 |& tee -a 26_0/26_0.log 26_0/timestamped_log/26_0.log
Configuration: Release_LLVM
Compiling "26_0.ll"
chess-clang --chess-proc-dir=/tools/Xilinx/Vitis/2024.1/aietools/data/versal_prod/lib -S -O2 -std=c++2a -fno-builtin-memcpy -mllvm -disable-lsr -mllvm -replexitval=never -mllvm -enable-load-pre=false -mllvm -chess-disable-add-to-or -mllvm -chess-combine-gep-indices=none -mllvm -chess-disable-fold-phi-of-loads -mllvm -chess-aainfo2chains-algo=4 -mllvm -chess-aggressive-aainfo=false -mllvm -chess-enable-indvarsimplify=0 -fchess-register-c++-static-destructors-as-global-dtors -Werror=return-type -mllvm -chess-disable-cse-across-loopboundary -mllvm -chess-tbaa-detect-common-underlying-object=true -mllvm -chess-protect-llvm-global-reg-access=true -mllvm -chess-enable-c-pragma-protect -fno-jump-tables -fno-discard-value-names -mllvm -chess-collapse-struct-types-during-linking=0 -g ../../ir/26_0.ll -o../Release/chesswork13935/26_0.sfg --chess-proc-name=me
noodle -I/tools/Xilinx/Vitis/2024.1/aietools/data/versal_prod/lib -I/tools/Xilinx/Vitis/2024.1/aietools/data/versal_prod/lib/isg -I/tools/Xilinx/Vitis/2024.1/aietools/include -I/tools/projects/FPGA-VLA/runs/T0042/aie_graph_v1_1a/. -I/tools/Xilinx/Vitis/2024.1/aietools/data/versal_prod/lib/runtime_cxx/libcxx-lite/include -I/tools/Xilinx/Vitis/2024.1/aietools/data/versal_prod/lib/runtime_cxx/libs/libcxx-9.0.0/include-lite -I/tools/Xilinx/Vitis/2024.1/aietools/data/versal_prod/lib/runtime/include -D__AIENGINE__ -D__AIE_ARCH__=10 -DDEPLOYMENT_ELF=1 -D__LOCK_FENCE_MODE__=0 -DAIE_OPTION_SCALAR_FLOAT_ON_VECTOR -D__tct_tgt__=240112 -iaie_core.h +Sinl +Olbb=200 +Opmsa +NOpld +Olzyinl +w../Release/chesswork13935 ../Release/chesswork13935/26_0.sfg +Q1=+Sinl,+Olbb=200,+Opmsa,+NOpld,+Olzyinl +Q2=+Sinl,+Olbb=200,+Opmsa,+NOpld,+Olzyinl +Q3=+Sinl,+Olbb=1000,+Opmsa,+NOpld,+Olzyinl +Qfast=+Sinl,+Olbb=1000,+Opmsa,+NOpld,+Olzyinl,+Opfp +Qs=+Sinl,+Olbb=200,+Opmsa,+NOpld,+Olzyinl +Qz=+Sinl,+Olbb=200,+Opmsa,+NOpld,+Olzyinl me
Warning in "../../../../../../../../../Xilinx/Vitis/2024.1/aietools/data/versal_prod/lib/me_chess.h", line 658, column 39: declaring `__rt' with type (returning) `pmx_idx' is deprecated: This type is deprecated and it is defined only for legacy. DPD configuration should be done in user space. [-Wdeprecated]
Warning in "../../../../../../../../../Xilinx/Vitis/2024.1/aietools/data/versal_prod/lib/me_upd_ext.h", line 190, column 35: declaring `__abstract1381' with type `pmx_idx' is deprecated: This type is deprecated and it is defined only for legacy. DPD configuration should be done in user space. [-Wdeprecated]
Warning in "../../../../../../../../../Xilinx/Vitis/2024.1/aietools/data/versal_prod/lib/me_upd_ext.h", line 191, column 35: declaring `__abstract1383' with type `pmx_idx' is deprecated: This type is deprecated and it is defined only for legacy. DPD configuration should be done in user space. [-Wdeprecated]
Warning in "../../../../../../../../../Xilinx/Vitis/2024.1/aietools/data/versal_prod/lib/me_upd_ext.h", line 192, column 35: declaring `__abstract1385' with type `pmx_idx' is deprecated: This type is deprecated and it is defined only for legacy. DPD configuration should be done in user space. [-Wdeprecated]
Warning in "../../../../../../../../../Xilinx/Vitis/2024.1/aietools/data/versal_prod/lib/me_upd_ext.h", line 479, column 23: declaring `__rt' with type (returning) `pmx_idx' is deprecated: This type is deprecated and it is defined only for legacy. DPD configuration should be done in user space. [-Wdeprecated]
Warning in "../../../../../../../../../Xilinx/Vitis/2024.1/aietools/data/versal_prod/lib/me_upd_ext.h", line 479, column 30: declaring `__abstract2163' with type `pmx_idx' is deprecated: This type is deprecated and it is defined only for legacy. DPD configuration should be done in user space. [-Wdeprecated]
Warning in "../../../../../../../../../Xilinx/Vitis/2024.1/aietools/data/versal_prod/lib/me_upd_ext.h", line 480, column 23: declaring `__rt' with type (returning) `pmx_idx' is deprecated: This type is deprecated and it is defined only for legacy. DPD configuration should be done in user space. [-Wdeprecated]
Warning in "../../../../../../../../../Xilinx/Vitis/2024.1/aietools/data/versal_prod/lib/me_upd_ext.h", line 480, column 30: declaring `__abstract2167' with type `pmx_idx' is deprecated: This type is deprecated and it is defined only for legacy. DPD configuration should be done in user space. [-Wdeprecated]
Warning in "../../../../../../../../../Xilinx/Vitis/2024.1/aietools/data/versal_prod/lib/me_upd_ext.h", line 481, column 23: declaring `__rt' with type (returning) `pmx_idx' is deprecated: This type is deprecated and it is defined only for legacy. DPD configuration should be done in user space. [-Wdeprecated]
Warning in "../../../../../../../../../Xilinx/Vitis/2024.1/aietools/data/versal_prod/lib/me_upd_ext.h", line 481, column 30: declaring `__abstract2171' with type `pmx_idx' is deprecated: This type is deprecated and it is defined only for legacy. DPD configuration should be done in user space. [-Wdeprecated]
Warning in "../../../../../../../../../Xilinx/Vitis/2024.1/aietools/data/versal_prod/lib/me_upd_ext.h", line 729, column 25: declaring `__rt' with type (returning) `pmx_idx' is deprecated: This type is deprecated and it is defined only for legacy. DPD configuration should be done in user space. [-Wdeprecated]
Warning in "me_mult.h", line 97, column 43: declaring `__abstract5273' with type `pmx_idx' is deprecated: This type is deprecated and it is defined only for legacy. DPD configuration should be done in user space. [-Wdeprecated]
Warning in "me_mult.h", line 97, column 51: declaring `__abstract5274' with type `pmx_idx' is deprecated: This type is deprecated and it is defined only for legacy. DPD configuration should be done in user space. [-Wdeprecated]
Warning in "me_mult.h", line 1356, column 55: declaring `loffs' with type `pmx_idx' is deprecated: This type is deprecated and it is defined only for legacy. DPD configuration should be done in user space. [-Wdeprecated]
Warning in "me_mult.h", line 1356, column 70: declaring `roffs' with type `pmx_idx' is deprecated: This type is deprecated and it is defined only for legacy. DPD configuration should be done in user space. [-Wdeprecated]
In file included from /tools/Xilinx/Vitis/2024.1/aietools/data/versal_prod/lib/me_chess.h:690,
                 from /tools/Xilinx/Vitis/2024.1/aietools/data/versal_prod/lib/aie_core.h:57,
                 from <command line>:1:
/tools/Xilinx/Vitis/2024.1/aietools/data/versal_prod/lib/me_rewrite.h:278:30: warning: pasting "shft_elem_x4int" and "(" does not give a valid preprocessing token
/tools/Xilinx/Vitis/2024.1/aietools/data/versal_prod/lib/me_rewrite.h:278:30: warning: pasting "undef_v4int32" and "(" does not give a valid preprocessing token
/tools/Xilinx/Vitis/2024.1/aietools/data/versal_prod/lib/me_rewrite.h:279:30: warning: pasting "shft_elem_x8int" and "(" does not give a valid preprocessing token
/tools/Xilinx/Vitis/2024.1/aietools/data/versal_prod/lib/me_rewrite.h:279:30: warning: pasting "undef_v8int32" and "(" does not give a valid preprocessing token
/tools/Xilinx/Vitis/2024.1/aietools/data/versal_prod/lib/me_rewrite.h:280:30: warning: pasting "shft_elem_x8int" and "(" does not give a valid preprocessing token
/tools/Xilinx/Vitis/2024.1/aietools/data/versal_prod/lib/me_rewrite.h:280:30: warning: pasting "undef_v8int16" and "(" does not give a valid preprocessing token
/tools/Xilinx/Vitis/2024.1/aietools/data/versal_prod/lib/me_rewrite.h:281:31: warning: pasting "shft_elem_x16int" and "(" does not give a valid preprocessing token
/tools/Xilinx/Vitis/2024.1/aietools/data/versal_prod/lib/me_rewrite.h:281:31: warning: pasting "undef_v16int32" and "(" does not give a valid preprocessing token
/tools/Xilinx/Vitis/2024.1/aietools/data/versal_prod/lib/me_rewrite.h:282:31: warning: pasting "shft_elem_x16int" and "(" does not give a valid preprocessing token
/tools/Xilinx/Vitis/2024.1/aietools/data/versal_prod/lib/me_rewrite.h:282:31: warning: pasting "undef_v16int16" and "(" does not give a valid preprocessing token
Warning in "../../../../../../../../../Xilinx/Vitis/2024.1/aietools/data/versal_prod/lib/me_common.h", line 120, column 33: declaring `__rt' with type (returning) `pmx_idx' is deprecated: This type is deprecated and it is defined only for legacy. DPD configuration should be done in user space. [-Wdeprecated]
Warning in "../../../../../../../../../Xilinx/Vitis/2024.1/aietools/data/versal_prod/lib/me_common.h", line 120, column 48: declaring `pmx' with type `pmx_cfg' is deprecated: This type is deprecated and it is defined only for legacy. DPD configuration should be done in user space. [-Wdeprecated]
Warning in "": declaring `__a' with type `pmx_idx' is deprecated: This type is deprecated and it is defined only for legacy. DPD configuration should be done in user space. [-Wdeprecated]
Warning in "": declaring `__a' with type `pmx_idx' is deprecated: This type is deprecated and it is defined only for legacy. DPD configuration should be done in user space. [-Wdeprecated]
Warning in "": declaring `__a' with type `pmx_idx' is deprecated: This type is deprecated and it is defined only for legacy. DPD configuration should be done in user space. [-Wdeprecated]
Warning in "../../../../../../../../../Xilinx/Vitis/2024.1/aietools/data/versal_prod/lib/me_common.h", line 122, column 19: declaring `cnv' with type (pointer to) `pmx_cnv' is deprecated: This type is deprecated and it is defined only for legacy. DPD configuration should be done in user space. [-Wdeprecated]
Warning in "Generation of llvm patterns for me": declaring `__rt' with type (returning) `pmx_idx' is deprecated: This type is deprecated and it is defined only for legacy. DPD configuration should be done in user space. [-Wdeprecated]
Warning in "Generation of llvm patterns for me": declaring `__a' with type `pmx_idx' is deprecated: This type is deprecated and it is defined only for legacy. DPD configuration should be done in user space. [-Wdeprecated]
Warning in "Generation of llvm patterns for me": declaring `__b' with type `pmx_idx' is deprecated: This type is deprecated and it is defined only for legacy. DPD configuration should be done in user space. [-Wdeprecated]
Warning in "Generation of llvm patterns for me": declaring `__rt' with type (returning) `pmx_idx' is deprecated: This type is deprecated and it is defined only for legacy. DPD configuration should be done in user space. [-Wdeprecated]
Warning in "Generation of llvm patterns for me": declaring `__a' with type `pmx_idx' is deprecated: This type is deprecated and it is defined only for legacy. DPD configuration should be done in user space. [-Wdeprecated]
Warning in "Generation of llvm patterns for me": declaring `__b' with type `pmx_idx' is deprecated: This type is deprecated and it is defined only for legacy. DPD configuration should be done in user space. [-Wdeprecated]
Warning in "Generation of llvm patterns for me": declaring `__rt' with type (returning) `pmx_idx' is deprecated: This type is deprecated and it is defined only for legacy. DPD configuration should be done in user space. [-Wdeprecated]
Warning in "Generation of llvm patterns for me": declaring `__a' with type `pmx_idx' is deprecated: This type is deprecated and it is defined only for legacy. DPD configuration should be done in user space. [-Wdeprecated]
Warning in "Generation of llvm patterns for me": declaring `__b' with type `pmx_idx' is deprecated: This type is deprecated and it is defined only for legacy. DPD configuration should be done in user space. [-Wdeprecated]
Warning in "me_mult.h", line 542, column 3680: dead operation `inline unsigned undef_uint()' <481>   outputs: __apl_xoffsh   inputs:  (no uses) [-Wdead-code]
Warning in "me_mult.h", line 542, column 3772: dead operation `inline unsigned undef_uint()' <484>   outputs: __apl_zoffsh   inputs:  (no uses) [-Wdead-code]
chess-backend 26_0-F_Z9kernel_avP12input_streamIsEPS_IaEP13output_windowIaE_ me /tools/Xilinx/Vitis/2024.1/aietools/data/versal_prod/lib +H/tools/Xilinx/Vitis/2024.1/aietools/data/versal_prod/lib/elongation -x --print-subtools --cosel -m +ef -M3 -S1024 --amnesia -p12 -q2 -eAM -rCLH -fR=2 +Oearly-fanout-complex +Odhls -Ono-prune-mappings +Oexcc +Oprefer-local-reg-moves -Ono-collapse-bundles --mist1 -k110 --showcolor -b --mist2 -D__AIENGINE__ -D__AIE_ARCH__=10 -DDEPLOYMENT_ELF=1 -D__LOCK_FENCE_MODE__=0 -DAIE_OPTION_SCALAR_FLOAT_ON_VECTOR -D__tct_tgt__=240112 +Omodo -k110 +Omsbr=2000 +Opnll +A +pnopALU +pnopLDA +pnopLDB +pnopSTS +pnopVEC +Ofexm +Onzmem +Ono-mapping-backtracking +Oalways-check-exec-paths +Omodulo-scheduling-minimize-folding-index +Omodulo-scheduling-lookahead-critical-transitory-class=AcqLdaRsrc_ID,AcqLdbRsrc_ID:2 +Odisable-spill-instr-class=LR_short_spill +Odisaggr-record-accesses +Oslr=crUPSMode +Oslr=crSRSMode --tale -g -D__AIENGINE__ -D__AIE_ARCH__=10 -DDEPLOYMENT_ELF=1 -D__LOCK_FENCE_MODE__=0 -DAIE_OPTION_SCALAR_FLOAT_ON_VECTOR -D__tct_tgt__=240112 -V26_0 -L
chess-backend --gvt me /tools/Xilinx/Vitis/2024.1/aietools/data/versal_prod/lib +H/tools/Xilinx/Vitis/2024.1/aietools/data/versal_prod/lib/elongation --tale -g -D__AIENGINE__ -D__AIE_ARCH__=10 -DDEPLOYMENT_ELF=1 -D__LOCK_FENCE_MODE__=0 -DAIE_OPTION_SCALAR_FLOAT_ON_VECTOR -D__tct_tgt__=240112 -V26_0 -L
--cosel -m +ef -M3 -S1024 --common 26_0-F_Z9kernel_avP12input_streamIsEPS_IaEP13output_windowIaE_ me /tools/Xilinx/Vitis/2024.1/aietools/data/versal_prod/lib +H/tools/Xilinx/Vitis/2024.1/aietools/data/versal_prod/lib/elongation -x
--amnesia -p12 -q2 -eAM -rCLH -fR=2 +Oearly-fanout-complex +Odhls -Ono-prune-mappings +Oexcc +Oprefer-local-reg-moves -Ono-collapse-bundles --common 26_0-F_Z9kernel_avP12input_streamIsEPS_IaEP13output_windowIaE_ me /tools/Xilinx/Vitis/2024.1/aietools/data/versal_prod/lib +H/tools/Xilinx/Vitis/2024.1/aietools/data/versal_prod/lib/elongation -x
--mist1 -k110 --common 26_0-F_Z9kernel_avP12input_streamIsEPS_IaEP13output_windowIaE_ me /tools/Xilinx/Vitis/2024.1/aietools/data/versal_prod/lib +H/tools/Xilinx/Vitis/2024.1/aietools/data/versal_prod/lib/elongation -x
--showcolor -b --common 26_0-F_Z9kernel_avP12input_streamIsEPS_IaEP13output_windowIaE_ me /tools/Xilinx/Vitis/2024.1/aietools/data/versal_prod/lib +H/tools/Xilinx/Vitis/2024.1/aietools/data/versal_prod/lib/elongation -x
--amnesia -p12 -q2 -eAM -rCLH -fR=2 +Oearly-fanout-complex +Odhls -Ono-prune-mappings +Oexcc +Oprefer-local-reg-moves -Ono-collapse-bundles --common 26_0-F_Z9kernel_avP12input_streamIsEPS_IaEP13output_windowIaE_ me /tools/Xilinx/Vitis/2024.1/aietools/data/versal_prod/lib +H/tools/Xilinx/Vitis/2024.1/aietools/data/versal_prod/lib/elongation -x
--mist1 -k110 --common 26_0-F_Z9kernel_avP12input_streamIsEPS_IaEP13output_windowIaE_ me /tools/Xilinx/Vitis/2024.1/aietools/data/versal_prod/lib +H/tools/Xilinx/Vitis/2024.1/aietools/data/versal_prod/lib/elongation -x
--showcolor -b --common 26_0-F_Z9kernel_avP12input_streamIsEPS_IaEP13output_windowIaE_ me /tools/Xilinx/Vitis/2024.1/aietools/data/versal_prod/lib +H/tools/Xilinx/Vitis/2024.1/aietools/data/versal_prod/lib/elongation -x
--mist2 -D__AIENGINE__ -D__AIE_ARCH__=10 -DDEPLOYMENT_ELF=1 -D__LOCK_FENCE_MODE__=0 -DAIE_OPTION_SCALAR_FLOAT_ON_VECTOR -D__tct_tgt__=240112 +Omodo -k110 +Omsbr=2000 +Opnll +A +pnopALU +pnopLDA +pnopLDB +pnopSTS +pnopVEC +Ofexm +Onzmem +Ono-mapping-backtracking +Oalways-check-exec-paths +Omodulo-scheduling-minimize-folding-index +Omodulo-scheduling-lookahead-critical-transitory-class=AcqLdaRsrc_ID,AcqLdbRsrc_ID:2 +Odisable-spill-instr-class=LR_short_spill +Odisaggr-record-accesses +Oslr=crUPSMode +Oslr=crSRSMode --common 26_0-F_Z9kernel_avP12input_streamIsEPS_IaEP13output_windowIaE_ me /tools/Xilinx/Vitis/2024.1/aietools/data/versal_prod/lib +H/tools/Xilinx/Vitis/2024.1/aietools/data/versal_prod/lib/elongation -x
--tale -g -D__AIENGINE__ -D__AIE_ARCH__=10 -DDEPLOYMENT_ELF=1 -D__LOCK_FENCE_MODE__=0 -DAIE_OPTION_SCALAR_FLOAT_ON_VECTOR -D__tct_tgt__=240112 -V26_0 -L --common 26_0-F_Z9kernel_avP12input_streamIsEPS_IaEP13output_windowIaE_ me /tools/Xilinx/Vitis/2024.1/aietools/data/versal_prod/lib +H/tools/Xilinx/Vitis/2024.1/aietools/data/versal_prod/lib/elongation -x
chess-backend 26_0-main_ me /tools/Xilinx/Vitis/2024.1/aietools/data/versal_prod/lib +H/tools/Xilinx/Vitis/2024.1/aietools/data/versal_prod/lib/elongation -x --print-subtools --cosel -m +ef -M3 -S1024 --amnesia -p12 -q2 -eAM -rCLH -fR=2 +Oearly-fanout-complex +Odhls -Ono-prune-mappings +Oexcc +Oprefer-local-reg-moves -Ono-collapse-bundles --mist1 -k110 --showcolor -b --mist2 -D__AIENGINE__ -D__AIE_ARCH__=10 -DDEPLOYMENT_ELF=1 -D__LOCK_FENCE_MODE__=0 -DAIE_OPTION_SCALAR_FLOAT_ON_VECTOR -D__tct_tgt__=240112 +Omodo -k110 +Omsbr=2000 +Opnll +A +pnopALU +pnopLDA +pnopLDB +pnopSTS +pnopVEC +Ofexm +Onzmem +Ono-mapping-backtracking +Oalways-check-exec-paths +Omodulo-scheduling-minimize-folding-index +Omodulo-scheduling-lookahead-critical-transitory-class=AcqLdaRsrc_ID,AcqLdbRsrc_ID:2 +Odisable-spill-instr-class=LR_short_spill +Odisaggr-record-accesses +Oslr=crUPSMode +Oslr=crSRSMode --tale -g -D__AIENGINE__ -D__AIE_ARCH__=10 -DDEPLOYMENT_ELF=1 -D__LOCK_FENCE_MODE__=0 -DAIE_OPTION_SCALAR_FLOAT_ON_VECTOR -D__tct_tgt__=240112 -V26_0 -L
--cosel -m +ef -M3 -S1024 --common 26_0-main_ me /tools/Xilinx/Vitis/2024.1/aietools/data/versal_prod/lib +H/tools/Xilinx/Vitis/2024.1/aietools/data/versal_prod/lib/elongation -x
--amnesia -p12 -q2 -eAM -rCLH -fR=2 +Oearly-fanout-complex +Odhls -Ono-prune-mappings +Oexcc +Oprefer-local-reg-moves -Ono-collapse-bundles --common 26_0-main_ me /tools/Xilinx/Vitis/2024.1/aietools/data/versal_prod/lib +H/tools/Xilinx/Vitis/2024.1/aietools/data/versal_prod/lib/elongation -x
--mist1 -k110 --common 26_0-main_ me /tools/Xilinx/Vitis/2024.1/aietools/data/versal_prod/lib +H/tools/Xilinx/Vitis/2024.1/aietools/data/versal_prod/lib/elongation -x
--showcolor -b --common 26_0-main_ me /tools/Xilinx/Vitis/2024.1/aietools/data/versal_prod/lib +H/tools/Xilinx/Vitis/2024.1/aietools/data/versal_prod/lib/elongation -x
--mist2 -D__AIENGINE__ -D__AIE_ARCH__=10 -DDEPLOYMENT_ELF=1 -D__LOCK_FENCE_MODE__=0 -DAIE_OPTION_SCALAR_FLOAT_ON_VECTOR -D__tct_tgt__=240112 +Omodo -k110 +Omsbr=2000 +Opnll +A +pnopALU +pnopLDA +pnopLDB +pnopSTS +pnopVEC +Ofexm +Onzmem +Ono-mapping-backtracking +Oalways-check-exec-paths +Omodulo-scheduling-minimize-folding-index +Omodulo-scheduling-lookahead-critical-transitory-class=AcqLdaRsrc_ID,AcqLdbRsrc_ID:2 +Odisable-spill-instr-class=LR_short_spill +Odisaggr-record-accesses +Oslr=crUPSMode +Oslr=crSRSMode --common 26_0-main_ me /tools/Xilinx/Vitis/2024.1/aietools/data/versal_prod/lib +H/tools/Xilinx/Vitis/2024.1/aietools/data/versal_prod/lib/elongation -x
--tale -g -D__AIENGINE__ -D__AIE_ARCH__=10 -DDEPLOYMENT_ELF=1 -D__LOCK_FENCE_MODE__=0 -DAIE_OPTION_SCALAR_FLOAT_ON_VECTOR -D__tct_tgt__=240112 -V26_0 -L --common 26_0-main_ me /tools/Xilinx/Vitis/2024.1/aietools/data/versal_prod/lib +H/tools/Xilinx/Vitis/2024.1/aietools/data/versal_prod/lib/elongation -x
bridge -I/tools/Xilinx/Vitis/2024.1/aietools/data/versal_prod/lib -I/tools/Xilinx/Vitis/2024.1/aietools/data/versal_prod/lib/isg -i -g -I/tools/Xilinx/Vitis/2024.1/aietools/include -I/tools/projects/FPGA-VLA/runs/T0042/aie_graph_v1_1a/. -I/tools/Xilinx/Vitis/2024.1/aietools/data/versal_prod/lib/runtime_cxx/libcxx-lite/include -I/tools/Xilinx/Vitis/2024.1/aietools/data/versal_prod/lib/runtime_cxx/libs/libcxx-9.0.0/include-lite -I/tools/Xilinx/Vitis/2024.1/aietools/data/versal_prod/lib/runtime/include -D__AIENGINE__ -D__AIE_ARCH__=10 -DDEPLOYMENT_ELF=1 -D__LOCK_FENCE_MODE__=0 -DAIE_OPTION_SCALAR_FLOAT_ON_VECTOR -D__tct_tgt__=240112 26_0.objlist -o../26_0.o -pme
darts -I/tools/Xilinx/Vitis/2024.1/aietools/data/versal_prod/lib -d -h -I/tools/Xilinx/Vitis/2024.1/aietools/include -I/tools/projects/FPGA-VLA/runs/T0042/aie_graph_v1_1a/. -I/tools/Xilinx/Vitis/2024.1/aietools/data/versal_prod/lib/runtime_cxx/libcxx-lite/include -I/tools/Xilinx/Vitis/2024.1/aietools/data/versal_prod/lib/runtime_cxx/libs/libcxx-9.0.0/include-lite -I/tools/Xilinx/Vitis/2024.1/aietools/data/versal_prod/lib/runtime/include -D__AIENGINE__ -D__AIE_ARCH__=10 -DDEPLOYMENT_ELF=1 -D__LOCK_FENCE_MODE__=0 -DAIE_OPTION_SCALAR_FLOAT_ON_VECTOR -D__tct_tgt__=240112 -L +Ihex +nanno ../Release/26_0.o me
Linking "../Release/26_0"
bridge -o../Release/26_0 ../Release/26_0.o -I/tools/Xilinx/Vitis/2024.1/aietools/data/versal_prod/lib -I/tools/Xilinx/Vitis/2024.1/aietools/data/versal_prod/lib/isg -g -I/tools/Xilinx/Vitis/2024.1/aietools/include -I/tools/projects/FPGA-VLA/runs/T0042/aie_graph_v1_1a/. -I/tools/Xilinx/Vitis/2024.1/aietools/data/versal_prod/lib/runtime_cxx/libcxx-lite/include -I/tools/Xilinx/Vitis/2024.1/aietools/data/versal_prod/lib/runtime_cxx/libs/libcxx-9.0.0/include-lite -I/tools/Xilinx/Vitis/2024.1/aietools/data/versal_prod/lib/runtime/include -D__AIENGINE__ -D__AIE_ARCH__=10 -DDEPLOYMENT_ELF=1 -D__LOCK_FENCE_MODE__=0 -DAIE_OPTION_SCALAR_FLOAT_ON_VECTOR -D__tct_tgt__=240112 -c26_0.bcf -L/tools/Xilinx/Vitis/2024.1/aietools/data/versal_prod/lib/Release -L/tools/Xilinx/Vitis/2024.1/aietools/data/versal_prod/lib/runtime/lib/Release -L/tools/Xilinx/Vitis/2024.1/aietools/data/versal_prod/lib/softfloat/lib/Release -L/tools/Xilinx/Vitis/2024.1/aietools/data/versal_prod/lib/runtime_cxx/libcxx-lite/lib/Release_LLVM -lme -lc -lm -lc++lite -lsoftfloat -S -export-locals -yMSMEM,SSMEM,SSMEM_tlast,WSSMEM_tlast,SSMEM_nb_sc,MSMEM_nb_sc -iconfig extra_memories.bcf -m -fC -fS -fH +m -T +work ../Release/chesswork13935 -pme
darts -I/tools/Xilinx/Vitis/2024.1/aietools/data/versal_prod/lib -d -h -I/tools/Xilinx/Vitis/2024.1/aietools/include -I/tools/projects/FPGA-VLA/runs/T0042/aie_graph_v1_1a/. -I/tools/Xilinx/Vitis/2024.1/aietools/data/versal_prod/lib/runtime_cxx/libcxx-lite/include -I/tools/Xilinx/Vitis/2024.1/aietools/data/versal_prod/lib/runtime_cxx/libs/libcxx-9.0.0/include-lite -I/tools/Xilinx/Vitis/2024.1/aietools/data/versal_prod/lib/runtime/include -D__AIENGINE__ -D__AIE_ARCH__=10 -DDEPLOYMENT_ELF=1 -D__LOCK_FENCE_MODE__=0 -DAIE_OPTION_SCALAR_FLOAT_ON_VECTOR -D__tct_tgt__=240112 -L +Ihex +nanno +u ../Release/26_0 me
Compilation finished successfully (0 errors, 42 warnings)
(readelf --debug-dump=decodedline 26_0/Release/26_0 >> 26_0/Release/26_0.txt)
make: Leaving directory '/tools/projects/FPGA-VLA/runs/T0042/aie_graph_v1_1a/Work/aie'
make: Entering directory '/tools/projects/FPGA-VLA/runs/T0042/aie_graph_v1_1a/Work/aie'
set -o pipefail;(/tools/Xilinx/Vitis/2024.1/aietools/tps/lnx64/target/bin/LNa64bin/chessmk  -C Release_LLVM -P /tools/Xilinx/Vitis/2024.1/aietools/data/versal_prod/lib +P 4  -DDEPLOYMENT_ELF=1 -D__LOCK_FENCE_MODE__=0 -DAIE_OPTION_SCALAR_FLOAT_ON_VECTOR  +w  +o ../Release 24_0/scripts/24_0.prx) 2>&1 |& tee -a 24_0/24_0.log 24_0/timestamped_log/24_0.log
Configuration: Release_LLVM
Compiling "24_0.ll"
chess-clang --chess-proc-dir=/tools/Xilinx/Vitis/2024.1/aietools/data/versal_prod/lib -S -O2 -std=c++2a -fno-builtin-memcpy -mllvm -disable-lsr -mllvm -replexitval=never -mllvm -enable-load-pre=false -mllvm -chess-disable-add-to-or -mllvm -chess-combine-gep-indices=none -mllvm -chess-disable-fold-phi-of-loads -mllvm -chess-aainfo2chains-algo=4 -mllvm -chess-aggressive-aainfo=false -mllvm -chess-enable-indvarsimplify=0 -fchess-register-c++-static-destructors-as-global-dtors -Werror=return-type -mllvm -chess-disable-cse-across-loopboundary -mllvm -chess-tbaa-detect-common-underlying-object=true -mllvm -chess-protect-llvm-global-reg-access=true -mllvm -chess-enable-c-pragma-protect -fno-jump-tables -fno-discard-value-names -mllvm -chess-collapse-struct-types-during-linking=0 -g ../../ir/24_0.ll -o../Release/chesswork13933/24_0.sfg --chess-proc-name=me
noodle -I/tools/Xilinx/Vitis/2024.1/aietools/data/versal_prod/lib -I/tools/Xilinx/Vitis/2024.1/aietools/data/versal_prod/lib/isg -I/tools/Xilinx/Vitis/2024.1/aietools/include -I/tools/projects/FPGA-VLA/runs/T0042/aie_graph_v1_1a/. -I/tools/Xilinx/Vitis/2024.1/aietools/data/versal_prod/lib/runtime_cxx/libcxx-lite/include -I/tools/Xilinx/Vitis/2024.1/aietools/data/versal_prod/lib/runtime_cxx/libs/libcxx-9.0.0/include-lite -I/tools/Xilinx/Vitis/2024.1/aietools/data/versal_prod/lib/runtime/include -D__AIENGINE__ -D__AIE_ARCH__=10 -DDEPLOYMENT_ELF=1 -D__LOCK_FENCE_MODE__=0 -DAIE_OPTION_SCALAR_FLOAT_ON_VECTOR -D__tct_tgt__=240112 -iaie_core.h +Sinl +Olbb=200 +Opmsa +NOpld +Olzyinl +w../Release/chesswork13933 ../Release/chesswork13933/24_0.sfg +Q1=+Sinl,+Olbb=200,+Opmsa,+NOpld,+Olzyinl +Q2=+Sinl,+Olbb=200,+Opmsa,+NOpld,+Olzyinl +Q3=+Sinl,+Olbb=1000,+Opmsa,+NOpld,+Olzyinl +Qfast=+Sinl,+Olbb=1000,+Opmsa,+NOpld,+Olzyinl,+Opfp +Qs=+Sinl,+Olbb=200,+Opmsa,+NOpld,+Olzyinl +Qz=+Sinl,+Olbb=200,+Opmsa,+NOpld,+Olzyinl me
Warning in "../../../../../../../../../Xilinx/Vitis/2024.1/aietools/data/versal_prod/lib/me_chess.h", line 658, column 39: declaring `__rt' with type (returning) `pmx_idx' is deprecated: This type is deprecated and it is defined only for legacy. DPD configuration should be done in user space. [-Wdeprecated]
Warning in "../../../../../../../../../Xilinx/Vitis/2024.1/aietools/data/versal_prod/lib/me_upd_ext.h", line 190, column 35: declaring `__abstract1381' with type `pmx_idx' is deprecated: This type is deprecated and it is defined only for legacy. DPD configuration should be done in user space. [-Wdeprecated]
Warning in "../../../../../../../../../Xilinx/Vitis/2024.1/aietools/data/versal_prod/lib/me_upd_ext.h", line 191, column 35: declaring `__abstract1383' with type `pmx_idx' is deprecated: This type is deprecated and it is defined only for legacy. DPD configuration should be done in user space. [-Wdeprecated]
Warning in "../../../../../../../../../Xilinx/Vitis/2024.1/aietools/data/versal_prod/lib/me_upd_ext.h", line 192, column 35: declaring `__abstract1385' with type `pmx_idx' is deprecated: This type is deprecated and it is defined only for legacy. DPD configuration should be done in user space. [-Wdeprecated]
Warning in "../../../../../../../../../Xilinx/Vitis/2024.1/aietools/data/versal_prod/lib/me_upd_ext.h", line 479, column 23: declaring `__rt' with type (returning) `pmx_idx' is deprecated: This type is deprecated and it is defined only for legacy. DPD configuration should be done in user space. [-Wdeprecated]
Warning in "../../../../../../../../../Xilinx/Vitis/2024.1/aietools/data/versal_prod/lib/me_upd_ext.h", line 479, column 30: declaring `__abstract2163' with type `pmx_idx' is deprecated: This type is deprecated and it is defined only for legacy. DPD configuration should be done in user space. [-Wdeprecated]
Warning in "../../../../../../../../../Xilinx/Vitis/2024.1/aietools/data/versal_prod/lib/me_upd_ext.h", line 480, column 23: declaring `__rt' with type (returning) `pmx_idx' is deprecated: This type is deprecated and it is defined only for legacy. DPD configuration should be done in user space. [-Wdeprecated]
Warning in "../../../../../../../../../Xilinx/Vitis/2024.1/aietools/data/versal_prod/lib/me_upd_ext.h", line 480, column 30: declaring `__abstract2167' with type `pmx_idx' is deprecated: This type is deprecated and it is defined only for legacy. DPD configuration should be done in user space. [-Wdeprecated]
Warning in "../../../../../../../../../Xilinx/Vitis/2024.1/aietools/data/versal_prod/lib/me_upd_ext.h", line 481, column 23: declaring `__rt' with type (returning) `pmx_idx' is deprecated: This type is deprecated and it is defined only for legacy. DPD configuration should be done in user space. [-Wdeprecated]
Warning in "../../../../../../../../../Xilinx/Vitis/2024.1/aietools/data/versal_prod/lib/me_upd_ext.h", line 481, column 30: declaring `__abstract2171' with type `pmx_idx' is deprecated: This type is deprecated and it is defined only for legacy. DPD configuration should be done in user space. [-Wdeprecated]
Warning in "../../../../../../../../../Xilinx/Vitis/2024.1/aietools/data/versal_prod/lib/me_upd_ext.h", line 729, column 25: declaring `__rt' with type (returning) `pmx_idx' is deprecated: This type is deprecated and it is defined only for legacy. DPD configuration should be done in user space. [-Wdeprecated]
Warning in "me_mult.h", line 97, column 43: declaring `__abstract5273' with type `pmx_idx' is deprecated: This type is deprecated and it is defined only for legacy. DPD configuration should be done in user space. [-Wdeprecated]
Warning in "me_mult.h", line 97, column 51: declaring `__abstract5274' with type `pmx_idx' is deprecated: This type is deprecated and it is defined only for legacy. DPD configuration should be done in user space. [-Wdeprecated]
Warning in "me_mult.h", line 1356, column 55: declaring `loffs' with type `pmx_idx' is deprecated: This type is deprecated and it is defined only for legacy. DPD configuration should be done in user space. [-Wdeprecated]
Warning in "me_mult.h", line 1356, column 70: declaring `roffs' with type `pmx_idx' is deprecated: This type is deprecated and it is defined only for legacy. DPD configuration should be done in user space. [-Wdeprecated]
In file included from /tools/Xilinx/Vitis/2024.1/aietools/data/versal_prod/lib/me_chess.h:690,
                 from /tools/Xilinx/Vitis/2024.1/aietools/data/versal_prod/lib/aie_core.h:57,
                 from <command line>:1:
/tools/Xilinx/Vitis/2024.1/aietools/data/versal_prod/lib/me_rewrite.h:278:30: warning: pasting "shft_elem_x4int" and "(" does not give a valid preprocessing token
/tools/Xilinx/Vitis/2024.1/aietools/data/versal_prod/lib/me_rewrite.h:278:30: warning: pasting "undef_v4int32" and "(" does not give a valid preprocessing token
/tools/Xilinx/Vitis/2024.1/aietools/data/versal_prod/lib/me_rewrite.h:279:30: warning: pasting "shft_elem_x8int" and "(" does not give a valid preprocessing token
/tools/Xilinx/Vitis/2024.1/aietools/data/versal_prod/lib/me_rewrite.h:279:30: warning: pasting "undef_v8int32" and "(" does not give a valid preprocessing token
/tools/Xilinx/Vitis/2024.1/aietools/data/versal_prod/lib/me_rewrite.h:280:30: warning: pasting "shft_elem_x8int" and "(" does not give a valid preprocessing token
/tools/Xilinx/Vitis/2024.1/aietools/data/versal_prod/lib/me_rewrite.h:280:30: warning: pasting "undef_v8int16" and "(" does not give a valid preprocessing token
/tools/Xilinx/Vitis/2024.1/aietools/data/versal_prod/lib/me_rewrite.h:281:31: warning: pasting "shft_elem_x16int" and "(" does not give a valid preprocessing token
/tools/Xilinx/Vitis/2024.1/aietools/data/versal_prod/lib/me_rewrite.h:281:31: warning: pasting "undef_v16int32" and "(" does not give a valid preprocessing token
/tools/Xilinx/Vitis/2024.1/aietools/data/versal_prod/lib/me_rewrite.h:282:31: warning: pasting "shft_elem_x16int" and "(" does not give a valid preprocessing token
/tools/Xilinx/Vitis/2024.1/aietools/data/versal_prod/lib/me_rewrite.h:282:31: warning: pasting "undef_v16int16" and "(" does not give a valid preprocessing token
Warning in "../../../../../../../../../Xilinx/Vitis/2024.1/aietools/data/versal_prod/lib/me_common.h", line 120, column 33: declaring `__rt' with type (returning) `pmx_idx' is deprecated: This type is deprecated and it is defined only for legacy. DPD configuration should be done in user space. [-Wdeprecated]
Warning in "../../../../../../../../../Xilinx/Vitis/2024.1/aietools/data/versal_prod/lib/me_common.h", line 120, column 48: declaring `pmx' with type `pmx_cfg' is deprecated: This type is deprecated and it is defined only for legacy. DPD configuration should be done in user space. [-Wdeprecated]
Warning in "": declaring `__a' with type `pmx_idx' is deprecated: This type is deprecated and it is defined only for legacy. DPD configuration should be done in user space. [-Wdeprecated]
Warning in "": declaring `__a' with type `pmx_idx' is deprecated: This type is deprecated and it is defined only for legacy. DPD configuration should be done in user space. [-Wdeprecated]
Warning in "": declaring `__a' with type `pmx_idx' is deprecated: This type is deprecated and it is defined only for legacy. DPD configuration should be done in user space. [-Wdeprecated]
Warning in "../../../../../../../../../Xilinx/Vitis/2024.1/aietools/data/versal_prod/lib/me_common.h", line 122, column 19: declaring `cnv' with type (pointer to) `pmx_cnv' is deprecated: This type is deprecated and it is defined only for legacy. DPD configuration should be done in user space. [-Wdeprecated]
Warning in "Generation of llvm patterns for me": declaring `__rt' with type (returning) `pmx_idx' is deprecated: This type is deprecated and it is defined only for legacy. DPD configuration should be done in user space. [-Wdeprecated]
Warning in "Generation of llvm patterns for me": declaring `__a' with type `pmx_idx' is deprecated: This type is deprecated and it is defined only for legacy. DPD configuration should be done in user space. [-Wdeprecated]
Warning in "Generation of llvm patterns for me": declaring `__b' with type `pmx_idx' is deprecated: This type is deprecated and it is defined only for legacy. DPD configuration should be done in user space. [-Wdeprecated]
Warning in "Generation of llvm patterns for me": declaring `__rt' with type (returning) `pmx_idx' is deprecated: This type is deprecated and it is defined only for legacy. DPD configuration should be done in user space. [-Wdeprecated]
Warning in "Generation of llvm patterns for me": declaring `__a' with type `pmx_idx' is deprecated: This type is deprecated and it is defined only for legacy. DPD configuration should be done in user space. [-Wdeprecated]
Warning in "Generation of llvm patterns for me": declaring `__b' with type `pmx_idx' is deprecated: This type is deprecated and it is defined only for legacy. DPD configuration should be done in user space. [-Wdeprecated]
Warning in "Generation of llvm patterns for me": declaring `__rt' with type (returning) `pmx_idx' is deprecated: This type is deprecated and it is defined only for legacy. DPD configuration should be done in user space. [-Wdeprecated]
Warning in "Generation of llvm patterns for me": declaring `__a' with type `pmx_idx' is deprecated: This type is deprecated and it is defined only for legacy. DPD configuration should be done in user space. [-Wdeprecated]
Warning in "Generation of llvm patterns for me": declaring `__b' with type `pmx_idx' is deprecated: This type is deprecated and it is defined only for legacy. DPD configuration should be done in user space. [-Wdeprecated]
chess-backend 24_0-F_Z17kernel_qk_softmaxP12input_windowIaEP12input_streamIaEP13output_streamIsE_ me /tools/Xilinx/Vitis/2024.1/aietools/data/versal_prod/lib +H/tools/Xilinx/Vitis/2024.1/aietools/data/versal_prod/lib/elongation -x --print-subtools --cosel -m +ef -M3 -S1024 --amnesia -p12 -q2 -eAM -rCLH -fR=2 +Oearly-fanout-complex +Odhls -Ono-prune-mappings +Oexcc +Oprefer-local-reg-moves -Ono-collapse-bundles --mist1 -k110 --showcolor -b --mist2 -D__AIENGINE__ -D__AIE_ARCH__=10 -DDEPLOYMENT_ELF=1 -D__LOCK_FENCE_MODE__=0 -DAIE_OPTION_SCALAR_FLOAT_ON_VECTOR -D__tct_tgt__=240112 +Omodo -k110 +Omsbr=2000 +Opnll +A +pnopALU +pnopLDA +pnopLDB +pnopSTS +pnopVEC +Ofexm +Onzmem +Ono-mapping-backtracking +Oalways-check-exec-paths +Omodulo-scheduling-minimize-folding-index +Omodulo-scheduling-lookahead-critical-transitory-class=AcqLdaRsrc_ID,AcqLdbRsrc_ID:2 +Odisable-spill-instr-class=LR_short_spill +Odisaggr-record-accesses +Oslr=crUPSMode +Oslr=crSRSMode --tale -g -D__AIENGINE__ -D__AIE_ARCH__=10 -DDEPLOYMENT_ELF=1 -D__LOCK_FENCE_MODE__=0 -DAIE_OPTION_SCALAR_FLOAT_ON_VECTOR -D__tct_tgt__=240112 -V24_0 -L
chess-backend --gvt me /tools/Xilinx/Vitis/2024.1/aietools/data/versal_prod/lib +H/tools/Xilinx/Vitis/2024.1/aietools/data/versal_prod/lib/elongation --tale -g -D__AIENGINE__ -D__AIE_ARCH__=10 -DDEPLOYMENT_ELF=1 -D__LOCK_FENCE_MODE__=0 -DAIE_OPTION_SCALAR_FLOAT_ON_VECTOR -D__tct_tgt__=240112 -V24_0 -L
--cosel -m +ef -M3 -S1024 --common 24_0-F_Z17kernel_qk_softmaxP12input_windowIaEP12input_streamIaEP13output_streamIsE_ me /tools/Xilinx/Vitis/2024.1/aietools/data/versal_prod/lib +H/tools/Xilinx/Vitis/2024.1/aietools/data/versal_prod/lib/elongation -x
--amnesia -p12 -q2 -eAM -rCLH -fR=2 +Oearly-fanout-complex +Odhls -Ono-prune-mappings +Oexcc +Oprefer-local-reg-moves -Ono-collapse-bundles --common 24_0-F_Z17kernel_qk_softmaxP12input_windowIaEP12input_streamIaEP13output_streamIsE_ me /tools/Xilinx/Vitis/2024.1/aietools/data/versal_prod/lib +H/tools/Xilinx/Vitis/2024.1/aietools/data/versal_prod/lib/elongation -x
--mist1 -k110 --common 24_0-F_Z17kernel_qk_softmaxP12input_windowIaEP12input_streamIaEP13output_streamIsE_ me /tools/Xilinx/Vitis/2024.1/aietools/data/versal_prod/lib +H/tools/Xilinx/Vitis/2024.1/aietools/data/versal_prod/lib/elongation -x
Warning: control opn in block #2241 conflicts with already scheduled successor block(s).
--showcolor -b --common 24_0-F_Z17kernel_qk_softmaxP12input_windowIaEP12input_streamIaEP13output_streamIsE_ me /tools/Xilinx/Vitis/2024.1/aietools/data/versal_prod/lib +H/tools/Xilinx/Vitis/2024.1/aietools/data/versal_prod/lib/elongation -x
--amnesia -p12 -q2 -eAM -rCLH -fR=2 +Oearly-fanout-complex +Odhls -Ono-prune-mappings +Oexcc +Oprefer-local-reg-moves -Ono-collapse-bundles --common 24_0-F_Z17kernel_qk_softmaxP12input_windowIaEP12input_streamIaEP13output_streamIsE_ me /tools/Xilinx/Vitis/2024.1/aietools/data/versal_prod/lib +H/tools/Xilinx/Vitis/2024.1/aietools/data/versal_prod/lib/elongation -x
--mist1 -k110 --common 24_0-F_Z17kernel_qk_softmaxP12input_windowIaEP12input_streamIaEP13output_streamIsE_ me /tools/Xilinx/Vitis/2024.1/aietools/data/versal_prod/lib +H/tools/Xilinx/Vitis/2024.1/aietools/data/versal_prod/lib/elongation -x
Warning: control opn in block #2241 conflicts with already scheduled successor block(s).
--showcolor -b --common 24_0-F_Z17kernel_qk_softmaxP12input_windowIaEP12input_streamIaEP13output_streamIsE_ me /tools/Xilinx/Vitis/2024.1/aietools/data/versal_prod/lib +H/tools/Xilinx/Vitis/2024.1/aietools/data/versal_prod/lib/elongation -x
--mist2 -D__AIENGINE__ -D__AIE_ARCH__=10 -DDEPLOYMENT_ELF=1 -D__LOCK_FENCE_MODE__=0 -DAIE_OPTION_SCALAR_FLOAT_ON_VECTOR -D__tct_tgt__=240112 +Omodo -k110 +Omsbr=2000 +Opnll +A +pnopALU +pnopLDA +pnopLDB +pnopSTS +pnopVEC +Ofexm +Onzmem +Ono-mapping-backtracking +Oalways-check-exec-paths +Omodulo-scheduling-minimize-folding-index +Omodulo-scheduling-lookahead-critical-transitory-class=AcqLdaRsrc_ID,AcqLdbRsrc_ID:2 +Odisable-spill-instr-class=LR_short_spill +Odisaggr-record-accesses +Oslr=crUPSMode +Oslr=crSRSMode --common 24_0-F_Z17kernel_qk_softmaxP12input_windowIaEP12input_streamIaEP13output_streamIsE_ me /tools/Xilinx/Vitis/2024.1/aietools/data/versal_prod/lib +H/tools/Xilinx/Vitis/2024.1/aietools/data/versal_prod/lib/elongation -x
--tale -g -D__AIENGINE__ -D__AIE_ARCH__=10 -DDEPLOYMENT_ELF=1 -D__LOCK_FENCE_MODE__=0 -DAIE_OPTION_SCALAR_FLOAT_ON_VECTOR -D__tct_tgt__=240112 -V24_0 -L --common 24_0-F_Z17kernel_qk_softmaxP12input_windowIaEP12input_streamIaEP13output_streamIsE_ me /tools/Xilinx/Vitis/2024.1/aietools/data/versal_prod/lib +H/tools/Xilinx/Vitis/2024.1/aietools/data/versal_prod/lib/elongation -x
chess-backend 24_0-main_ me /tools/Xilinx/Vitis/2024.1/aietools/data/versal_prod/lib +H/tools/Xilinx/Vitis/2024.1/aietools/data/versal_prod/lib/elongation -x --print-subtools --cosel -m +ef -M3 -S1024 --amnesia -p12 -q2 -eAM -rCLH -fR=2 +Oearly-fanout-complex +Odhls -Ono-prune-mappings +Oexcc +Oprefer-local-reg-moves -Ono-collapse-bundles --mist1 -k110 --showcolor -b --mist2 -D__AIENGINE__ -D__AIE_ARCH__=10 -DDEPLOYMENT_ELF=1 -D__LOCK_FENCE_MODE__=0 -DAIE_OPTION_SCALAR_FLOAT_ON_VECTOR -D__tct_tgt__=240112 +Omodo -k110 +Omsbr=2000 +Opnll +A +pnopALU +pnopLDA +pnopLDB +pnopSTS +pnopVEC +Ofexm +Onzmem +Ono-mapping-backtracking +Oalways-check-exec-paths +Omodulo-scheduling-minimize-folding-index +Omodulo-scheduling-lookahead-critical-transitory-class=AcqLdaRsrc_ID,AcqLdbRsrc_ID:2 +Odisable-spill-instr-class=LR_short_spill +Odisaggr-record-accesses +Oslr=crUPSMode +Oslr=crSRSMode --tale -g -D__AIENGINE__ -D__AIE_ARCH__=10 -DDEPLOYMENT_ELF=1 -D__LOCK_FENCE_MODE__=0 -DAIE_OPTION_SCALAR_FLOAT_ON_VECTOR -D__tct_tgt__=240112 -V24_0 -L
--cosel -m +ef -M3 -S1024 --common 24_0-main_ me /tools/Xilinx/Vitis/2024.1/aietools/data/versal_prod/lib +H/tools/Xilinx/Vitis/2024.1/aietools/data/versal_prod/lib/elongation -x
--amnesia -p12 -q2 -eAM -rCLH -fR=2 +Oearly-fanout-complex +Odhls -Ono-prune-mappings +Oexcc +Oprefer-local-reg-moves -Ono-collapse-bundles --common 24_0-main_ me /tools/Xilinx/Vitis/2024.1/aietools/data/versal_prod/lib +H/tools/Xilinx/Vitis/2024.1/aietools/data/versal_prod/lib/elongation -x
--mist1 -k110 --common 24_0-main_ me /tools/Xilinx/Vitis/2024.1/aietools/data/versal_prod/lib +H/tools/Xilinx/Vitis/2024.1/aietools/data/versal_prod/lib/elongation -x
--showcolor -b --common 24_0-main_ me /tools/Xilinx/Vitis/2024.1/aietools/data/versal_prod/lib +H/tools/Xilinx/Vitis/2024.1/aietools/data/versal_prod/lib/elongation -x
--mist2 -D__AIENGINE__ -D__AIE_ARCH__=10 -DDEPLOYMENT_ELF=1 -D__LOCK_FENCE_MODE__=0 -DAIE_OPTION_SCALAR_FLOAT_ON_VECTOR -D__tct_tgt__=240112 +Omodo -k110 +Omsbr=2000 +Opnll +A +pnopALU +pnopLDA +pnopLDB +pnopSTS +pnopVEC +Ofexm +Onzmem +Ono-mapping-backtracking +Oalways-check-exec-paths +Omodulo-scheduling-minimize-folding-index +Omodulo-scheduling-lookahead-critical-transitory-class=AcqLdaRsrc_ID,AcqLdbRsrc_ID:2 +Odisable-spill-instr-class=LR_short_spill +Odisaggr-record-accesses +Oslr=crUPSMode +Oslr=crSRSMode --common 24_0-main_ me /tools/Xilinx/Vitis/2024.1/aietools/data/versal_prod/lib +H/tools/Xilinx/Vitis/2024.1/aietools/data/versal_prod/lib/elongation -x
--tale -g -D__AIENGINE__ -D__AIE_ARCH__=10 -DDEPLOYMENT_ELF=1 -D__LOCK_FENCE_MODE__=0 -DAIE_OPTION_SCALAR_FLOAT_ON_VECTOR -D__tct_tgt__=240112 -V24_0 -L --common 24_0-main_ me /tools/Xilinx/Vitis/2024.1/aietools/data/versal_prod/lib +H/tools/Xilinx/Vitis/2024.1/aietools/data/versal_prod/lib/elongation -x
bridge -I/tools/Xilinx/Vitis/2024.1/aietools/data/versal_prod/lib -I/tools/Xilinx/Vitis/2024.1/aietools/data/versal_prod/lib/isg -i -g -I/tools/Xilinx/Vitis/2024.1/aietools/include -I/tools/projects/FPGA-VLA/runs/T0042/aie_graph_v1_1a/. -I/tools/Xilinx/Vitis/2024.1/aietools/data/versal_prod/lib/runtime_cxx/libcxx-lite/include -I/tools/Xilinx/Vitis/2024.1/aietools/data/versal_prod/lib/runtime_cxx/libs/libcxx-9.0.0/include-lite -I/tools/Xilinx/Vitis/2024.1/aietools/data/versal_prod/lib/runtime/include -D__AIENGINE__ -D__AIE_ARCH__=10 -DDEPLOYMENT_ELF=1 -D__LOCK_FENCE_MODE__=0 -DAIE_OPTION_SCALAR_FLOAT_ON_VECTOR -D__tct_tgt__=240112 24_0.objlist -o../24_0.o -pme
darts -I/tools/Xilinx/Vitis/2024.1/aietools/data/versal_prod/lib -d -h -I/tools/Xilinx/Vitis/2024.1/aietools/include -I/tools/projects/FPGA-VLA/runs/T0042/aie_graph_v1_1a/. -I/tools/Xilinx/Vitis/2024.1/aietools/data/versal_prod/lib/runtime_cxx/libcxx-lite/include -I/tools/Xilinx/Vitis/2024.1/aietools/data/versal_prod/lib/runtime_cxx/libs/libcxx-9.0.0/include-lite -I/tools/Xilinx/Vitis/2024.1/aietools/data/versal_prod/lib/runtime/include -D__AIENGINE__ -D__AIE_ARCH__=10 -DDEPLOYMENT_ELF=1 -D__LOCK_FENCE_MODE__=0 -DAIE_OPTION_SCALAR_FLOAT_ON_VECTOR -D__tct_tgt__=240112 -L +Ihex +nanno ../Release/24_0.o me
Linking "../Release/24_0"
bridge -o../Release/24_0 ../Release/24_0.o -I/tools/Xilinx/Vitis/2024.1/aietools/data/versal_prod/lib -I/tools/Xilinx/Vitis/2024.1/aietools/data/versal_prod/lib/isg -g -I/tools/Xilinx/Vitis/2024.1/aietools/include -I/tools/projects/FPGA-VLA/runs/T0042/aie_graph_v1_1a/. -I/tools/Xilinx/Vitis/2024.1/aietools/data/versal_prod/lib/runtime_cxx/libcxx-lite/include -I/tools/Xilinx/Vitis/2024.1/aietools/data/versal_prod/lib/runtime_cxx/libs/libcxx-9.0.0/include-lite -I/tools/Xilinx/Vitis/2024.1/aietools/data/versal_prod/lib/runtime/include -D__AIENGINE__ -D__AIE_ARCH__=10 -DDEPLOYMENT_ELF=1 -D__LOCK_FENCE_MODE__=0 -DAIE_OPTION_SCALAR_FLOAT_ON_VECTOR -D__tct_tgt__=240112 -c24_0.bcf -L/tools/Xilinx/Vitis/2024.1/aietools/data/versal_prod/lib/Release -L/tools/Xilinx/Vitis/2024.1/aietools/data/versal_prod/lib/runtime/lib/Release -L/tools/Xilinx/Vitis/2024.1/aietools/data/versal_prod/lib/softfloat/lib/Release -L/tools/Xilinx/Vitis/2024.1/aietools/data/versal_prod/lib/runtime_cxx/libcxx-lite/lib/Release_LLVM -lme -lc -lm -lc++lite -lsoftfloat -S -export-locals -yMSMEM,SSMEM,SSMEM_tlast,WSSMEM_tlast,SSMEM_nb_sc,MSMEM_nb_sc -iconfig extra_memories.bcf -m -fC -fS -fH +m -T +work ../Release/chesswork13933 -pme
darts -I/tools/Xilinx/Vitis/2024.1/aietools/data/versal_prod/lib -d -h -I/tools/Xilinx/Vitis/2024.1/aietools/include -I/tools/projects/FPGA-VLA/runs/T0042/aie_graph_v1_1a/. -I/tools/Xilinx/Vitis/2024.1/aietools/data/versal_prod/lib/runtime_cxx/libcxx-lite/include -I/tools/Xilinx/Vitis/2024.1/aietools/data/versal_prod/lib/runtime_cxx/libs/libcxx-9.0.0/include-lite -I/tools/Xilinx/Vitis/2024.1/aietools/data/versal_prod/lib/runtime/include -D__AIENGINE__ -D__AIE_ARCH__=10 -DDEPLOYMENT_ELF=1 -D__LOCK_FENCE_MODE__=0 -DAIE_OPTION_SCALAR_FLOAT_ON_VECTOR -D__tct_tgt__=240112 -L +Ihex +nanno +u ../Release/24_0 me
Compilation finished successfully (0 errors, 42 warnings)
(readelf --debug-dump=decodedline 24_0/Release/24_0 >> 24_0/Release/24_0.txt)
make: Leaving directory '/tools/projects/FPGA-VLA/runs/T0042/aie_graph_v1_1a/Work/aie'
INFO: [aiecompiler 77-6226] ### Compiling PL Block ps_i6
INFO: [aiecompiler 77-6311] Opened file : Work/ps/c_rts/systemC/generated-source/genwrapper_for_ps_i6.cpp
INFO: [aiecompiler 77-404] Executing Cmd: make -C Work/ps/c_rts/systemC -f Makefile all
make: Entering directory '/tools/projects/FPGA-VLA/runs/T0042/aie_graph_v1_1a/Work/ps/c_rts/systemC'
(rm -rf generated-objects/*)
(export LD_LIBRARY_PATH=/tools/Xilinx/Vitis/2024.1/aietools/lib/lnx64.o:/tools/Xilinx/Vitis/2024.1/tps/lnx64/python-3.8.3/lib:/tools/Xilinx/Vitis/2024.1/aietools/lib/lnx64.o/Ubuntu/22:/tools/Xilinx/Vitis/2024.1/aietools/lib/lnx64.o/Ubuntu:/tools/Xilinx/Vitis/2024.1/aietools/lib/lnx64.o:/tools/Xilinx/Vitis/2024.1/aietools/lib/lnx64.o:/tools/Xilinx/Vitis/2024.1/aietools/tps/lnx64/gcc/lib64/:/tools/Xilinx/Vitis/2024.1/tps/lnx64/python-3.8.3/lib:/tools/Xilinx/Vitis/2024.1/aietools/lib/lnx64.o/Ubuntu/22:/tools/Xilinx/Vitis/2024.1/aietools/lib/lnx64.o/Ubuntu:/tools/Xilinx/Vitis/2024.1/aietools/lib/lnx64.o:/tools/Xilinx/Vitis/2024.1/aietools/tps/lnx64/gcc/lib64:/tools/Xilinx/Vitis/2024.1/aietools/bin/../lnx64/tools/dot/lib:/tools/Xilinx/Vitis/2024.1/aietools/bin/../lnx64/tools/dot/lib;"/tools/Xilinx/Vitis/2024.1/aietools/tps/lnx64/gcc/bin/g++" -fPIC -fpermissive -c -std=c++17 -D__AIE_ARCH__=10 -D__LOCK_FENCE_MODE__=0 -DAIE_OPTION_SCALAR_FLOAT_ON_VECTOR -Wno-deprecated-declarations -Werror=return-type -DSC_INCLUDE_DYNAMIC_PROCESSES -D__AIESIM__ -D__PS_INIT_AIE__ -DXAIE_DEBUG -O1 -flto -D main\(...\)=ps_main\(...\) -I/tools/Xilinx/Vitis/2024.1/aietools/include -I/tools/Xilinx/Vitis/2024.1/aietools/include/drivers/aiengine -I/tools/Xilinx/Vitis_HLS/2024.1/include -I/tools/Xilinx/Vitis/2024.1/aietools/tps/lnx64/gcc/include/c++/8.3.0 -I/tools/Xilinx/Vitis/2024.1/aietools/tps/lnx64/gcc/include/c++/8.3.0/backward -I/tools/Xilinx/Vitis/2024.1/aietools/tps/lnx64/gcc/include/c++/8.3.0/x86_64-pc-linux-gnu -I/tools/Xilinx/Vitis/2024.1/aietools/data/osci_systemc/include -I/tools/Xilinx/Vitis/2024.1/aietools/tps/boost_1_72_0 -I. -I. -I/tools/Xilinx/Vitis/2024.1/aietools/include/xtlm/include -I/tools/Xilinx/Vitis/2024.1/aietools/include/common_cpp/common_cpp_v1_0/include -I "../../../.." -o "generated-objects/genwrapper_for_ps_i6.o" generated-source/genwrapper_for_ps_i6.cpp) 
(/tools/Xilinx/Vitis/2024.1/aietools/tps/lnx64/gcc/bin/g++ -o "generated-objects/ps_i6.so" generated-objects/genwrapper_for_ps_i6.o -Wl,--as-needed -shared -lxaiengine -lxioutils -ladf_api -lsystemc -lxtlm -flto -L /tools/Xilinx/Vitis/2024.1/aietools/lib/lnx64.o -L/tools/Xilinx/Vitis/2024.1/aietools/data/osci_systemc/lib/lnx64)
make: Leaving directory '/tools/projects/FPGA-VLA/runs/T0042/aie_graph_v1_1a/Work/ps/c_rts/systemC'
INFO: [aiecompiler 77-6311] Opened file : Work/ps/cdo/generated-source/cdo_main.cpp
INFO: [aiecompiler 77-6311] Opened file : Work/ps/cdo/generated-source/gen_cdo.cpp
INFO: [aiecompiler 77-6311] Opened file : Work/ps/cdo/generated-source/gen_cdo.h
INFO: [aiecompiler 77-6311] Opened file : Work/ps/cdo/Makefile
INFO: [aiecompiler 77-404] Executing Cmd: make -C Work/ps/cdo -f Makefile all
make: Entering directory '/tools/projects/FPGA-VLA/runs/T0042/aie_graph_v1_1a/Work/ps/cdo'
(rm -rf generated-objects/* *.bin ../../config/aie_resources.bin) 
(/tools/Xilinx/Vitis/2024.1/aietools/tps/lnx64/gcc/bin/g++ -fPIC -std=c++17 -Wno-deprecated-declarations -Og -flto -D__AIESIM__ -D__CDO__ -D__PS_INIT_AIE__ -I /tools/Xilinx/Vitis/2024.1/aietools/include -I /tools/Xilinx/Vitis/2024.1/aietools/include/adf -I . -I . -I /tools/Xilinx/Vitis/2024.1/aietools/include/drivers/aiengine -I ../../..  -o "generated-objects/cdo_main.out" generated-source/gen_cdo.cpp generated-source/cdo_main.cpp  -Wl,--allow-shlib-undefined  -lcdo_driver -lxaiengine -ladf_api -L /tools/Xilinx/Vitis/2024.1/aietools/lib/lnx64.o ) 
generated-objects/cdo_main.out --work-dir-path /tools/projects/FPGA-VLA/runs/T0042/aie_graph_v1_1a/Work 
Initializing AIE driver...
Initializing ADF API...
XAIEFAL: INFO: Resource group Avail is created.
XAIEFAL: INFO: Resource group Static is created.
XAIEFAL: INFO: Resource group Generic is created.
Generating: aie_cdo_reset.bin
Generating: aie_cdo_clock_gating.bin
Generating: aie_cdo_mem_clear.bin
Generating: aie_cdo_error_handling.bin
Generating: aie_cdo_elfs.bin
Loading elfs of graph gr...
Generating: aie_cdo_init.bin
Initializing graph gr...
Resetting cores of graph gr...
Configuring DMAs of graph gr...
Configuring PL-Interface for graph gr...
Generating: aie_cdo_enable.bin
Enabling core(s) of graph gr...
Generating: aie_cdo_debug.bin
Putting core(s) of graph gr on halt state for debugging...
make: Leaving directory '/tools/projects/FPGA-VLA/runs/T0042/aie_graph_v1_1a/Work/ps/cdo'
DEBUG:BuildCFGraph:### Entering Build CFGraph pass
INFO: [aiecompiler 77-5857] Start building AIE IP
INFO: [aiecompiler 77-5855] Number of AIE IP ports are : 3
INFO: [aiecompiler 77-5848] Added port on AIE IP: S00_AXIS  -->  Q_in
INFO: [aiecompiler 77-5848] Added port on AIE IP: M00_AXIS  -->  out
INFO: [aiecompiler 77-5848] Added port on AIE IP: M00_AXI  -->  K_gmio_V_gmio
INFO: [aiecompiler 77-5850] Done building AIE IP
DEBUG:BuildCFGraph:### CF Graph is built
INFO: [aiecompiler 77-6288] Entering Compiler Report Generator pass 
INFO: [aiecompiler 77-6230] ####Writing Placement For Nodes 
INFO: [aiecompiler 77-6282] Done with AIE Tools Report Generator pass 
INFO: [aiecompiler 77-6228] ### Entering Packager pass
INFO: [aiecompiler 75-4195] Writing AI Engine constraints file 'Work/temp/graph_aie_constraints.aiecst'
INFO: [aiecompiler 75-4193] Reading constraints schema from /tools/Xilinx/Vitis/2024.1/aietools/data/aietools_constr_schema.json
INFO: [aiecompiler 77-1083] Adding hardware components under: Work/temp/hw.o 
INFO: [aiecompiler 77-1085] Adding software components under: Work/temp/sw.o 
INFO: [aiecompiler 77-5380] Adding config components under: Work/temp/cfg.o
INFO: [aiecompiler 77-1086] Generating hand-off archive: libadf.a
/tools/Xilinx/Vitis/2024.1/aietools/tps/lnx64/gcc/bin/ar: creating libadf.a
INFO: [aiecompiler 77-6227] ### Done with Packager pass (1542503728 secs)
AIEbuild feature license is released.
INFO: [aiecompiler 77-6439] Run completed. Find additional information in:
	Guidance: Work/reports/guidance.html

INFO: [aiecompiler 77-6440] Use the vitis_analyzer tool to visualize and navigate the relevant reports. Run: 
	vitis_analyzer Work/graph.aiecompile_summary

Compilation Complete
(WARNING:3, CRITICAL-WARNING:0, ERROR:0)
