Copyright 1986-2022 Xilinx, Inc. All Rights Reserved. Copyright 2022-2024 Advanced Micro Devices, Inc. All Rights Reserved.
--------------------------------------------------------------------------------------------------------------------------------------------------
| Tool Version      : Vivado v.2024.1 (lin64) Build 5076996 Wed May 22 18:36:09 MDT 2024
| Date              : Thu May 28 14:28:30 2026
| Host              : iZuf63nslpsmuz7caylpqsZ running 64-bit Ubuntu 22.04.5 LTS
| Command           : report_timing_summary -file /tools/projects/FPGA-VLA/runs/T0036_v5/impl_timing_ooc.rpt
| Design            : mr_vla_bd_v4_wrapper
| Device            : xcvc1902-vsva2197
| Speed File        : -2MP  PRODUCTION 2.13 2024-03-28
| Design State      : Routed
| Temperature Grade : E
--------------------------------------------------------------------------------------------------------------------------------------------------

Timing Summary Report

------------------------------------------------------------------------------------------------
| Timer Settings
| --------------
------------------------------------------------------------------------------------------------

  Enable Multi Corner Analysis               :  Yes
  Enable Pessimism Removal                   :  Yes
  Pessimism Removal Resolution               :  Nearest Common Node
  Enable Input Delay Default Clock           :  No
  Enable Preset / Clear Arcs                 :  No
  Disable Flight Delays                      :  No
  Ignore I/O Paths                           :  No
  Timing Early Launch at Borrowing Latches   :  No
  Borrow Time for Max Delay Exceptions       :  Yes
  Merge Timing Exceptions                    :  Yes
  Inter-SLR Compensation                     :  Conservative

  Corner  Analyze    Analyze    
  Name    Max Paths  Min Paths  
  ------  ---------  ---------  
  Slow    Yes        Yes        
  Fast    Yes        Yes        


------------------------------------------------------------------------------------------------
| Report Methodology
| ------------------
------------------------------------------------------------------------------------------------

No report available as report_methodology has not been run prior. Run report_methodology on the current design for the summary of methodology violations.



check_timing report

Table of Contents
-----------------
1. checking no_clock (0)
2. checking constant_clock (0)
3. checking pulse_width_clock (0)
4. checking unconstrained_internal_endpoints (0)
5. checking no_input_delay (0)
6. checking no_output_delay (0)
7. checking multiple_clock (0)
8. checking generated_clocks (0)
9. checking loops (0)
10. checking partial_input_delay (0)
11. checking partial_output_delay (0)
12. checking latch_loops (0)

1. checking no_clock (0)
------------------------
 There are 0 register/latch pins with no clock.


2. checking constant_clock (0)
------------------------------
 There are 0 register/latch pins with constant_clock.


3. checking pulse_width_clock (0)
---------------------------------
 There are 0 register/latch pins which need pulse_width check


4. checking unconstrained_internal_endpoints (0)
------------------------------------------------
 There are 0 pins that are not constrained for maximum delay.

 There are 0 pins that are not constrained for maximum delay due to constant clock.


5. checking no_input_delay (0)
------------------------------
 There are 0 input ports with no input delay specified.

 There are 0 input ports with no input delay but user has a false path constraint.


6. checking no_output_delay (0)
-------------------------------
 There are 0 ports with no output delay specified.

 There are 0 ports with no output delay but user has a false path constraint

 There are 0 ports with no output delay but with a timing clock defined on it or propagating through it


7. checking multiple_clock (0)
------------------------------
 There are 0 register/latch pins with multiple clocks.


8. checking generated_clocks (0)
--------------------------------
 There are 0 generated clocks that are not connected to a clock source.


9. checking loops (0)
---------------------
 There are 0 combinational loops in the design.


10. checking partial_input_delay (0)
------------------------------------
 There are 0 input ports with partial input delay specified.


11. checking partial_output_delay (0)
-------------------------------------
 There are 0 ports with partial output delay specified.


12. checking latch_loops (0)
----------------------------
 There are 0 combinational latch loops in the design through latch input



------------------------------------------------------------------------------------------------
| Design Timing Summary
| ---------------------
------------------------------------------------------------------------------------------------

    WNS(ns)      TNS(ns)  TNS Failing Endpoints  TNS Total Endpoints      WHS(ns)      THS(ns)  THS Failing Endpoints  THS Total Endpoints     WPWS(ns)     TPWS(ns)  TPWS Failing Endpoints  TPWS Total Endpoints  
    -------      -------  ---------------------  -------------------      -------      -------  ---------------------  -------------------     --------     --------  ----------------------  --------------------  
     -2.340    -8926.023                  11412               252931       -3.810   -57314.332                  21704               252931        1.334        0.000                       0                 60436  


Timing constraints are not met.


------------------------------------------------------------------------------------------------
| Clock Summary
| -------------
------------------------------------------------------------------------------------------------

Clock  Waveform(ns)         Period(ns)      Frequency(MHz)
-----  ------------         ----------      --------------
clk    {0.000 2.000}        4.000           250.000         


------------------------------------------------------------------------------------------------
| Intra Clock Table
| -----------------
------------------------------------------------------------------------------------------------

Clock             WNS(ns)      TNS(ns)  TNS Failing Endpoints  TNS Total Endpoints      WHS(ns)      THS(ns)  THS Failing Endpoints  THS Total Endpoints     WPWS(ns)     TPWS(ns)  TPWS Failing Endpoints  TPWS Total Endpoints  
-----             -------      -------  ---------------------  -------------------      -------      -------  ---------------------  -------------------     --------     --------  ----------------------  --------------------  
clk                -2.340    -8926.023                  11412               252931       -3.810   -57314.332                  21704               252931        1.334        0.000                       0                 60436  


------------------------------------------------------------------------------------------------
| Inter Clock Table
| -----------------
------------------------------------------------------------------------------------------------

From Clock    To Clock          WNS(ns)      TNS(ns)  TNS Failing Endpoints  TNS Total Endpoints      WHS(ns)      THS(ns)  THS Failing Endpoints  THS Total Endpoints  
----------    --------          -------      -------  ---------------------  -------------------      -------      -------  ---------------------  -------------------  


------------------------------------------------------------------------------------------------
| Other Path Groups Table
| -----------------------
------------------------------------------------------------------------------------------------

Path Group    From Clock    To Clock          WNS(ns)      TNS(ns)  TNS Failing Endpoints  TNS Total Endpoints      WHS(ns)      THS(ns)  THS Failing Endpoints  THS Total Endpoints  
----------    ----------    --------          -------      -------  ---------------------  -------------------      -------      -------  ---------------------  -------------------  


------------------------------------------------------------------------------------------------
| Timing Details
| --------------
------------------------------------------------------------------------------------------------


---------------------------------------------------------------------------------------------------
From Clock:  clk
  To Clock:  clk

Setup :        11412  Failing Endpoints,  Worst Slack       -2.340ns,  Total Violation    -8926.024ns
Hold  :        21704  Failing Endpoints,  Worst Slack       -3.810ns,  Total Violation   -57314.333ns
PW    :            0  Failing Endpoints,  Worst Slack        1.334ns,  Total Violation        0.000ns
---------------------------------------------------------------------------------------------------


Max Delay Paths
--------------------------------------------------------------------------------------
Slack (VIOLATED) :        -2.340ns  (required time - arrival time)
  Source:                 mr_vla_bd_v4_i/u_sched/inst/u_inner/u_vision_fifo/wptr_reg[6]/C
                            (rising edge-triggered cell FDRE clocked by clk  {rise@0.000ns fall@2.000ns period=4.000ns})
  Destination:            mr_vla_bd_v4_i/u_sched/inst/u_inner/u_vision_fifo/mem_reg_bram_13/ENARDENU
                            (rising edge-triggered cell RAMB36E5_INT clocked by clk  {rise@0.000ns fall@2.000ns period=4.000ns})
  Path Group:             clk
  Path Type:              Setup (Max at Slow Process Corner)
  Requirement:            4.000ns  (clk rise@4.000ns - clk rise@0.000ns)
  Data Path Delay:        5.795ns  (logic 0.417ns (7.196%)  route 5.378ns (92.804%))
  Logic Levels:           3  (LUT5=1 LUT6=2)
  Clock Path Skew:        -0.193ns (DCD - SCD + CPR)
    Destination Clock Delay (DCD):    3.370ns = ( 7.370 - 4.000 ) 
    Source Clock Delay      (SCD):    3.860ns
    Clock Pessimism Removal (CPR):    0.297ns
  Clock Uncertainty:      0.069ns  (CJ)/2 + PE + PJ
    Clock Jitter             (CJ):    0.138ns
    Phase Error              (PE):    0.000ns
    Phase Jitter             (PJ):    0.000ns
  Clock Net Delay (Source):      3.705ns (routing 1.441ns, distribution 2.264ns)
  Clock Net Delay (Destination): 3.242ns (routing 1.310ns, distribution 1.932ns)

    Location             Delay type                Incr(ns)  Path(ns)    Netlist Resource(s)
  -------------------------------------------------------------------    -------------------
                         (clock clk rise edge)        0.000     0.000 r  
                                                      0.000     0.000 r  clk (IN)
                         net (fo=0)                   0.077     0.077    clk_BUFG_LOPT_OOC
    BUFGCE_HDIO_X0Y0     BUFGCE (Prop_BUFCE_BUFGCE_HDIO_I_O)
                                                      0.078     0.155 r  clk_BUFGCE_inst_LOPT_OOC/O
    X3Y2 (CLOCK_ROOT)    net (fo=60090, routed)       3.705     3.860    mr_vla_bd_v4_i/u_sched/inst/u_inner/u_vision_fifo/clk
    SLICE_X265Y265       FDRE                                         r  mr_vla_bd_v4_i/u_sched/inst/u_inner/u_vision_fifo/wptr_reg[6]/C
  -------------------------------------------------------------------    -------------------
    SLICE_X265Y265       FDRE (Prop_HFF_SLICEM_C_Q)
                                                      0.090     3.950 r  mr_vla_bd_v4_i/u_sched/inst/u_inner/u_vision_fifo/wptr_reg[6]/Q
                         net (fo=35, routed)          0.191     4.141    mr_vla_bd_v4_i/u_sched/inst/u_inner/u_vision_fifo/wptr_reg_n_0_[6]
    SLICE_X262Y265       LUT6 (Prop_C6LUT_SLICEL_I1_O)
                                                      0.127     4.268 r  mr_vla_bd_v4_i/u_sched/inst/u_inner/u_vision_fifo/s_vision_tready_INST_0_i_1/O
                         net (fo=5, routed)           0.291     4.559    mr_vla_bd_v4_i/u_sched/inst/u_inner/u_vision_fifo/s_vision_tready_INST_0_i_1_n_0
    SLICE_X264Y265       LUT5 (Prop_A6LUT_SLICEL_I0_O)
                                                      0.126     4.685 r  mr_vla_bd_v4_i/u_sched/inst/u_inner/u_vision_fifo/mem_reg_bram_0_i_4_replica/O
                         net (fo=1, routed)           0.139     4.824    mr_vla_bd_v4_i/u_sched/inst/u_inner/u_vision_fifo/mem_reg_bram_0_i_4_n_0_repN
    SLICE_X264Y266       LUT6 (Prop_D6LUT_SLICEL_I2_O)
                                                      0.074     4.898 r  mr_vla_bd_v4_i/u_sched/inst/u_inner/u_vision_fifo/mem_reg_bram_1_i_3/O
                         net (fo=8, routed)           4.757     9.655    mr_vla_bd_v4_i/u_sched/inst/u_inner/u_vision_fifo/mem_reg_bram_1_i_3_n_0
    RAMB36_X9Y69         RAMB36E5_INT                                 r  mr_vla_bd_v4_i/u_sched/inst/u_inner/u_vision_fifo/mem_reg_bram_13/ENARDENU
  -------------------------------------------------------------------    -------------------

                         (clock clk rise edge)        4.000     4.000 r  
                                                      0.000     4.000 r  clk (IN)
                         net (fo=0)                   0.065     4.065    clk_BUFG_LOPT_OOC
    BUFGCE_HDIO_X0Y0     BUFGCE (Prop_BUFCE_BUFGCE_HDIO_I_O)
                                                      0.063     4.128 r  clk_BUFGCE_inst_LOPT_OOC/O
    X3Y2 (CLOCK_ROOT)    net (fo=60090, routed)       3.242     7.370    mr_vla_bd_v4_i/u_sched/inst/u_inner/u_vision_fifo/clk
    RAMB36_X9Y69         RAMB36E5_INT                                 r  mr_vla_bd_v4_i/u_sched/inst/u_inner/u_vision_fifo/mem_reg_bram_13/CLKARDCLKU
                         clock pessimism              0.297     7.667    
                         clock uncertainty           -0.069     7.597    
    RAMB36_X9Y69         RAMB36E5_INT (Setup_RAMB36_CLKARDCLKU_ENARDENU)
                                                     -0.283     7.314    mr_vla_bd_v4_i/u_sched/inst/u_inner/u_vision_fifo/mem_reg_bram_13
  -------------------------------------------------------------------
                         required time                          7.314    
                         arrival time                          -9.655    
  -------------------------------------------------------------------
                         slack                                 -2.340    





Min Delay Paths
--------------------------------------------------------------------------------------
Slack (VIOLATED) :        -3.810ns  (arrival time - required time)
  Source:                 m_axi_ddrCTX_BVALID_0
                            (input port clocked by clk  {rise@0.000ns fall@2.000ns period=4.000ns})
  Destination:            mr_vla_bd_v4_i/u_adh/inst/ddrCTX_m_axi_U/bus_write/rs_resp/FSM_sequential_state_reg[0]/D
                            (rising edge-triggered cell FDRE clocked by clk  {rise@0.000ns fall@2.000ns period=4.000ns})
  Path Group:             clk
  Path Type:              Hold (Min at Slow Process Corner)
  Requirement:            0.000ns  (clk rise@0.000ns - clk rise@0.000ns)
  Data Path Delay:        0.096ns  (logic 0.053ns (55.208%)  route 0.043ns (44.792%))
  Logic Levels:           1  (LUT3=1)
  Input Delay:            0.200ns
  Clock Path Skew:        4.066ns (DCD - SCD - CPR)
    Destination Clock Delay (DCD):    4.066ns
    Source Clock Delay      (SCD):    0.000ns
    Clock Pessimism Removal (CPR):    -0.000ns
  Clock Net Delay (Destination): 3.911ns (routing 1.441ns, distribution 2.470ns)

    Location             Delay type                Incr(ns)  Path(ns)    Netlist Resource(s)
  -------------------------------------------------------------------    -------------------
                         (clock clk rise edge)        0.000     0.000 r  
                         input delay                  0.200     0.200    
                                                      0.000     0.200 r  m_axi_ddrCTX_BVALID_0 (IN)
                         net (fo=2, unset)            0.025     0.225    mr_vla_bd_v4_i/u_adh/inst/ddrCTX_m_axi_U/bus_write/rs_resp/m_axi_ddrCTX_BVALID
    SLICE_X344Y164       LUT3 (Prop_A6LUT_SLICEL_I2_O)
                                                      0.053     0.278 r  mr_vla_bd_v4_i/u_adh/inst/ddrCTX_m_axi_U/bus_write/rs_resp/__3/i___1/O
                         net (fo=1, routed)           0.018     0.296    mr_vla_bd_v4_i/u_adh/inst/ddrCTX_m_axi_U/bus_write/rs_resp/next__0[0]
    SLICE_X344Y164       FDRE                                         r  mr_vla_bd_v4_i/u_adh/inst/ddrCTX_m_axi_U/bus_write/rs_resp/FSM_sequential_state_reg[0]/D
  -------------------------------------------------------------------    -------------------

                         (clock clk rise edge)        0.000     0.000 r  
                                                      0.000     0.000 r  clk (IN)
                         net (fo=0)                   0.077     0.077    clk_BUFG_LOPT_OOC
    BUFGCE_HDIO_X0Y0     BUFGCE (Prop_BUFCE_BUFGCE_HDIO_I_O)
                                                      0.078     0.155 r  clk_BUFGCE_inst_LOPT_OOC/O
    X3Y2 (CLOCK_ROOT)    net (fo=60090, routed)       3.911     4.066    mr_vla_bd_v4_i/u_adh/inst/ddrCTX_m_axi_U/bus_write/rs_resp/ap_clk
    SLICE_X344Y164       FDRE                                         r  mr_vla_bd_v4_i/u_adh/inst/ddrCTX_m_axi_U/bus_write/rs_resp/FSM_sequential_state_reg[0]/C
                         clock pessimism              0.000     4.066    
    SLICE_X344Y164       FDRE (Hold_AFF2_SLICEL_C_D)
                                                      0.040     4.106    mr_vla_bd_v4_i/u_adh/inst/ddrCTX_m_axi_U/bus_write/rs_resp/FSM_sequential_state_reg[0]
  -------------------------------------------------------------------
                         required time                         -4.106    
                         arrival time                           0.296    
  -------------------------------------------------------------------
                         slack                                 -3.810    





Pulse Width Checks
--------------------------------------------------------------------------------------
Clock Name:         clk
Waveform(ns):       { 0.000 2.000 }
Period(ns):         4.000
Sources:            { clk }

Check Type        Corner  Lib Pin        Reference Pin  Required(ns)  Actual(ns)  Slack(ns)  Location       Pin
Min Period        n/a     URAM288E5/CLK  n/a            1.818         4.000       2.182      URAM288_X5Y57  mr_vla_bd_v4_i/u_vit/inst/W_ffn1_local_1_U/ram_reg_uram_2/CLK
Low Pulse Width   Slow    URAM288E5/CLK  n/a            0.666         2.000       1.334      URAM288_X5Y57  mr_vla_bd_v4_i/u_vit/inst/W_ffn1_local_1_U/ram_reg_uram_2/CLK
High Pulse Width  Slow    URAM288E5/CLK  n/a            0.666         2.000       1.334      URAM288_X5Y57  mr_vla_bd_v4_i/u_vit/inst/W_ffn1_local_1_U/ram_reg_uram_2/CLK



