Copyright 1986-2022 Xilinx, Inc. All Rights Reserved. Copyright 2022-2024 Advanced Micro Devices, Inc. All Rights Reserved.
--------------------------------------------------------------------------------------------------------------------------------------------------
| Tool Version      : Vivado v.2024.1 (lin64) Build 5076996 Wed May 22 18:36:09 MDT 2024
| Date              : Thu May 28 13:55:46 2026
| Host              : iZuf63nslpsmuz7caylpqsZ running 64-bit Ubuntu 22.04.5 LTS
| Command           : report_timing_summary -file /tools/projects/FPGA-VLA/runs/T0036_v5/synth_timing_ooc.rpt
| Design            : mr_vla_bd_v4_wrapper
| Device            : xcvc1902-vsva2197
| Speed File        : -2MP  PRODUCTION 2.13 2024-03-28
| Design State      : Synthesized
| Temperature Grade : E
--------------------------------------------------------------------------------------------------------------------------------------------------

Timing Summary Report

------------------------------------------------------------------------------------------------
| Timer Settings
| --------------
------------------------------------------------------------------------------------------------

  Enable Multi Corner Analysis               :  Yes
  Enable Pessimism Removal                   :  Yes
  Pessimism Removal Resolution               :  Nearest Common Node
  Enable Input Delay Default Clock           :  No
  Enable Preset / Clear Arcs                 :  No
  Disable Flight Delays                      :  No
  Ignore I/O Paths                           :  No
  Timing Early Launch at Borrowing Latches   :  No
  Borrow Time for Max Delay Exceptions       :  Yes
  Merge Timing Exceptions                    :  Yes
  Inter-SLR Compensation                     :  Conservative

  Corner  Analyze    Analyze    
  Name    Max Paths  Min Paths  
  ------  ---------  ---------  
  Slow    Yes        Yes        
  Fast    Yes        Yes        


------------------------------------------------------------------------------------------------
| Report Methodology
| ------------------
------------------------------------------------------------------------------------------------

No report available as report_methodology has not been run prior. Run report_methodology on the current design for the summary of methodology violations.



check_timing report

Table of Contents
-----------------
1. checking no_clock (0)
2. checking constant_clock (0)
3. checking pulse_width_clock (0)
4. checking unconstrained_internal_endpoints (0)
5. checking no_input_delay (0)
6. checking no_output_delay (0)
7. checking multiple_clock (0)
8. checking generated_clocks (0)
9. checking loops (0)
10. checking partial_input_delay (0)
11. checking partial_output_delay (0)
12. checking latch_loops (0)

1. checking no_clock (0)
------------------------
 There are 0 register/latch pins with no clock.


2. checking constant_clock (0)
------------------------------
 There are 0 register/latch pins with constant_clock.


3. checking pulse_width_clock (0)
---------------------------------
 There are 0 register/latch pins which need pulse_width check


4. checking unconstrained_internal_endpoints (0)
------------------------------------------------
 There are 0 pins that are not constrained for maximum delay.

 There are 0 pins that are not constrained for maximum delay due to constant clock.


5. checking no_input_delay (0)
------------------------------
 There are 0 input ports with no input delay specified.

 There are 0 input ports with no input delay but user has a false path constraint.


6. checking no_output_delay (0)
-------------------------------
 There are 0 ports with no output delay specified.

 There are 0 ports with no output delay but user has a false path constraint

 There are 0 ports with no output delay but with a timing clock defined on it or propagating through it


7. checking multiple_clock (0)
------------------------------
 There are 0 register/latch pins with multiple clocks.


8. checking generated_clocks (0)
--------------------------------
 There are 0 generated clocks that are not connected to a clock source.


9. checking loops (0)
---------------------
 There are 0 combinational loops in the design.


10. checking partial_input_delay (0)
------------------------------------
 There are 0 input ports with partial input delay specified.


11. checking partial_output_delay (0)
-------------------------------------
 There are 0 ports with partial output delay specified.


12. checking latch_loops (0)
----------------------------
 There are 0 combinational latch loops in the design through latch input



------------------------------------------------------------------------------------------------
| Design Timing Summary
| ---------------------
------------------------------------------------------------------------------------------------

    WNS(ns)      TNS(ns)  TNS Failing Endpoints  TNS Total Endpoints      WHS(ns)      THS(ns)  THS Failing Endpoints  THS Total Endpoints     WPWS(ns)     TPWS(ns)  TPWS Failing Endpoints  TPWS Total Endpoints  
    -------      -------  ---------------------  -------------------      -------      -------  ---------------------  -------------------     --------     --------  ----------------------  --------------------  
     -0.619       -4.411                      9               266495       -0.040      -13.240                    331               266495        1.334        0.000                       0                 67300  


Timing constraints are not met.


------------------------------------------------------------------------------------------------
| Clock Summary
| -------------
------------------------------------------------------------------------------------------------

Clock  Waveform(ns)         Period(ns)      Frequency(MHz)
-----  ------------         ----------      --------------
clk    {0.000 2.000}        4.000           250.000         


------------------------------------------------------------------------------------------------
| Intra Clock Table
| -----------------
------------------------------------------------------------------------------------------------

Clock             WNS(ns)      TNS(ns)  TNS Failing Endpoints  TNS Total Endpoints      WHS(ns)      THS(ns)  THS Failing Endpoints  THS Total Endpoints     WPWS(ns)     TPWS(ns)  TPWS Failing Endpoints  TPWS Total Endpoints  
-----             -------      -------  ---------------------  -------------------      -------      -------  ---------------------  -------------------     --------     --------  ----------------------  --------------------  
clk                -0.619       -4.411                      9               266495       -0.040      -13.240                    331               266495        1.334        0.000                       0                 67300  


------------------------------------------------------------------------------------------------
| Inter Clock Table
| -----------------
------------------------------------------------------------------------------------------------

From Clock    To Clock          WNS(ns)      TNS(ns)  TNS Failing Endpoints  TNS Total Endpoints      WHS(ns)      THS(ns)  THS Failing Endpoints  THS Total Endpoints  
----------    --------          -------      -------  ---------------------  -------------------      -------      -------  ---------------------  -------------------  


------------------------------------------------------------------------------------------------
| Other Path Groups Table
| -----------------------
------------------------------------------------------------------------------------------------

Path Group    From Clock    To Clock          WNS(ns)      TNS(ns)  TNS Failing Endpoints  TNS Total Endpoints      WHS(ns)      THS(ns)  THS Failing Endpoints  THS Total Endpoints  
----------    ----------    --------          -------      -------  ---------------------  -------------------      -------      -------  ---------------------  -------------------  


------------------------------------------------------------------------------------------------
| Timing Details
| --------------
------------------------------------------------------------------------------------------------


---------------------------------------------------------------------------------------------------
From Clock:  clk
  To Clock:  clk

Setup :            9  Failing Endpoints,  Worst Slack       -0.619ns,  Total Violation       -4.411ns
Hold  :          331  Failing Endpoints,  Worst Slack       -0.040ns,  Total Violation      -13.240ns
PW    :            0  Failing Endpoints,  Worst Slack        1.334ns,  Total Violation        0.000ns
---------------------------------------------------------------------------------------------------


Max Delay Paths
--------------------------------------------------------------------------------------
Slack (VIOLATED) :        -0.619ns  (required time - arrival time)
  Source:                 mr_vla_bd_v4_i/u_sched/inst/u_inner/u_language_fifo/mem_reg_bram_2/CLKBWRCLKU
                            (rising edge-triggered cell RAMB36E5_INT clocked by clk  {rise@0.000ns fall@2.000ns period=4.000ns})
  Destination:            mr_vla_bd_v4_i/u_sched/inst/u_inner/u_gvsa_matmul_stub/prod_w_reg[31]/D
                            (rising edge-triggered cell FDRE clocked by clk  {rise@0.000ns fall@2.000ns period=4.000ns})
  Path Group:             clk
  Path Type:              Setup (Max at Slow Process Corner)
  Requirement:            4.000ns  (clk rise@4.000ns - clk rise@0.000ns)
  Data Path Delay:        4.280ns  (logic 3.628ns (84.766%)  route 0.652ns (15.234%))
  Logic Levels:           15  (DSP_A_B_DATA58=1 DSP_ALUADD=2 DSP_ALUMUX=2 DSP_M_DATA58=1 DSP_MULTIPLIER58=1 DSP_OUTPUT58=2 DSP_PREADD_DATA58=1 LOOKAHEAD8=1 LUTCY1=2 LUTCY2=1 RAMB36E5_INT=1)
  Clock Path Skew:        -0.046ns (DCD - SCD + CPR)
    Destination Clock Delay (DCD):    0.000ns = ( 4.000 - 4.000 ) 
    Source Clock Delay      (SCD):    0.046ns
    Clock Pessimism Removal (CPR):    0.000ns
  Clock Uncertainty:      0.300ns  (CJ)/2 + PE + PJ
    Clock Jitter             (CJ):    0.600ns
    Phase Error              (PE):    0.000ns
    Phase Jitter             (PJ):    0.000ns

    Location             Delay type                Incr(ns)  Path(ns)    Netlist Resource(s)
  -------------------------------------------------------------------    -------------------
                         (clock clk rise edge)        0.000     0.000 r  
                                                      0.000     0.000 r  clk (IN)
                         net (fo=66954, unset)        0.046     0.046    mr_vla_bd_v4_i/u_sched/inst/u_inner/u_language_fifo/clk
                         RAMB36E5_INT                                 r  mr_vla_bd_v4_i/u_sched/inst/u_inner/u_language_fifo/mem_reg_bram_2/CLKBWRCLKU
  -------------------------------------------------------------------    -------------------
                         RAMB36E5_INT (Prop_RAMB36E5_INT_CLKBWRCLKU_CASDOUTB[7])
                                                      1.046     1.092 f  mr_vla_bd_v4_i/u_sched/inst/u_inner/u_language_fifo/mem_reg_bram_2/CASDOUTB[7]
                         net (fo=1, unplaced)         0.001     1.093    mr_vla_bd_v4_i/u_sched/inst/u_inner/u_language_fifo/mem_reg_bram_2_n_60
                         RAMB36E5_INT (Prop_RAMB36E5_INT_CASDINB[7]_DOUTBDOUT[7])
                                                      0.129     1.222 f  mr_vla_bd_v4_i/u_sched/inst/u_inner/u_language_fifo/mem_reg_bram_3/DOUTBDOUT[7]
                         net (fo=1, unplaced)         0.317     1.539    mr_vla_bd_v4_i/u_sched/inst/u_inner/u_gvsa_matmul_stub/prod_w0__0/DSP58C<0>_INST/A[16]
                         DSP_A_B_DATA58 (Prop_DSP_A_B_DATA58_A[16]_A2_DATA[16])
                                                      0.275     1.814 r  mr_vla_bd_v4_i/u_sched/inst/u_inner/u_gvsa_matmul_stub/prod_w0__0/DSP58C<0>_INST/DSP_A_B_DATA58_INST/A2_DATA[16]
                         net (fo=1, unplaced)         0.000     1.814    mr_vla_bd_v4_i/u_sched/inst/u_inner/u_gvsa_matmul_stub/prod_w0__0/DSP58C<0>_INST/DSP_A_B_DATA58.A2_DATA<16>
                         DSP_PREADD_DATA58 (Prop_DSP_PREADD_DATA58_A2_DATA[16]_A2A1[16])
                                                      0.123     1.937 r  mr_vla_bd_v4_i/u_sched/inst/u_inner/u_gvsa_matmul_stub/prod_w0__0/DSP58C<0>_INST/DSP_PREADD_DATA58_INST/A2A1[16]
                         net (fo=1, unplaced)         0.000     1.937    mr_vla_bd_v4_i/u_sched/inst/u_inner/u_gvsa_matmul_stub/prod_w0__0/DSP58C<0>_INST/DSP_PREADD_DATA58.A2A1<16>
                         DSP_MULTIPLIER58 (Prop_DSP_MULTIPLIER58_A2A1[16]_V[25])
                                                      0.448     2.385 r  mr_vla_bd_v4_i/u_sched/inst/u_inner/u_gvsa_matmul_stub/prod_w0__0/DSP58C<0>_INST/DSP_MULTIPLIER58_INST/V[25]
                         net (fo=1, unplaced)         0.000     2.385    mr_vla_bd_v4_i/u_sched/inst/u_inner/u_gvsa_matmul_stub/prod_w0__0/DSP58C<0>_INST/DSP_MULTIPLIER58.V<25>
                         DSP_M_DATA58 (Prop_DSP_M_DATA58_V[25]_V_DATA[25])
                                                      0.090     2.475 f  mr_vla_bd_v4_i/u_sched/inst/u_inner/u_gvsa_matmul_stub/prod_w0__0/DSP58C<0>_INST/DSP_M_DATA58_INST/V_DATA[25]
                         net (fo=1, unplaced)         0.000     2.475    mr_vla_bd_v4_i/u_sched/inst/u_inner/u_gvsa_matmul_stub/prod_w0__0/DSP58C<0>_INST/DSP_M_DATA58.V_DATA<25>
                         DSP_ALUMUX (Prop_DSP_ALUMUX_V_DATA[25]_Y[25])
                                                      0.072     2.547 r  mr_vla_bd_v4_i/u_sched/inst/u_inner/u_gvsa_matmul_stub/prod_w0__0/DSP58C<0>_INST/DSP_ALUMUX_INST/Y[25]
                         net (fo=1, unplaced)         0.000     2.547    mr_vla_bd_v4_i/u_sched/inst/u_inner/u_gvsa_matmul_stub/prod_w0__0/DSP58C<0>_INST/DSP_ALUMUX.Y<25>
                         DSP_ALUADD (Prop_DSP_ALUADD_Y[25]_ALU_OUT[25])
                                                      0.343     2.890 f  mr_vla_bd_v4_i/u_sched/inst/u_inner/u_gvsa_matmul_stub/prod_w0__0/DSP58C<0>_INST/DSP_ALUADD_INST/ALU_OUT[25]
                         net (fo=2, unplaced)         0.000     2.890    mr_vla_bd_v4_i/u_sched/inst/u_inner/u_gvsa_matmul_stub/prod_w0__0/DSP58C<0>_INST/DSP_ALUADD.ALU_OUT<25>
                         DSP_OUTPUT58 (Prop_DSP_OUTPUT58_ALU_OUT[25]_PCOUT[25])
                                                      0.144     3.034 r  mr_vla_bd_v4_i/u_sched/inst/u_inner/u_gvsa_matmul_stub/prod_w0__0/DSP58C<0>_INST/DSP_OUTPUT58_INST/PCOUT[25]
                         net (fo=1, unplaced)         0.002     3.036    mr_vla_bd_v4_i/u_sched/inst/u_inner/u_gvsa_matmul_stub/prod_w0__1/DSP58C<0>_INST/PCIN[25]
                         DSP_ALUMUX (Prop_DSP_ALUMUX_PCIN[25]_Z[2])
                                                      0.105     3.141 r  mr_vla_bd_v4_i/u_sched/inst/u_inner/u_gvsa_matmul_stub/prod_w0__1/DSP58C<0>_INST/DSP_ALUMUX_INST/Z[2]
                         net (fo=1, unplaced)         0.000     3.141    mr_vla_bd_v4_i/u_sched/inst/u_inner/u_gvsa_matmul_stub/prod_w0__1/DSP58C<0>_INST/DSP_ALUMUX.Z<2>
                         DSP_ALUADD (Prop_DSP_ALUADD_Z[2]_ALU_OUT[2])
                                                      0.310     3.451 f  mr_vla_bd_v4_i/u_sched/inst/u_inner/u_gvsa_matmul_stub/prod_w0__1/DSP58C<0>_INST/DSP_ALUADD_INST/ALU_OUT[2]
                         net (fo=2, unplaced)         0.000     3.451    mr_vla_bd_v4_i/u_sched/inst/u_inner/u_gvsa_matmul_stub/prod_w0__1/DSP58C<0>_INST/DSP_ALUADD.ALU_OUT<2>
                         DSP_OUTPUT58 (Prop_DSP_OUTPUT58_ALU_OUT[2]_P[2])
                                                      0.195     3.646 r  mr_vla_bd_v4_i/u_sched/inst/u_inner/u_gvsa_matmul_stub/prod_w0__1/DSP58C<0>_INST/DSP_OUTPUT58_INST/P[2]
                         net (fo=2, unplaced)         0.214     3.860    mr_vla_bd_v4_i/u_sched/inst/u_inner/u_gvsa_matmul_stub/prod_w_reg[25]_i_1/I2
                         LUTCY1 (Prop_LUTCY1_I2_PROP)
                                                      0.079     3.939 r  mr_vla_bd_v4_i/u_sched/inst/u_inner/u_gvsa_matmul_stub/prod_w_reg[25]_i_1/LUTCY1_INST/PROP
                         net (fo=1, unplaced)         0.000     3.939    mr_vla_bd_v4_i/u_sched/inst/u_inner/u_gvsa_matmul_stub/prod_w_reg[25]_i_1_n_3
                         LOOKAHEAD8 (Prop_LOOKAHEAD8_PROPD_COUTH)
                                                      0.163     4.102 r  mr_vla_bd_v4_i/u_sched/inst/u_inner/u_gvsa_matmul_stub/prod_w_reg[30]_i_2/COUTH
                         net (fo=3, unplaced)         0.057     4.159    mr_vla_bd_v4_i/u_sched/inst/u_inner/u_gvsa_matmul_stub/prod_w_reg[30]_i_1/I4
                         LUTCY2 (Prop_LUTCY2_I4_O)    0.051     4.210 r  mr_vla_bd_v4_i/u_sched/inst/u_inner/u_gvsa_matmul_stub/prod_w_reg[30]_i_1/LUTCY2_INST/O
                         net (fo=3, unplaced)         0.016     4.226    mr_vla_bd_v4_i/u_sched/inst/u_inner/u_gvsa_matmul_stub/prod_w_reg[31]_i_2/I4
                         LUTCY1 (Prop_LUTCY1_I4_O)    0.055     4.281 r  mr_vla_bd_v4_i/u_sched/inst/u_inner/u_gvsa_matmul_stub/prod_w_reg[31]_i_2/LUTCY1_INST/O
                         net (fo=1, unplaced)         0.045     4.326    mr_vla_bd_v4_i/u_sched/inst/u_inner/u_gvsa_matmul_stub/prod_w_reg[31]_i_2_n_1
                         FDRE                                         r  mr_vla_bd_v4_i/u_sched/inst/u_inner/u_gvsa_matmul_stub/prod_w_reg[31]/D
  -------------------------------------------------------------------    -------------------

                         (clock clk rise edge)        4.000     4.000 r  
                                                      0.000     4.000 r  clk (IN)
                         net (fo=66954, unset)        0.000     4.000    mr_vla_bd_v4_i/u_sched/inst/u_inner/u_gvsa_matmul_stub/clk
                         FDRE                                         r  mr_vla_bd_v4_i/u_sched/inst/u_inner/u_gvsa_matmul_stub/prod_w_reg[31]/C
                         clock pessimism              0.000     4.000    
                         clock uncertainty           -0.300     3.700    
                         FDRE (Setup_FDRE_C_D)        0.007     3.707    mr_vla_bd_v4_i/u_sched/inst/u_inner/u_gvsa_matmul_stub/prod_w_reg[31]
  -------------------------------------------------------------------
                         required time                          3.707    
                         arrival time                          -4.326    
  -------------------------------------------------------------------
                         slack                                 -0.619    





Min Delay Paths
--------------------------------------------------------------------------------------
Slack (VIOLATED) :        -0.040ns  (arrival time - required time)
  Source:                 mr_vla_bd_v4_i/axi_sc_0/inst/clk_map/psr_aclk/U0/EXT_LPF/ACTIVE_LOW_AUX.ACT_LO_AUX/GENERATE_LEVEL_P_S_CDC.SINGLE_BIT.CROSS_PLEVEL_IN2SCNDRY_IN_cdc_to/C
                            (rising edge-triggered cell FDRE clocked by clk  {rise@0.000ns fall@2.000ns period=4.000ns})
  Destination:            mr_vla_bd_v4_i/axi_sc_0/inst/clk_map/psr_aclk/U0/EXT_LPF/ACTIVE_LOW_AUX.ACT_LO_AUX/GENERATE_LEVEL_P_S_CDC.SINGLE_BIT.CROSS_PLEVEL_IN2SCNDRY_s_level_out_d2/D
                            (rising edge-triggered cell FDRE clocked by clk  {rise@0.000ns fall@2.000ns period=4.000ns})
  Path Group:             clk
  Path Type:              Hold (Min at Fast Process Corner)
  Requirement:            0.000ns  (clk rise@0.000ns - clk rise@0.000ns)
  Data Path Delay:        0.177ns  (logic 0.114ns (64.407%)  route 0.063ns (35.593%))
  Logic Levels:           0  

    Location             Delay type                Incr(ns)  Path(ns)    Netlist Resource(s)
  -------------------------------------------------------------------    -------------------
                         (clock clk rise edge)        0.000     0.000 r  
                                                      0.000     0.000 r  clk (IN)
                         net (fo=66954, unset)        0.000     0.000    mr_vla_bd_v4_i/axi_sc_0/inst/clk_map/psr_aclk/U0/EXT_LPF/ACTIVE_LOW_AUX.ACT_LO_AUX/aclk
                         FDRE                                         r  mr_vla_bd_v4_i/axi_sc_0/inst/clk_map/psr_aclk/U0/EXT_LPF/ACTIVE_LOW_AUX.ACT_LO_AUX/GENERATE_LEVEL_P_S_CDC.SINGLE_BIT.CROSS_PLEVEL_IN2SCNDRY_IN_cdc_to/C
  -------------------------------------------------------------------    -------------------
                         FDRE (Prop_FDRE_C_Q)         0.114     0.114 r  mr_vla_bd_v4_i/axi_sc_0/inst/clk_map/psr_aclk/U0/EXT_LPF/ACTIVE_LOW_AUX.ACT_LO_AUX/GENERATE_LEVEL_P_S_CDC.SINGLE_BIT.CROSS_PLEVEL_IN2SCNDRY_IN_cdc_to/Q
                         net (fo=1, unplaced)         0.063     0.177    mr_vla_bd_v4_i/axi_sc_0/inst/clk_map/psr_aclk/U0/EXT_LPF/ACTIVE_LOW_AUX.ACT_LO_AUX/Q
                         FDRE                                         r  mr_vla_bd_v4_i/axi_sc_0/inst/clk_map/psr_aclk/U0/EXT_LPF/ACTIVE_LOW_AUX.ACT_LO_AUX/GENERATE_LEVEL_P_S_CDC.SINGLE_BIT.CROSS_PLEVEL_IN2SCNDRY_s_level_out_d2/D
  -------------------------------------------------------------------    -------------------

                         (clock clk rise edge)        0.000     0.000 r  
                                                      0.000     0.000 r  clk (IN)
                         net (fo=66954, unset)        0.000     0.000    mr_vla_bd_v4_i/axi_sc_0/inst/clk_map/psr_aclk/U0/EXT_LPF/ACTIVE_LOW_AUX.ACT_LO_AUX/aclk
                         FDRE                                         r  mr_vla_bd_v4_i/axi_sc_0/inst/clk_map/psr_aclk/U0/EXT_LPF/ACTIVE_LOW_AUX.ACT_LO_AUX/GENERATE_LEVEL_P_S_CDC.SINGLE_BIT.CROSS_PLEVEL_IN2SCNDRY_s_level_out_d2/C
                         clock pessimism              0.000     0.000    
                         FDRE (Hold_FDRE_C_D)         0.217     0.217    mr_vla_bd_v4_i/axi_sc_0/inst/clk_map/psr_aclk/U0/EXT_LPF/ACTIVE_LOW_AUX.ACT_LO_AUX/GENERATE_LEVEL_P_S_CDC.SINGLE_BIT.CROSS_PLEVEL_IN2SCNDRY_s_level_out_d2
  -------------------------------------------------------------------
                         required time                         -0.217    
                         arrival time                           0.177    
  -------------------------------------------------------------------
                         slack                                 -0.040    





Pulse Width Checks
--------------------------------------------------------------------------------------
Clock Name:         clk
Waveform(ns):       { 0.000 2.000 }
Period(ns):         4.000
Sources:            { clk }

Check Type        Corner  Lib Pin        Reference Pin  Required(ns)  Actual(ns)  Slack(ns)  Location  Pin
Min Period        n/a     URAM288E5/CLK  n/a            1.818         4.000       2.182                mr_vla_bd_v4_i/u_vit/inst/W_ffn1_local_1_U/ram_reg_uram_2/CLK
Low Pulse Width   Slow    URAM288E5/CLK  n/a            0.666         2.000       1.334                mr_vla_bd_v4_i/u_vit/inst/W_ffn1_local_1_U/ram_reg_uram_2/CLK
High Pulse Width  Slow    URAM288E5/CLK  n/a            0.666         2.000       1.334                mr_vla_bd_v4_i/u_vit/inst/W_ffn1_local_1_U/ram_reg_uram_2/CLK



