
****** Vivado v2024.1 (64-bit)
  **** SW Build 5076996 on Wed May 22 18:36:09 MDT 2024
  **** IP Build 5075265 on Wed May 22 21:45:21 MDT 2024
  **** SharedData Build 5076995 on Wed May 22 18:29:18 MDT 2024
  **** Start of session at: Tue May 26 14:00:15 2026
    ** Copyright 1986-2022 Xilinx, Inc. All Rights Reserved.
    ** Copyright 2022-2024 Advanced Micro Devices, Inc. All Rights Reserved.

source build_bd.tcl
# set_param general.maxThreads 16
# set part   "xcvc1902-vsva2197-2MP-e-S"
# set REPO   "/tools/projects/FPGA-VLA"
# set T0036  "$REPO/runs/T0036"
# set SCHED  "$REPO/coord/reports/T0030"
# puts ">>> STEP0 sanity: Vivado [version -short]"
>>> STEP0 sanity: Vivado 2024.1
# puts ">>> Host: [exec hostname] RAM: [exec free -g | grep Mem | awk {{print $2}}] GiB"
>>> Host: iZuf63nslpsmuz7caylpqsZ RAM: 61 GiB
# set ip_repos [list \
#   "$REPO/runs/T0024/xmod_attn_v1_hls/sol1/impl/ip" \
#   "$REPO/runs/T0025/gvsa_hls/sol1/impl/ip" \
#   "$REPO/runs/T0026/action_diff_hls/sol1/impl/ip" \
#   "$REPO/runs/T0029/vit_enc_hls/sol1/impl/ip" ]
# if {[catch {
#     create_project mr_vla_ipi "$T0036/mr_vla_ipi" -part $part -force
#     add_files [list "$SCHED/rate_enable_gen.sv" "$SCHED/mac_unit.sv" \
#                     "$SCHED/bram_axis_fifo.sv" "$SCHED/mr_vla_top.sv" \
#                     "$T0036/mr_vla_sched_wrap.v"]
#     set_property ip_repo_paths $ip_repos [current_project]
#     update_ip_catalog
#     puts ">>> STEP1 OK: project + ip_repo_paths + update_ip_catalog"
# } err]} {
#     puts ">>> STEP1 FAIL :: $err"; exit 1
# }
INFO: [IP_Flow 19-234] Refreshing IP repositories
INFO: [IP_Flow 19-1700] Loaded user IP repository '/tools/projects/FPGA-VLA/runs/T0024/xmod_attn_v1_hls/sol1/impl/ip'.
INFO: [IP_Flow 19-1700] Loaded user IP repository '/tools/projects/FPGA-VLA/runs/T0025/gvsa_hls/sol1/impl/ip'.
INFO: [IP_Flow 19-1700] Loaded user IP repository '/tools/projects/FPGA-VLA/runs/T0026/action_diff_hls/sol1/impl/ip'.
INFO: [IP_Flow 19-1700] Loaded user IP repository '/tools/projects/FPGA-VLA/runs/T0029/vit_enc_hls/sol1/impl/ip'.
INFO: [IP_Flow 19-2313] Loaded Vivado IP repository '/tools/Xilinx/Vivado/2024.1/data/ip'.
>>> STEP1 OK: project + ip_repo_paths + update_ip_catalog
# if {[catch {
#     create_bd_design "mr_vla_bd"
#     set c_xmod [create_bd_cell -type ip -vlnv xilinx.com:hls:xmod_attn_v1:1.0      u_xmod]
#     set c_gvsa [create_bd_cell -type ip -vlnv xilinx.com:hls:gvsa_matmul:1.0       u_gvsa]
#     set c_adh  [create_bd_cell -type ip -vlnv xilinx.com:hls:action_diff_head:1.0  u_adh]
#     set c_vit  [create_bd_cell -type ip -vlnv xilinx.com:hls:vit_encoder_12layer:1.0 u_vit]
#     set c_sch  [create_bd_cell -type module -reference mr_vla_sched_wrap u_sched]
#     puts ">>> STEP2 OK: 5 bd_cells instantiated"
# } err]} {
#     puts ">>> STEP2 FAIL :: $err"; exit 1
# }
Wrote  : </tools/projects/FPGA-VLA/runs/T0036/mr_vla_ipi/mr_vla_ipi.srcs/sources_1/bd/mr_vla_bd/mr_vla_bd.bd> 
INFO: [IP_Flow 19-5107] Inferred bus interface 'm_action' of definition 'xilinx.com:interface:axis:1.0' (from Xilinx Repository).
INFO: [IP_Flow 19-5107] Inferred bus interface 's_language' of definition 'xilinx.com:interface:axis:1.0' (from Xilinx Repository).
INFO: [IP_Flow 19-5107] Inferred bus interface 's_vision' of definition 'xilinx.com:interface:axis:1.0' (from Xilinx Repository).
INFO: [IP_Flow 19-5107] Inferred bus interface 'rst_n' of definition 'xilinx.com:signal:reset:1.0' (from Xilinx Repository).
INFO: [IP_Flow 19-5107] Inferred bus interface 'clk' of definition 'xilinx.com:signal:clock:1.0' (from Xilinx Repository).
INFO: [IP_Flow 19-4728] Bus Interface 'rst_n': Added interface parameter 'POLARITY' with value 'ACTIVE_LOW'.
INFO: [IP_Flow 19-4728] Bus Interface 'clk': Added interface parameter 'ASSOCIATED_BUSIF' with value 'm_action'.
WARNING: [IP_Flow 19-11770] Clock interface 'clk' has no FREQ_HZ parameter.
>>> STEP2 OK: 5 bd_cells instantiated
# if {[catch {
#     create_bd_port -dir I -type clk -freq_hz 250000000 clk
#     create_bd_port -dir I ap_rst
#     create_bd_port -dir I rst_n
#     connect_bd_net [get_bd_ports clk] \
#         [get_bd_pins u_xmod/ap_clk] [get_bd_pins u_gvsa/ap_clk] \
#         [get_bd_pins u_adh/ap_clk]  [get_bd_pins u_vit/ap_clk] \
#         [get_bd_pins u_sched/clk]
#     connect_bd_net [get_bd_ports ap_rst] \
#         [get_bd_pins u_xmod/ap_rst] [get_bd_pins u_gvsa/ap_rst] \
#         [get_bd_pins u_adh/ap_rst]  [get_bd_pins u_vit/ap_rst]
#     connect_bd_net [get_bd_ports rst_n] [get_bd_pins u_sched/rst_n]
#     set k1 [create_bd_cell -type ip -vlnv xilinx.com:ip:xlconstant:1.1 u_start1]
#     set_property -dict [list CONFIG.CONST_WIDTH {1} CONFIG.CONST_VAL {1}] $k1
#     connect_bd_net [get_bd_pins u_start1/dout] \
#         [get_bd_pins u_xmod/ap_start] [get_bd_pins u_gvsa/ap_start] \
#         [get_bd_pins u_adh/ap_start]  [get_bd_pins u_vit/ap_start]
#     puts ">>> STEP3 OK: clocks/resets/ap_start connected"
# } err]} {
#     puts ">>> STEP3 FAIL :: $err"; exit 1
# }
WARNING: [BD 41-1306] The connection to interface pin </u_xmod/ap_start> is being overridden by the user with net <u_start1_dout>. This pin will not be connected as a part of interface connection <ap_ctrl>.
WARNING: [BD 41-1306] The connection to interface pin </u_gvsa/ap_start> is being overridden by the user with net <u_start1_dout>. This pin will not be connected as a part of interface connection <ap_ctrl>.
WARNING: [BD 41-1306] The connection to interface pin </u_adh/ap_start> is being overridden by the user with net <u_start1_dout>. This pin will not be connected as a part of interface connection <ap_ctrl>.
WARNING: [BD 41-1306] The connection to interface pin </u_vit/ap_start> is being overridden by the user with net <u_start1_dout>. This pin will not be connected as a part of interface connection <ap_ctrl>.
>>> STEP3 OK: clocks/resets/ap_start connected
# if {[catch {
#     foreach ip {u_xmod u_gvsa u_adh u_vit u_sched} {
#         foreach p [get_bd_intf_pins -quiet -of [get_bd_cells $ip] -filter {PATH !~ ""}] {
#             if {[llength [get_bd_intf_nets -quiet -of $p]] == 0} {
#                 catch {make_bd_intf_pins_external $p}
#             }
#         }
#         foreach p [get_bd_pins -quiet -of [get_bd_cells $ip]] {
#             if {[llength [get_bd_nets -quiet -of $p]] == 0} {
#                 catch {make_bd_pins_external $p}
#             }
#         }
#     }
#     validate_bd_design -force
#     puts ">>> STEP4 OK: externalized + validate_bd_design"
# } err]} {
#     puts ">>> STEP4 WARN :: $err (continuing — validate warnings are non-fatal for synth)"
# }
WARNING: [BD 41-1306] The connection to interface pin </u_xmod/ap_done> is being overridden by the user with net <u_xmod_ap_done>. This pin will not be connected as a part of interface connection <ap_ctrl>.
WARNING: [BD 41-1306] The connection to interface pin </u_xmod/ap_idle> is being overridden by the user with net <u_xmod_ap_idle>. This pin will not be connected as a part of interface connection <ap_ctrl>.
WARNING: [BD 41-1306] The connection to interface pin </u_xmod/ap_ready> is being overridden by the user with net <u_xmod_ap_ready>. This pin will not be connected as a part of interface connection <ap_ctrl>.
WARNING: [BD 41-1306] The connection to interface pin </u_gvsa/ap_done> is being overridden by the user with net <u_gvsa_ap_done>. This pin will not be connected as a part of interface connection <ap_ctrl>.
WARNING: [BD 41-1306] The connection to interface pin </u_gvsa/ap_idle> is being overridden by the user with net <u_gvsa_ap_idle>. This pin will not be connected as a part of interface connection <ap_ctrl>.
WARNING: [BD 41-1306] The connection to interface pin </u_gvsa/ap_ready> is being overridden by the user with net <u_gvsa_ap_ready>. This pin will not be connected as a part of interface connection <ap_ctrl>.
WARNING: [BD 41-1306] The connection to interface pin </u_adh/ap_done> is being overridden by the user with net <u_adh_ap_done>. This pin will not be connected as a part of interface connection <ap_ctrl>.
WARNING: [BD 41-1306] The connection to interface pin </u_adh/ap_idle> is being overridden by the user with net <u_adh_ap_idle>. This pin will not be connected as a part of interface connection <ap_ctrl>.
WARNING: [BD 41-1306] The connection to interface pin </u_adh/ap_ready> is being overridden by the user with net <u_adh_ap_ready>. This pin will not be connected as a part of interface connection <ap_ctrl>.
WARNING: [BD 41-1306] The connection to interface pin </u_vit/ap_done> is being overridden by the user with net <u_vit_ap_done>. This pin will not be connected as a part of interface connection <ap_ctrl>.
WARNING: [BD 41-1306] The connection to interface pin </u_vit/ap_idle> is being overridden by the user with net <u_vit_ap_idle>. This pin will not be connected as a part of interface connection <ap_ctrl>.
WARNING: [BD 41-1306] The connection to interface pin </u_vit/ap_ready> is being overridden by the user with net <u_vit_ap_ready>. This pin will not be connected as a part of interface connection <ap_ctrl>.
WARNING: [BD 41-1306] The connection to interface pin </u_sched/m_action_tdata> is being overridden by the user with net <u_sched_m_action_tdata>. This pin will not be connected as a part of interface connection <m_action>.
WARNING: [BD 41-1306] The connection to interface pin </u_sched/m_action_tready> is being overridden by the user with net <m_action_tready_0_1>. This pin will not be connected as a part of interface connection <m_action>.
WARNING: [BD 41-1306] The connection to interface pin </u_sched/m_action_tvalid> is being overridden by the user with net <u_sched_m_action_tvalid>. This pin will not be connected as a part of interface connection <m_action>.
WARNING: [BD 41-1306] The connection to interface pin </u_sched/s_language_tdata> is being overridden by the user with net <s_language_tdata_0_1>. This pin will not be connected as a part of interface connection <s_language>.
WARNING: [BD 41-1306] The connection to interface pin </u_sched/s_language_tready> is being overridden by the user with net <u_sched_s_language_tready>. This pin will not be connected as a part of interface connection <s_language>.
WARNING: [BD 41-1306] The connection to interface pin </u_sched/s_language_tvalid> is being overridden by the user with net <s_language_tvalid_0_1>. This pin will not be connected as a part of interface connection <s_language>.
WARNING: [BD 41-1306] The connection to interface pin </u_sched/s_vision_tdata> is being overridden by the user with net <s_vision_tdata_0_1>. This pin will not be connected as a part of interface connection <s_vision>.
WARNING: [BD 41-1306] The connection to interface pin </u_sched/s_vision_tready> is being overridden by the user with net <u_sched_s_vision_tready>. This pin will not be connected as a part of interface connection <s_vision>.
WARNING: [BD 41-1306] The connection to interface pin </u_sched/s_vision_tvalid> is being overridden by the user with net <s_vision_tvalid_0_1>. This pin will not be connected as a part of interface connection <s_vision>.
>>> STEP4 OK: externalized + validate_bd_design
# if {[catch {
#     save_bd_design
#     set bdf [get_files mr_vla_bd.bd]
#     make_wrapper -files $bdf -top
#     add_files -norecurse "$T0036/mr_vla_ipi/mr_vla_ipi.gen/sources_1/bd/mr_vla_bd/hdl/mr_vla_bd_wrapper.v"
#     set_property top mr_vla_bd_wrapper [current_fileset]
#     update_compile_order -fileset sources_1
#     puts ">>> STEP5 OK: wrapper generated"
# } err]} {
#     puts ">>> STEP5 FAIL :: $err"; exit 1
# }
Wrote  : </tools/projects/FPGA-VLA/runs/T0036/mr_vla_ipi/mr_vla_ipi.srcs/sources_1/bd/mr_vla_bd/mr_vla_bd.bd> 
INFO: [BD 41-1662] The design 'mr_vla_bd.bd' is already validated. Therefore parameter propagation will not be re-run.
Verilog Output written to : /tools/projects/FPGA-VLA/runs/T0036/mr_vla_ipi/mr_vla_ipi.gen/sources_1/bd/mr_vla_bd/synth/mr_vla_bd.v
Verilog Output written to : /tools/projects/FPGA-VLA/runs/T0036/mr_vla_ipi/mr_vla_ipi.gen/sources_1/bd/mr_vla_bd/sim/mr_vla_bd.v
Verilog Output written to : /tools/projects/FPGA-VLA/runs/T0036/mr_vla_ipi/mr_vla_ipi.gen/sources_1/bd/mr_vla_bd/hdl/mr_vla_bd_wrapper.v
>>> STEP5 OK: wrapper generated
# if {[catch {
#     launch_runs synth_1 -jobs 4
#     wait_on_run synth_1
#     open_run synth_1 -name synth_1
#     report_utilization    -file "$T0036/synth_util.rpt"
#     report_timing_summary -file "$T0036/synth_timing.rpt" -warn_on_violation -no_header
#     set wp [get_timing_paths -quiet -setup -max_paths 1 -nworst 1]
#     if {[llength $wp] > 0} { set wns [get_property SLACK [lindex $wp 0]] } else { set wns "n/a" }
#     puts ">>> STEP6 SYNTH OK : WNS=$wns"
# } err]} {
#     puts ">>> STEP6 SYNTH FAIL :: $err"; exit 1
# }
INFO: [BD 41-1662] The design 'mr_vla_bd.bd' is already validated. Therefore parameter propagation will not be re-run.
Verilog Output written to : /tools/projects/FPGA-VLA/runs/T0036/mr_vla_ipi/mr_vla_ipi.gen/sources_1/bd/mr_vla_bd/synth/mr_vla_bd.v
Verilog Output written to : /tools/projects/FPGA-VLA/runs/T0036/mr_vla_ipi/mr_vla_ipi.gen/sources_1/bd/mr_vla_bd/sim/mr_vla_bd.v
Verilog Output written to : /tools/projects/FPGA-VLA/runs/T0036/mr_vla_ipi/mr_vla_ipi.gen/sources_1/bd/mr_vla_bd/hdl/mr_vla_bd_wrapper.v
INFO: [BD 41-1029] Generation completed for the IP Integrator block u_xmod .
INFO: [BD 41-1029] Generation completed for the IP Integrator block u_gvsa .
INFO: [BD 41-1029] Generation completed for the IP Integrator block u_adh .
INFO: [BD 41-1029] Generation completed for the IP Integrator block u_vit .
INFO: [BD 41-1029] Generation completed for the IP Integrator block u_sched .
INFO: [BD 41-1029] Generation completed for the IP Integrator block u_start1 .
Exporting to file /tools/projects/FPGA-VLA/runs/T0036/mr_vla_ipi/mr_vla_ipi.gen/sources_1/bd/mr_vla_bd/hw_handoff/mr_vla_bd.hwh
Generated Hardware Definition File /tools/projects/FPGA-VLA/runs/T0036/mr_vla_ipi/mr_vla_ipi.gen/sources_1/bd/mr_vla_bd/synth/mr_vla_bd.hwdef
INFO: [IP_Flow 19-6930] IPCACHE: runCacheChecks() number of threads = 8
INFO: [IP_Flow 19-6921] IPCACHE: Adding cache check func to thread queue for IP mr_vla_bd_u_adh_0
INFO: [IP_Flow 19-6921] IPCACHE: Adding cache check func to thread queue for IP mr_vla_bd_u_gvsa_0
INFO: [IP_Flow 19-6921] IPCACHE: Adding cache check func to thread queue for IP mr_vla_bd_u_vit_0
INFO: [IP_Flow 19-6921] IPCACHE: Adding cache check func to thread queue for IP mr_vla_bd_u_xmod_0
INFO: [IP_Flow 19-8020] IPCACHE: runCacheChecks() calling threadPool finishWork()
INFO: [IP_Flow 19-6924] IPCACHE: Running cache check for IP inst: mr_vla_bd_u_adh_0
INFO: [IP_Flow 19-6924] IPCACHE: Running cache check for IP inst: mr_vla_bd_u_gvsa_0
INFO: [IP_Flow 19-6924] IPCACHE: Running cache check for IP inst: mr_vla_bd_u_vit_0
INFO: [IP_Flow 19-6924] IPCACHE: Running cache check for IP inst: mr_vla_bd_u_xmod_0
WARNING: [Vivado 12-7122] Auto Incremental Compile:: No reference checkpoint was found in run synth_1. Auto-incremental flow will not be run, the standard flow will be run instead.
[Tue May 26 14:00:35 2026] Launched mr_vla_bd_u_gvsa_0_synth_1, mr_vla_bd_u_xmod_0_synth_1, mr_vla_bd_u_vit_0_synth_1, mr_vla_bd_u_adh_0_synth_1, mr_vla_bd_u_sched_0_synth_1...
Run output will be captured here:
mr_vla_bd_u_gvsa_0_synth_1: /tools/projects/FPGA-VLA/runs/T0036/mr_vla_ipi/mr_vla_ipi.runs/mr_vla_bd_u_gvsa_0_synth_1/runme.log
mr_vla_bd_u_xmod_0_synth_1: /tools/projects/FPGA-VLA/runs/T0036/mr_vla_ipi/mr_vla_ipi.runs/mr_vla_bd_u_xmod_0_synth_1/runme.log
mr_vla_bd_u_vit_0_synth_1: /tools/projects/FPGA-VLA/runs/T0036/mr_vla_ipi/mr_vla_ipi.runs/mr_vla_bd_u_vit_0_synth_1/runme.log
mr_vla_bd_u_adh_0_synth_1: /tools/projects/FPGA-VLA/runs/T0036/mr_vla_ipi/mr_vla_ipi.runs/mr_vla_bd_u_adh_0_synth_1/runme.log
mr_vla_bd_u_sched_0_synth_1: /tools/projects/FPGA-VLA/runs/T0036/mr_vla_ipi/mr_vla_ipi.runs/mr_vla_bd_u_sched_0_synth_1/runme.log
[Tue May 26 14:00:35 2026] Launched synth_1...
Run output will be captured here: /tools/projects/FPGA-VLA/runs/T0036/mr_vla_ipi/mr_vla_ipi.runs/synth_1/runme.log
[Tue May 26 14:00:35 2026] Waiting for synth_1 to finish...
[Tue May 26 14:00:55 2026] synth_1 finished
ERROR: [Vivado 12-13638] Failed runs(s) : 'mr_vla_bd_u_gvsa_0_synth_1', 'mr_vla_bd_u_xmod_0_synth_1', 'mr_vla_bd_u_vit_0_synth_1', 'mr_vla_bd_u_adh_0_synth_1'
 'mr_vla_bd_u_gvsa_0_synth_1' run failed with below errors.
ERROR: [Common 17-345] A valid license was not found for feature 'Synthesis' and/or device 'xcvc1902'. Please run the Vivado License Manager for assistance in determining
which features and devices are licensed for your system.
Resolution: Check the status of your licenses in the Vivado License Manager. For debug help search Xilinx Support for "Licensing FAQ". If you are using a license server, verify that the license server is up and running a version of the xilinx daemon that is compatible with the version of Xilinx software that you are using. Note: Vivado 2021.1 and later versions require upgrading your license server tools to the Flex 11.17.2.0 versions. Please confirm with your license admin that the correct version of the license server tools are installed.

 'mr_vla_bd_u_xmod_0_synth_1' run failed with below errors.
ERROR: [Common 17-345] A valid license was not found for feature 'Synthesis' and/or device 'xcvc1902'. Please run the Vivado License Manager for assistance in determining
which features and devices are licensed for your system.
Resolution: Check the status of your licenses in the Vivado License Manager. For debug help search Xilinx Support for "Licensing FAQ". If you are using a license server, verify that the license server is up and running a version of the xilinx daemon that is compatible with the version of Xilinx software that you are using. Note: Vivado 2021.1 and later versions require upgrading your license server tools to the Flex 11.17.2.0 versions. Please confirm with your license admin that the correct version of the license server tools are installed.

 'mr_vla_bd_u_vit_0_synth_1' run failed with below errors.
ERROR: [Common 17-345] A valid license was not found for feature 'Synthesis' and/or device 'xcvc1902'. Please run the Vivado License Manager for assistance in determining
which features and devices are licensed for your system.
Resolution: Check the status of your licenses in the Vivado License Manager. For debug help search Xilinx Support for "Licensing FAQ". If you are using a license server, verify that the license server is up and running a version of the xilinx daemon that is compatible with the version of Xilinx software that you are using. Note: Vivado 2021.1 and later versions require upgrading your license server tools to the Flex 11.17.2.0 versions. Please confirm with your license admin that the correct version of the license server tools are installed.

 'mr_vla_bd_u_adh_0_synth_1' run failed with below errors.
ERROR: [Common 17-345] A valid license was not found for feature 'Synthesis' and/or device 'xcvc1902'. Please run the Vivado License Manager for assistance in determining
which features and devices are licensed for your system.
Resolution: Check the status of your licenses in the Vivado License Manager. For debug help search Xilinx Support for "Licensing FAQ". If you are using a license server, verify that the license server is up and running a version of the xilinx daemon that is compatible with the version of Xilinx software that you are using. Note: Vivado 2021.1 and later versions require upgrading your license server tools to the Flex 11.17.2.0 versions. Please confirm with your license admin that the correct version of the license server tools are installed.

wait_on_runs: Time (s): cpu = 00:00:00.02 ; elapsed = 00:00:20 . Memory (MB): peak = 2112.812 ; gain = 0.000 ; free physical = 33147 ; free virtual = 59209
>>> STEP6 SYNTH FAIL :: ERROR: [Common 17-39] 'wait_on_runs' failed due to earlier errors.

INFO: [Common 17-206] Exiting Vivado at Tue May 26 14:00:55 2026...
