

================================================================
== Synthesis Summary Report of 'vit_transformer_layer'
================================================================
+ General Information: 
    * Date:           Wed May 20 10:18:05 2026
    * Version:        2024.1 (Build 5069499 on May 21 2024)
    * Project:        vit_layer_hls
    * Solution:       sol1 (Vivado IP Flow Target)
    * Product family: versalaicore
    * Target device:  xcvc1902-vsva2197-2MP-e-S
    

+ Performance & Resource Estimates: 
    
    PS: '+' for module; 'o' for loop; '*' for dataflow
    +-----------------------------------------------------------------+------+------+-----------+-----------+----------+-----------+----------+----------+---------+---------+------------+------------+----------+
    |                             Modules                             | Issue|      |  Latency  |  Latency  | Iteration|           |   Trip   |          |         |         |            |            |          |
    |                             & Loops                             | Type | Slack|  (cycles) |    (ns)   |  Latency |  Interval |   Count  | Pipelined|  BRAM   |   DSP   |     FF     |     LUT    |   URAM   |
    +-----------------------------------------------------------------+------+------+-----------+-----------+----------+-----------+----------+----------+---------+---------+------------+------------+----------+
    |+ vit_transformer_layer                                          |     -|  0.02|  113747484|  4.550e+08|         -|  113747485|         -|        no|  1 (~0%)|  36 (1%)|  4042 (~0%)|  8255 (~0%)|  72 (15%)|
    | + vit_transformer_layer_Pipeline_SCORES_I_SCORES_J_SCORES_K     |     -|  0.02|    3145735|  1.258e+07|         -|    3145735|         -|        no|        -|  8 (~0%)|   400 (~0%)|   774 (~0%)|         -|
    |  o SCORES_I_SCORES_J_SCORES_K                                   |     -|  2.92|    3145733|  1.258e+07|         7|          1|   3145728|       yes|        -|        -|           -|           -|         -|
    | + vit_transformer_layer_Pipeline_ATTN_O_I_ATTN_O_TILE_ATTN_O_J  |     -|  0.04|    3145735|  1.258e+07|         -|    3145735|         -|        no|        -|  8 (~0%)|   386 (~0%)|  1541 (~0%)|         -|
    |  o ATTN_O_I_ATTN_O_TILE_ATTN_O_J                                |     -|  2.92|    3145733|  1.258e+07|         7|          1|   3145728|       yes|        -|        -|           -|           -|         -|
    | + vit_transformer_layer_Pipeline_FFN2_I_FFN2_J_FFN2_K           |     -|  0.10|   18874375|  7.550e+07|         -|   18874375|         -|        no|        -|  4 (~0%)|   308 (~0%)|  1006 (~0%)|         -|
    |  o FFN2_I_FFN2_J_FFN2_K                                         |     -|  2.92|   18874373|  7.550e+07|         7|          1|  18874368|       yes|        -|        -|           -|           -|         -|
    | o QKV_I                                                         |     -|  2.92|   59867648|  2.395e+08|    233858|          -|       256|        no|        -|        -|           -|           -|         -|
    |  o QKV_J                                                        |     -|  2.92|     233856|  9.354e+05|       203|          -|      1152|        no|        -|        -|           -|           -|         -|
    |   + vit_transformer_layer_Pipeline_QKV_K                        |     -|  0.08|        199|    796.000|         -|        199|         -|        no|        -|  4 (~0%)|   273 (~0%)|   957 (~0%)|         -|
    |    o QKV_K                                                      |    II|  2.92|        197|    788.000|        10|          4|        48|       yes|        -|        -|           -|           -|         -|
    | o SOFTMAX_I                                                     |     -|  2.92|     204800|  8.192e+05|       800|          -|       256|        no|        -|        -|           -|           -|         -|
    |  + vit_transformer_layer_Pipeline_SM_MAX                        |     -|  0.29|        257|  1.028e+03|         -|        257|         -|        no|        -|        -|    28 (~0%)|   119 (~0%)|         -|
    |   o SM_MAX                                                      |     -|  2.92|        255|  1.020e+03|         2|          1|       255|       yes|        -|        -|           -|           -|         -|
    |  + vit_transformer_layer_Pipeline_SM_SHIFT                      |     -|  0.21|        259|  1.036e+03|         -|        259|         -|        no|        -|        -|    91 (~0%)|   195 (~0%)|         -|
    |   o SM_SHIFT                                                    |     -|  2.92|        257|  1.028e+03|         3|          1|       256|       yes|        -|        -|           -|           -|         -|
    |  + vit_transformer_layer_Pipeline_SM_NORM                       |     -|  0.15|        276|  1.104e+03|         -|        276|         -|        no|        -|        -|  1895 (~0%)|  1301 (~0%)|         -|
    |   o SM_NORM                                                     |     -|  2.92|        274|  1.096e+03|        20|          1|       256|       yes|        -|        -|           -|           -|         -|
    | o OUT_I                                                         |     -|  2.92|    5702144|  2.281e+07|     22274|          -|       256|        no|        -|        -|           -|           -|         -|
    |  o OUT_J                                                        |     -|  2.92|      22272|  8.909e+04|        58|          -|       384|        no|        -|        -|           -|           -|         -|
    |   + vit_transformer_layer_Pipeline_OUT_K                        |     -|  0.07|         54|    216.000|         -|         54|         -|        no|        -|  8 (~0%)|   207 (~0%)|   285 (~0%)|         -|
    |    o OUT_K                                                      |     -|  2.92|         52|    208.000|         6|          1|        48|       yes|        -|        -|           -|           -|         -|
    | o FFN1_I                                                        |     -|  2.92|   22807040|  9.123e+07|     89090|          -|       256|        no|        -|        -|           -|           -|         -|
    |  o FFN1_J                                                       |     -|  2.92|      89088|  3.564e+05|        58|          -|      1536|        no|        -|        -|           -|           -|         -|
    |   + vit_transformer_layer_Pipeline_FFN1_K                       |     -|  0.54|         54|    216.000|         -|         54|         -|        no|        -|  4 (~0%)|   161 (~0%)|   601 (~0%)|         -|
    |    o FFN1_K                                                     |     -|  2.92|         52|    208.000|         6|          1|        48|       yes|        -|        -|           -|           -|         -|
    +-----------------------------------------------------------------+------+------+-----------+-----------+----------+-----------+----------+----------+---------+---------+------------+------------+----------+


================================================================
== HW Interfaces
================================================================
* AP_MEMORY
+-------------------+-----------+----------+
| Port              | Direction | Bitwidth |
+-------------------+-----------+----------+
| W_ffn1_0_address0 | out       | 17       |
| W_ffn1_0_q0       | in        | 8        |
| W_ffn1_1_address0 | out       | 17       |
| W_ffn1_1_q0       | in        | 8        |
| W_ffn1_2_address0 | out       | 17       |
| W_ffn1_2_q0       | in        | 8        |
| W_ffn1_3_address0 | out       | 17       |
| W_ffn1_3_q0       | in        | 8        |
| W_ffn1_4_address0 | out       | 17       |
| W_ffn1_4_q0       | in        | 8        |
| W_ffn1_5_address0 | out       | 17       |
| W_ffn1_5_q0       | in        | 8        |
| W_ffn1_6_address0 | out       | 17       |
| W_ffn1_6_q0       | in        | 8        |
| W_ffn1_7_address0 | out       | 17       |
| W_ffn1_7_q0       | in        | 8        |
| W_ffn2_0_address0 | out       | 17       |
| W_ffn2_0_q0       | in        | 8        |
| W_ffn2_1_address0 | out       | 17       |
| W_ffn2_1_q0       | in        | 8        |
| W_ffn2_2_address0 | out       | 17       |
| W_ffn2_2_q0       | in        | 8        |
| W_ffn2_3_address0 | out       | 17       |
| W_ffn2_3_q0       | in        | 8        |
| W_ffn2_4_address0 | out       | 17       |
| W_ffn2_4_q0       | in        | 8        |
| W_ffn2_5_address0 | out       | 17       |
| W_ffn2_5_q0       | in        | 8        |
| W_ffn2_6_address0 | out       | 17       |
| W_ffn2_6_q0       | in        | 8        |
| W_ffn2_7_address0 | out       | 17       |
| W_ffn2_7_q0       | in        | 8        |
| W_out_0_address0  | out       | 15       |
| W_out_0_q0        | in        | 8        |
| W_out_1_address0  | out       | 15       |
| W_out_1_q0        | in        | 8        |
| W_out_2_address0  | out       | 15       |
| W_out_2_q0        | in        | 8        |
| W_out_3_address0  | out       | 15       |
| W_out_3_q0        | in        | 8        |
| W_out_4_address0  | out       | 15       |
| W_out_4_q0        | in        | 8        |
| W_out_5_address0  | out       | 15       |
| W_out_5_q0        | in        | 8        |
| W_out_6_address0  | out       | 15       |
| W_out_6_q0        | in        | 8        |
| W_out_7_address0  | out       | 15       |
| W_out_7_q0        | in        | 8        |
| W_qkv_0_address0  | out       | 16       |
| W_qkv_0_q0        | in        | 8        |
| W_qkv_1_address0  | out       | 16       |
| W_qkv_1_q0        | in        | 8        |
| W_qkv_2_address0  | out       | 16       |
| W_qkv_2_q0        | in        | 8        |
| W_qkv_3_address0  | out       | 16       |
| W_qkv_3_q0        | in        | 8        |
| W_qkv_4_address0  | out       | 16       |
| W_qkv_4_q0        | in        | 8        |
| W_qkv_5_address0  | out       | 16       |
| W_qkv_5_q0        | in        | 8        |
| W_qkv_6_address0  | out       | 16       |
| W_qkv_6_q0        | in        | 8        |
| W_qkv_7_address0  | out       | 16       |
| W_qkv_7_q0        | in        | 8        |
| out_r_address0    | out       | 17       |
| out_r_d0          | out       | 8        |
| x_address0        | out       | 17       |
| x_address1        | out       | 17       |
| x_q0              | in        | 8        |
| x_q1              | in        | 8        |
+-------------------+-----------+----------+

* TOP LEVEL CONTROL
+-----------+------------+-----------------------------------+
| Interface | Type       | Ports                             |
+-----------+------------+-----------------------------------+
| ap_clk    | clock      | ap_clk                            |
| ap_rst    | reset      | ap_rst                            |
| ap_ctrl   | ap_ctrl_hs | ap_done ap_idle ap_ready ap_start |
+-----------+------------+-----------------------------------+


================================================================
== SW I/O Information
================================================================
* Top Function Arguments
+----------+-----------+---------------------+
| Argument | Direction | Datatype            |
+----------+-----------+---------------------+
| x        | in        | signed char const * |
| W_qkv    | in        | signed char const * |
| W_out    | in        | signed char const * |
| W_ffn1   | in        | signed char const * |
| W_ffn2   | in        | signed char const * |
| out      | out       | signed char*        |
+----------+-----------+---------------------+

* SW-to-HW Mapping
+----------+-------------------+---------+----------+
| Argument | HW Interface      | HW Type | HW Usage |
+----------+-------------------+---------+----------+
| x        | x_address0        | port    | offset   |
| x        | x_ce0             | port    |          |
| x        | x_q0              | port    |          |
| x        | x_address1        | port    | offset   |
| x        | x_ce1             | port    |          |
| x        | x_q1              | port    |          |
| W_qkv    | W_qkv_0_address0  | port    | offset   |
| W_qkv    | W_qkv_0_ce0       | port    |          |
| W_qkv    | W_qkv_0_q0        | port    |          |
| W_qkv    | W_qkv_1_address0  | port    | offset   |
| W_qkv    | W_qkv_1_ce0       | port    |          |
| W_qkv    | W_qkv_1_q0        | port    |          |
| W_qkv    | W_qkv_2_address0  | port    | offset   |
| W_qkv    | W_qkv_2_ce0       | port    |          |
| W_qkv    | W_qkv_2_q0        | port    |          |
| W_qkv    | W_qkv_3_address0  | port    | offset   |
| W_qkv    | W_qkv_3_ce0       | port    |          |
| W_qkv    | W_qkv_3_q0        | port    |          |
| W_qkv    | W_qkv_4_address0  | port    | offset   |
| W_qkv    | W_qkv_4_ce0       | port    |          |
| W_qkv    | W_qkv_4_q0        | port    |          |
| W_qkv    | W_qkv_5_address0  | port    | offset   |
| W_qkv    | W_qkv_5_ce0       | port    |          |
| W_qkv    | W_qkv_5_q0        | port    |          |
| W_qkv    | W_qkv_6_address0  | port    | offset   |
| W_qkv    | W_qkv_6_ce0       | port    |          |
| W_qkv    | W_qkv_6_q0        | port    |          |
| W_qkv    | W_qkv_7_address0  | port    | offset   |
| W_qkv    | W_qkv_7_ce0       | port    |          |
| W_qkv    | W_qkv_7_q0        | port    |          |
| W_out    | W_out_0_address0  | port    | offset   |
| W_out    | W_out_0_ce0       | port    |          |
| W_out    | W_out_0_q0        | port    |          |
| W_out    | W_out_1_address0  | port    | offset   |
| W_out    | W_out_1_ce0       | port    |          |
| W_out    | W_out_1_q0        | port    |          |
| W_out    | W_out_2_address0  | port    | offset   |
| W_out    | W_out_2_ce0       | port    |          |
| W_out    | W_out_2_q0        | port    |          |
| W_out    | W_out_3_address0  | port    | offset   |
| W_out    | W_out_3_ce0       | port    |          |
| W_out    | W_out_3_q0        | port    |          |
| W_out    | W_out_4_address0  | port    | offset   |
| W_out    | W_out_4_ce0       | port    |          |
| W_out    | W_out_4_q0        | port    |          |
| W_out    | W_out_5_address0  | port    | offset   |
| W_out    | W_out_5_ce0       | port    |          |
| W_out    | W_out_5_q0        | port    |          |
| W_out    | W_out_6_address0  | port    | offset   |
| W_out    | W_out_6_ce0       | port    |          |
| W_out    | W_out_6_q0        | port    |          |
| W_out    | W_out_7_address0  | port    | offset   |
| W_out    | W_out_7_ce0       | port    |          |
| W_out    | W_out_7_q0        | port    |          |
| W_ffn1   | W_ffn1_0_address0 | port    | offset   |
| W_ffn1   | W_ffn1_0_ce0      | port    |          |
| W_ffn1   | W_ffn1_0_q0       | port    |          |
| W_ffn1   | W_ffn1_1_address0 | port    | offset   |
| W_ffn1   | W_ffn1_1_ce0      | port    |          |
| W_ffn1   | W_ffn1_1_q0       | port    |          |
| W_ffn1   | W_ffn1_2_address0 | port    | offset   |
| W_ffn1   | W_ffn1_2_ce0      | port    |          |
| W_ffn1   | W_ffn1_2_q0       | port    |          |
| W_ffn1   | W_ffn1_3_address0 | port    | offset   |
| W_ffn1   | W_ffn1_3_ce0      | port    |          |
| W_ffn1   | W_ffn1_3_q0       | port    |          |
| W_ffn1   | W_ffn1_4_address0 | port    | offset   |
| W_ffn1   | W_ffn1_4_ce0      | port    |          |
| W_ffn1   | W_ffn1_4_q0       | port    |          |
| W_ffn1   | W_ffn1_5_address0 | port    | offset   |
| W_ffn1   | W_ffn1_5_ce0      | port    |          |
| W_ffn1   | W_ffn1_5_q0       | port    |          |
| W_ffn1   | W_ffn1_6_address0 | port    | offset   |
| W_ffn1   | W_ffn1_6_ce0      | port    |          |
| W_ffn1   | W_ffn1_6_q0       | port    |          |
| W_ffn1   | W_ffn1_7_address0 | port    | offset   |
| W_ffn1   | W_ffn1_7_ce0      | port    |          |
| W_ffn1   | W_ffn1_7_q0       | port    |          |
| W_ffn2   | W_ffn2_0_address0 | port    | offset   |
| W_ffn2   | W_ffn2_0_ce0      | port    |          |
| W_ffn2   | W_ffn2_0_q0       | port    |          |
| W_ffn2   | W_ffn2_1_address0 | port    | offset   |
| W_ffn2   | W_ffn2_1_ce0      | port    |          |
| W_ffn2   | W_ffn2_1_q0       | port    |          |
| W_ffn2   | W_ffn2_2_address0 | port    | offset   |
| W_ffn2   | W_ffn2_2_ce0      | port    |          |
| W_ffn2   | W_ffn2_2_q0       | port    |          |
| W_ffn2   | W_ffn2_3_address0 | port    | offset   |
| W_ffn2   | W_ffn2_3_ce0      | port    |          |
| W_ffn2   | W_ffn2_3_q0       | port    |          |
| W_ffn2   | W_ffn2_4_address0 | port    | offset   |
| W_ffn2   | W_ffn2_4_ce0      | port    |          |
| W_ffn2   | W_ffn2_4_q0       | port    |          |
| W_ffn2   | W_ffn2_5_address0 | port    | offset   |
| W_ffn2   | W_ffn2_5_ce0      | port    |          |
| W_ffn2   | W_ffn2_5_q0       | port    |          |
| W_ffn2   | W_ffn2_6_address0 | port    | offset   |
| W_ffn2   | W_ffn2_6_ce0      | port    |          |
| W_ffn2   | W_ffn2_6_q0       | port    |          |
| W_ffn2   | W_ffn2_7_address0 | port    | offset   |
| W_ffn2   | W_ffn2_7_ce0      | port    |          |
| W_ffn2   | W_ffn2_7_q0       | port    |          |
| out      | out_r_address0    | port    | offset   |
| out      | out_r_ce0         | port    |          |
| out      | out_r_we0         | port    |          |
| out      | out_r_d0          | port    |          |
+----------+-------------------+---------+----------+


================================================================
== Bind Op Report
================================================================
+-----------------------------------------------------------------+-----+--------+----------------+--------+----------------+---------+
| Name                                                            | DSP | Pragma | Variable       | Op     | Impl           | Latency |
+-----------------------------------------------------------------+-----+--------+----------------+--------+----------------+---------+
| + vit_transformer_layer                                         | 36  |        |                |        |                |         |
|   add_ln56_fu_953_p2                                            |     |        | add_ln56       | add    | fabric         | 0       |
|   icmp_ln56_fu_959_p2                                           |     |        | icmp_ln56      | seteq  | auto           | 0       |
|   sub_ln64_fu_989_p2                                            |     |        | sub_ln64       | sub    | fabric         | 0       |
|   add_ln68_1_fu_1007_p2                                         |     |        | add_ln68_1     | add    | fabric         | 0       |
|   add_ln57_fu_1021_p2                                           |     |        | add_ln57       | add    | fabric         | 0       |
|   icmp_ln57_fu_1027_p2                                          |     |        | icmp_ln57      | seteq  | auto           | 0       |
|   add_ln68_fu_1051_p2                                           |     |        | add_ln68       | add    | fabric         | 0       |
|   add_ln95_fu_1137_p2                                           |     |        | add_ln95       | add    | fabric         | 0       |
|   icmp_ln95_fu_1143_p2                                          |     |        | icmp_ln95      | seteq  | auto           | 0       |
|   cmp144_fu_1204_p2                                             |     |        | cmp144         | setgt  | auto           | 0       |
|   add_ln152_fu_1214_p2                                          |     |        | add_ln152      | add    | fabric         | 0       |
|   icmp_ln152_fu_1220_p2                                         |     |        | icmp_ln152     | seteq  | auto           | 0       |
|   sub_ln160_fu_1250_p2                                          |     |        | sub_ln160      | sub    | fabric         | 0       |
|   add_ln153_fu_1264_p2                                          |     |        | add_ln153      | add    | fabric         | 0       |
|   icmp_ln153_fu_1270_p2                                         |     |        | icmp_ln153     | seteq  | auto           | 0       |
|   add_ln164_fu_1294_p2                                          |     |        | add_ln164      | add    | fabric         | 0       |
|   icmp_ln19_fu_1343_p2                                          |     |        | icmp_ln19      | setgt  | auto           | 0       |
|   icmp_ln19_1_fu_1349_p2                                        |     |        | icmp_ln19_1    | setlt  | auto           | 0       |
|   select_ln19_fu_1365_p3                                        |     |        | select_ln19    | select | auto_sel       | 0       |
|   or_ln19_fu_1373_p2                                            |     |        | or_ln19        | or     | auto           | 0       |
|   select_ln19_1_fu_1379_p3                                      |     |        | select_ln19_1  | select | auto_sel       | 0       |
|   add_ln172_fu_1431_p2                                          |     |        | add_ln172      | add    | fabric         | 0       |
|   icmp_ln172_fu_1437_p2                                         |     |        | icmp_ln172     | seteq  | auto           | 0       |
|   sub_ln180_fu_1467_p2                                          |     |        | sub_ln180      | sub    | fabric         | 0       |
|   sub_ln184_fu_1493_p2                                          |     |        | sub_ln184      | sub    | fabric         | 0       |
|   add_ln173_fu_1499_p2                                          |     |        | add_ln173      | add    | fabric         | 0       |
|   icmp_ln173_fu_1505_p2                                         |     |        | icmp_ln173     | seteq  | auto           | 0       |
|   add_ln184_fu_1529_p2                                          |     |        | add_ln184      | add    | fabric         | 0       |
|   icmp_ln184_fu_1558_p2                                         |     |        | icmp_ln184     | setgt  | auto           | 0       |
|   icmp_ln19_2_fu_1574_p2                                        |     |        | icmp_ln19_2    | setne  | auto           | 0       |
|   select_ln19_2_fu_1590_p3                                      |     |        | select_ln19_2  | select | auto_sel       | 0       |
|   select_ln184_fu_1598_p3                                       |     |        | select_ln184   | select | auto_sel       | 0       |
|  + vit_transformer_layer_Pipeline_SCORES_I_SCORES_J_SCORES_K    | 8   |        |                |        |                |         |
|    add_ln75_1_fu_413_p2                                         |     |        | add_ln75_1     | add    | fabric         | 0       |
|    icmp_ln75_fu_419_p2                                          |     |        | icmp_ln75      | seteq  | auto           | 0       |
|    add_ln75_fu_443_p2                                           |     |        | add_ln75       | add    | fabric         | 0       |
|    icmp_ln76_fu_449_p2                                          |     |        | icmp_ln76      | seteq  | auto           | 0       |
|    select_ln75_fu_455_p3                                        |     |        | select_ln75    | select | auto_sel       | 0       |
|    select_ln75_1_fu_463_p3                                      |     |        | select_ln75_1  | select | auto_sel       | 0       |
|    select_ln75_2_fu_935_p3                                      |     |        | select_ln75_2  | select | auto_sel       | 0       |
|    icmp_ln78_fu_471_p2                                          |     |        | icmp_ln78      | setlt  | auto           | 0       |
|    or_ln75_fu_477_p2                                            |     |        | or_ln75        | or     | auto           | 0       |
|    select_ln75_3_fu_483_p3                                      |     |        | select_ln75_3  | select | auto_sel       | 0       |
|    add_ln76_fu_495_p2                                           |     |        | add_ln76       | add    | fabric         | 0       |
|    k0_1_mid2_fu_501_p3                                          |     |        | k0_1_mid2      | select | auto_sel       | 0       |
|    acc_2_mid2_fu_942_p3                                         |     |        | acc_2_mid2     | select | auto_sel       | 0       |
|    select_ln76_fu_509_p3                                        |     |        | select_ln76    | select | auto_sel       | 0       |
|    add_ln88_fu_671_p2                                           |     |        | add_ln88       | add    | fabric         | 0       |
|    add_ln83_fu_697_p2                                           |     |        | add_ln83       | add    | fabric         | 0       |
|    mac_muladd_16s_16s_32s_32_4_1_U27                            | 1   |        | mul_ln86       | mul    | dsp_slice      | 3       |
|    mac_muladd_16s_16s_32s_32_4_1_U28                            | 1   |        | mul_ln86_1     | mul    | dsp_slice      | 3       |
|    mul_16s_16s_32_1_1_U23                                       | 1   |        | mul_ln86_2     | mul    | auto           | 0       |
|    mul_16s_16s_32_1_1_U24                                       | 1   |        | mul_ln86_3     | mul    | auto           | 0       |
|    mul_16s_16s_32_1_1_U25                                       | 1   |        | mul_ln86_4     | mul    | auto           | 0       |
|    mac_muladd_16s_16s_32s_32_4_1_U29                            | 1   |        | mul_ln86_5     | mul    | dsp_slice      | 3       |
|    mul_16s_16s_32_1_1_U26                                       | 1   |        | mul_ln86_6     | mul    | auto           | 0       |
|    mac_muladd_16s_16s_32s_32_4_1_U30                            | 1   |        | mul_ln86_7     | mul    | dsp_slice      | 3       |
|    mac_muladd_16s_16s_32s_32_4_1_U27                            | 1   |        | add_ln86       | add    | dsp_slice      | 3       |
|    mac_muladd_16s_16s_32s_32_4_1_U29                            | 1   |        | add_ln86_1     | add    | dsp_slice      | 3       |
|    add_ln86_2_fu_949_p2                                         |     |        | add_ln86_2     | add    | fabric         | 0       |
|    mac_muladd_16s_16s_32s_32_4_1_U30                            | 1   |        | add_ln86_3     | add    | dsp_slice      | 3       |
|    mac_muladd_16s_16s_32s_32_4_1_U28                            | 1   |        | add_ln86_4     | add    | dsp_slice      | 3       |
|    add_ln86_5_fu_953_p2                                         |     |        | add_ln86_5     | add    | fabric         | 0       |
|    add_ln78_fu_527_p2                                           |     |        | add_ln78       | add    | fabric         | 0       |
|    icmp_ln78_1_fu_533_p2                                        |     |        | icmp_ln78_1    | setlt  | auto           | 0       |
|    icmp_ln20_fu_989_p2                                          |     |        | icmp_ln20      | setgt  | auto           | 0       |
|    icmp_ln20_1_fu_1011_p2                                       |     |        | icmp_ln20_1    | setlt  | auto           | 0       |
|    select_ln20_fu_1025_p3                                       |     |        | select_ln20    | select | auto_sel       | 0       |
|    or_ln20_fu_1032_p2                                           |     |        | or_ln20        | or     | auto           | 0       |
|    select_ln20_1_fu_1037_p3                                     |     |        | select_ln20_1  | select | auto_sel       | 0       |
|    add_ln76_1_fu_539_p2                                         |     |        | add_ln76_1     | add    | fabric         | 0       |
|    select_ln76_1_fu_545_p3                                      |     |        | select_ln76_1  | select | auto_sel       | 0       |
|  + vit_transformer_layer_Pipeline_QKV_K                         | 4   |        |                |        |                |         |
|    icmp_ln59_fu_350_p2                                          |     |        | icmp_ln59      | setlt  | auto           | 0       |
|    add_ln59_fu_356_p2                                           |     |        | add_ln59       | add    | fabric         | 0       |
|    add_ln64_fu_588_p2                                           |     |        | add_ln64       | add    | fabric         | 0       |
|    add_ln64_2_fu_440_p2                                         |     |        | add_ln64_2     | add    | fabric         | 0       |
|    add_ln64_3_fu_620_p2                                         |     |        | add_ln64_3     | add    | fabric         | 0       |
|    add_ln64_4_fu_481_p2                                         |     |        | add_ln64_4     | add    | fabric         | 0       |
|    add_ln64_5_fu_660_p2                                         |     |        | add_ln64_5     | add    | fabric         | 0       |
|    add_ln64_6_fu_546_p2                                         |     |        | add_ln64_6     | add    | fabric         | 0       |
|    add_ln64_7_fu_692_p2                                         |     |        | add_ln64_7     | add    | fabric         | 0       |
|    add_ln64_8_fu_571_p2                                         |     |        | add_ln64_8     | add    | fabric         | 0       |
|    mac_muladd_8s_8s_16s_17_4_1_U5                               | 1   |        | mul_ln66       | mul    | dsp_slice      | 3       |
|    mac_muladd_8s_8s_16s_17_4_1_U5                               | 1   |        | sext_ln66_1    | sext   | dsp_slice      | 3       |
|    mac_muladd_8s_8s_16s_17_4_1_U8                               | 1   |        | mul_ln66_1     | mul    | dsp_slice      | 3       |
|    mac_muladd_8s_8s_16s_17_4_1_U8                               | 1   |        | sext_ln66_2    | sext   | dsp_slice      | 3       |
|    mul_8s_8s_16_1_1_U1                                          |     |        | mul_ln66_2     | mul    | auto           | 0       |
|    mul_8s_8s_16_1_1_U2                                          |     |        | mul_ln66_3     | mul    | auto           | 0       |
|    mul_8s_8s_16_1_1_U3                                          |     |        | mul_ln66_4     | mul    | auto           | 0       |
|    mac_muladd_8s_8s_16s_17_4_1_U7                               | 1   |        | mul_ln66_5     | mul    | dsp_slice      | 3       |
|    mac_muladd_8s_8s_16s_17_4_1_U7                               | 1   |        | sext_ln66_6    | sext   | dsp_slice      | 3       |
|    mul_8s_8s_16_1_1_U4                                          |     |        | mul_ln66_6     | mul    | auto           | 0       |
|    mac_muladd_8s_8s_16s_17_4_1_U6                               | 1   |        | mul_ln66_7     | mul    | dsp_slice      | 3       |
|    mac_muladd_8s_8s_16s_17_4_1_U6                               | 1   |        | sext_ln66_8    | sext   | dsp_slice      | 3       |
|    mac_muladd_8s_8s_16s_17_4_1_U5                               | 1   |        | add_ln66       | add    | dsp_slice      | 3       |
|    mac_muladd_8s_8s_16s_17_4_1_U7                               | 1   |        | add_ln66_1     | add    | dsp_slice      | 3       |
|    add_ln66_2_fu_847_p2                                         |     |        | add_ln66_2     | add    | fabric         | 0       |
|    mac_muladd_8s_8s_16s_17_4_1_U6                               | 1   |        | add_ln66_3     | add    | dsp_slice      | 3       |
|    mac_muladd_8s_8s_16s_17_4_1_U8                               | 1   |        | add_ln66_4     | add    | dsp_slice      | 3       |
|    add_ln66_5_fu_862_p2                                         |     |        | add_ln66_5     | add    | fabric         | 0       |
|    add_ln66_6_fu_872_p2                                         |     |        | add_ln66_6     | add    | fabric         | 0       |
|    acc_2_fu_887_p2                                              |     |        | acc_2          | add    | fabric         | 0       |
|  + vit_transformer_layer_Pipeline_ATTN_O_I_ATTN_O_TILE_ATTN_O_J | 8   |        |                |        |                |         |
|    add_ln124_1_fu_553_p2                                        |     |        | add_ln124_1    | add    | fabric         | 0       |
|    icmp_ln124_fu_559_p2                                         |     |        | icmp_ln124     | seteq  | auto           | 0       |
|    add_ln124_fu_733_p2                                          |     |        | add_ln124      | add    | fabric         | 0       |
|    icmp_ln126_fu_595_p2                                         |     |        | icmp_ln126     | seteq  | auto           | 0       |
|    select_ln124_fu_601_p3                                       |     |        | select_ln124   | select | auto_sel       | 0       |
|    xor_ln124_fu_609_p2                                          |     |        | xor_ln124      | xor    | auto           | 0       |
|    icmp_ln133_fu_615_p2                                         |     |        | icmp_ln133     | seteq  | auto           | 0       |
|    and_ln124_fu_621_p2                                          |     |        | and_ln124      | and    | auto           | 0       |
|    select_ln124_1_fu_739_p3                                     |     |        | select_ln124_1 | select | auto_sel       | 0       |
|    add_ln126_fu_627_p2                                          |     |        | add_ln126      | add    | fabric         | 0       |
|    empty_36_fu_633_p2                                           |     |        | empty_36       | or     | auto           | 0       |
|    j_5_mid2_fu_639_p3                                           |     |        | j_5_mid2       | select | auto_sel       | 0       |
|    grp_fu_1860_p2                                               |     |        | p_mid2         | select | auto_sel       | 0       |
|    grp_fu_1847_p2                                               |     |        | p_mid220       | select | auto_sel       | 0       |
|    grp_fu_1834_p2                                               |     |        | p_mid221       | select | auto_sel       | 0       |
|    grp_fu_1821_p2                                               |     |        | p_mid222       | select | auto_sel       | 0       |
|    grp_fu_1808_p2                                               |     |        | p_mid223       | select | auto_sel       | 0       |
|    grp_fu_1795_p2                                               |     |        | p_mid224       | select | auto_sel       | 0       |
|    grp_fu_1782_p2                                               |     |        | p_mid225       | select | auto_sel       | 0       |
|    grp_fu_1769_p2                                               |     |        | p_mid226       | select | auto_sel       | 0       |
|    select_ln126_fu_647_p3                                       |     |        | select_ln126   | select | auto_sel       | 0       |
|    empty_37_fu_800_p2                                           |     |        | empty_37       | add    | fabric         | 0       |
|    add_ln135_fu_855_p2                                          |     |        | add_ln135      | add    | fabric         | 0       |
|    mac_muladd_16s_16s_32ns_32_4_1_U58                           | 1   |        | mul_ln138      | mul    | dsp_slice      | 3       |
|    mac_muladd_16s_16s_32ns_32_4_1_U58                           | 1   |        | add_ln138      | add    | dsp_slice      | 3       |
|    mac_muladd_16s_16s_32ns_32_4_1_U59                           | 1   |        | mul_ln138_1    | mul    | dsp_slice      | 3       |
|    mac_muladd_16s_16s_32ns_32_4_1_U59                           | 1   |        | add_ln138_1    | add    | dsp_slice      | 3       |
|    mac_muladd_16s_16s_32ns_32_4_1_U60                           | 1   |        | mul_ln138_2    | mul    | dsp_slice      | 3       |
|    mac_muladd_16s_16s_32ns_32_4_1_U60                           | 1   |        | add_ln138_2    | add    | dsp_slice      | 3       |
|    mac_muladd_16s_16s_32ns_32_4_1_U61                           | 1   |        | mul_ln138_3    | mul    | dsp_slice      | 3       |
|    mac_muladd_16s_16s_32ns_32_4_1_U61                           | 1   |        | add_ln138_3    | add    | dsp_slice      | 3       |
|    mac_muladd_16s_16s_32ns_32_4_1_U62                           | 1   |        | mul_ln138_4    | mul    | dsp_slice      | 3       |
|    mac_muladd_16s_16s_32ns_32_4_1_U62                           | 1   |        | add_ln138_4    | add    | dsp_slice      | 3       |
|    mac_muladd_16s_16s_32ns_32_4_1_U63                           | 1   |        | mul_ln138_5    | mul    | dsp_slice      | 3       |
|    mac_muladd_16s_16s_32ns_32_4_1_U63                           | 1   |        | add_ln138_5    | add    | dsp_slice      | 3       |
|    mac_muladd_16s_16s_32ns_32_4_1_U64                           | 1   |        | mul_ln138_6    | mul    | dsp_slice      | 3       |
|    mac_muladd_16s_16s_32ns_32_4_1_U64                           | 1   |        | add_ln138_6    | add    | dsp_slice      | 3       |
|    mac_muladd_16s_16s_32ns_32_4_1_U65                           | 1   |        | mul_ln138_7    | mul    | dsp_slice      | 3       |
|    mac_muladd_16s_16s_32ns_32_4_1_U65                           | 1   |        | add_ln138_7    | add    | dsp_slice      | 3       |
|    add_ln133_fu_665_p2                                          |     |        | add_ln133      | add    | fabric         | 0       |
|    icmp_ln133_1_fu_671_p2                                       |     |        | icmp_ln133_1   | seteq  | auto           | 0       |
|    icmp_ln20_fu_1147_p2                                         |     |        | icmp_ln20      | seteq  | auto           | 0       |
|    icmp_ln20_2_fu_1153_p2                                       |     |        | icmp_ln20_2    | setlt  | auto           | 0       |
|    select_ln20_fu_1168_p3                                       |     |        | select_ln20    | select | auto_sel       | 0       |
|    or_ln20_fu_1176_p2                                           |     |        | or_ln20        | or     | auto           | 0       |
|    select_ln20_2_fu_1182_p3                                     |     |        | select_ln20_2  | select | auto_sel       | 0       |
|    icmp_ln20_3_fu_1209_p2                                       |     |        | icmp_ln20_3    | seteq  | auto           | 0       |
|    icmp_ln20_4_fu_1215_p2                                       |     |        | icmp_ln20_4    | setlt  | auto           | 0       |
|    select_ln20_3_fu_1230_p3                                     |     |        | select_ln20_3  | select | auto_sel       | 0       |
|    or_ln20_1_fu_1238_p2                                         |     |        | or_ln20_1      | or     | auto           | 0       |
|    select_ln20_4_fu_1244_p3                                     |     |        | select_ln20_4  | select | auto_sel       | 0       |
|    icmp_ln20_5_fu_1271_p2                                       |     |        | icmp_ln20_5    | seteq  | auto           | 0       |
|    icmp_ln20_6_fu_1277_p2                                       |     |        | icmp_ln20_6    | setlt  | auto           | 0       |
|    select_ln20_5_fu_1292_p3                                     |     |        | select_ln20_5  | select | auto_sel       | 0       |
|    or_ln20_2_fu_1300_p2                                         |     |        | or_ln20_2      | or     | auto           | 0       |
|    select_ln20_6_fu_1306_p3                                     |     |        | select_ln20_6  | select | auto_sel       | 0       |
|    icmp_ln20_7_fu_1333_p2                                       |     |        | icmp_ln20_7    | seteq  | auto           | 0       |
|    icmp_ln20_8_fu_1339_p2                                       |     |        | icmp_ln20_8    | setlt  | auto           | 0       |
|    select_ln20_7_fu_1354_p3                                     |     |        | select_ln20_7  | select | auto_sel       | 0       |
|    or_ln20_3_fu_1362_p2                                         |     |        | or_ln20_3      | or     | auto           | 0       |
|    select_ln20_8_fu_1368_p3                                     |     |        | select_ln20_8  | select | auto_sel       | 0       |
|    icmp_ln20_9_fu_1395_p2                                       |     |        | icmp_ln20_9    | seteq  | auto           | 0       |
|    icmp_ln20_10_fu_1401_p2                                      |     |        | icmp_ln20_10   | setlt  | auto           | 0       |
|    select_ln20_9_fu_1416_p3                                     |     |        | select_ln20_9  | select | auto_sel       | 0       |
|    or_ln20_4_fu_1424_p2                                         |     |        | or_ln20_4      | or     | auto           | 0       |
|    select_ln20_10_fu_1430_p3                                    |     |        | select_ln20_10 | select | auto_sel       | 0       |
|    icmp_ln20_11_fu_1457_p2                                      |     |        | icmp_ln20_11   | seteq  | auto           | 0       |
|    icmp_ln20_12_fu_1463_p2                                      |     |        | icmp_ln20_12   | setlt  | auto           | 0       |
|    select_ln20_11_fu_1478_p3                                    |     |        | select_ln20_11 | select | auto_sel       | 0       |
|    or_ln20_5_fu_1486_p2                                         |     |        | or_ln20_5      | or     | auto           | 0       |
|    select_ln20_12_fu_1492_p3                                    |     |        | select_ln20_12 | select | auto_sel       | 0       |
|    icmp_ln20_13_fu_1519_p2                                      |     |        | icmp_ln20_13   | seteq  | auto           | 0       |
|    icmp_ln20_14_fu_1525_p2                                      |     |        | icmp_ln20_14   | setlt  | auto           | 0       |
|    select_ln20_13_fu_1540_p3                                    |     |        | select_ln20_13 | select | auto_sel       | 0       |
|    or_ln20_6_fu_1548_p2                                         |     |        | or_ln20_6      | or     | auto           | 0       |
|    select_ln20_14_fu_1554_p3                                    |     |        | select_ln20_14 | select | auto_sel       | 0       |
|    icmp_ln20_15_fu_1581_p2                                      |     |        | icmp_ln20_15   | seteq  | auto           | 0       |
|    icmp_ln20_16_fu_1587_p2                                      |     |        | icmp_ln20_16   | setlt  | auto           | 0       |
|    select_ln20_15_fu_1602_p3                                    |     |        | select_ln20_15 | select | auto_sel       | 0       |
|    or_ln20_7_fu_1610_p2                                         |     |        | or_ln20_7      | or     | auto           | 0       |
|    select_ln20_16_fu_1616_p3                                    |     |        | select_ln20_16 | select | auto_sel       | 0       |
|    add_ln126_1_fu_677_p2                                        |     |        | add_ln126_1    | add    | fabric         | 0       |
|    select_ln126_1_fu_683_p3                                     |     |        | select_ln126_1 | select | auto_sel       | 0       |
|  + vit_transformer_layer_Pipeline_SM_MAX                        | 0   |        |                |        |                |         |
|    icmp_ln98_fu_108_p2                                          |     |        | icmp_ln98      | seteq  | auto           | 0       |
|    add_ln98_fu_114_p2                                           |     |        | add_ln98       | add    | fabric         | 0       |
|    add_ln100_fu_124_p2                                          |     |        | add_ln100      | add    | fabric         | 0       |
|    icmp_ln100_fu_157_p2                                         |     |        | icmp_ln100     | setgt  | auto           | 0       |
|    m_2_fu_163_p3                                                |     |        | m_2            | select | auto_sel       | 0       |
|  + vit_transformer_layer_Pipeline_SM_SHIFT                      | 0   |        |                |        |                |         |
|    add_ln105_fu_137_p2                                          |     |        | add_ln105      | add    | fabric         | 0       |
|    icmp_ln105_fu_143_p2                                         |     |        | icmp_ln105     | seteq  | auto           | 0       |
|    add_ln107_fu_153_p2                                          |     |        | add_ln107      | add    | fabric         | 0       |
|    sub_neg_fu_184_p2                                            |     |        | sub_neg        | sub    | fabric         | 0       |
|    diff_fu_193_p2                                               |     |        | diff           | add    | fabric         | 0       |
|    icmp_ln108_fu_199_p2                                         |     |        | icmp_ln108     | setgt  | auto           | 0       |
|    s_fu_219_p3                                                  |     |        | s              | select | auto_sel       | 0       |
|    sum_1_fu_238_p2                                              |     |        | sum_1          | add    | fabric         | 0       |
|  + vit_transformer_layer_Pipeline_SM_NORM                       | 0   |        |                |        |                |         |
|    add_ln113_fu_134_p2                                          |     |        | add_ln113      | add    | fabric         | 0       |
|    icmp_ln113_fu_140_p2                                         |     |        | icmp_ln113     | seteq  | auto           | 0       |
|    add_ln115_fu_193_p2                                          |     |        | add_ln115      | add    | fabric         | 0       |
|    grp_fu_185_p0                                                |     |        | sub_ln115      | sub    | fabric         | 0       |
|    sdiv_31ns_24s_16_19_1_U51                                    |     |        | sdiv_ln115     | sdiv   | vivado_divider | 18      |
|  + vit_transformer_layer_Pipeline_OUT_K                         | 8   |        |                |        |                |         |
|    icmp_ln155_fu_359_p2                                         |     |        | icmp_ln155     | setlt  | auto           | 0       |
|    add_ln155_fu_365_p2                                          |     |        | add_ln155      | add    | fabric         | 0       |
|    add_ln160_1_fu_425_p2                                        |     |        | add_ln160_1    | add    | fabric         | 0       |
|    mac_muladd_16s_8s_24s_25_4_1_U88                             | 1   |        | mul_ln162      | mul    | dsp_slice      | 3       |
|    mac_muladd_16s_8s_24s_25_4_1_U88                             | 1   |        | sext_ln162_1   | sext   | dsp_slice      | 3       |
|    mac_muladd_16s_8s_24s_25_4_1_U89                             | 1   |        | mul_ln162_1    | mul    | dsp_slice      | 3       |
|    mac_muladd_16s_8s_24s_25_4_1_U89                             | 1   |        | sext_ln162_2   | sext   | dsp_slice      | 3       |
|    mul_16s_8s_24_1_1_U84                                        | 1   |        | mul_ln162_2    | mul    | auto           | 0       |
|    mul_16s_8s_24_1_1_U85                                        | 1   |        | mul_ln162_3    | mul    | auto           | 0       |
|    mul_16s_8s_24_1_1_U86                                        | 1   |        | mul_ln162_4    | mul    | auto           | 0       |
|    mac_muladd_16s_8s_24s_25_4_1_U90                             | 1   |        | mul_ln162_5    | mul    | dsp_slice      | 3       |
|    mac_muladd_16s_8s_24s_25_4_1_U90                             | 1   |        | sext_ln162_6   | sext   | dsp_slice      | 3       |
|    mul_16s_8s_24_1_1_U87                                        | 1   |        | mul_ln162_6    | mul    | auto           | 0       |
|    mac_muladd_16s_8s_24s_25_4_1_U91                             | 1   |        | mul_ln162_7    | mul    | dsp_slice      | 3       |
|    mac_muladd_16s_8s_24s_25_4_1_U91                             | 1   |        | sext_ln162_8   | sext   | dsp_slice      | 3       |
|    mac_muladd_16s_8s_24s_25_4_1_U88                             | 1   |        | add_ln162      | add    | dsp_slice      | 3       |
|    mac_muladd_16s_8s_24s_25_4_1_U90                             | 1   |        | add_ln162_1    | add    | dsp_slice      | 3       |
|    add_ln162_2_fu_681_p2                                        |     |        | add_ln162_2    | add    | fabric         | 0       |
|    mac_muladd_16s_8s_24s_25_4_1_U91                             | 1   |        | add_ln162_3    | add    | dsp_slice      | 3       |
|    mac_muladd_16s_8s_24s_25_4_1_U89                             | 1   |        | add_ln162_4    | add    | dsp_slice      | 3       |
|    add_ln162_5_fu_697_p2                                        |     |        | add_ln162_5    | add    | fabric         | 0       |
|    add_ln162_6_fu_707_p2                                        |     |        | add_ln162_6    | add    | fabric         | 0       |
|    acc_3_fu_722_p2                                              |     |        | acc_3          | add    | fabric         | 0       |
|  + vit_transformer_layer_Pipeline_FFN2_I_FFN2_J_FFN2_K          | 4   |        |                |        |                |         |
|    add_ln192_1_fu_451_p2                                        |     |        | add_ln192_1    | add    | fabric         | 0       |
|    icmp_ln192_fu_457_p2                                         |     |        | icmp_ln192     | seteq  | auto           | 0       |
|    add_ln192_fu_615_p2                                          |     |        | add_ln192      | add    | fabric         | 0       |
|    icmp_ln193_fu_475_p2                                         |     |        | icmp_ln193     | seteq  | auto           | 0       |
|    select_ln192_fu_481_p3                                       |     |        | select_ln192   | select | auto_sel       | 0       |
|    select_ln192_1_fu_489_p3                                     |     |        | select_ln192_1 | select | auto_sel       | 0       |
|    select_ln192_2_fu_1037_p3                                    |     |        | select_ln192_2 | select | auto_sel       | 0       |
|    icmp_ln195_fu_497_p2                                         |     |        | icmp_ln195     | setlt  | auto           | 0       |
|    or_ln192_fu_503_p2                                           |     |        | or_ln192       | or     | auto           | 0       |
|    select_ln192_3_fu_621_p3                                     |     |        | select_ln192_3 | select | auto_sel       | 0       |
|    add_ln193_fu_509_p2                                          |     |        | add_ln193      | add    | fabric         | 0       |
|    k0_4_mid2_fu_515_p3                                          |     |        | k0_4_mid2      | select | auto_sel       | 0       |
|    acc_8_mid2_fu_1044_p3                                        |     |        | acc_8_mid2     | select | auto_sel       | 0       |
|    select_ln193_fu_523_p3                                       |     |        | select_ln193   | select | auto_sel       | 0       |
|    mac_muladd_8s_7ns_15s_16_4_1_U144                            | 1   |        | mul_ln202      | mul    | dsp_slice      | 3       |
|    mac_muladd_8s_7ns_15s_16_4_1_U144                            | 1   |        | sext_ln202_1   | sext   | dsp_slice      | 3       |
|    mac_muladd_8s_7ns_15s_16_4_1_U145                            | 1   |        | mul_ln202_1    | mul    | dsp_slice      | 3       |
|    mac_muladd_8s_7ns_15s_16_4_1_U145                            | 1   |        | sext_ln202_2   | sext   | dsp_slice      | 3       |
|    mul_8s_7ns_15_1_1_U140                                       |     |        | mul_ln202_2    | mul    | auto           | 0       |
|    mul_8s_7ns_15_1_1_U141                                       |     |        | mul_ln202_3    | mul    | auto           | 0       |
|    mul_8s_7ns_15_1_1_U142                                       |     |        | mul_ln202_4    | mul    | auto           | 0       |
|    mac_muladd_8s_7ns_15s_16_4_1_U146                            | 1   |        | mul_ln202_5    | mul    | dsp_slice      | 3       |
|    mac_muladd_8s_7ns_15s_16_4_1_U146                            | 1   |        | sext_ln202_6   | sext   | dsp_slice      | 3       |
|    mul_8s_7ns_15_1_1_U143                                       |     |        | mul_ln202_6    | mul    | auto           | 0       |
|    mac_muladd_8s_7ns_15s_16_4_1_U147                            | 1   |        | mul_ln202_7    | mul    | dsp_slice      | 3       |
|    mac_muladd_8s_7ns_15s_16_4_1_U147                            | 1   |        | sext_ln202_8   | sext   | dsp_slice      | 3       |
|    mac_muladd_8s_7ns_15s_16_4_1_U144                            | 1   |        | add_ln202      | add    | dsp_slice      | 3       |
|    mac_muladd_8s_7ns_15s_16_4_1_U146                            | 1   |        | add_ln202_1    | add    | dsp_slice      | 3       |
|    add_ln202_2_fu_999_p2                                        |     |        | add_ln202_2    | add    | fabric         | 0       |
|    mac_muladd_8s_7ns_15s_16_4_1_U147                            | 1   |        | add_ln202_3    | add    | dsp_slice      | 3       |
|    mac_muladd_8s_7ns_15s_16_4_1_U145                            | 1   |        | add_ln202_4    | add    | dsp_slice      | 3       |
|    add_ln202_5_fu_1015_p2                                       |     |        | add_ln202_5    | add    | fabric         | 0       |
|    add_ln202_6_fu_1025_p2                                       |     |        | add_ln202_6    | add    | fabric         | 0       |
|    acc_4_fu_1058_p2                                             |     |        | acc_4          | add    | fabric         | 0       |
|    add_ln195_fu_541_p2                                          |     |        | add_ln195      | add    | fabric         | 0       |
|    icmp_ln195_1_fu_784_p2                                       |     |        | icmp_ln195_1   | setlt  | auto           | 0       |
|    icmp_ln19_fu_1084_p2                                         |     |        | icmp_ln19      | setgt  | auto           | 0       |
|    icmp_ln19_1_fu_1090_p2                                       |     |        | icmp_ln19_1    | setlt  | auto           | 0       |
|    select_ln19_fu_1106_p3                                       |     |        | select_ln19    | select | auto_sel       | 0       |
|    or_ln19_fu_1114_p2                                           |     |        | or_ln19        | or     | auto           | 0       |
|    select_ln19_1_fu_1120_p3                                     |     |        | select_ln19_1  | select | auto_sel       | 0       |
|    add_ln193_1_fu_547_p2                                        |     |        | add_ln193_1    | add    | fabric         | 0       |
|    select_ln193_1_fu_553_p3                                     |     |        | select_ln193_1 | select | auto_sel       | 0       |
|  + vit_transformer_layer_Pipeline_FFN1_K                        | 4   |        |                |        |                |         |
|    icmp_ln175_fu_361_p2                                         |     |        | icmp_ln175     | setlt  | auto           | 0       |
|    add_ln175_fu_367_p2                                          |     |        | add_ln175      | add    | fabric         | 0       |
|    add_ln180_1_fu_427_p2                                        |     |        | add_ln180_1    | add    | fabric         | 0       |
|    mac_muladd_8s_8s_16s_17_4_1_U117                             | 1   |        | mul_ln180      | mul    | dsp_slice      | 3       |
|    mac_muladd_8s_8s_16s_17_4_1_U117                             | 1   |        | sext_ln180_16  | sext   | dsp_slice      | 3       |
|    mul_8s_8s_16_1_1_U113                                        |     |        | mul_ln180_1    | mul    | auto           | 0       |
|    mul_8s_8s_16_1_1_U114                                        |     |        | mul_ln180_2    | mul    | auto           | 0       |
|    mul_8s_8s_16_1_1_U115                                        |     |        | mul_ln180_3    | mul    | auto           | 0       |
|    mac_muladd_8s_8s_16s_17_4_1_U118                             | 1   |        | mul_ln180_4    | mul    | dsp_slice      | 3       |
|    mac_muladd_8s_8s_16s_17_4_1_U118                             | 1   |        | sext_ln180_20  | sext   | dsp_slice      | 3       |
|    mac_muladd_8s_8s_16s_17_4_1_U119                             | 1   |        | mul_ln180_5    | mul    | dsp_slice      | 3       |
|    mac_muladd_8s_8s_16s_17_4_1_U119                             | 1   |        | sext_ln180_21  | sext   | dsp_slice      | 3       |
|    mac_muladd_8s_8s_16s_17_4_1_U120                             | 1   |        | mul_ln180_6    | mul    | dsp_slice      | 3       |
|    mac_muladd_8s_8s_16s_17_4_1_U120                             | 1   |        | sext_ln180_22  | sext   | dsp_slice      | 3       |
|    mul_8s_8s_16_1_1_U116                                        |     |        | mul_ln180_7    | mul    | auto           | 0       |
|    mac_muladd_8s_8s_16s_17_4_1_U120                             | 1   |        | add_ln182      | add    | dsp_slice      | 3       |
|    mac_muladd_8s_8s_16s_17_4_1_U118                             | 1   |        | add_ln182_1    | add    | dsp_slice      | 3       |
|    add_ln182_2_fu_683_p2                                        |     |        | add_ln182_2    | add    | fabric         | 0       |
|    mac_muladd_8s_8s_16s_17_4_1_U119                             | 1   |        | add_ln182_3    | add    | dsp_slice      | 3       |
|    mac_muladd_8s_8s_16s_17_4_1_U117                             | 1   |        | add_ln182_4    | add    | dsp_slice      | 3       |
|    add_ln182_5_fu_699_p2                                        |     |        | add_ln182_5    | add    | fabric         | 0       |
|    add_ln182_6_fu_709_p2                                        |     |        | add_ln182_6    | add    | fabric         | 0       |
|    acc_5_fu_724_p2                                              |     |        | acc_5          | add    | fabric         | 0       |
+-----------------------------------------------------------------+-----+--------+----------------+--------+----------------+---------+


================================================================
== Storage Report
================================================================
+-------------------------+---------------+------+------+------+--------+-----------+------+---------+------------------+
| Name                    | Usage         | Type | BRAM | URAM | Pragma | Variable  | Impl | Latency | Bitwidth, Depth, |
|                         |               |      |      |      |        |           |      |         | Banks            |
+-------------------------+---------------+------+------+------+--------+-----------+------+---------+------------------+
| + vit_transformer_layer |               |      | 1    | 72   |        |           |      |         |                  |
|   qkv_U                 | ram_s2p array |      |      | 4    |        | qkv       | auto | 1       | 16, 36864, 1     |
|   qkv_1_U               | ram_s2p array |      |      | 4    |        | qkv_1     | auto | 1       | 16, 36864, 1     |
|   qkv_2_U               | ram_s2p array |      |      | 4    |        | qkv_2     | auto | 1       | 16, 36864, 1     |
|   qkv_3_U               | ram_s2p array |      |      | 4    |        | qkv_3     | auto | 1       | 16, 36864, 1     |
|   qkv_4_U               | ram_s2p array |      |      | 4    |        | qkv_4     | auto | 1       | 16, 36864, 1     |
|   qkv_5_U               | ram_s2p array |      |      | 4    |        | qkv_5     | auto | 1       | 16, 36864, 1     |
|   qkv_6_U               | ram_s2p array |      |      | 4    |        | qkv_6     | auto | 1       | 16, 36864, 1     |
|   qkv_7_U               | ram_s2p array |      |      | 4    |        | qkv_7     | auto | 1       | 16, 36864, 1     |
|   scores_U              | ram_1p array  |      |      | 4    |        | scores    | auto | 1       | 16, 65536, 1     |
|   attn_w_U              | ram_1p array  |      |      | 4    |        | attn_w    | auto | 1       | 16, 65536, 1     |
|   attn_o_U              | ram_1p array  |      |      | 1    |        | attn_o    | auto | 1       | 16, 12288, 1     |
|   attn_o_1_U            | ram_1p array  |      |      | 1    |        | attn_o_1  | auto | 1       | 16, 12288, 1     |
|   attn_o_2_U            | ram_1p array  |      |      | 1    |        | attn_o_2  | auto | 1       | 16, 12288, 1     |
|   attn_o_3_U            | ram_1p array  |      |      | 1    |        | attn_o_3  | auto | 1       | 16, 12288, 1     |
|   attn_o_4_U            | ram_1p array  |      |      | 1    |        | attn_o_4  | auto | 1       | 16, 12288, 1     |
|   attn_o_5_U            | ram_1p array  |      |      | 1    |        | attn_o_5  | auto | 1       | 16, 12288, 1     |
|   attn_o_6_U            | ram_1p array  |      |      | 1    |        | attn_o_6  | auto | 1       | 16, 12288, 1     |
|   attn_o_7_U            | ram_1p array  |      |      | 1    |        | attn_o_7  | auto | 1       | 16, 12288, 1     |
|   mha_out_U             | ram_1p array  |      |      | 1    |        | mha_out   | auto | 1       | 8, 12288, 1      |
|   mha_out_1_U           | ram_1p array  |      |      | 1    |        | mha_out_1 | auto | 1       | 8, 12288, 1      |
|   mha_out_2_U           | ram_1p array  |      |      | 1    |        | mha_out_2 | auto | 1       | 8, 12288, 1      |
|   mha_out_3_U           | ram_1p array  |      |      | 1    |        | mha_out_3 | auto | 1       | 8, 12288, 1      |
|   mha_out_4_U           | ram_1p array  |      |      | 1    |        | mha_out_4 | auto | 1       | 8, 12288, 1      |
|   mha_out_5_U           | ram_1p array  |      |      | 1    |        | mha_out_5 | auto | 1       | 8, 12288, 1      |
|   mha_out_6_U           | ram_1p array  |      |      | 1    |        | mha_out_6 | auto | 1       | 8, 12288, 1      |
|   mha_out_7_U           | ram_1p array  |      |      | 1    |        | mha_out_7 | auto | 1       | 8, 12288, 1      |
|   ffn_h_U               | ram_1p array  |      |      | 2    |        | ffn_h     | auto | 1       | 7, 49152, 1      |
|   ffn_h_1_U             | ram_1p array  |      |      | 2    |        | ffn_h_1   | auto | 1       | 7, 49152, 1      |
|   ffn_h_2_U             | ram_1p array  |      |      | 2    |        | ffn_h_2   | auto | 1       | 7, 49152, 1      |
|   ffn_h_3_U             | ram_1p array  |      |      | 2    |        | ffn_h_3   | auto | 1       | 7, 49152, 1      |
|   ffn_h_4_U             | ram_1p array  |      |      | 2    |        | ffn_h_4   | auto | 1       | 7, 49152, 1      |
|   ffn_h_5_U             | ram_1p array  |      |      | 2    |        | ffn_h_5   | auto | 1       | 7, 49152, 1      |
|   ffn_h_6_U             | ram_1p array  |      |      | 2    |        | ffn_h_6   | auto | 1       | 7, 49152, 1      |
|   ffn_h_7_U             | ram_1p array  |      |      | 2    |        | ffn_h_7   | auto | 1       | 7, 49152, 1      |
|   shifted_U             | ram_1p array  |      | 1    |      |        | shifted   | auto | 1       | 16, 256, 1       |
+-------------------------+---------------+------+------+------+--------+-----------+------+---------+------------------+


================================================================
== Pragma Report
================================================================
* Valid Pragma Syntax
+-----------------+----------------------------------------+----------------------------------------------------------------+
| Type            | Options                                | Location                                                       |
+-----------------+----------------------------------------+----------------------------------------------------------------+
| interface       | ap_ctrl_hs port=return                 | vit_transformer_layer.cpp:30 in vit_transformer_layer, return  |
| array_partition | variable=qkv cyclic factor=8 dim=2     | vit_transformer_layer.cpp:34 in vit_transformer_layer, qkv     |
| array_partition | variable=attn_o cyclic factor=8 dim=2  | vit_transformer_layer.cpp:42 in vit_transformer_layer, attn_o  |
| array_partition | variable=mha_out cyclic factor=8 dim=2 | vit_transformer_layer.cpp:46 in vit_transformer_layer, mha_out |
| array_partition | variable=ffn_h cyclic factor=8 dim=2   | vit_transformer_layer.cpp:51 in vit_transformer_layer, ffn_h   |
| array_partition | variable=W_qkv cyclic factor=8 dim=1   | vit_transformer_layer.cpp:55 in vit_transformer_layer, W_qkv   |
| pipeline        | II=1                                   | vit_transformer_layer.cpp:60 in vit_transformer_layer          |
| unroll          |                                        | vit_transformer_layer.cpp:63 in vit_transformer_layer          |
| pipeline        | II=1                                   | vit_transformer_layer.cpp:79 in vit_transformer_layer          |
| unroll          |                                        | vit_transformer_layer.cpp:82 in vit_transformer_layer          |
| pipeline        | II=1                                   | vit_transformer_layer.cpp:99 in vit_transformer_layer          |
| pipeline        | II=1                                   | vit_transformer_layer.cpp:106 in vit_transformer_layer         |
| pipeline        | II=1                                   | vit_transformer_layer.cpp:114 in vit_transformer_layer         |
| array_partition | variable=acc_t complete                | vit_transformer_layer.cpp:128 in vit_transformer_layer, acc_t  |
| unroll          |                                        | vit_transformer_layer.cpp:130 in vit_transformer_layer         |
| pipeline        | II=1                                   | vit_transformer_layer.cpp:134 in vit_transformer_layer         |
| unroll          |                                        | vit_transformer_layer.cpp:137 in vit_transformer_layer         |
| unroll          |                                        | vit_transformer_layer.cpp:142 in vit_transformer_layer         |
| array_partition | variable=W_out cyclic factor=8 dim=1   | vit_transformer_layer.cpp:151 in vit_transformer_layer, W_out  |
| pipeline        | II=1                                   | vit_transformer_layer.cpp:156 in vit_transformer_layer         |
| unroll          |                                        | vit_transformer_layer.cpp:159 in vit_transformer_layer         |
| array_partition | variable=W_ffn1 cyclic factor=8 dim=1  | vit_transformer_layer.cpp:171 in vit_transformer_layer, W_ffn1 |
| pipeline        | II=1                                   | vit_transformer_layer.cpp:176 in vit_transformer_layer         |
| unroll          |                                        | vit_transformer_layer.cpp:179 in vit_transformer_layer         |
| array_partition | variable=W_ffn2 cyclic factor=8 dim=1  | vit_transformer_layer.cpp:191 in vit_transformer_layer, W_ffn2 |
| pipeline        | II=1                                   | vit_transformer_layer.cpp:196 in vit_transformer_layer         |
| unroll          |                                        | vit_transformer_layer.cpp:199 in vit_transformer_layer         |
+-----------------+----------------------------------------+----------------------------------------------------------------+


