
****** Vitis HLS - High-Level Synthesis from C, C++ and OpenCL v2024.1 (64-bit)
  **** SW Build 5069499 on May 21 2024
  **** IP Build 5075265 on Wed May 22 21:45:21 MDT 2024
  **** SharedData Build 5076995 on Wed May 22 18:29:18 MDT 2024
  **** Start of session at: Wed May 20 10:14:15 2026
    ** Copyright 1986-2022 Xilinx, Inc. All Rights Reserved.
    ** Copyright 2022-2024 Advanced Micro Devices, Inc. All Rights Reserved.

source E:/Applaction/Xilinx/Vitis_HLS/2024.1/scripts/vitis_hls/hls.tcl -notrace
INFO: [HLS 200-10] For user 'jielu' on host 'yizhidianlu' (Windows NT_amd64 version 10.0) on Wed May 20 10:14:16 +0800 2026
INFO: [HLS 200-10] In directory 'C:/Users/jielu/Desktop/Workspace/FPGA-VLA/runs/T0028'
WARNING: [HLS 200-2053] The vitis_hls executable is deprecated. Consider using vitis-run --mode hls --tcl
Sourcing Tcl script 'run_hls.tcl'
INFO: [HLS 200-1510] Running: open_project vit_layer_hls -reset 
INFO: [HLS 200-10] Creating and opening project 'C:/Users/jielu/Desktop/Workspace/FPGA-VLA/runs/T0028/vit_layer_hls'.
INFO: [HLS 200-1510] Running: set_top vit_transformer_layer 
INFO: [HLS 200-1510] Running: add_files vit_transformer_layer.cpp -cflags -std=c++14 -I. 
INFO: [HLS 200-10] Adding design file 'vit_transformer_layer.cpp' to the project
INFO: [HLS 200-1510] Running: add_files -tb vit_transformer_layer_tb.cpp -cflags -std=c++14 -I. 
INFO: [HLS 200-10] Adding test bench file 'vit_transformer_layer_tb.cpp' to the project
INFO: [HLS 200-1510] Running: open_solution sol1 -flow_target vivado 
INFO: [HLS 200-10] Creating and opening solution 'C:/Users/jielu/Desktop/Workspace/FPGA-VLA/runs/T0028/vit_layer_hls/sol1'.
INFO: [HLS 200-1505] Using flow_target 'vivado'
Resolution: For help on HLS 200-1505 see docs.xilinx.com/access/sources/dita/topic?Doc_Version=2024.1%20English&url=ug1448-hls-guidance&resourceid=200-1505.html
INFO: [HLS 200-1510] Running: set_part xcvc1902-vsva2197-2MP-e-S 
INFO: [HLS 200-1611] Setting target device to 'xcvc1902-vsva2197-2MP-e-S'
INFO: [HLS 200-1510] Running: create_clock -period 4.0 -name default 
INFO: [SYN 201-201] Setting up clock 'default' with a period of 4ns.
INFO: [HLS 200-1510] Running: csim_design 
INFO: [SIM 211-2] *************** CSIM start ***************
INFO: [SIM 211-4] CSIM will launch CLANG as the compiler.
INFO: [HLS 200-2036] Building debug C Simulation binaries
   Compiling ../../../../vit_transformer_layer_tb.cpp in debug mode
   Compiling ../../../../vit_transformer_layer.cpp in debug mode
   Generating csim.exe
running DUT...
running REF...
mismatches=0/98304 max_abs_diff=0
PASS
INFO: [SIM 211-1] CSim done with 0 errors.
INFO: [SIM 211-3] *************** CSIM finish ***************
INFO: [HLS 200-2161] Finished Command csim_design Elapsed time: 00:00:04; Allocated memory: 0.871 MB.
INFO: [HLS 200-1510] Running: csynth_design 
INFO: [HLS 200-111] Finished File checks and directory preparation: CPU user time: 0 seconds. CPU system time: 1 seconds. Elapsed time: 0.166 seconds; current allocated memory: 243.605 MB.
INFO: [HLS 200-10] Analyzing design file 'vit_transformer_layer.cpp' ... 
INFO: [HLS 200-111] Finished Source Code Analysis and Preprocessing: CPU user time: 0 seconds. CPU system time: 0 seconds. Elapsed time: 1.579 seconds; current allocated memory: 246.211 MB.
INFO: [HLS 200-777] Using interface defaults for 'Vivado' flow target.
INFO: [HLS 200-1995] There were 610 instructions in the design after the 'Compile/Link' phase of compilation. See the Design Size Report for more details: C:/Users/jielu/Desktop/Workspace/FPGA-VLA/runs/T0028/vit_layer_hls/sol1/syn/report/csynth_design_size.rpt
INFO: [HLS 200-1995] There were 1,031 instructions in the design after the 'Unroll/Inline (step 1)' phase of compilation. See the Design Size Report for more details: C:/Users/jielu/Desktop/Workspace/FPGA-VLA/runs/T0028/vit_layer_hls/sol1/syn/report/csynth_design_size.rpt
INFO: [HLS 200-1995] There were 837 instructions in the design after the 'Unroll/Inline (step 2)' phase of compilation. See the Design Size Report for more details: C:/Users/jielu/Desktop/Workspace/FPGA-VLA/runs/T0028/vit_layer_hls/sol1/syn/report/csynth_design_size.rpt
INFO: [HLS 200-1995] There were 720 instructions in the design after the 'Unroll/Inline (step 3)' phase of compilation. See the Design Size Report for more details: C:/Users/jielu/Desktop/Workspace/FPGA-VLA/runs/T0028/vit_layer_hls/sol1/syn/report/csynth_design_size.rpt
INFO: [HLS 200-1995] There were 718 instructions in the design after the 'Unroll/Inline (step 4)' phase of compilation. See the Design Size Report for more details: C:/Users/jielu/Desktop/Workspace/FPGA-VLA/runs/T0028/vit_layer_hls/sol1/syn/report/csynth_design_size.rpt
INFO: [HLS 200-1995] There were 2,084 instructions in the design after the 'Array/Struct (step 1)' phase of compilation. See the Design Size Report for more details: C:/Users/jielu/Desktop/Workspace/FPGA-VLA/runs/T0028/vit_layer_hls/sol1/syn/report/csynth_design_size.rpt
INFO: [HLS 200-1995] There were 888 instructions in the design after the 'Array/Struct (step 2)' phase of compilation. See the Design Size Report for more details: C:/Users/jielu/Desktop/Workspace/FPGA-VLA/runs/T0028/vit_layer_hls/sol1/syn/report/csynth_design_size.rpt
INFO: [HLS 200-1995] There were 888 instructions in the design after the 'Array/Struct (step 3)' phase of compilation. See the Design Size Report for more details: C:/Users/jielu/Desktop/Workspace/FPGA-VLA/runs/T0028/vit_layer_hls/sol1/syn/report/csynth_design_size.rpt
INFO: [HLS 200-1995] There were 888 instructions in the design after the 'Array/Struct (step 4)' phase of compilation. See the Design Size Report for more details: C:/Users/jielu/Desktop/Workspace/FPGA-VLA/runs/T0028/vit_layer_hls/sol1/syn/report/csynth_design_size.rpt
INFO: [HLS 200-1995] There were 903 instructions in the design after the 'Array/Struct (step 5)' phase of compilation. See the Design Size Report for more details: C:/Users/jielu/Desktop/Workspace/FPGA-VLA/runs/T0028/vit_layer_hls/sol1/syn/report/csynth_design_size.rpt
INFO: [HLS 200-1995] There were 903 instructions in the design after the 'Performance (step 1)' phase of compilation. See the Design Size Report for more details: C:/Users/jielu/Desktop/Workspace/FPGA-VLA/runs/T0028/vit_layer_hls/sol1/syn/report/csynth_design_size.rpt
INFO: [HLS 200-1995] There were 888 instructions in the design after the 'Performance (step 2)' phase of compilation. See the Design Size Report for more details: C:/Users/jielu/Desktop/Workspace/FPGA-VLA/runs/T0028/vit_layer_hls/sol1/syn/report/csynth_design_size.rpt
INFO: [HLS 200-1995] There were 888 instructions in the design after the 'Performance (step 3)' phase of compilation. See the Design Size Report for more details: C:/Users/jielu/Desktop/Workspace/FPGA-VLA/runs/T0028/vit_layer_hls/sol1/syn/report/csynth_design_size.rpt
INFO: [HLS 200-1995] There were 888 instructions in the design after the 'Performance (step 4)' phase of compilation. See the Design Size Report for more details: C:/Users/jielu/Desktop/Workspace/FPGA-VLA/runs/T0028/vit_layer_hls/sol1/syn/report/csynth_design_size.rpt
INFO: [HLS 200-1995] There were 956 instructions in the design after the 'HW Transforms (step 1)' phase of compilation. See the Design Size Report for more details: C:/Users/jielu/Desktop/Workspace/FPGA-VLA/runs/T0028/vit_layer_hls/sol1/syn/report/csynth_design_size.rpt
INFO: [HLS 200-1995] There were 1,029 instructions in the design after the 'HW Transforms (step 2)' phase of compilation. See the Design Size Report for more details: C:/Users/jielu/Desktop/Workspace/FPGA-VLA/runs/T0028/vit_layer_hls/sol1/syn/report/csynth_design_size.rpt
INFO: [HLS 214-291] Loop 'VITIS_LOOP_198_5' is marked as complete unroll implied by the pipeline pragma (vit_transformer_layer.cpp:198:39)
INFO: [HLS 214-291] Loop 'VITIS_LOOP_178_4' is marked as complete unroll implied by the pipeline pragma (vit_transformer_layer.cpp:178:39)
INFO: [HLS 214-291] Loop 'VITIS_LOOP_158_3' is marked as complete unroll implied by the pipeline pragma (vit_transformer_layer.cpp:158:39)
INFO: [HLS 214-291] Loop 'ATTN_O_INNER' is marked as complete unroll implied by the pipeline pragma (vit_transformer_layer.cpp:136:35)
INFO: [HLS 214-291] Loop 'VITIS_LOOP_81_2' is marked as complete unroll implied by the pipeline pragma (vit_transformer_layer.cpp:81:38)
INFO: [HLS 214-291] Loop 'VITIS_LOOP_62_1' is marked as complete unroll implied by the pipeline pragma (vit_transformer_layer.cpp:62:38)
INFO: [HLS 214-186] Unrolling loop 'VITIS_LOOP_198_5' (vit_transformer_layer.cpp:198:39) in function 'vit_transformer_layer' completely with a factor of 8 (vit_transformer_layer.cpp:29:0)
INFO: [HLS 214-186] Unrolling loop 'VITIS_LOOP_178_4' (vit_transformer_layer.cpp:178:39) in function 'vit_transformer_layer' completely with a factor of 8 (vit_transformer_layer.cpp:29:0)
INFO: [HLS 214-186] Unrolling loop 'VITIS_LOOP_158_3' (vit_transformer_layer.cpp:158:39) in function 'vit_transformer_layer' completely with a factor of 8 (vit_transformer_layer.cpp:29:0)
INFO: [HLS 214-186] Unrolling loop 'ATTN_O_INIT' (vit_transformer_layer.cpp:129:15) in function 'vit_transformer_layer' completely with a factor of 8 (vit_transformer_layer.cpp:29:0)
INFO: [HLS 214-186] Unrolling loop 'ATTN_O_INNER' (vit_transformer_layer.cpp:136:35) in function 'vit_transformer_layer' completely with a factor of 8 (vit_transformer_layer.cpp:29:0)
INFO: [HLS 214-186] Unrolling loop 'ATTN_O_WRITE' (vit_transformer_layer.cpp:141:31) in function 'vit_transformer_layer' completely with a factor of 8 (vit_transformer_layer.cpp:29:0)
INFO: [HLS 214-186] Unrolling loop 'VITIS_LOOP_81_2' (vit_transformer_layer.cpp:81:38) in function 'vit_transformer_layer' completely with a factor of 8 (vit_transformer_layer.cpp:29:0)
INFO: [HLS 214-186] Unrolling loop 'VITIS_LOOP_62_1' (vit_transformer_layer.cpp:62:38) in function 'vit_transformer_layer' completely with a factor of 8 (vit_transformer_layer.cpp:29:0)
INFO: [HLS 214-178] Inlining function 'sat16(int)' into 'vit_transformer_layer(signed char const (*) [384], signed char const (*) [1152], signed char const (*) [384], signed char const (*) [1536], signed char const (*) [384], signed char (*) [384])' (vit_transformer_layer.cpp:29:0)
INFO: [HLS 214-178] Inlining function 'sat8(int)' into 'vit_transformer_layer(signed char const (*) [384], signed char const (*) [1152], signed char const (*) [384], signed char const (*) [1536], signed char const (*) [384], signed char (*) [384])' (vit_transformer_layer.cpp:29:0)
INFO: [HLS 214-248] Applying array_partition to 'qkv': Cyclic partitioning with factor 8 on dimension 2. (vit_transformer_layer.cpp:33:10)
INFO: [HLS 214-248] Applying array_partition to 'attn_o': Cyclic partitioning with factor 8 on dimension 2. (vit_transformer_layer.cpp:41:13)
INFO: [HLS 214-248] Applying array_partition to 'mha_out': Cyclic partitioning with factor 8 on dimension 2. (vit_transformer_layer.cpp:45:9)
INFO: [HLS 214-248] Applying array_partition to 'ffn_h': Cyclic partitioning with factor 8 on dimension 2. (vit_transformer_layer.cpp:50:9)
INFO: [HLS 214-248] Applying array_partition to 'W_qkv': Cyclic partitioning with factor 8 on dimension 1. (vit_transformer_layer.cpp:29:0)
INFO: [HLS 214-248] Applying array_partition to 'W_out': Cyclic partitioning with factor 8 on dimension 1. (vit_transformer_layer.cpp:29:0)
INFO: [HLS 214-248] Applying array_partition to 'W_ffn1': Cyclic partitioning with factor 8 on dimension 1. (vit_transformer_layer.cpp:29:0)
INFO: [HLS 214-248] Applying array_partition to 'W_ffn2': Cyclic partitioning with factor 8 on dimension 1. (vit_transformer_layer.cpp:29:0)
INFO: [HLS 200-111] Finished Compiling Optimization and Transform: CPU user time: 0 seconds. CPU system time: 0 seconds. Elapsed time: 7.688 seconds; current allocated memory: 247.941 MB.
INFO: [HLS 200-111] Finished Checking Pragmas: CPU user time: 0 seconds. CPU system time: 0 seconds. Elapsed time: 0.012 seconds; current allocated memory: 247.941 MB.
INFO: [HLS 200-10] Starting code transformations ...
INFO: [HLS 200-111] Finished Standard Transforms: CPU user time: 0 seconds. CPU system time: 0 seconds. Elapsed time: 0.054 seconds; current allocated memory: 254.422 MB.
INFO: [HLS 200-10] Checking synthesizability ...
INFO: [HLS 200-111] Finished Checking Synthesizability: CPU user time: 1 seconds. CPU system time: 0 seconds. Elapsed time: 0.056 seconds; current allocated memory: 257.602 MB.
INFO: [XFORM 203-11] Balancing expressions in function 'vit_transformer_layer' (vit_transformer_layer.cpp:19:21)...40 expression(s) balanced.
INFO: [HLS 200-111] Finished Loop, function and other optimizations: CPU user time: 0 seconds. CPU system time: 0 seconds. Elapsed time: 0.272 seconds; current allocated memory: 283.688 MB.
INFO: [HLS 200-2061] Successfully converted nested loops 'SCORES_J'(vit_transformer_layer.cpp:76:23) and 'SCORES_K'(vit_transformer_layer.cpp:78:27) in function 'vit_transformer_layer' into perfectly nested loops.
INFO: [HLS 200-2061] Successfully converted nested loops 'SCORES_I'(vit_transformer_layer.cpp:75:19) and 'SCORES_J'(vit_transformer_layer.cpp:76:23) in function 'vit_transformer_layer' into perfectly nested loops.
INFO: [HLS 200-2061] Successfully converted nested loops 'ATTN_O_TILE'(vit_transformer_layer.cpp:126:26) and 'ATTN_O_J'(vit_transformer_layer.cpp:133:27) in function 'vit_transformer_layer' into perfectly nested loops.
INFO: [HLS 200-2061] Successfully converted nested loops 'ATTN_O_I'(vit_transformer_layer.cpp:124:19) and 'ATTN_O_TILE'(vit_transformer_layer.cpp:126:26) in function 'vit_transformer_layer' into perfectly nested loops.
INFO: [HLS 200-2061] Successfully converted nested loops 'FFN2_J'(vit_transformer_layer.cpp:193:21) and 'FFN2_K'(vit_transformer_layer.cpp:195:25) in function 'vit_transformer_layer' into perfectly nested loops.
INFO: [HLS 200-2061] Successfully converted nested loops 'FFN2_I'(vit_transformer_layer.cpp:192:10) and 'FFN2_J'(vit_transformer_layer.cpp:193:21) in function 'vit_transformer_layer' into perfectly nested loops.
WARNING: [HLS 200-960] Cannot flatten loop 'QKV_J' (vit_transformer_layer.cpp:57:20) in function 'vit_transformer_layer' the outer loop is not a perfect loop because there is nontrivial logic before entering the inner loop.
Resolution: For help on HLS 200-960 see docs.xilinx.com/access/sources/dita/topic?Doc_Version=2024.1%20English&url=ug1448-hls-guidance&resourceid=200-960.html
INFO: [XFORM 203-541] Flattening a loop nest 'SCORES_J' (vit_transformer_layer.cpp:76:23) in function 'vit_transformer_layer'.
INFO: [XFORM 203-541] Flattening a loop nest 'SCORES_I' (vit_transformer_layer.cpp:75:19) in function 'vit_transformer_layer'.
INFO: [XFORM 203-541] Flattening a loop nest 'ATTN_O_TILE' (vit_transformer_layer.cpp:126:26) in function 'vit_transformer_layer'.
INFO: [XFORM 203-541] Flattening a loop nest 'ATTN_O_I' (vit_transformer_layer.cpp:124:19) in function 'vit_transformer_layer'.
WARNING: [HLS 200-960] Cannot flatten loop 'OUT_J' (vit_transformer_layer.cpp:153:20) in function 'vit_transformer_layer' the outer loop is not a perfect loop because there is nontrivial logic before entering the inner loop.
Resolution: For help on HLS 200-960 see docs.xilinx.com/access/sources/dita/topic?Doc_Version=2024.1%20English&url=ug1448-hls-guidance&resourceid=200-960.html
WARNING: [HLS 200-960] Cannot flatten loop 'FFN1_J' (vit_transformer_layer.cpp:173:21) in function 'vit_transformer_layer' the outer loop is not a perfect loop because there is nontrivial logic before entering the inner loop.
Resolution: For help on HLS 200-960 see docs.xilinx.com/access/sources/dita/topic?Doc_Version=2024.1%20English&url=ug1448-hls-guidance&resourceid=200-960.html
INFO: [XFORM 203-541] Flattening a loop nest 'FFN2_J' (vit_transformer_layer.cpp:193:21) in function 'vit_transformer_layer'.
INFO: [XFORM 203-541] Flattening a loop nest 'FFN2_I' (vit_transformer_layer.cpp:192:10) in function 'vit_transformer_layer'.
INFO: [HLS 200-111] Finished Architecture Synthesis: CPU user time: 0 seconds. CPU system time: 0 seconds. Elapsed time: 0.289 seconds; current allocated memory: 358.273 MB.
INFO: [HLS 200-10] Starting hardware synthesis ...
INFO: [HLS 200-10] Synthesizing 'vit_transformer_layer' ...
INFO: [HLS 200-10] ----------------------------------------------------------------
INFO: [HLS 200-42] -- Implementing module 'vit_transformer_layer_Pipeline_QKV_K' 
INFO: [HLS 200-10] ----------------------------------------------------------------
INFO: [SCHED 204-11] Starting scheduling ...
INFO: [HLS 200-486] Changing DSP latency (root=add_ln66_4) to 3 in order to utilize available DSP registers.
INFO: [HLS 200-486] Changing DSP latency (root=add_ln66_3) to 3 in order to utilize available DSP registers.
INFO: [HLS 200-486] Changing DSP latency (root=add_ln66_1) to 3 in order to utilize available DSP registers.
INFO: [HLS 200-486] Changing DSP latency (root=add_ln66) to 3 in order to utilize available DSP registers.
INFO: [SCHED 204-61] Pipelining loop 'QKV_K'.
WARNING: [HLS 200-885] The II Violation in module 'vit_transformer_layer_Pipeline_QKV_K' (loop 'QKV_K'): Unable to schedule 'load' operation 8 bit ('x_load_3', vit_transformer_layer.cpp:64) on array 'x' due to limited memory ports (II = 1). Please consider using a memory core with more ports or partitioning the array 'x'.
Resolution: For help on HLS 200-885 see docs.xilinx.com/access/sources/dita/topic?Doc_Version=2024.1%20English&url=ug1448-hls-guidance&resourceid=200-885.html
WARNING: [HLS 200-885] The II Violation in module 'vit_transformer_layer_Pipeline_QKV_K' (loop 'QKV_K'): Unable to schedule 'load' operation 8 bit ('x_load_7', vit_transformer_layer.cpp:64) on array 'x' due to limited memory ports (II = 2). Please consider using a memory core with more ports or partitioning the array 'x'.
Resolution: For help on HLS 200-885 see docs.xilinx.com/access/sources/dita/topic?Doc_Version=2024.1%20English&url=ug1448-hls-guidance&resourceid=200-885.html
WARNING: [HLS 200-885] The II Violation in module 'vit_transformer_layer_Pipeline_QKV_K' (loop 'QKV_K'): Unable to schedule 'load' operation 8 bit ('x_load_2', vit_transformer_layer.cpp:64) on array 'x' due to limited memory ports (II = 3). Please consider using a memory core with more ports or partitioning the array 'x'.
Resolution: For help on HLS 200-885 see docs.xilinx.com/access/sources/dita/topic?Doc_Version=2024.1%20English&url=ug1448-hls-guidance&resourceid=200-885.html
INFO: [HLS 200-1470] Pipelining result : Target II = 1, Final II = 4, Depth = 10, loop 'QKV_K'
INFO: [SCHED 204-11] Finished scheduling.
INFO: [HLS 200-111] Finished Scheduling: CPU user time: 2 seconds. CPU system time: 0 seconds. Elapsed time: 1.787 seconds; current allocated memory: 363.586 MB.
INFO: [BIND 205-100] Starting micro-architecture generation ...
INFO: [BIND 205-101] Performing variable lifetime analysis.
INFO: [BIND 205-101] Exploring resource sharing.
INFO: [BIND 205-101] Binding ...
INFO: [BIND 205-100] Finished micro-architecture generation.
INFO: [HLS 200-111] Finished Binding: CPU user time: 1 seconds. CPU system time: 0 seconds. Elapsed time: 0.838 seconds; current allocated memory: 364.887 MB.
INFO: [HLS 200-10] ----------------------------------------------------------------
INFO: [HLS 200-42] -- Implementing module 'vit_transformer_layer_Pipeline_SCORES_I_SCORES_J_SCORES_K' 
INFO: [HLS 200-10] ----------------------------------------------------------------
INFO: [SCHED 204-11] Starting scheduling ...
INFO: [HLS 200-486] Changing DSP latency (root=add_ln86_4) to 3 in order to utilize available DSP registers.
INFO: [HLS 200-486] Changing DSP latency (root=add_ln86_3) to 3 in order to utilize available DSP registers.
INFO: [HLS 200-486] Changing DSP latency (root=add_ln86_1) to 3 in order to utilize available DSP registers.
INFO: [HLS 200-486] Changing DSP latency (root=add_ln86) to 3 in order to utilize available DSP registers.
INFO: [SCHED 204-61] Pipelining loop 'SCORES_I_SCORES_J_SCORES_K'.
INFO: [HLS 200-1470] Pipelining result : Target II = 1, Final II = 1, Depth = 8, loop 'SCORES_I_SCORES_J_SCORES_K'
INFO: [SCHED 204-11] Finished scheduling.
INFO: [HLS 200-111] Finished Scheduling: CPU user time: 5 seconds. CPU system time: 0 seconds. Elapsed time: 5.774 seconds; current allocated memory: 366.535 MB.
INFO: [BIND 205-100] Starting micro-architecture generation ...
INFO: [BIND 205-101] Performing variable lifetime analysis.
INFO: [BIND 205-101] Exploring resource sharing.
INFO: [BIND 205-101] Binding ...
INFO: [BIND 205-100] Finished micro-architecture generation.
INFO: [HLS 200-111] Finished Binding: CPU user time: 2 seconds. CPU system time: 0 seconds. Elapsed time: 1.596 seconds; current allocated memory: 366.715 MB.
INFO: [HLS 200-10] ----------------------------------------------------------------
INFO: [HLS 200-42] -- Implementing module 'vit_transformer_layer_Pipeline_SM_MAX' 
INFO: [HLS 200-10] ----------------------------------------------------------------
INFO: [SCHED 204-11] Starting scheduling ...
INFO: [SCHED 204-61] Pipelining loop 'SM_MAX'.
INFO: [HLS 200-1470] Pipelining result : Target II = 1, Final II = 1, Depth = 2, loop 'SM_MAX'
INFO: [SCHED 204-11] Finished scheduling.
INFO: [HLS 200-111] Finished Scheduling: CPU user time: 4 seconds. CPU system time: 1 seconds. Elapsed time: 5.004 seconds; current allocated memory: 367.355 MB.
INFO: [BIND 205-100] Starting micro-architecture generation ...
INFO: [BIND 205-101] Performing variable lifetime analysis.
INFO: [BIND 205-101] Exploring resource sharing.
INFO: [BIND 205-101] Binding ...
INFO: [BIND 205-100] Finished micro-architecture generation.
INFO: [HLS 200-111] Finished Binding: CPU user time: 1 seconds. CPU system time: 0 seconds. Elapsed time: 0.107 seconds; current allocated memory: 367.371 MB.
INFO: [HLS 200-10] ----------------------------------------------------------------
INFO: [HLS 200-42] -- Implementing module 'vit_transformer_layer_Pipeline_SM_SHIFT' 
INFO: [HLS 200-10] ----------------------------------------------------------------
INFO: [SCHED 204-11] Starting scheduling ...
INFO: [SCHED 204-61] Pipelining loop 'SM_SHIFT'.
INFO: [HLS 200-1470] Pipelining result : Target II = 1, Final II = 1, Depth = 3, loop 'SM_SHIFT'
INFO: [SCHED 204-11] Finished scheduling.
INFO: [HLS 200-111] Finished Scheduling: CPU user time: 0 seconds. CPU system time: 0 seconds. Elapsed time: 0.593 seconds; current allocated memory: 367.531 MB.
INFO: [BIND 205-100] Starting micro-architecture generation ...
INFO: [BIND 205-101] Performing variable lifetime analysis.
INFO: [BIND 205-101] Exploring resource sharing.
INFO: [BIND 205-101] Binding ...
INFO: [BIND 205-100] Finished micro-architecture generation.
INFO: [HLS 200-111] Finished Binding: CPU user time: 0 seconds. CPU system time: 0 seconds. Elapsed time: 0.109 seconds; current allocated memory: 367.555 MB.
INFO: [HLS 200-10] ----------------------------------------------------------------
INFO: [HLS 200-42] -- Implementing module 'vit_transformer_layer_Pipeline_SM_NORM' 
INFO: [HLS 200-10] ----------------------------------------------------------------
INFO: [SCHED 204-11] Starting scheduling ...
INFO: [SCHED 204-61] Pipelining loop 'SM_NORM'.
INFO: [HLS 200-1470] Pipelining result : Target II = 1, Final II = 1, Depth = 20, loop 'SM_NORM'
INFO: [SCHED 204-11] Finished scheduling.
INFO: [HLS 200-111] Finished Scheduling: CPU user time: 1 seconds. CPU system time: 0 seconds. Elapsed time: 0.596 seconds; current allocated memory: 367.832 MB.
INFO: [BIND 205-100] Starting micro-architecture generation ...
INFO: [BIND 205-101] Performing variable lifetime analysis.
INFO: [BIND 205-101] Exploring resource sharing.
INFO: [BIND 205-101] Binding ...
INFO: [BIND 205-100] Finished micro-architecture generation.
INFO: [HLS 200-111] Finished Binding: CPU user time: 0 seconds. CPU system time: 0 seconds. Elapsed time: 0.174 seconds; current allocated memory: 367.926 MB.
INFO: [HLS 200-10] ----------------------------------------------------------------
INFO: [HLS 200-42] -- Implementing module 'vit_transformer_layer_Pipeline_ATTN_O_I_ATTN_O_TILE_ATTN_O_J' 
INFO: [HLS 200-10] ----------------------------------------------------------------
INFO: [SCHED 204-11] Starting scheduling ...
INFO: [HLS 200-486] Changing DSP latency (root=add_ln138_7) to 3 in order to utilize available DSP registers.
INFO: [HLS 200-486] Changing DSP latency (root=add_ln138_6) to 3 in order to utilize available DSP registers.
INFO: [HLS 200-486] Changing DSP latency (root=add_ln138_5) to 3 in order to utilize available DSP registers.
INFO: [HLS 200-486] Changing DSP latency (root=add_ln138_4) to 3 in order to utilize available DSP registers.
INFO: [HLS 200-486] Changing DSP latency (root=add_ln138_3) to 3 in order to utilize available DSP registers.
INFO: [HLS 200-486] Changing DSP latency (root=add_ln138_2) to 3 in order to utilize available DSP registers.
INFO: [HLS 200-486] Changing DSP latency (root=add_ln138_1) to 3 in order to utilize available DSP registers.
INFO: [HLS 200-486] Changing DSP latency (root=add_ln138) to 3 in order to utilize available DSP registers.
INFO: [SCHED 204-61] Pipelining loop 'ATTN_O_I_ATTN_O_TILE_ATTN_O_J'.
INFO: [HLS 200-1470] Pipelining result : Target II = 1, Final II = 1, Depth = 7, loop 'ATTN_O_I_ATTN_O_TILE_ATTN_O_J'
INFO: [SCHED 204-11] Finished scheduling.
INFO: [HLS 200-111] Finished Scheduling: CPU user time: 3 seconds. CPU system time: 0 seconds. Elapsed time: 3.421 seconds; current allocated memory: 370.789 MB.
INFO: [BIND 205-100] Starting micro-architecture generation ...
INFO: [BIND 205-101] Performing variable lifetime analysis.
INFO: [BIND 205-101] Exploring resource sharing.
INFO: [BIND 205-101] Binding ...
INFO: [BIND 205-100] Finished micro-architecture generation.
INFO: [HLS 200-111] Finished Binding: CPU user time: 1 seconds. CPU system time: 0 seconds. Elapsed time: 1.117 seconds; current allocated memory: 371.016 MB.
INFO: [HLS 200-10] ----------------------------------------------------------------
INFO: [HLS 200-42] -- Implementing module 'vit_transformer_layer_Pipeline_OUT_K' 
INFO: [HLS 200-10] ----------------------------------------------------------------
INFO: [SCHED 204-11] Starting scheduling ...
INFO: [HLS 200-486] Changing DSP latency (root=add_ln162_4) to 3 in order to utilize available DSP registers.
INFO: [HLS 200-486] Changing DSP latency (root=add_ln162_3) to 3 in order to utilize available DSP registers.
INFO: [HLS 200-486] Changing DSP latency (root=add_ln162_1) to 3 in order to utilize available DSP registers.
INFO: [HLS 200-486] Changing DSP latency (root=add_ln162) to 3 in order to utilize available DSP registers.
INFO: [SCHED 204-61] Pipelining loop 'OUT_K'.
INFO: [HLS 200-1470] Pipelining result : Target II = 1, Final II = 1, Depth = 6, loop 'OUT_K'
INFO: [SCHED 204-11] Finished scheduling.
INFO: [HLS 200-111] Finished Scheduling: CPU user time: 4 seconds. CPU system time: 0 seconds. Elapsed time: 3.771 seconds; current allocated memory: 371.953 MB.
INFO: [BIND 205-100] Starting micro-architecture generation ...
INFO: [BIND 205-101] Performing variable lifetime analysis.
INFO: [BIND 205-101] Exploring resource sharing.
INFO: [BIND 205-101] Binding ...
INFO: [BIND 205-100] Finished micro-architecture generation.
INFO: [HLS 200-111] Finished Binding: CPU user time: 2 seconds. CPU system time: 0 seconds. Elapsed time: 1.6 seconds; current allocated memory: 372.082 MB.
INFO: [HLS 200-10] ----------------------------------------------------------------
INFO: [HLS 200-42] -- Implementing module 'vit_transformer_layer_Pipeline_FFN1_K' 
INFO: [HLS 200-10] ----------------------------------------------------------------
INFO: [SCHED 204-11] Starting scheduling ...
INFO: [HLS 200-486] Changing DSP latency (root=add_ln182_4) to 3 in order to utilize available DSP registers.
INFO: [HLS 200-486] Changing DSP latency (root=add_ln182_3) to 3 in order to utilize available DSP registers.
INFO: [HLS 200-486] Changing DSP latency (root=add_ln182_1) to 3 in order to utilize available DSP registers.
INFO: [HLS 200-486] Changing DSP latency (root=add_ln182) to 3 in order to utilize available DSP registers.
INFO: [SCHED 204-61] Pipelining loop 'FFN1_K'.
INFO: [HLS 200-1470] Pipelining result : Target II = 1, Final II = 1, Depth = 6, loop 'FFN1_K'
INFO: [SCHED 204-11] Finished scheduling.
INFO: [HLS 200-111] Finished Scheduling: CPU user time: 5 seconds. CPU system time: 0 seconds. Elapsed time: 5.21 seconds; current allocated memory: 372.992 MB.
INFO: [BIND 205-100] Starting micro-architecture generation ...
INFO: [BIND 205-101] Performing variable lifetime analysis.
INFO: [BIND 205-101] Exploring resource sharing.
INFO: [BIND 205-101] Binding ...
INFO: [BIND 205-100] Finished micro-architecture generation.
INFO: [HLS 200-111] Finished Binding: CPU user time: 1 seconds. CPU system time: 0 seconds. Elapsed time: 1.598 seconds; current allocated memory: 373.199 MB.
INFO: [HLS 200-10] ----------------------------------------------------------------
INFO: [HLS 200-42] -- Implementing module 'vit_transformer_layer_Pipeline_FFN2_I_FFN2_J_FFN2_K' 
INFO: [HLS 200-10] ----------------------------------------------------------------
INFO: [SCHED 204-11] Starting scheduling ...
INFO: [HLS 200-486] Changing DSP latency (root=add_ln202_4) to 3 in order to utilize available DSP registers.
INFO: [HLS 200-486] Changing DSP latency (root=add_ln202_3) to 3 in order to utilize available DSP registers.
INFO: [HLS 200-486] Changing DSP latency (root=add_ln202_1) to 3 in order to utilize available DSP registers.
INFO: [HLS 200-486] Changing DSP latency (root=add_ln202) to 3 in order to utilize available DSP registers.
INFO: [SCHED 204-61] Pipelining loop 'FFN2_I_FFN2_J_FFN2_K'.
INFO: [HLS 200-1470] Pipelining result : Target II = 1, Final II = 1, Depth = 8, loop 'FFN2_I_FFN2_J_FFN2_K'
INFO: [SCHED 204-11] Finished scheduling.
INFO: [HLS 200-111] Finished Scheduling: CPU user time: 6 seconds. CPU system time: 0 seconds. Elapsed time: 5.816 seconds; current allocated memory: 374.859 MB.
INFO: [BIND 205-100] Starting micro-architecture generation ...
INFO: [BIND 205-101] Performing variable lifetime analysis.
INFO: [BIND 205-101] Exploring resource sharing.
INFO: [BIND 205-101] Binding ...
INFO: [BIND 205-100] Finished micro-architecture generation.
INFO: [HLS 200-111] Finished Binding: CPU user time: 1 seconds. CPU system time: 0 seconds. Elapsed time: 1.606 seconds; current allocated memory: 375.402 MB.
INFO: [HLS 200-10] ----------------------------------------------------------------
INFO: [HLS 200-42] -- Implementing module 'vit_transformer_layer' 
INFO: [HLS 200-10] ----------------------------------------------------------------
INFO: [SCHED 204-11] Starting scheduling ...
INFO: [SCHED 204-11] Finished scheduling.
INFO: [HLS 200-111] Finished Scheduling: CPU user time: 8 seconds. CPU system time: 0 seconds. Elapsed time: 7.818 seconds; current allocated memory: 378.082 MB.
INFO: [BIND 205-100] Starting micro-architecture generation ...
INFO: [BIND 205-101] Performing variable lifetime analysis.
INFO: [BIND 205-101] Exploring resource sharing.
INFO: [BIND 205-101] Binding ...
INFO: [BIND 205-100] Finished micro-architecture generation.
INFO: [HLS 200-111] Finished Binding: CPU user time: 8 seconds. CPU system time: 0 seconds. Elapsed time: 8.568 seconds; current allocated memory: 378.562 MB.
INFO: [HLS 200-10] ----------------------------------------------------------------
INFO: [HLS 200-10] -- Generating RTL for module 'vit_transformer_layer_Pipeline_QKV_K' 
INFO: [HLS 200-10] ----------------------------------------------------------------
INFO: [HLS 200-1030] Apply Unified Pipeline Control on module 'vit_transformer_layer_Pipeline_QKV_K' pipeline 'QKV_K' pipeline type 'loop pipeline'
INFO: [RTGEN 206-100] Generating core module 'mac_muladd_8s_8s_16s_17_4_1': 4 instance(s).
INFO: [RTGEN 206-100] Generating core module 'mul_8s_8s_16_1_1': 4 instance(s).
INFO: [RTGEN 206-100] Finished creating RTL model for 'vit_transformer_layer_Pipeline_QKV_K'.
INFO: [HLS 200-111] Finished Creating RTL model: CPU user time: 25 seconds. CPU system time: 1 seconds. Elapsed time: 25.247 seconds; current allocated memory: 381.590 MB.
INFO: [HLS 200-10] ----------------------------------------------------------------
INFO: [HLS 200-10] -- Generating RTL for module 'vit_transformer_layer_Pipeline_SCORES_I_SCORES_J_SCORES_K' 
INFO: [HLS 200-10] ----------------------------------------------------------------
INFO: [HLS 200-1030] Apply Unified Pipeline Control on module 'vit_transformer_layer_Pipeline_SCORES_I_SCORES_J_SCORES_K' pipeline 'SCORES_I_SCORES_J_SCORES_K' pipeline type 'loop pipeline'
INFO: [RTGEN 206-100] Generating core module 'mac_muladd_16s_16s_32s_32_4_1': 4 instance(s).
INFO: [RTGEN 206-100] Generating core module 'mul_16s_16s_32_1_1': 4 instance(s).
INFO: [RTGEN 206-100] Finished creating RTL model for 'vit_transformer_layer_Pipeline_SCORES_I_SCORES_J_SCORES_K'.
INFO: [HLS 200-111] Finished Creating RTL model: CPU user time: 4 seconds. CPU system time: 1 seconds. Elapsed time: 4.832 seconds; current allocated memory: 385.855 MB.
INFO: [HLS 200-10] ----------------------------------------------------------------
INFO: [HLS 200-10] -- Generating RTL for module 'vit_transformer_layer_Pipeline_SM_MAX' 
INFO: [HLS 200-10] ----------------------------------------------------------------
INFO: [HLS 200-1030] Apply Unified Pipeline Control on module 'vit_transformer_layer_Pipeline_SM_MAX' pipeline 'SM_MAX' pipeline type 'loop pipeline'
INFO: [RTGEN 206-100] Finished creating RTL model for 'vit_transformer_layer_Pipeline_SM_MAX'.
INFO: [HLS 200-111] Finished Creating RTL model: CPU user time: 7 seconds. CPU system time: 0 seconds. Elapsed time: 7.418 seconds; current allocated memory: 389.219 MB.
INFO: [HLS 200-10] ----------------------------------------------------------------
INFO: [HLS 200-10] -- Generating RTL for module 'vit_transformer_layer_Pipeline_SM_SHIFT' 
INFO: [HLS 200-10] ----------------------------------------------------------------
INFO: [HLS 200-1030] Apply Unified Pipeline Control on module 'vit_transformer_layer_Pipeline_SM_SHIFT' pipeline 'SM_SHIFT' pipeline type 'loop pipeline'
INFO: [RTGEN 206-100] Finished creating RTL model for 'vit_transformer_layer_Pipeline_SM_SHIFT'.
INFO: [HLS 200-111] Finished Creating RTL model: CPU user time: 1 seconds. CPU system time: 1 seconds. Elapsed time: 1.273 seconds; current allocated memory: 389.508 MB.
INFO: [HLS 200-10] ----------------------------------------------------------------
INFO: [HLS 200-10] -- Generating RTL for module 'vit_transformer_layer_Pipeline_SM_NORM' 
INFO: [HLS 200-10] ----------------------------------------------------------------
INFO: [HLS 200-1030] Apply Unified Pipeline Control on module 'vit_transformer_layer_Pipeline_SM_NORM' pipeline 'SM_NORM' pipeline type 'loop pipeline'
INFO: [RTGEN 206-100] Generating core module 'sdiv_31ns_24s_16_19_1': 1 instance(s).
INFO: [RTGEN 206-100] Finished creating RTL model for 'vit_transformer_layer_Pipeline_SM_NORM'.
INFO: [HLS 200-111] Finished Creating RTL model: CPU user time: 1 seconds. CPU system time: 0 seconds. Elapsed time: 1.33 seconds; current allocated memory: 391.195 MB.
INFO: [HLS 200-10] ----------------------------------------------------------------
INFO: [HLS 200-10] -- Generating RTL for module 'vit_transformer_layer_Pipeline_ATTN_O_I_ATTN_O_TILE_ATTN_O_J' 
INFO: [HLS 200-10] ----------------------------------------------------------------
INFO: [HLS 200-1030] Apply Unified Pipeline Control on module 'vit_transformer_layer_Pipeline_ATTN_O_I_ATTN_O_TILE_ATTN_O_J' pipeline 'ATTN_O_I_ATTN_O_TILE_ATTN_O_J' pipeline type 'loop pipeline'
INFO: [RTGEN 206-100] Generating core module 'mac_muladd_16s_16s_32ns_32_4_1': 8 instance(s).
INFO: [RTGEN 206-100] Finished creating RTL model for 'vit_transformer_layer_Pipeline_ATTN_O_I_ATTN_O_TILE_ATTN_O_J'.
INFO: [HLS 200-111] Finished Creating RTL model: CPU user time: 1 seconds. CPU system time: 0 seconds. Elapsed time: 1.733 seconds; current allocated memory: 394.262 MB.
INFO: [HLS 200-10] ----------------------------------------------------------------
INFO: [HLS 200-10] -- Generating RTL for module 'vit_transformer_layer_Pipeline_OUT_K' 
INFO: [HLS 200-10] ----------------------------------------------------------------
INFO: [HLS 200-1030] Apply Unified Pipeline Control on module 'vit_transformer_layer_Pipeline_OUT_K' pipeline 'OUT_K' pipeline type 'loop pipeline'
INFO: [RTGEN 206-100] Generating core module 'mac_muladd_16s_8s_24s_25_4_1': 4 instance(s).
INFO: [RTGEN 206-100] Generating core module 'mul_16s_8s_24_1_1': 4 instance(s).
INFO: [RTGEN 206-100] Finished creating RTL model for 'vit_transformer_layer_Pipeline_OUT_K'.
INFO: [HLS 200-111] Finished Creating RTL model: CPU user time: 6 seconds. CPU system time: 1 seconds. Elapsed time: 7.306 seconds; current allocated memory: 399.645 MB.
INFO: [HLS 200-10] ----------------------------------------------------------------
INFO: [HLS 200-10] -- Generating RTL for module 'vit_transformer_layer_Pipeline_FFN1_K' 
INFO: [HLS 200-10] ----------------------------------------------------------------
INFO: [HLS 200-1030] Apply Unified Pipeline Control on module 'vit_transformer_layer_Pipeline_FFN1_K' pipeline 'FFN1_K' pipeline type 'loop pipeline'
INFO: [RTGEN 206-100] Generating core module 'mac_muladd_8s_8s_16s_17_4_1': 4 instance(s).
INFO: [RTGEN 206-100] Generating core module 'mul_8s_8s_16_1_1': 4 instance(s).
INFO: [RTGEN 206-100] Finished creating RTL model for 'vit_transformer_layer_Pipeline_FFN1_K'.
INFO: [HLS 200-111] Finished Creating RTL model: CPU user time: 6 seconds. CPU system time: 1 seconds. Elapsed time: 6.32 seconds; current allocated memory: 401.926 MB.
INFO: [HLS 200-10] ----------------------------------------------------------------
INFO: [HLS 200-10] -- Generating RTL for module 'vit_transformer_layer_Pipeline_FFN2_I_FFN2_J_FFN2_K' 
INFO: [HLS 200-10] ----------------------------------------------------------------
INFO: [HLS 200-1030] Apply Unified Pipeline Control on module 'vit_transformer_layer_Pipeline_FFN2_I_FFN2_J_FFN2_K' pipeline 'FFN2_I_FFN2_J_FFN2_K' pipeline type 'loop pipeline'
INFO: [RTGEN 206-100] Generating core module 'mac_muladd_8s_7ns_15s_16_4_1': 4 instance(s).
INFO: [RTGEN 206-100] Generating core module 'mul_8s_7ns_15_1_1': 4 instance(s).
INFO: [RTGEN 206-100] Finished creating RTL model for 'vit_transformer_layer_Pipeline_FFN2_I_FFN2_J_FFN2_K'.
INFO: [HLS 200-111] Finished Creating RTL model: CPU user time: 6 seconds. CPU system time: 0 seconds. Elapsed time: 6.343 seconds; current allocated memory: 405.707 MB.
INFO: [HLS 200-10] ----------------------------------------------------------------
INFO: [HLS 200-10] -- Generating RTL for module 'vit_transformer_layer' 
INFO: [HLS 200-10] ----------------------------------------------------------------
INFO: [RTGEN 206-500] Setting interface mode on port 'vit_transformer_layer/x' to 'ap_memory'.
INFO: [RTGEN 206-500] Setting interface mode on port 'vit_transformer_layer/W_qkv_0' to 'ap_memory'.
INFO: [RTGEN 206-500] Setting interface mode on port 'vit_transformer_layer/W_qkv_1' to 'ap_memory'.
INFO: [RTGEN 206-500] Setting interface mode on port 'vit_transformer_layer/W_qkv_2' to 'ap_memory'.
INFO: [RTGEN 206-500] Setting interface mode on port 'vit_transformer_layer/W_qkv_3' to 'ap_memory'.
INFO: [RTGEN 206-500] Setting interface mode on port 'vit_transformer_layer/W_qkv_4' to 'ap_memory'.
INFO: [RTGEN 206-500] Setting interface mode on port 'vit_transformer_layer/W_qkv_5' to 'ap_memory'.
INFO: [RTGEN 206-500] Setting interface mode on port 'vit_transformer_layer/W_qkv_6' to 'ap_memory'.
INFO: [RTGEN 206-500] Setting interface mode on port 'vit_transformer_layer/W_qkv_7' to 'ap_memory'.
INFO: [RTGEN 206-500] Setting interface mode on port 'vit_transformer_layer/W_out_0' to 'ap_memory'.
INFO: [RTGEN 206-500] Setting interface mode on port 'vit_transformer_layer/W_out_1' to 'ap_memory'.
INFO: [RTGEN 206-500] Setting interface mode on port 'vit_transformer_layer/W_out_2' to 'ap_memory'.
INFO: [RTGEN 206-500] Setting interface mode on port 'vit_transformer_layer/W_out_3' to 'ap_memory'.
INFO: [RTGEN 206-500] Setting interface mode on port 'vit_transformer_layer/W_out_4' to 'ap_memory'.
INFO: [RTGEN 206-500] Setting interface mode on port 'vit_transformer_layer/W_out_5' to 'ap_memory'.
INFO: [RTGEN 206-500] Setting interface mode on port 'vit_transformer_layer/W_out_6' to 'ap_memory'.
INFO: [RTGEN 206-500] Setting interface mode on port 'vit_transformer_layer/W_out_7' to 'ap_memory'.
INFO: [RTGEN 206-500] Setting interface mode on port 'vit_transformer_layer/W_ffn1_0' to 'ap_memory'.
INFO: [RTGEN 206-500] Setting interface mode on port 'vit_transformer_layer/W_ffn1_1' to 'ap_memory'.
INFO: [RTGEN 206-500] Setting interface mode on port 'vit_transformer_layer/W_ffn1_2' to 'ap_memory'.
INFO: [RTGEN 206-500] Setting interface mode on port 'vit_transformer_layer/W_ffn1_3' to 'ap_memory'.
INFO: [RTGEN 206-500] Setting interface mode on port 'vit_transformer_layer/W_ffn1_4' to 'ap_memory'.
INFO: [RTGEN 206-500] Setting interface mode on port 'vit_transformer_layer/W_ffn1_5' to 'ap_memory'.
INFO: [RTGEN 206-500] Setting interface mode on port 'vit_transformer_layer/W_ffn1_6' to 'ap_memory'.
INFO: [RTGEN 206-500] Setting interface mode on port 'vit_transformer_layer/W_ffn1_7' to 'ap_memory'.
INFO: [RTGEN 206-500] Setting interface mode on port 'vit_transformer_layer/W_ffn2_0' to 'ap_memory'.
INFO: [RTGEN 206-500] Setting interface mode on port 'vit_transformer_layer/W_ffn2_1' to 'ap_memory'.
INFO: [RTGEN 206-500] Setting interface mode on port 'vit_transformer_layer/W_ffn2_2' to 'ap_memory'.
INFO: [RTGEN 206-500] Setting interface mode on port 'vit_transformer_layer/W_ffn2_3' to 'ap_memory'.
INFO: [RTGEN 206-500] Setting interface mode on port 'vit_transformer_layer/W_ffn2_4' to 'ap_memory'.
INFO: [RTGEN 206-500] Setting interface mode on port 'vit_transformer_layer/W_ffn2_5' to 'ap_memory'.
INFO: [RTGEN 206-500] Setting interface mode on port 'vit_transformer_layer/W_ffn2_6' to 'ap_memory'.
INFO: [RTGEN 206-500] Setting interface mode on port 'vit_transformer_layer/W_ffn2_7' to 'ap_memory'.
INFO: [RTGEN 206-500] Setting interface mode on port 'vit_transformer_layer/out_r' to 'ap_memory'.
INFO: [RTGEN 206-500] Setting interface mode on function 'vit_transformer_layer' to 'ap_ctrl_hs'.
INFO: [RTGEN 206-100] Finished creating RTL model for 'vit_transformer_layer'.
INFO: [RTMG 210-278] Implementing memory 'vit_transformer_layer_qkv_RAM_AUTO_1R1W' using auto RAMs.
INFO: [RTMG 210-278] Implementing memory 'vit_transformer_layer_scores_RAM_AUTO_1R1W' using auto RAMs.
INFO: [RTMG 210-278] Implementing memory 'vit_transformer_layer_attn_o_RAM_AUTO_1R1W' using auto RAMs.
INFO: [RTMG 210-278] Implementing memory 'vit_transformer_layer_mha_out_RAM_AUTO_1R1W' using auto RAMs.
INFO: [RTMG 210-278] Implementing memory 'vit_transformer_layer_ffn_h_RAM_AUTO_1R1W' using auto RAMs.
INFO: [RTMG 210-278] Implementing memory 'vit_transformer_layer_shifted_RAM_AUTO_1R1W' using auto RAMs.
INFO: [HLS 200-111] Finished Creating RTL model: CPU user time: 7 seconds. CPU system time: 1 seconds. Elapsed time: 8.164 seconds; current allocated memory: 413.105 MB.
INFO: [HLS 200-111] Finished Generating all RTL models: CPU user time: 84 seconds. CPU system time: 3 seconds. Elapsed time: 87.1 seconds; current allocated memory: 421.539 MB.
INFO: [HLS 200-111] Finished Updating report files: CPU user time: 1 seconds. CPU system time: 1 seconds. Elapsed time: 2.418 seconds; current allocated memory: 432.570 MB.
INFO: [VHDL 208-304] Generating VHDL RTL for vit_transformer_layer.
INFO: [VLOG 209-307] Generating Verilog RTL for vit_transformer_layer.
INFO: [HLS 200-790] **** Loop Constraint Status: All loop constraints were NOT satisfied.
INFO: [HLS 200-789] **** Estimated Fmax: 344.59 MHz
INFO: [HLS 200-2161] Finished Command csynth_design Elapsed time: 00:03:46; Allocated memory: 189.219 MB.
INFO: [HLS 200-112] Total CPU user time: 207 seconds. Total CPU system time: 13 seconds. Total elapsed time: 234.266 seconds; peak allocated memory: 432.602 MB.
