

================================================================
== Synthesis Summary Report of 'xmod_attn_v0'
================================================================
+ General Information: 
    * Date:           Tue May 19 01:06:25 2026
    * Version:        2024.1 (Build 5069499 on May 21 2024)
    * Project:        xmod_attn_hls
    * Solution:       sol1 (Vivado IP Flow Target)
    * Product family: versalaicore
    * Target device:  xcvc1902-vsva2197-2MP-e-S
    

+ Performance & Resource Estimates: 
    
    PS: '+' for module; 'o' for loop; '*' for dataflow
    +-----------------------------------------+------+------+---------+-----------+----------+---------+--------+----------+---------+----------+------------+------------+-----+
    |                 Modules                 | Issue|      | Latency |  Latency  | Iteration|         |  Trip  |          |         |          |            |            |     |
    |                 & Loops                 | Type | Slack| (cycles)|    (ns)   |  Latency | Interval|  Count | Pipelined|  BRAM   |    DSP   |     FF     |     LUT    | URAM|
    +-----------------------------------------+------+------+---------+-----------+----------+---------+--------+----------+---------+----------+------------+------------+-----+
    |+ xmod_attn_v0                           |     -|  0.08|   168507|  6.740e+05|         -|   168508|       -|        no|  9 (~0%)|  12 (~0%)|  8590 (~0%)|  13272 (1%)|    -|
    | + xmod_attn_v0_Pipeline_T_LOOP_D_LOOP   |     -|  0.50|   131078|  5.243e+05|         -|   131078|       -|        no|        -|   4 (~0%)|   211 (~0%)|   705 (~0%)|    -|
    |  o T_LOOP_D_LOOP                        |     -|  2.92|   131076|  5.243e+05|         6|        1|  131072|       yes|        -|         -|           -|           -|    -|
    | + xmod_attn_v0_Pipeline_INIT_LOOP       |     -|  0.96|     4098|  1.639e+04|         -|     4098|       -|        no|        -|         -|    15 (~0%)|    59 (~0%)|    -|
    |  o INIT_LOOP                            |     -|  2.92|     4096|  1.638e+04|         1|        1|    4096|       yes|        -|         -|           -|           -|    -|
    | + topk_engine                           |     -|  0.32|      328|  1.312e+03|         -|      328|       -|        no|        -|         -|  2597 (~0%)|  7250 (~0%)|    -|
    |  + topk_engine_Pipeline_MAIN_LOOP       |     -|  0.32|      259|  1.036e+03|         -|      259|       -|        no|        -|         -|  2070 (~0%)|  6687 (~0%)|    -|
    |   o MAIN_LOOP                           |     -|  2.92|      257|  1.028e+03|         2|        1|     256|       yes|        -|         -|           -|           -|    -|
    |  + topk_engine_Pipeline_WRITE_LOOP      |     -|  1.45|       66|    264.000|         -|       66|       -|        no|        -|         -|     9 (~0%)|   539 (~0%)|    -|
    |   o WRITE_LOOP                          |     -|  2.92|       64|    256.000|         1|        1|      64|       yes|        -|         -|           -|           -|    -|
    | + xmod_attn_v0_Pipeline_MAX_LOOP        |     -|  0.08|       65|    260.000|         -|       65|       -|        no|        -|         -|    25 (~0%)|   427 (~0%)|    -|
    |  o MAX_LOOP                             |     -|  2.92|       63|    252.000|         1|        1|      63|       yes|        -|         -|           -|           -|    -|
    | + xmod_attn_v0_Pipeline_SHIFT_SUM_LOOP  |     -|  0.65|       66|    264.000|         -|       66|       -|        no|        -|         -|  1096 (~0%)|   495 (~0%)|    -|
    |  o SHIFT_SUM_LOOP                       |     -|  2.92|       64|    256.000|         2|        1|      64|       yes|        -|         -|           -|           -|    -|
    | + xmod_attn_v0_Pipeline_NORM_LOOP       |     -|  0.15|       84|    336.000|         -|       84|       -|        no|        -|         -|  2746 (~0%)|  2841 (~0%)|    -|
    |  o NORM_LOOP                            |     -|  2.92|       82|    328.000|        20|        1|      64|       yes|        -|         -|           -|           -|    -|
    | + xmod_attn_v0_Pipeline_K_LOOP_D_LOOP   |     -|  0.81|    32774|  1.311e+05|         -|    32774|       -|        no|        -|   8 (~0%)|   289 (~0%)|   646 (~0%)|    -|
    |  o K_LOOP_D_LOOP                        |     -|  2.92|    32772|  1.311e+05|         6|        1|   32768|       yes|        -|         -|           -|           -|    -|
    | + xmod_attn_v0_Pipeline_WRITE_LOOP      |     -|  0.35|     4099|  1.640e+04|         -|     4099|       -|        no|        -|         -|    52 (~0%)|   196 (~0%)|    -|
    |  o WRITE_LOOP                           |     -|  2.92|     4097|  1.639e+04|         3|        1|    4096|       yes|        -|         -|           -|           -|    -|
    +-----------------------------------------+------+------+---------+-----------+----------+---------+--------+----------+---------+----------+------------+------------+-----+


================================================================
== HW Interfaces
================================================================
* AP_MEMORY
+----------------+-----------+----------+
| Port           | Direction | Bitwidth |
+----------------+-----------+----------+
| K_0_address0   | out       | 17       |
| K_0_q0         | in        | 8        |
| K_1_address0   | out       | 17       |
| K_1_q0         | in        | 8        |
| K_2_address0   | out       | 17       |
| K_2_q0         | in        | 8        |
| K_3_address0   | out       | 17       |
| K_3_q0         | in        | 8        |
| K_4_address0   | out       | 17       |
| K_4_q0         | in        | 8        |
| K_5_address0   | out       | 17       |
| K_5_q0         | in        | 8        |
| K_6_address0   | out       | 17       |
| K_6_q0         | in        | 8        |
| K_7_address0   | out       | 17       |
| K_7_q0         | in        | 8        |
| Q_0_address0   | out       | 9        |
| Q_0_q0         | in        | 8        |
| Q_1_address0   | out       | 9        |
| Q_1_q0         | in        | 8        |
| Q_2_address0   | out       | 9        |
| Q_2_q0         | in        | 8        |
| Q_3_address0   | out       | 9        |
| Q_3_q0         | in        | 8        |
| Q_4_address0   | out       | 9        |
| Q_4_q0         | in        | 8        |
| Q_5_address0   | out       | 9        |
| Q_5_q0         | in        | 8        |
| Q_6_address0   | out       | 9        |
| Q_6_q0         | in        | 8        |
| Q_7_address0   | out       | 9        |
| Q_7_q0         | in        | 8        |
| V_0_address0   | out       | 17       |
| V_0_q0         | in        | 8        |
| V_1_address0   | out       | 17       |
| V_1_q0         | in        | 8        |
| V_2_address0   | out       | 17       |
| V_2_q0         | in        | 8        |
| V_3_address0   | out       | 17       |
| V_3_q0         | in        | 8        |
| V_4_address0   | out       | 17       |
| V_4_q0         | in        | 8        |
| V_5_address0   | out       | 17       |
| V_5_q0         | in        | 8        |
| V_6_address0   | out       | 17       |
| V_6_q0         | in        | 8        |
| V_7_address0   | out       | 17       |
| V_7_q0         | in        | 8        |
| out_r_address0 | out       | 12       |
| out_r_d0       | out       | 8        |
+----------------+-----------+----------+

* TOP LEVEL CONTROL
+-----------+------------+-----------------------------------+
| Interface | Type       | Ports                             |
+-----------+------------+-----------------------------------+
| ap_clk    | clock      | ap_clk                            |
| ap_rst    | reset      | ap_rst                            |
| ap_ctrl   | ap_ctrl_hs | ap_done ap_idle ap_ready ap_start |
+-----------+------------+-----------------------------------+


================================================================
== SW I/O Information
================================================================
* Top Function Arguments
+----------+-----------+---------------------+
| Argument | Direction | Datatype            |
+----------+-----------+---------------------+
| Q        | in        | signed char const * |
| K        | in        | signed char const * |
| V        | in        | signed char const * |
| out      | out       | signed char*        |
+----------+-----------+---------------------+

* SW-to-HW Mapping
+----------+----------------+---------+----------+
| Argument | HW Interface   | HW Type | HW Usage |
+----------+----------------+---------+----------+
| Q        | Q_0_address0   | port    | offset   |
| Q        | Q_0_ce0        | port    |          |
| Q        | Q_0_q0         | port    |          |
| Q        | Q_1_address0   | port    | offset   |
| Q        | Q_1_ce0        | port    |          |
| Q        | Q_1_q0         | port    |          |
| Q        | Q_2_address0   | port    | offset   |
| Q        | Q_2_ce0        | port    |          |
| Q        | Q_2_q0         | port    |          |
| Q        | Q_3_address0   | port    | offset   |
| Q        | Q_3_ce0        | port    |          |
| Q        | Q_3_q0         | port    |          |
| Q        | Q_4_address0   | port    | offset   |
| Q        | Q_4_ce0        | port    |          |
| Q        | Q_4_q0         | port    |          |
| Q        | Q_5_address0   | port    | offset   |
| Q        | Q_5_ce0        | port    |          |
| Q        | Q_5_q0         | port    |          |
| Q        | Q_6_address0   | port    | offset   |
| Q        | Q_6_ce0        | port    |          |
| Q        | Q_6_q0         | port    |          |
| Q        | Q_7_address0   | port    | offset   |
| Q        | Q_7_ce0        | port    |          |
| Q        | Q_7_q0         | port    |          |
| K        | K_0_address0   | port    | offset   |
| K        | K_0_ce0        | port    |          |
| K        | K_0_q0         | port    |          |
| K        | K_1_address0   | port    | offset   |
| K        | K_1_ce0        | port    |          |
| K        | K_1_q0         | port    |          |
| K        | K_2_address0   | port    | offset   |
| K        | K_2_ce0        | port    |          |
| K        | K_2_q0         | port    |          |
| K        | K_3_address0   | port    | offset   |
| K        | K_3_ce0        | port    |          |
| K        | K_3_q0         | port    |          |
| K        | K_4_address0   | port    | offset   |
| K        | K_4_ce0        | port    |          |
| K        | K_4_q0         | port    |          |
| K        | K_5_address0   | port    | offset   |
| K        | K_5_ce0        | port    |          |
| K        | K_5_q0         | port    |          |
| K        | K_6_address0   | port    | offset   |
| K        | K_6_ce0        | port    |          |
| K        | K_6_q0         | port    |          |
| K        | K_7_address0   | port    | offset   |
| K        | K_7_ce0        | port    |          |
| K        | K_7_q0         | port    |          |
| V        | V_0_address0   | port    | offset   |
| V        | V_0_ce0        | port    |          |
| V        | V_0_q0         | port    |          |
| V        | V_1_address0   | port    | offset   |
| V        | V_1_ce0        | port    |          |
| V        | V_1_q0         | port    |          |
| V        | V_2_address0   | port    | offset   |
| V        | V_2_ce0        | port    |          |
| V        | V_2_q0         | port    |          |
| V        | V_3_address0   | port    | offset   |
| V        | V_3_ce0        | port    |          |
| V        | V_3_q0         | port    |          |
| V        | V_4_address0   | port    | offset   |
| V        | V_4_ce0        | port    |          |
| V        | V_4_q0         | port    |          |
| V        | V_5_address0   | port    | offset   |
| V        | V_5_ce0        | port    |          |
| V        | V_5_q0         | port    |          |
| V        | V_6_address0   | port    | offset   |
| V        | V_6_ce0        | port    |          |
| V        | V_6_q0         | port    |          |
| V        | V_7_address0   | port    | offset   |
| V        | V_7_ce0        | port    |          |
| V        | V_7_q0         | port    |          |
| out      | out_r_address0 | port    | offset   |
| out      | out_r_ce0      | port    |          |
| out      | out_r_we0      | port    |          |
| out      | out_r_d0       | port    |          |
+----------+----------------+---------+----------+


================================================================
== Bind Op Report
================================================================
+-----------------------------------------+-----+--------+---------------+-----------+--------------------------+---------+
| Name                                    | DSP | Pragma | Variable      | Op        | Impl                     | Latency |
+-----------------------------------------+-----+--------+---------------+-----------+--------------------------+---------+
| + xmod_attn_v0                          | 12  |        |               |           |                          |         |
|   cmp29_i_fu_2764_p2                    |     |        | cmp29_i       | setgt     | auto                     | 0       |
|  + xmod_attn_v0_Pipeline_T_LOOP_D_LOOP  | 4   |        |               |           |                          |         |
|    add_ln27_1_fu_388_p2                 |     |        | add_ln27_1    | add       | fabric                   | 0       |
|    icmp_ln27_fu_394_p2                  |     |        | icmp_ln27     | seteq     | auto                     | 0       |
|    add_ln27_fu_412_p2                   |     |        | add_ln27      | add       | fabric                   | 0       |
|    select_ln27_fu_426_p3                |     |        | select_ln27   | select    | auto_sel                 | 0       |
|    select_ln27_1_fu_803_p3              |     |        | select_ln27_1 | select    | auto_sel                 | 0       |
|    select_ln27_2_fu_434_p3              |     |        | select_ln27_2 | select    | auto_sel                 | 0       |
|    mac_muladd_8s_8s_16s_17_4_1_U5       | 1   |        | mul_ln34      | mul       | dsp_slice                | 3       |
|    mac_muladd_8s_8s_16s_17_4_1_U5       | 1   |        | sext_ln34_16  | sext      | dsp_slice                | 3       |
|    mul_8s_8s_16_1_1_U1                  |     |        | mul_ln34_1    | mul       | auto                     | 0       |
|    mul_8s_8s_16_1_1_U2                  |     |        | mul_ln34_2    | mul       | auto                     | 0       |
|    mul_8s_8s_16_1_1_U3                  |     |        | mul_ln34_3    | mul       | auto                     | 0       |
|    mac_muladd_8s_8s_16s_17_4_1_U6       | 1   |        | mul_ln34_4    | mul       | dsp_slice                | 3       |
|    mac_muladd_8s_8s_16s_17_4_1_U6       | 1   |        | sext_ln34_20  | sext      | dsp_slice                | 3       |
|    mac_muladd_8s_8s_16s_17_4_1_U7       | 1   |        | mul_ln34_5    | mul       | dsp_slice                | 3       |
|    mac_muladd_8s_8s_16s_17_4_1_U7       | 1   |        | sext_ln34_21  | sext      | dsp_slice                | 3       |
|    mac_muladd_8s_8s_16s_17_4_1_U8       | 1   |        | mul_ln34_6    | mul       | dsp_slice                | 3       |
|    mac_muladd_8s_8s_16s_17_4_1_U8       | 1   |        | sext_ln34_22  | sext      | dsp_slice                | 3       |
|    mul_8s_8s_16_1_1_U4                  |     |        | mul_ln34_7    | mul       | auto                     | 0       |
|    mac_muladd_8s_8s_16s_17_4_1_U8       | 1   |        | add_ln36      | add       | dsp_slice                | 3       |
|    mac_muladd_8s_8s_16s_17_4_1_U6       | 1   |        | add_ln36_1    | add       | dsp_slice                | 3       |
|    add_ln36_2_fu_765_p2                 |     |        | add_ln36_2    | add       | fabric                   | 0       |
|    mac_muladd_8s_8s_16s_17_4_1_U7       | 1   |        | add_ln36_3    | add       | dsp_slice                | 3       |
|    mac_muladd_8s_8s_16s_17_4_1_U5       | 1   |        | add_ln36_4    | add       | dsp_slice                | 3       |
|    add_ln36_5_fu_781_p2                 |     |        | add_ln36_5    | add       | fabric                   | 0       |
|    add_ln36_6_fu_791_p2                 |     |        | add_ln36_6    | add       | fabric                   | 0       |
|    acc_1_fu_813_p2                      |     |        | acc_1         | add       | fabric                   | 0       |
|    add_ln29_fu_517_p2                   |     |        | add_ln29      | add       | fabric                   | 0       |
|    icmp_ln14_fu_829_p2                  |     |        | icmp_ln14     | setgt     | auto                     | 0       |
|    icmp_ln15_fu_835_p2                  |     |        | icmp_ln15     | setlt     | auto                     | 0       |
|    select_ln14_1_fu_845_p3              |     |        | select_ln14_1 | select    | auto_sel                 | 0       |
|    or_ln14_fu_853_p2                    |     |        | or_ln14       | or        | auto                     | 0       |
|    select_ln14_fu_859_p3                |     |        | select_ln14   | select    | auto_sel                 | 0       |
|  + xmod_attn_v0_Pipeline_INIT_LOOP      | 0   |        |               |           |                          |         |
|    add_ln31_fu_198_p2                   |     |        | add_ln31      | add       | fabric                   | 0       |
|    icmp_ln31_fu_204_p2                  |     |        | icmp_ln31     | seteq     | auto                     | 0       |
|  + topk_engine                          | 0   |        |               |           |                          |         |
|   + topk_engine_Pipeline_MAIN_LOOP      | 0   |        |               |           |                          |         |
|     n_2_fu_3461_p2                      |     |        | n_2           | add       | fabric                   | 0       |
|     icmp_ln61_fu_3467_p2                |     |        | icmp_ln61     | seteq     | auto                     | 0       |
|     icmp_ln71_fu_4397_p2                |     |        | icmp_ln71     | setgt     | auto                     | 0       |
|     icmp_ln71_1_fu_4403_p2              |     |        | icmp_ln71_1   | setgt     | auto                     | 0       |
|     icmp_ln71_2_fu_4409_p2              |     |        | icmp_ln71_2   | setgt     | auto                     | 0       |
|     icmp_ln71_3_fu_4415_p2              |     |        | icmp_ln71_3   | setgt     | auto                     | 0       |
|     icmp_ln71_4_fu_4421_p2              |     |        | icmp_ln71_4   | setgt     | auto                     | 0       |
|     icmp_ln71_5_fu_4427_p2              |     |        | icmp_ln71_5   | setgt     | auto                     | 0       |
|     icmp_ln71_6_fu_4433_p2              |     |        | icmp_ln71_6   | setgt     | auto                     | 0       |
|     icmp_ln71_7_fu_4439_p2              |     |        | icmp_ln71_7   | setgt     | auto                     | 0       |
|     icmp_ln71_8_fu_4445_p2              |     |        | icmp_ln71_8   | setgt     | auto                     | 0       |
|     icmp_ln71_9_fu_4451_p2              |     |        | icmp_ln71_9   | setgt     | auto                     | 0       |
|     icmp_ln71_10_fu_4457_p2             |     |        | icmp_ln71_10  | setgt     | auto                     | 0       |
|     icmp_ln71_11_fu_4463_p2             |     |        | icmp_ln71_11  | setgt     | auto                     | 0       |
|     icmp_ln71_12_fu_4469_p2             |     |        | icmp_ln71_12  | setgt     | auto                     | 0       |
|     icmp_ln71_13_fu_4475_p2             |     |        | icmp_ln71_13  | setgt     | auto                     | 0       |
|     icmp_ln71_14_fu_4481_p2             |     |        | icmp_ln71_14  | setgt     | auto                     | 0       |
|     icmp_ln71_15_fu_4487_p2             |     |        | icmp_ln71_15  | setgt     | auto                     | 0       |
|     icmp_ln71_16_fu_4493_p2             |     |        | icmp_ln71_16  | setgt     | auto                     | 0       |
|     icmp_ln71_17_fu_4499_p2             |     |        | icmp_ln71_17  | setgt     | auto                     | 0       |
|     icmp_ln71_18_fu_4505_p2             |     |        | icmp_ln71_18  | setgt     | auto                     | 0       |
|     icmp_ln71_19_fu_4511_p2             |     |        | icmp_ln71_19  | setgt     | auto                     | 0       |
|     icmp_ln71_20_fu_4517_p2             |     |        | icmp_ln71_20  | setgt     | auto                     | 0       |
|     icmp_ln71_21_fu_4523_p2             |     |        | icmp_ln71_21  | setgt     | auto                     | 0       |
|     icmp_ln71_22_fu_4529_p2             |     |        | icmp_ln71_22  | setgt     | auto                     | 0       |
|     icmp_ln71_23_fu_4535_p2             |     |        | icmp_ln71_23  | setgt     | auto                     | 0       |
|     icmp_ln71_24_fu_4541_p2             |     |        | icmp_ln71_24  | setgt     | auto                     | 0       |
|     icmp_ln71_25_fu_4547_p2             |     |        | icmp_ln71_25  | setgt     | auto                     | 0       |
|     icmp_ln71_26_fu_4553_p2             |     |        | icmp_ln71_26  | setgt     | auto                     | 0       |
|     icmp_ln71_27_fu_4559_p2             |     |        | icmp_ln71_27  | setgt     | auto                     | 0       |
|     icmp_ln71_28_fu_4565_p2             |     |        | icmp_ln71_28  | setgt     | auto                     | 0       |
|     icmp_ln71_29_fu_4571_p2             |     |        | icmp_ln71_29  | setgt     | auto                     | 0       |
|     icmp_ln71_30_fu_4577_p2             |     |        | icmp_ln71_30  | setgt     | auto                     | 0       |
|     icmp_ln71_31_fu_4583_p2             |     |        | icmp_ln71_31  | setgt     | auto                     | 0       |
|     icmp_ln71_32_fu_4589_p2             |     |        | icmp_ln71_32  | setgt     | auto                     | 0       |
|     icmp_ln71_33_fu_4595_p2             |     |        | icmp_ln71_33  | setgt     | auto                     | 0       |
|     icmp_ln71_34_fu_4601_p2             |     |        | icmp_ln71_34  | setgt     | auto                     | 0       |
|     icmp_ln71_35_fu_4607_p2             |     |        | icmp_ln71_35  | setgt     | auto                     | 0       |
|     icmp_ln71_36_fu_4613_p2             |     |        | icmp_ln71_36  | setgt     | auto                     | 0       |
|     icmp_ln71_37_fu_4619_p2             |     |        | icmp_ln71_37  | setgt     | auto                     | 0       |
|     icmp_ln71_38_fu_4625_p2             |     |        | icmp_ln71_38  | setgt     | auto                     | 0       |
|     icmp_ln71_39_fu_4631_p2             |     |        | icmp_ln71_39  | setgt     | auto                     | 0       |
|     icmp_ln71_40_fu_4637_p2             |     |        | icmp_ln71_40  | setgt     | auto                     | 0       |
|     icmp_ln71_41_fu_4643_p2             |     |        | icmp_ln71_41  | setgt     | auto                     | 0       |
|     icmp_ln71_42_fu_4649_p2             |     |        | icmp_ln71_42  | setgt     | auto                     | 0       |
|     icmp_ln71_43_fu_4655_p2             |     |        | icmp_ln71_43  | setgt     | auto                     | 0       |
|     icmp_ln71_44_fu_4661_p2             |     |        | icmp_ln71_44  | setgt     | auto                     | 0       |
|     icmp_ln71_45_fu_4667_p2             |     |        | icmp_ln71_45  | setgt     | auto                     | 0       |
|     icmp_ln71_46_fu_4673_p2             |     |        | icmp_ln71_46  | setgt     | auto                     | 0       |
|     icmp_ln71_47_fu_4679_p2             |     |        | icmp_ln71_47  | setgt     | auto                     | 0       |
|     icmp_ln71_48_fu_4685_p2             |     |        | icmp_ln71_48  | setgt     | auto                     | 0       |
|     icmp_ln71_49_fu_4691_p2             |     |        | icmp_ln71_49  | setgt     | auto                     | 0       |
|     icmp_ln71_50_fu_4697_p2             |     |        | icmp_ln71_50  | setgt     | auto                     | 0       |
|     icmp_ln71_51_fu_4703_p2             |     |        | icmp_ln71_51  | setgt     | auto                     | 0       |
|     icmp_ln71_52_fu_4709_p2             |     |        | icmp_ln71_52  | setgt     | auto                     | 0       |
|     icmp_ln71_53_fu_4715_p2             |     |        | icmp_ln71_53  | setgt     | auto                     | 0       |
|     icmp_ln71_54_fu_4721_p2             |     |        | icmp_ln71_54  | setgt     | auto                     | 0       |
|     icmp_ln71_55_fu_4727_p2             |     |        | icmp_ln71_55  | setgt     | auto                     | 0       |
|     icmp_ln71_56_fu_4733_p2             |     |        | icmp_ln71_56  | setgt     | auto                     | 0       |
|     icmp_ln71_57_fu_4739_p2             |     |        | icmp_ln71_57  | setgt     | auto                     | 0       |
|     icmp_ln71_58_fu_4745_p2             |     |        | icmp_ln71_58  | setgt     | auto                     | 0       |
|     icmp_ln71_59_fu_4751_p2             |     |        | icmp_ln71_59  | setgt     | auto                     | 0       |
|     icmp_ln71_60_fu_4757_p2             |     |        | icmp_ln71_60  | setgt     | auto                     | 0       |
|     icmp_ln71_61_fu_4763_p2             |     |        | icmp_ln71_61  | setgt     | auto                     | 0       |
|     icmp_ln71_62_fu_4769_p2             |     |        | icmp_ln71_62  | setgt     | auto                     | 0       |
|     icmp_ln71_63_fu_4775_p2             |     |        | icmp_ln71_63  | setgt     | auto                     | 0       |
|     new_i_96_fu_4781_p3                 |     |        | new_i_96      | select    | auto_sel                 | 0       |
|     new_v_95_fu_4789_p3                 |     |        | new_v_95      | select    | auto_sel                 | 0       |
|     top_i_fu_4797_p3                    |     |        | top_i         | select    | auto_sel                 | 0       |
|     top_v_fu_4805_p3                    |     |        | top_v         | select    | auto_sel                 | 0       |
|     new_i_101_fu_4813_p3                |     |        | new_i_101     | select    | auto_sel                 | 0       |
|     new_v_98_fu_4821_p3                 |     |        | new_v_98      | select    | auto_sel                 | 0       |
|     top_i_1_fu_4829_p3                  |     |        | top_i_1       | select    | auto_sel                 | 0       |
|     top_v_1_fu_4837_p3                  |     |        | top_v_1       | select    | auto_sel                 | 0       |
|     new_i_105_fu_4845_p3                |     |        | new_i_105     | select    | auto_sel                 | 0       |
|     new_v_101_fu_4853_p3                |     |        | new_v_101     | select    | auto_sel                 | 0       |
|     top_i_2_fu_4861_p3                  |     |        | top_i_2       | select    | auto_sel                 | 0       |
|     top_v_2_fu_4869_p3                  |     |        | top_v_2       | select    | auto_sel                 | 0       |
|     new_i_110_fu_4877_p3                |     |        | new_i_110     | select    | auto_sel                 | 0       |
|     new_v_104_fu_4885_p3                |     |        | new_v_104     | select    | auto_sel                 | 0       |
|     top_i_3_fu_4893_p3                  |     |        | top_i_3       | select    | auto_sel                 | 0       |
|     top_v_3_fu_4901_p3                  |     |        | top_v_3       | select    | auto_sel                 | 0       |
|     new_i_114_fu_4909_p3                |     |        | new_i_114     | select    | auto_sel                 | 0       |
|     new_v_107_fu_4917_p3                |     |        | new_v_107     | select    | auto_sel                 | 0       |
|     top_i_4_fu_4925_p3                  |     |        | top_i_4       | select    | auto_sel                 | 0       |
|     top_v_4_fu_4933_p3                  |     |        | top_v_4       | select    | auto_sel                 | 0       |
|     new_i_119_fu_4941_p3                |     |        | new_i_119     | select    | auto_sel                 | 0       |
|     new_v_110_fu_4949_p3                |     |        | new_v_110     | select    | auto_sel                 | 0       |
|     top_i_5_fu_4957_p3                  |     |        | top_i_5       | select    | auto_sel                 | 0       |
|     top_v_5_fu_4965_p3                  |     |        | top_v_5       | select    | auto_sel                 | 0       |
|     new_i_123_fu_4973_p3                |     |        | new_i_123     | select    | auto_sel                 | 0       |
|     new_v_113_fu_4981_p3                |     |        | new_v_113     | select    | auto_sel                 | 0       |
|     top_i_6_fu_4989_p3                  |     |        | top_i_6       | select    | auto_sel                 | 0       |
|     top_v_6_fu_4997_p3                  |     |        | top_v_6       | select    | auto_sel                 | 0       |
|     new_i_128_fu_5005_p3                |     |        | new_i_128     | select    | auto_sel                 | 0       |
|     new_v_116_fu_5013_p3                |     |        | new_v_116     | select    | auto_sel                 | 0       |
|     top_i_7_fu_5021_p3                  |     |        | top_i_7       | select    | auto_sel                 | 0       |
|     top_v_7_fu_5029_p3                  |     |        | top_v_7       | select    | auto_sel                 | 0       |
|     new_i_132_fu_5037_p3                |     |        | new_i_132     | select    | auto_sel                 | 0       |
|     new_v_119_fu_5045_p3                |     |        | new_v_119     | select    | auto_sel                 | 0       |
|     top_i_8_fu_5053_p3                  |     |        | top_i_8       | select    | auto_sel                 | 0       |
|     top_v_8_fu_5061_p3                  |     |        | top_v_8       | select    | auto_sel                 | 0       |
|     new_i_137_fu_5069_p3                |     |        | new_i_137     | select    | auto_sel                 | 0       |
|     new_v_122_fu_5077_p3                |     |        | new_v_122     | select    | auto_sel                 | 0       |
|     top_i_9_fu_5085_p3                  |     |        | top_i_9       | select    | auto_sel                 | 0       |
|     top_v_9_fu_5093_p3                  |     |        | top_v_9       | select    | auto_sel                 | 0       |
|     new_i_141_fu_5101_p3                |     |        | new_i_141     | select    | auto_sel                 | 0       |
|     new_v_125_fu_5109_p3                |     |        | new_v_125     | select    | auto_sel                 | 0       |
|     top_i_10_fu_5117_p3                 |     |        | top_i_10      | select    | auto_sel                 | 0       |
|     top_v_10_fu_5125_p3                 |     |        | top_v_10      | select    | auto_sel                 | 0       |
|     new_i_146_fu_5133_p3                |     |        | new_i_146     | select    | auto_sel                 | 0       |
|     new_v_128_fu_5141_p3                |     |        | new_v_128     | select    | auto_sel                 | 0       |
|     top_i_11_fu_5149_p3                 |     |        | top_i_11      | select    | auto_sel                 | 0       |
|     top_v_11_fu_5157_p3                 |     |        | top_v_11      | select    | auto_sel                 | 0       |
|     new_i_150_fu_5165_p3                |     |        | new_i_150     | select    | auto_sel                 | 0       |
|     new_v_131_fu_5173_p3                |     |        | new_v_131     | select    | auto_sel                 | 0       |
|     top_i_12_fu_5181_p3                 |     |        | top_i_12      | select    | auto_sel                 | 0       |
|     top_v_12_fu_5189_p3                 |     |        | top_v_12      | select    | auto_sel                 | 0       |
|     new_i_155_fu_5197_p3                |     |        | new_i_155     | select    | auto_sel                 | 0       |
|     new_v_134_fu_5205_p3                |     |        | new_v_134     | select    | auto_sel                 | 0       |
|     top_i_13_fu_5213_p3                 |     |        | top_i_13      | select    | auto_sel                 | 0       |
|     top_v_13_fu_5221_p3                 |     |        | top_v_13      | select    | auto_sel                 | 0       |
|     new_i_159_fu_5229_p3                |     |        | new_i_159     | select    | auto_sel                 | 0       |
|     new_v_137_fu_5237_p3                |     |        | new_v_137     | select    | auto_sel                 | 0       |
|     top_i_14_fu_5245_p3                 |     |        | top_i_14      | select    | auto_sel                 | 0       |
|     top_v_14_fu_5253_p3                 |     |        | top_v_14      | select    | auto_sel                 | 0       |
|     new_i_164_fu_5261_p3                |     |        | new_i_164     | select    | auto_sel                 | 0       |
|     new_v_140_fu_5269_p3                |     |        | new_v_140     | select    | auto_sel                 | 0       |
|     top_i_15_fu_5277_p3                 |     |        | top_i_15      | select    | auto_sel                 | 0       |
|     top_v_15_fu_5285_p3                 |     |        | top_v_15      | select    | auto_sel                 | 0       |
|     new_i_168_fu_5293_p3                |     |        | new_i_168     | select    | auto_sel                 | 0       |
|     new_v_143_fu_5301_p3                |     |        | new_v_143     | select    | auto_sel                 | 0       |
|     top_i_16_fu_5309_p3                 |     |        | top_i_16      | select    | auto_sel                 | 0       |
|     top_v_16_fu_5317_p3                 |     |        | top_v_16      | select    | auto_sel                 | 0       |
|     new_i_173_fu_5325_p3                |     |        | new_i_173     | select    | auto_sel                 | 0       |
|     new_v_146_fu_5333_p3                |     |        | new_v_146     | select    | auto_sel                 | 0       |
|     top_i_17_fu_5341_p3                 |     |        | top_i_17      | select    | auto_sel                 | 0       |
|     top_v_17_fu_5349_p3                 |     |        | top_v_17      | select    | auto_sel                 | 0       |
|     new_i_177_fu_5357_p3                |     |        | new_i_177     | select    | auto_sel                 | 0       |
|     new_v_149_fu_5365_p3                |     |        | new_v_149     | select    | auto_sel                 | 0       |
|     top_i_18_fu_5373_p3                 |     |        | top_i_18      | select    | auto_sel                 | 0       |
|     top_v_18_fu_5381_p3                 |     |        | top_v_18      | select    | auto_sel                 | 0       |
|     new_i_182_fu_5389_p3                |     |        | new_i_182     | select    | auto_sel                 | 0       |
|     new_v_152_fu_5397_p3                |     |        | new_v_152     | select    | auto_sel                 | 0       |
|     top_i_19_fu_5405_p3                 |     |        | top_i_19      | select    | auto_sel                 | 0       |
|     top_v_19_fu_5413_p3                 |     |        | top_v_19      | select    | auto_sel                 | 0       |
|     new_i_186_fu_5421_p3                |     |        | new_i_186     | select    | auto_sel                 | 0       |
|     new_v_155_fu_5429_p3                |     |        | new_v_155     | select    | auto_sel                 | 0       |
|     top_i_20_fu_5437_p3                 |     |        | top_i_20      | select    | auto_sel                 | 0       |
|     top_v_20_fu_5445_p3                 |     |        | top_v_20      | select    | auto_sel                 | 0       |
|     new_i_190_fu_5453_p3                |     |        | new_i_190     | select    | auto_sel                 | 0       |
|     new_v_158_fu_5461_p3                |     |        | new_v_158     | select    | auto_sel                 | 0       |
|     top_i_21_fu_5469_p3                 |     |        | top_i_21      | select    | auto_sel                 | 0       |
|     top_v_21_fu_5477_p3                 |     |        | top_v_21      | select    | auto_sel                 | 0       |
|     new_i_193_fu_5485_p3                |     |        | new_i_193     | select    | auto_sel                 | 0       |
|     new_v_161_fu_5493_p3                |     |        | new_v_161     | select    | auto_sel                 | 0       |
|     top_i_22_fu_5501_p3                 |     |        | top_i_22      | select    | auto_sel                 | 0       |
|     top_v_22_fu_5509_p3                 |     |        | top_v_22      | select    | auto_sel                 | 0       |
|     new_i_196_fu_5517_p3                |     |        | new_i_196     | select    | auto_sel                 | 0       |
|     new_v_164_fu_5525_p3                |     |        | new_v_164     | select    | auto_sel                 | 0       |
|     top_i_23_fu_5533_p3                 |     |        | top_i_23      | select    | auto_sel                 | 0       |
|     top_v_23_fu_5541_p3                 |     |        | top_v_23      | select    | auto_sel                 | 0       |
|     new_i_199_fu_5549_p3                |     |        | new_i_199     | select    | auto_sel                 | 0       |
|     new_v_167_fu_5557_p3                |     |        | new_v_167     | select    | auto_sel                 | 0       |
|     top_i_24_fu_5565_p3                 |     |        | top_i_24      | select    | auto_sel                 | 0       |
|     top_v_24_fu_5573_p3                 |     |        | top_v_24      | select    | auto_sel                 | 0       |
|     new_i_202_fu_5581_p3                |     |        | new_i_202     | select    | auto_sel                 | 0       |
|     new_v_170_fu_5589_p3                |     |        | new_v_170     | select    | auto_sel                 | 0       |
|     top_i_25_fu_5597_p3                 |     |        | top_i_25      | select    | auto_sel                 | 0       |
|     top_v_25_fu_5605_p3                 |     |        | top_v_25      | select    | auto_sel                 | 0       |
|     new_i_205_fu_5613_p3                |     |        | new_i_205     | select    | auto_sel                 | 0       |
|     new_v_173_fu_5621_p3                |     |        | new_v_173     | select    | auto_sel                 | 0       |
|     top_i_26_fu_5629_p3                 |     |        | top_i_26      | select    | auto_sel                 | 0       |
|     top_v_26_fu_5637_p3                 |     |        | top_v_26      | select    | auto_sel                 | 0       |
|     new_i_208_fu_5645_p3                |     |        | new_i_208     | select    | auto_sel                 | 0       |
|     new_v_176_fu_5653_p3                |     |        | new_v_176     | select    | auto_sel                 | 0       |
|     top_i_27_fu_5661_p3                 |     |        | top_i_27      | select    | auto_sel                 | 0       |
|     top_v_27_fu_5669_p3                 |     |        | top_v_27      | select    | auto_sel                 | 0       |
|     new_i_211_fu_5677_p3                |     |        | new_i_211     | select    | auto_sel                 | 0       |
|     new_v_179_fu_5685_p3                |     |        | new_v_179     | select    | auto_sel                 | 0       |
|     top_i_28_fu_5693_p3                 |     |        | top_i_28      | select    | auto_sel                 | 0       |
|     top_v_28_fu_5701_p3                 |     |        | top_v_28      | select    | auto_sel                 | 0       |
|     new_i_214_fu_5709_p3                |     |        | new_i_214     | select    | auto_sel                 | 0       |
|     new_v_182_fu_5717_p3                |     |        | new_v_182     | select    | auto_sel                 | 0       |
|     top_i_29_fu_5725_p3                 |     |        | top_i_29      | select    | auto_sel                 | 0       |
|     top_v_29_fu_5733_p3                 |     |        | top_v_29      | select    | auto_sel                 | 0       |
|     new_i_217_fu_5741_p3                |     |        | new_i_217     | select    | auto_sel                 | 0       |
|     new_v_185_fu_5749_p3                |     |        | new_v_185     | select    | auto_sel                 | 0       |
|     top_i_30_fu_5757_p3                 |     |        | top_i_30      | select    | auto_sel                 | 0       |
|     top_v_30_fu_5765_p3                 |     |        | top_v_30      | select    | auto_sel                 | 0       |
|     new_i_220_fu_5773_p3                |     |        | new_i_220     | select    | auto_sel                 | 0       |
|     new_v_188_fu_5781_p3                |     |        | new_v_188     | select    | auto_sel                 | 0       |
|     top_i_31_fu_5789_p3                 |     |        | top_i_31      | select    | auto_sel                 | 0       |
|     top_v_31_fu_5797_p3                 |     |        | top_v_31      | select    | auto_sel                 | 0       |
|     new_i_223_fu_5805_p3                |     |        | new_i_223     | select    | auto_sel                 | 0       |
|     new_v_190_fu_5813_p3                |     |        | new_v_190     | select    | auto_sel                 | 0       |
|     top_i_32_fu_5821_p3                 |     |        | top_i_32      | select    | auto_sel                 | 0       |
|     top_v_32_fu_5829_p3                 |     |        | top_v_32      | select    | auto_sel                 | 0       |
|     new_i_226_fu_5837_p3                |     |        | new_i_226     | select    | auto_sel                 | 0       |
|     new_v_192_fu_5845_p3                |     |        | new_v_192     | select    | auto_sel                 | 0       |
|     top_i_33_fu_5853_p3                 |     |        | top_i_33      | select    | auto_sel                 | 0       |
|     top_v_33_fu_5861_p3                 |     |        | top_v_33      | select    | auto_sel                 | 0       |
|     new_i_229_fu_5869_p3                |     |        | new_i_229     | select    | auto_sel                 | 0       |
|     new_v_194_fu_5877_p3                |     |        | new_v_194     | select    | auto_sel                 | 0       |
|     top_i_34_fu_5885_p3                 |     |        | top_i_34      | select    | auto_sel                 | 0       |
|     top_v_34_fu_5893_p3                 |     |        | top_v_34      | select    | auto_sel                 | 0       |
|     new_i_232_fu_5901_p3                |     |        | new_i_232     | select    | auto_sel                 | 0       |
|     new_v_196_fu_5909_p3                |     |        | new_v_196     | select    | auto_sel                 | 0       |
|     top_i_35_fu_5917_p3                 |     |        | top_i_35      | select    | auto_sel                 | 0       |
|     top_v_35_fu_5925_p3                 |     |        | top_v_35      | select    | auto_sel                 | 0       |
|     new_i_235_fu_5933_p3                |     |        | new_i_235     | select    | auto_sel                 | 0       |
|     new_v_198_fu_5941_p3                |     |        | new_v_198     | select    | auto_sel                 | 0       |
|     top_i_36_fu_5949_p3                 |     |        | top_i_36      | select    | auto_sel                 | 0       |
|     top_v_36_fu_5957_p3                 |     |        | top_v_36      | select    | auto_sel                 | 0       |
|     new_i_238_fu_5965_p3                |     |        | new_i_238     | select    | auto_sel                 | 0       |
|     new_v_200_fu_5973_p3                |     |        | new_v_200     | select    | auto_sel                 | 0       |
|     top_i_37_fu_5981_p3                 |     |        | top_i_37      | select    | auto_sel                 | 0       |
|     top_v_37_fu_5989_p3                 |     |        | top_v_37      | select    | auto_sel                 | 0       |
|     new_i_241_fu_5997_p3                |     |        | new_i_241     | select    | auto_sel                 | 0       |
|     new_v_202_fu_6005_p3                |     |        | new_v_202     | select    | auto_sel                 | 0       |
|     top_i_38_fu_6013_p3                 |     |        | top_i_38      | select    | auto_sel                 | 0       |
|     top_v_38_fu_6021_p3                 |     |        | top_v_38      | select    | auto_sel                 | 0       |
|     new_i_244_fu_6029_p3                |     |        | new_i_244     | select    | auto_sel                 | 0       |
|     new_v_204_fu_6037_p3                |     |        | new_v_204     | select    | auto_sel                 | 0       |
|     top_i_39_fu_6045_p3                 |     |        | top_i_39      | select    | auto_sel                 | 0       |
|     top_v_39_fu_6053_p3                 |     |        | top_v_39      | select    | auto_sel                 | 0       |
|     new_i_247_fu_6061_p3                |     |        | new_i_247     | select    | auto_sel                 | 0       |
|     new_v_206_fu_6069_p3                |     |        | new_v_206     | select    | auto_sel                 | 0       |
|     top_i_40_fu_6077_p3                 |     |        | top_i_40      | select    | auto_sel                 | 0       |
|     top_v_40_fu_6085_p3                 |     |        | top_v_40      | select    | auto_sel                 | 0       |
|     new_i_250_fu_6093_p3                |     |        | new_i_250     | select    | auto_sel                 | 0       |
|     new_v_208_fu_6101_p3                |     |        | new_v_208     | select    | auto_sel                 | 0       |
|     top_i_41_fu_6109_p3                 |     |        | top_i_41      | select    | auto_sel                 | 0       |
|     top_v_41_fu_6117_p3                 |     |        | top_v_41      | select    | auto_sel                 | 0       |
|     new_i_253_fu_6125_p3                |     |        | new_i_253     | select    | auto_sel                 | 0       |
|     new_v_210_fu_6133_p3                |     |        | new_v_210     | select    | auto_sel                 | 0       |
|     top_i_42_fu_6141_p3                 |     |        | top_i_42      | select    | auto_sel                 | 0       |
|     top_v_42_fu_6149_p3                 |     |        | top_v_42      | select    | auto_sel                 | 0       |
|     new_i_256_fu_6157_p3                |     |        | new_i_256     | select    | auto_sel                 | 0       |
|     new_v_212_fu_6165_p3                |     |        | new_v_212     | select    | auto_sel                 | 0       |
|     top_i_43_fu_6173_p3                 |     |        | top_i_43      | select    | auto_sel                 | 0       |
|     top_v_43_fu_6181_p3                 |     |        | top_v_43      | select    | auto_sel                 | 0       |
|     new_i_259_fu_6189_p3                |     |        | new_i_259     | select    | auto_sel                 | 0       |
|     new_v_214_fu_6197_p3                |     |        | new_v_214     | select    | auto_sel                 | 0       |
|     top_i_44_fu_6205_p3                 |     |        | top_i_44      | select    | auto_sel                 | 0       |
|     top_v_44_fu_6213_p3                 |     |        | top_v_44      | select    | auto_sel                 | 0       |
|     new_i_262_fu_6221_p3                |     |        | new_i_262     | select    | auto_sel                 | 0       |
|     new_v_216_fu_6229_p3                |     |        | new_v_216     | select    | auto_sel                 | 0       |
|     top_i_45_fu_6237_p3                 |     |        | top_i_45      | select    | auto_sel                 | 0       |
|     top_v_45_fu_6245_p3                 |     |        | top_v_45      | select    | auto_sel                 | 0       |
|     new_i_265_fu_6253_p3                |     |        | new_i_265     | select    | auto_sel                 | 0       |
|     new_v_218_fu_6261_p3                |     |        | new_v_218     | select    | auto_sel                 | 0       |
|     top_i_46_fu_6269_p3                 |     |        | top_i_46      | select    | auto_sel                 | 0       |
|     top_v_46_fu_6277_p3                 |     |        | top_v_46      | select    | auto_sel                 | 0       |
|     new_i_268_fu_6285_p3                |     |        | new_i_268     | select    | auto_sel                 | 0       |
|     new_v_220_fu_6293_p3                |     |        | new_v_220     | select    | auto_sel                 | 0       |
|     top_i_47_fu_6301_p3                 |     |        | top_i_47      | select    | auto_sel                 | 0       |
|     top_v_47_fu_6309_p3                 |     |        | top_v_47      | select    | auto_sel                 | 0       |
|     new_i_271_fu_6317_p3                |     |        | new_i_271     | select    | auto_sel                 | 0       |
|     new_v_222_fu_6325_p3                |     |        | new_v_222     | select    | auto_sel                 | 0       |
|     top_i_48_fu_6333_p3                 |     |        | top_i_48      | select    | auto_sel                 | 0       |
|     top_v_48_fu_6341_p3                 |     |        | top_v_48      | select    | auto_sel                 | 0       |
|     new_i_274_fu_6349_p3                |     |        | new_i_274     | select    | auto_sel                 | 0       |
|     new_v_224_fu_6357_p3                |     |        | new_v_224     | select    | auto_sel                 | 0       |
|     top_i_49_fu_6365_p3                 |     |        | top_i_49      | select    | auto_sel                 | 0       |
|     top_v_49_fu_6373_p3                 |     |        | top_v_49      | select    | auto_sel                 | 0       |
|     new_i_277_fu_6381_p3                |     |        | new_i_277     | select    | auto_sel                 | 0       |
|     new_v_226_fu_6389_p3                |     |        | new_v_226     | select    | auto_sel                 | 0       |
|     top_i_50_fu_6397_p3                 |     |        | top_i_50      | select    | auto_sel                 | 0       |
|     top_v_50_fu_6405_p3                 |     |        | top_v_50      | select    | auto_sel                 | 0       |
|     new_i_280_fu_6413_p3                |     |        | new_i_280     | select    | auto_sel                 | 0       |
|     new_v_228_fu_6421_p3                |     |        | new_v_228     | select    | auto_sel                 | 0       |
|     top_i_51_fu_6429_p3                 |     |        | top_i_51      | select    | auto_sel                 | 0       |
|     top_v_51_fu_6437_p3                 |     |        | top_v_51      | select    | auto_sel                 | 0       |
|     new_i_283_fu_6445_p3                |     |        | new_i_283     | select    | auto_sel                 | 0       |
|     new_v_230_fu_6453_p3                |     |        | new_v_230     | select    | auto_sel                 | 0       |
|     top_i_52_fu_6461_p3                 |     |        | top_i_52      | select    | auto_sel                 | 0       |
|     top_v_52_fu_6469_p3                 |     |        | top_v_52      | select    | auto_sel                 | 0       |
|     new_i_286_fu_6477_p3                |     |        | new_i_286     | select    | auto_sel                 | 0       |
|     new_v_232_fu_6485_p3                |     |        | new_v_232     | select    | auto_sel                 | 0       |
|     top_i_53_fu_6493_p3                 |     |        | top_i_53      | select    | auto_sel                 | 0       |
|     top_v_53_fu_6501_p3                 |     |        | top_v_53      | select    | auto_sel                 | 0       |
|     new_i_289_fu_6509_p3                |     |        | new_i_289     | select    | auto_sel                 | 0       |
|     new_v_234_fu_6517_p3                |     |        | new_v_234     | select    | auto_sel                 | 0       |
|     top_i_54_fu_6525_p3                 |     |        | top_i_54      | select    | auto_sel                 | 0       |
|     top_v_54_fu_6533_p3                 |     |        | top_v_54      | select    | auto_sel                 | 0       |
|     new_i_292_fu_6541_p3                |     |        | new_i_292     | select    | auto_sel                 | 0       |
|     new_v_236_fu_6549_p3                |     |        | new_v_236     | select    | auto_sel                 | 0       |
|     top_i_55_fu_6557_p3                 |     |        | top_i_55      | select    | auto_sel                 | 0       |
|     top_v_55_fu_6565_p3                 |     |        | top_v_55      | select    | auto_sel                 | 0       |
|     new_i_295_fu_6573_p3                |     |        | new_i_295     | select    | auto_sel                 | 0       |
|     new_v_238_fu_6581_p3                |     |        | new_v_238     | select    | auto_sel                 | 0       |
|     top_i_56_fu_6589_p3                 |     |        | top_i_56      | select    | auto_sel                 | 0       |
|     top_v_56_fu_6597_p3                 |     |        | top_v_56      | select    | auto_sel                 | 0       |
|     new_i_298_fu_6605_p3                |     |        | new_i_298     | select    | auto_sel                 | 0       |
|     new_v_240_fu_6613_p3                |     |        | new_v_240     | select    | auto_sel                 | 0       |
|     top_i_57_fu_6621_p3                 |     |        | top_i_57      | select    | auto_sel                 | 0       |
|     top_v_57_fu_6629_p3                 |     |        | top_v_57      | select    | auto_sel                 | 0       |
|     new_i_301_fu_6637_p3                |     |        | new_i_301     | select    | auto_sel                 | 0       |
|     new_v_242_fu_6645_p3                |     |        | new_v_242     | select    | auto_sel                 | 0       |
|     top_i_58_fu_6653_p3                 |     |        | top_i_58      | select    | auto_sel                 | 0       |
|     top_v_58_fu_6661_p3                 |     |        | top_v_58      | select    | auto_sel                 | 0       |
|     new_i_304_fu_6669_p3                |     |        | new_i_304     | select    | auto_sel                 | 0       |
|     new_v_244_fu_6677_p3                |     |        | new_v_244     | select    | auto_sel                 | 0       |
|     top_i_59_fu_6685_p3                 |     |        | top_i_59      | select    | auto_sel                 | 0       |
|     top_v_59_fu_6693_p3                 |     |        | top_v_59      | select    | auto_sel                 | 0       |
|     new_i_307_fu_6701_p3                |     |        | new_i_307     | select    | auto_sel                 | 0       |
|     new_v_246_fu_6709_p3                |     |        | new_v_246     | select    | auto_sel                 | 0       |
|     top_i_60_fu_6717_p3                 |     |        | top_i_60      | select    | auto_sel                 | 0       |
|     top_v_60_fu_6725_p3                 |     |        | top_v_60      | select    | auto_sel                 | 0       |
|     new_i_310_fu_6733_p3                |     |        | new_i_310     | select    | auto_sel                 | 0       |
|     new_v_248_fu_6741_p3                |     |        | new_v_248     | select    | auto_sel                 | 0       |
|     top_i_61_fu_6749_p3                 |     |        | top_i_61      | select    | auto_sel                 | 0       |
|     top_v_61_fu_6757_p3                 |     |        | top_v_61      | select    | auto_sel                 | 0       |
|     new_i_313_fu_6765_p3                |     |        | new_i_313     | select    | auto_sel                 | 0       |
|     new_v_250_fu_6773_p3                |     |        | new_v_250     | select    | auto_sel                 | 0       |
|     top_i_62_fu_6781_p3                 |     |        | top_i_62      | select    | auto_sel                 | 0       |
|     top_v_62_fu_6789_p3                 |     |        | top_v_62      | select    | auto_sel                 | 0       |
|     top_i_63_fu_6797_p3                 |     |        | top_i_63      | select    | auto_sel                 | 0       |
|     top_v_63_fu_6805_p3                 |     |        | top_v_63      | select    | auto_sel                 | 0       |
|   + topk_engine_Pipeline_WRITE_LOOP     | 0   |        |               |           |                          |         |
|     add_ln110_fu_2626_p2                |     |        | add_ln110     | add       | fabric                   | 0       |
|     icmp_ln110_fu_2632_p2               |     |        | icmp_ln110    | seteq     | auto                     | 0       |
|     sparsemux_129_6_16_1_1_U157         |     |        | tmp           | sparsemux | compactencoding_dontcare | 0       |
|     sparsemux_129_6_8_1_1_U158          |     |        | tmp_6         | sparsemux | compactencoding_dontcare | 0       |
|  + xmod_attn_v0_Pipeline_MAX_LOOP       | 0   |        |               |           |                          |         |
|    icmp_ln30_fu_844_p2                  |     |        | icmp_ln30     | seteq     | auto                     | 0       |
|    add_ln30_fu_853_p2                   |     |        | add_ln30      | add       | fabric                   | 0       |
|    sparsemux_127_6_16_1_1_U546          |     |        | tmp           | sparsemux | compactencoding_dontcare | 0       |
|    icmp_ln32_fu_1123_p2                 |     |        | icmp_ln32     | setgt     | auto                     | 0       |
|    m_2_fu_1129_p3                       |     |        | m_2           | select    | auto_sel                 | 0       |
|  + xmod_attn_v0_Pipeline_SHIFT_SUM_LOOP | 0   |        |               |           |                          |         |
|    add_ln39_fu_1704_p2                  |     |        | add_ln39      | add       | fabric                   | 0       |
|    icmp_ln39_fu_1710_p2                 |     |        | icmp_ln39     | seteq     | auto                     | 0       |
|    sparsemux_129_6_16_1_1_U613          |     |        | tmp_1         | sparsemux | compactencoding_dontcare | 0       |
|    sub_i_neg_fu_1988_p2                 |     |        | sub_i_neg     | sub       | fabric                   | 0       |
|    diff_fu_1998_p2                      |     |        | diff          | add       | fabric                   | 0       |
|    icmp_ln42_fu_2020_p2                 |     |        | icmp_ln42     | setgt     | auto                     | 0       |
|    shifted_65_fu_2025_p3                |     |        | shifted_65    | select    | auto_sel                 | 0       |
|    sum_1_fu_2555_p2                     |     |        | sum_1         | add       | fabric                   | 0       |
|  + xmod_attn_v0_Pipeline_NORM_LOOP      | 0   |        |               |           |                          |         |
|    add_ln48_fu_1885_p2                  |     |        | add_ln48      | add       | fabric                   | 0       |
|    icmp_ln48_fu_1891_p2                 |     |        | icmp_ln48     | seteq     | auto                     | 0       |
|    sparsemux_129_6_16_1_1_U744          |     |        | tmp_2         | sparsemux | compactencoding_dontcare | 0       |
|    grp_fu_2837_p0                       |     |        | sub_ln51      | sub       | fabric                   | 0       |
|    sdiv_31ns_22s_16_19_1_U745           |     |        | w             | sdiv      | vivado_divider           | 18      |
|  + xmod_attn_v0_Pipeline_K_LOOP_D_LOOP  | 8   |        |               |           |                          |         |
|    add_ln36_8_fu_1796_p2                |     |        | add_ln36_8    | add       | fabric                   | 0       |
|    icmp_ln36_fu_1802_p2                 |     |        | icmp_ln36     | seteq     | auto                     | 0       |
|    add_ln36_fu_1820_p2                  |     |        | add_ln36      | add       | fabric                   | 0       |
|    select_ln36_fu_1834_p3               |     |        | select_ln36   | select    | auto_sel                 | 0       |
|    select_ln36_1_fu_1842_p3             |     |        | select_ln36_1 | select    | auto_sel                 | 0       |
|    sparsemux_129_6_16_1_1_U885          |     |        | w             | sparsemux | compactencoding_dontcare | 0       |
|    sparsemux_129_6_8_1_1_U886           |     |        | idx           | sparsemux | compactencoding_dontcare | 0       |
|    mac_muladd_16s_8s_32s_32_4_1_U887    | 1   |        | mul_ln44      | mul       | dsp_slice                | 3       |
|    mac_muladd_16s_8s_32s_32_4_1_U887    | 1   |        | sext_ln44_1   | sext      | dsp_slice                | 3       |
|    mac_muladd_16s_8s_32s_32_4_1_U887    | 1   |        | add_ln44      | add       | dsp_slice                | 3       |
|    mac_muladd_16s_8s_32s_32_4_1_U888    | 1   |        | mul_ln44_1    | mul       | dsp_slice                | 3       |
|    mac_muladd_16s_8s_32s_32_4_1_U888    | 1   |        | sext_ln44_3   | sext      | dsp_slice                | 3       |
|    mac_muladd_16s_8s_32s_32_4_1_U889    | 1   |        | mul_ln44_2    | mul       | dsp_slice                | 3       |
|    mac_muladd_16s_8s_32s_32_4_1_U889    | 1   |        | sext_ln44_5   | sext      | dsp_slice                | 3       |
|    mac_muladd_16s_8s_32s_32_4_1_U890    | 1   |        | mul_ln44_3    | mul       | dsp_slice                | 3       |
|    mac_muladd_16s_8s_32s_32_4_1_U890    | 1   |        | sext_ln44_7   | sext      | dsp_slice                | 3       |
|    mac_muladd_16s_8s_32s_32_4_1_U891    | 1   |        | mul_ln44_4    | mul       | dsp_slice                | 3       |
|    mac_muladd_16s_8s_32s_32_4_1_U891    | 1   |        | sext_ln44_9   | sext      | dsp_slice                | 3       |
|    mac_muladd_16s_8s_32s_32_4_1_U892    | 1   |        | mul_ln44_5    | mul       | dsp_slice                | 3       |
|    mac_muladd_16s_8s_32s_32_4_1_U892    | 1   |        | sext_ln44_11  | sext      | dsp_slice                | 3       |
|    mac_muladd_16s_8s_32s_32_4_1_U893    | 1   |        | mul_ln44_6    | mul       | dsp_slice                | 3       |
|    mac_muladd_16s_8s_32s_32_4_1_U893    | 1   |        | sext_ln44_13  | sext      | dsp_slice                | 3       |
|    mac_muladd_16s_8s_32s_32_4_1_U894    | 1   |        | mul_ln44_7    | mul       | dsp_slice                | 3       |
|    mac_muladd_16s_8s_32s_32_4_1_U894    | 1   |        | sext_ln44_15  | sext      | dsp_slice                | 3       |
|    mac_muladd_16s_8s_32s_32_4_1_U888    | 1   |        | add_ln44_1    | add       | dsp_slice                | 3       |
|    mac_muladd_16s_8s_32s_32_4_1_U889    | 1   |        | add_ln44_2    | add       | dsp_slice                | 3       |
|    mac_muladd_16s_8s_32s_32_4_1_U890    | 1   |        | add_ln44_3    | add       | dsp_slice                | 3       |
|    mac_muladd_16s_8s_32s_32_4_1_U891    | 1   |        | add_ln44_4    | add       | dsp_slice                | 3       |
|    mac_muladd_16s_8s_32s_32_4_1_U892    | 1   |        | add_ln44_5    | add       | dsp_slice                | 3       |
|    mac_muladd_16s_8s_32s_32_4_1_U893    | 1   |        | add_ln44_6    | add       | dsp_slice                | 3       |
|    mac_muladd_16s_8s_32s_32_4_1_U894    | 1   |        | add_ln44_7    | add       | dsp_slice                | 3       |
|    add_ln40_fu_2264_p2                  |     |        | add_ln40      | add       | fabric                   | 0       |
|  + xmod_attn_v0_Pipeline_WRITE_LOOP     | 0   |        |               |           |                          |         |
|    add_ln49_fu_233_p2                   |     |        | add_ln49      | add       | fabric                   | 0       |
|    icmp_ln49_fu_239_p2                  |     |        | icmp_ln49     | seteq     | auto                     | 0       |
|    sparsemux_17_3_32_1_1_U1040          |     |        | tmp_5         | sparsemux | compactencoding_dontcare | 0       |
|    icmp_ln16_fu_374_p2                  |     |        | icmp_ln16     | setgt     | auto                     | 0       |
|    icmp_ln17_fu_380_p2                  |     |        | icmp_ln17     | setlt     | auto                     | 0       |
|    select_ln16_1_fu_396_p3              |     |        | select_ln16_1 | select    | auto_sel                 | 0       |
|    or_ln16_fu_404_p2                    |     |        | or_ln16       | or        | auto                     | 0       |
|    select_ln16_fu_410_p3                |     |        | select_ln16   | select    | auto_sel                 | 0       |
+-----------------------------------------+-----+--------+---------------+-----------+--------------------------+---------+


================================================================
== Storage Report
================================================================
+-----------------------------------------------------------------------------------+--------------+------+------+------+--------+-------------------------------------------------------------------------------+------+---------+------------------+
| Name                                                                              | Usage        | Type | BRAM | URAM | Pragma | Variable                                                                      | Impl | Latency | Bitwidth, Depth, |
|                                                                                   |              |      |      |      |        |                                                                               |      |         | Banks            |
+-----------------------------------------------------------------------------------+--------------+------+------+------+--------+-------------------------------------------------------------------------------+------+---------+------------------+
| + xmod_attn_v0                                                                    |              |      | 9    | 0    |        |                                                                               |      |         |                  |
|   scores_U                                                                        | ram_1p array |      | 1    |      |        | scores                                                                        | auto | 1       | 16, 256, 1       |
|   weighted_sum_short_const_unsigned_short_const_signed_char_const_4096_7_U        | ram_s2p      |      | 1    |      |        | weighted_sum_short_const_unsigned_short_const_signed_char_const_4096_7        | auto | 1       | 32, 512, 1       |
|   weighted_sum_short_const_unsigned_short_const_signed_char_const_4096_6_U        | ram_s2p      |      | 1    |      |        | weighted_sum_short_const_unsigned_short_const_signed_char_const_4096_6        | auto | 1       | 32, 512, 1       |
|   weighted_sum_short_const_unsigned_short_const_signed_char_const_4096_5_U        | ram_s2p      |      | 1    |      |        | weighted_sum_short_const_unsigned_short_const_signed_char_const_4096_5        | auto | 1       | 32, 512, 1       |
|   weighted_sum_short_const_unsigned_short_const_signed_char_const_4096_4_U        | ram_s2p      |      | 1    |      |        | weighted_sum_short_const_unsigned_short_const_signed_char_const_4096_4        | auto | 1       | 32, 512, 1       |
|   weighted_sum_short_const_unsigned_short_const_signed_char_const_4096_3_U        | ram_s2p      |      | 1    |      |        | weighted_sum_short_const_unsigned_short_const_signed_char_const_4096_3        | auto | 1       | 32, 512, 1       |
|   weighted_sum_short_const_unsigned_short_const_signed_char_const_4096_2_U        | ram_s2p      |      | 1    |      |        | weighted_sum_short_const_unsigned_short_const_signed_char_const_4096_2        | auto | 1       | 32, 512, 1       |
|   weighted_sum_short_const_unsigned_short_const_signed_char_const_4096_1_U        | ram_s2p      |      | 1    |      |        | weighted_sum_short_const_unsigned_short_const_signed_char_const_4096_1        | auto | 1       | 32, 512, 1       |
|   weighted_mulmulmulsum_short_const_unsigned_short_const_signed_char_const_4096_U | ram_s2p      |      | 1    |      |        | weighted_mulmulmulsum_short_const_unsigned_short_const_signed_char_const_4096 | auto | 1       | 32, 512, 1       |
+-----------------------------------------------------------------------------------+--------------+------+------+------+--------+-------------------------------------------------------------------------------+------+---------+------------------+


================================================================
== Pragma Report
================================================================
* Pragmas with Warnings
+--------------+-----------------------------------+----------------------------------------+----------------------------------------------------------------------------------------------------------------------------------+
| Type         | Options                           | Location                               | Messages                                                                                                                         |
+--------------+-----------------------------------+----------------------------------------+----------------------------------------------------------------------------------------------------------------------------------+
| bind_storage | variable=K type=RAM_T2P impl=URAM | xmod_attn_v0.cpp:22 in xmod_attn_v0, K | The resource pragma (bind_storage) on top-level function argument, in 'call' is unsupported, please use INTERFACE pragma instead |
| bind_storage | variable=V type=RAM_T2P impl=URAM | xmod_attn_v0.cpp:23 in xmod_attn_v0, V | The resource pragma (bind_storage) on top-level function argument, in 'call' is unsupported, please use INTERFACE pragma instead |
+--------------+-----------------------------------+----------------------------------------+----------------------------------------------------------------------------------------------------------------------------------+

* Valid Pragma Syntax
+-----------------+------------------------------------+--------------------------------------------------+
| Type            | Options                            | Location                                         |
+-----------------+------------------------------------+--------------------------------------------------+
| array_partition | variable=Q cyclic factor=8 dim=1   | q_kt_matmul.cpp:24 in q_kt_matmul, Q             |
| array_partition | variable=K cyclic factor=8 dim=2   | q_kt_matmul.cpp:25 in q_kt_matmul, K             |
| pipeline        | II=1                               | q_kt_matmul.cpp:30 in q_kt_matmul                |
| unroll          |                                    | q_kt_matmul.cpp:33 in q_kt_matmul                |
| pipeline        | II=1                               | softmax_64.cpp:31 in softmax_64                  |
| array_partition | variable=shifted complete          | softmax_64.cpp:37 in softmax_64, shifted         |
| pipeline        | II=1                               | softmax_64.cpp:40 in softmax_64                  |
| pipeline        | II=1                               | softmax_64.cpp:49 in softmax_64                  |
| interface       | ap_ctrl_hs port=return             | topk_engine.cpp:44 in topk_engine, return        |
| array_partition | variable=top_v complete            | topk_engine.cpp:50 in topk_engine, top_v         |
| array_partition | variable=top_i complete            | topk_engine.cpp:51 in topk_engine, top_i         |
| unroll          |                                    | topk_engine.cpp:55 in topk_engine                |
| pipeline        | II=1                               | topk_engine.cpp:62 in topk_engine                |
| array_partition | variable=ins complete              | topk_engine.cpp:68 in topk_engine, ins           |
| unroll          |                                    | topk_engine.cpp:70 in topk_engine                |
| array_partition | variable=new_v complete            | topk_engine.cpp:79 in topk_engine, new_v         |
| array_partition | variable=new_i complete            | topk_engine.cpp:80 in topk_engine, new_i         |
| unroll          |                                    | topk_engine.cpp:82 in topk_engine                |
| unroll          |                                    | topk_engine.cpp:103 in topk_engine               |
| pipeline        | II=1                               | topk_engine.cpp:111 in topk_engine               |
| array_partition | variable=V cyclic factor=8 dim=2   | weighted_sum.cpp:25 in weighted_sum, V           |
| array_partition | variable=acc cyclic factor=8 dim=1 | weighted_sum.cpp:29 in weighted_sum, acc         |
| pipeline        | II=1                               | weighted_sum.cpp:32 in weighted_sum              |
| pipeline        | II=1                               | weighted_sum.cpp:41 in weighted_sum              |
| unroll          |                                    | weighted_sum.cpp:43 in weighted_sum              |
| pipeline        | II=1                               | weighted_sum.cpp:50 in weighted_sum              |
| interface       | ap_ctrl_hs port=return             | xmod_attn_v0.cpp:19 in xmod_attn_v0, return      |
| array_partition | variable=top_scores complete       | xmod_attn_v0.cpp:29 in xmod_attn_v0, top_scores  |
| array_partition | variable=top_indices complete      | xmod_attn_v0.cpp:30 in xmod_attn_v0, top_indices |
| array_partition | variable=weights complete          | xmod_attn_v0.cpp:31 in xmod_attn_v0, weights     |
+-----------------+------------------------------------+--------------------------------------------------+


