=== vivado_synth tri_rate_toy (RISK-CLK / BLOCK-1) ===
host:        YIZHIDIANLU
claimed_at:  2026-05-18T16:47:30Z
started:     2026-05-18T16:48:24Z
finished:    2026-05-18T16:50:45Z
wall_clock:  2 min 21 sec   (deadline budget: 90 min → 2.6% used)

--- target ---
part:        xcvc1902-vsva2197-2MP-e-S  (Versal AI Core, VCK190)
top:         tri_rate_toy
clock:       create_clock -period 4.000 -name clk [get_ports clk]   (250 MHz)
synth_mode:  out_of_context  (IP-style, no pin placement)

--- design summary ---
3 MAC compute units (32-bit signed, register accumulator)
3 independent rate-enable counters (single PLL, three sub-rates):
  vision_en   pulses 1/8,333,333  cycles ≈ 30  Hz
  language_en pulses 1/250,000,000 cycles ≈ 1   Hz
  action_en   pulses 1/2,500,000  cycles ≈ 100 Hz
2 AXI-Stream FIFOs (distributed-RAM, async-read):
  vision  -> attn   : depth 64
  attn    -> action : depth 8
1 primary clock, no PLL/MMCM instantiated (clock arrives on port, OOC synth).

--- TIMING ---
Setup:  WNS = +0.509 ns   TNS = 0.000   failing endpoints = 0  / total = 1277
Hold:   WHS = +0.079 ns   THS = 0.000   failing endpoints = 0  / total = 1277
Pulse:  WPWS = +1.394 ns  TPWS = 0.000  failing endpoints = 0  / total = 1277
Clock interaction: clk->clk classification = "Clean" (single domain, no CDC)
WNS path source: s_language_tdata[6] (input port → register, OOC input delay)
WHS path source: u_vision_fifo/wptr_reg[4] (intra-FIFO write pointer feedback)

→ TIMING MET at 250 MHz. The "single PLL + three sub-rate clock-enables"
  topology IS achievable at the target frequency on Versal.

→ Equivalent Fmax (post-synth, OOC): ~ 1/(4.000-0.509) = 286.5 MHz headroom.
  (After full P&R + crowding this slack will shrink; recommend T0021-followup
   for placed/routed timing on a representative floorplan.)

--- UTILIZATION (Versal xcvc1902 — primary device) ---
              Used    Available    Util%
Registers     287    1,799,680    0.02%
LUTs (CLB)    356      899,840    0.04%
  └ logic     296
  └ dist-RAM   60       (the 2 small FIFOs)
DSP58           3        1,968    0.15%   ← one per MAC, clean inference
BRAM tile       0          967    0.00%
URAM            0          463    0.00%
IOB             0          692    0.00%   (OOC synth, no pads)
PLL/MMCM        0    23+24+12     0.00%   (single port clock, no internal PLL)

All resources well under the 5% acceptance trigger.

--- SUB-LINEAR AREA CHECK (per task ask [c]) ---
The 3 MAC units use 3 DSP58 → linear in DSP. Acceptable: each MAC is independent
(no shared multiplier or pipelined fabric). The "sub-linear" win comes elsewhere
in the topology — sharing one PLL/clock tree, one reset tree, and one global
infrastructure costs ~0 incremental as we grow MAC count, vs ~3x of those
overheads if we'd used three separate PLLs.

--- check_timing report ---
no_clock: 0           constant_clock: 0
pulse_width_clock: 0  unconstrained_endpoints: 0
no_input_delay: 0     (1 input port has false_path constraint — rst_n, as intended)
no_output_delay: 0    multiple_clock: 0
generated_clocks: 0   loops: 0       latch_loops: 0
→ No timing constraint hygiene issues.

--- acceptance criteria ---
  status == DONE:                       PASS
  result.synth_ok  == true:             PASS
  result.timing_met == true:            PASS
  result.wns_ns >= 0:                   PASS (0.509 ns)

--- human_ack_required_on check ---
  wns_below_0_5ns:    WNS=0.509 → NOT triggered (barely; margin only 0.009 ns).
                       FLAG: post-P&R slack will erode by routing delay; treat
                       this as "passes synth, but P&R should be done next to
                       confirm at-route timing closure."
  resource_over_5pct: max util = DSP 0.15% → NOT triggered.

--- artefacts saved to coord/reports/T0021/ ---
  RTL:       rate_enable_gen.sv, mac_unit.sv, axis_fifo.sv, tri_rate_toy.sv
  XDC:       tri_rate_toy.xdc
  TCL:       build_synth.tcl
  reports:   synth_util.rpt, timing_summary.rpt, clock_interaction.rpt, clocks.rpt
  summary:   result_summary.txt
  log:       vivado_synth.log
  ckpt:      top_synth.dcp  (322 KB, well under 50 MB limit)

CONCLUSION (RISK-CLK / BLOCK-1):
  H1 (three independent rates) IS satisfiable with the honest "single PLL +
  sub-rate clock-enable" topology at 250 MHz on Versal VCK190. WNS positive,
  WHS positive, zero CDC concerns by construction.
  Recommend running vivado_pnr next (T-future) to confirm timing holds after
  placement and routing on a realistic floorplan.
