------------------------------------------------------------------------------------------------
| Timer Settings
| --------------
------------------------------------------------------------------------------------------------

  Enable Multi Corner Analysis               :  Yes
  Enable Pessimism Removal                   :  Yes
  Pessimism Removal Resolution               :  Nearest Common Node
  Enable Input Delay Default Clock           :  No
  Enable Preset / Clear Arcs                 :  No
  Disable Flight Delays                      :  No
  Ignore I/O Paths                           :  No
  Timing Early Launch at Borrowing Latches   :  No
  Borrow Time for Max Delay Exceptions       :  Yes
  Merge Timing Exceptions                    :  Yes
  Inter-SLR Compensation                     :  Conservative

  Corner  Analyze    Analyze    
  Name    Max Paths  Min Paths  
  ------  ---------  ---------  
  Slow    Yes        Yes        
  Fast    Yes        Yes        


------------------------------------------------------------------------------------------------
| Report Methodology
| ------------------
------------------------------------------------------------------------------------------------

No report available as report_methodology has not been run prior. Run report_methodology on the current design for the summary of methodology violations.



check_timing report

Table of Contents
-----------------
1. checking no_clock (0)
2. checking constant_clock (0)
3. checking pulse_width_clock (0)
4. checking unconstrained_internal_endpoints (0)
5. checking no_input_delay (1)
6. checking no_output_delay (0)
7. checking multiple_clock (0)
8. checking generated_clocks (0)
9. checking loops (0)
10. checking partial_input_delay (0)
11. checking partial_output_delay (0)
12. checking latch_loops (0)

1. checking no_clock (0)
------------------------
 There are 0 register/latch pins with no clock.


2. checking constant_clock (0)
------------------------------
 There are 0 register/latch pins with constant_clock.


3. checking pulse_width_clock (0)
---------------------------------
 There are 0 register/latch pins which need pulse_width check


4. checking unconstrained_internal_endpoints (0)
------------------------------------------------
 There are 0 pins that are not constrained for maximum delay.

 There are 0 pins that are not constrained for maximum delay due to constant clock.


5. checking no_input_delay (1)
------------------------------
 There are 0 input ports with no input delay specified.

 There is 1 input port with no input delay but user has a false path constraint. (MEDIUM)


6. checking no_output_delay (0)
-------------------------------
 There are 0 ports with no output delay specified.

 There are 0 ports with no output delay but user has a false path constraint

 There are 0 ports with no output delay but with a timing clock defined on it or propagating through it


7. checking multiple_clock (0)
------------------------------
 There are 0 register/latch pins with multiple clocks.


8. checking generated_clocks (0)
--------------------------------
 There are 0 generated clocks that are not connected to a clock source.


9. checking loops (0)
---------------------
 There are 0 combinational loops in the design.


10. checking partial_input_delay (0)
------------------------------------
 There are 0 input ports with partial input delay specified.


11. checking partial_output_delay (0)
-------------------------------------
 There are 0 ports with partial output delay specified.


12. checking latch_loops (0)
----------------------------
 There are 0 combinational latch loops in the design through latch input



------------------------------------------------------------------------------------------------
| Design Timing Summary
| ---------------------
------------------------------------------------------------------------------------------------

    WNS(ns)      TNS(ns)  TNS Failing Endpoints  TNS Total Endpoints      WHS(ns)      THS(ns)  THS Failing Endpoints  THS Total Endpoints     WPWS(ns)     TPWS(ns)  TPWS Failing Endpoints  TPWS Total Endpoints  
    -------      -------  ---------------------  -------------------      -------      -------  ---------------------  -------------------     --------     --------  ----------------------  --------------------  
      0.509        0.000                      0                 1277        0.079        0.000                      0                 1277        1.394        0.000                       0                   369  


All user specified timing constraints are met.


------------------------------------------------------------------------------------------------
| Clock Summary
| -------------
------------------------------------------------------------------------------------------------

Clock  Waveform(ns)         Period(ns)      Frequency(MHz)
-----  ------------         ----------      --------------
clk    {0.000 2.000}        4.000           250.000         


------------------------------------------------------------------------------------------------
| Intra Clock Table
| -----------------
------------------------------------------------------------------------------------------------

Clock             WNS(ns)      TNS(ns)  TNS Failing Endpoints  TNS Total Endpoints      WHS(ns)      THS(ns)  THS Failing Endpoints  THS Total Endpoints     WPWS(ns)     TPWS(ns)  TPWS Failing Endpoints  TPWS Total Endpoints  
-----             -------      -------  ---------------------  -------------------      -------      -------  ---------------------  -------------------     --------     --------  ----------------------  --------------------  
clk                 0.509        0.000                      0                 1277        0.079        0.000                      0                 1277        1.394        0.000                       0                   369  


------------------------------------------------------------------------------------------------
| Inter Clock Table
| -----------------
------------------------------------------------------------------------------------------------

From Clock    To Clock          WNS(ns)      TNS(ns)  TNS Failing Endpoints  TNS Total Endpoints      WHS(ns)      THS(ns)  THS Failing Endpoints  THS Total Endpoints  
----------    --------          -------      -------  ---------------------  -------------------      -------      -------  ---------------------  -------------------  


------------------------------------------------------------------------------------------------
| Other Path Groups Table
| -----------------------
------------------------------------------------------------------------------------------------

Path Group    From Clock    To Clock          WNS(ns)      TNS(ns)  TNS Failing Endpoints  TNS Total Endpoints      WHS(ns)      THS(ns)  THS Failing Endpoints  THS Total Endpoints  
----------    ----------    --------          -------      -------  ---------------------  -------------------      -------      -------  ---------------------  -------------------  


------------------------------------------------------------------------------------------------
| Timing Details
| --------------
------------------------------------------------------------------------------------------------


---------------------------------------------------------------------------------------------------
From Clock:  clk
  To Clock:  clk

Setup :            0  Failing Endpoints,  Worst Slack        0.509ns,  Total Violation        0.000ns
Hold  :            0  Failing Endpoints,  Worst Slack        0.079ns,  Total Violation        0.000ns
PW    :            0  Failing Endpoints,  Worst Slack        1.394ns,  Total Violation        0.000ns
---------------------------------------------------------------------------------------------------


Max Delay Paths
--------------------------------------------------------------------------------------
Slack (MET) :             0.509ns  (required time - arrival time)
  Source:                 s_language_tdata[6]
                            (input port clocked by clk  {rise@0.000ns fall@2.000ns period=4.000ns})
  Destination:            u_mac_attn/prod_w0__1/DSP58C<0>_INST/DSP_OUTPUT58_INST/ALU_OUT[7]
                            (rising edge-triggered cell DSP_OUTPUT58 clocked by clk  {rise@0.000ns fall@2.000ns period=4.000ns})
  Path Group:             clk
  Path Type:              Setup (Max at Slow Process Corner)
  Requirement:            4.000ns  (clk rise@4.000ns - clk rise@0.000ns)
  Data Path Delay:        2.247ns  (logic 1.984ns (88.295%)  route 0.263ns (11.704%))
  Logic Levels:           10  (DSP_A_B_DATA58=1 DSP_ALUADD=2 DSP_ALUMUX=2 DSP_M_DATA58=1 DSP_MULTIPLIER58=1 DSP_OUTPUT58=1 DSP_PREADD_DATA58=1 LUT3=1)
  Input Delay:            1.000ns
  Clock Path Skew:        0.059ns (DCD - SCD + CPR)
    Destination Clock Delay (DCD):    0.059ns = ( 4.059 - 4.000 ) 
    Source Clock Delay      (SCD):    0.000ns
    Clock Pessimism Removal (CPR):    0.000ns
  Clock Uncertainty:      0.300ns  (CJ)/2 + PE + PJ
    Clock Jitter             (CJ):    0.600ns
    Phase Error              (PE):    0.000ns
    Phase Jitter             (PJ):    0.000ns

    Location             Delay type                Incr(ns)  Path(ns)    Netlist Resource(s)
  -------------------------------------------------------------------    -------------------
                         (clock clk rise edge)        0.000     0.000 r  
                         input delay                  1.000     1.000    
                                                      0.000     1.000 f  s_language_tdata[6] (IN)
                         net (fo=0)                   0.000     1.000    u_mac_vision/s_language_tdata[6]
                         LUT3 (Prop_LUT3_I0_O)        0.074     1.074 f  u_mac_vision/prod_w0__0_i_17/O
                         net (fo=1, unplaced)         0.260     1.334    u_mac_attn/prod_w0__0/DSP58C<0>_INST/A[6]
                         DSP_A_B_DATA58 (Prop_DSP_A_B_DATA58_A[6]_A2_DATA[6])
                                                      0.275     1.609 r  u_mac_attn/prod_w0__0/DSP58C<0>_INST/DSP_A_B_DATA58_INST/A2_DATA[6]
                         net (fo=1, unplaced)         0.000     1.609    u_mac_attn/prod_w0__0/DSP58C<0>_INST/DSP_A_B_DATA58.A2_DATA<6>
                         DSP_PREADD_DATA58 (Prop_DSP_PREADD_DATA58_A2_DATA[6]_A2A1[6])
                                                      0.123     1.732 r  u_mac_attn/prod_w0__0/DSP58C<0>_INST/DSP_PREADD_DATA58_INST/A2A1[6]
                         net (fo=1, unplaced)         0.000     1.732    u_mac_attn/prod_w0__0/DSP58C<0>_INST/DSP_PREADD_DATA58.A2A1<6>
                         DSP_MULTIPLIER58 (Prop_DSP_MULTIPLIER58_A2A1[6]_V[30])
                                                      0.448     2.180 r  u_mac_attn/prod_w0__0/DSP58C<0>_INST/DSP_MULTIPLIER58_INST/V[30]
                         net (fo=1, unplaced)         0.000     2.180    u_mac_attn/prod_w0__0/DSP58C<0>_INST/DSP_MULTIPLIER58.V<30>
                         DSP_M_DATA58 (Prop_DSP_M_DATA58_V[30]_V_DATA[30])
                                                      0.090     2.270 f  u_mac_attn/prod_w0__0/DSP58C<0>_INST/DSP_M_DATA58_INST/V_DATA[30]
                         net (fo=1, unplaced)         0.000     2.270    u_mac_attn/prod_w0__0/DSP58C<0>_INST/DSP_M_DATA58.V_DATA<30>
                         DSP_ALUMUX (Prop_DSP_ALUMUX_V_DATA[30]_Y[30])
                                                      0.072     2.342 r  u_mac_attn/prod_w0__0/DSP58C<0>_INST/DSP_ALUMUX_INST/Y[30]
                         net (fo=1, unplaced)         0.000     2.342    u_mac_attn/prod_w0__0/DSP58C<0>_INST/DSP_ALUMUX.Y<30>
                         DSP_ALUADD (Prop_DSP_ALUADD_Y[30]_ALU_OUT[30])
                                                      0.343     2.685 f  u_mac_attn/prod_w0__0/DSP58C<0>_INST/DSP_ALUADD_INST/ALU_OUT[30]
                         net (fo=2, unplaced)         0.000     2.685    u_mac_attn/prod_w0__0/DSP58C<0>_INST/DSP_ALUADD.ALU_OUT<30>
                         DSP_OUTPUT58 (Prop_DSP_OUTPUT58_ALU_OUT[30]_PCOUT[30])
                                                      0.144     2.829 r  u_mac_attn/prod_w0__0/DSP58C<0>_INST/DSP_OUTPUT58_INST/PCOUT[30]
                         net (fo=1, unplaced)         0.003     2.832    u_mac_attn/prod_w0__1/DSP58C<0>_INST/PCIN[30]
                         DSP_ALUMUX (Prop_DSP_ALUMUX_PCIN[30]_Z[7])
                                                      0.105     2.937 r  u_mac_attn/prod_w0__1/DSP58C<0>_INST/DSP_ALUMUX_INST/Z[7]
                         net (fo=1, unplaced)         0.000     2.937    u_mac_attn/prod_w0__1/DSP58C<0>_INST/DSP_ALUMUX.Z<7>
                         DSP_ALUADD (Prop_DSP_ALUADD_Z[7]_ALU_OUT[7])
                                                      0.310     3.247 r  u_mac_attn/prod_w0__1/DSP58C<0>_INST/DSP_ALUADD_INST/ALU_OUT[7]
                         net (fo=2, unplaced)         0.000     3.247    u_mac_attn/prod_w0__1/DSP58C<0>_INST/DSP_ALUADD.ALU_OUT<7>
                         DSP_OUTPUT58                                 r  u_mac_attn/prod_w0__1/DSP58C<0>_INST/DSP_OUTPUT58_INST/ALU_OUT[7]
  -------------------------------------------------------------------    -------------------

                         (clock clk rise edge)        4.000     4.000 r  
                                                      0.000     4.000 r  clk (IN)
                         net (fo=369, unset)          0.000     4.000    u_mac_attn/prod_w0__1/DSP58C<0>_INST/CLK
                         DSP_SRCMX_OPTINV (Prop_DSP_SRCMX_OPTINV_CLK_IN_CLK)
                                                      0.059     4.059 r  u_mac_attn/prod_w0__1/DSP58C<0>_INST/DSP_SRCMX_OPTINV_INST/CLK
                         net (fo=6, unplaced)         0.000     4.059    u_mac_attn/prod_w0__1/DSP58C<0>_INST/DSP_SRCMX_OPTINV.CLK
                         DSP_OUTPUT58                                 r  u_mac_attn/prod_w0__1/DSP58C<0>_INST/DSP_OUTPUT58_INST/CLK
                         clock pessimism              0.000     4.059    
                         clock uncertainty           -0.300     3.759    
                         DSP_OUTPUT58 (Setup_DSP_OUTPUT58_CLK_ALU_OUT[7])
                                                     -0.003     3.756    u_mac_attn/prod_w0__1/DSP58C<0>_INST/DSP_OUTPUT58_INST
  -------------------------------------------------------------------
                         required time                          3.756    
                         arrival time                          -3.247    
  -------------------------------------------------------------------
                         slack                                  0.509    





Min Delay Paths
--------------------------------------------------------------------------------------
Slack (MET) :             0.079ns  (arrival time - required time)
  Source:                 u_vision_fifo/wptr_reg[4]/C
                            (rising edge-triggered cell FDRE clocked by clk  {rise@0.000ns fall@2.000ns period=4.000ns})
  Destination:            u_vision_fifo/mem_reg_0_63_0_6/RAMA/RAMD64_INST/WADR4
                            (rising edge-triggered cell RAMD64E5 clocked by clk  {rise@0.000ns fall@2.000ns period=4.000ns})
  Path Group:             clk
  Path Type:              Hold (Min at Fast Process Corner)
  Requirement:            0.000ns  (clk rise@0.000ns - clk rise@0.000ns)
  Data Path Delay:        0.157ns  (logic 0.049ns (31.210%)  route 0.108ns (68.790%))
  Logic Levels:           0  

    Location             Delay type                Incr(ns)  Path(ns)    Netlist Resource(s)
  -------------------------------------------------------------------    -------------------
                         (clock clk rise edge)        0.000     0.000 r  
                                                      0.000     0.000 r  clk (IN)
                         net (fo=369, unset)          0.000     0.000    u_vision_fifo/clk
                         FDRE                                         r  u_vision_fifo/wptr_reg[4]/C
  -------------------------------------------------------------------    -------------------
                         FDRE (Prop_FDRE_C_Q)         0.049     0.049 r  u_vision_fifo/wptr_reg[4]/Q
                         net (fo=49, unplaced)        0.108     0.157    u_vision_fifo/mem_reg_0_63_0_6/RAMA/WADR4
                         RAMD64E5                                     r  u_vision_fifo/mem_reg_0_63_0_6/RAMA/RAMD64_INST/WADR4
  -------------------------------------------------------------------    -------------------

                         (clock clk rise edge)        0.000     0.000 r  
                                                      0.000     0.000 r  clk (IN)
                         net (fo=369, unset)          0.000     0.000    u_vision_fifo/mem_reg_0_63_0_6/RAMA/CLK
                         RAMD64E5                                     r  u_vision_fifo/mem_reg_0_63_0_6/RAMA/RAMD64_INST/CLK
                         clock pessimism              0.000     0.000    
                         RAMD64E5 (Hold_RAMD64E5_CLK_WADR4)
                                                      0.078     0.078    u_vision_fifo/mem_reg_0_63_0_6/RAMA/RAMD64_INST
  -------------------------------------------------------------------
                         required time                         -0.078    
                         arrival time                           0.157    
  -------------------------------------------------------------------
                         slack                                  0.079    





Pulse Width Checks
--------------------------------------------------------------------------------------
Clock Name:         clk
Waveform(ns):       { 0.000 2.000 }
Period(ns):         4.000
Sources:            { clk }

Check Type        Corner  Lib Pin     Reference Pin  Required(ns)  Actual(ns)  Slack(ns)  Location  Pin
Min Period        n/a     RAMD32/CLK  n/a            1.213         4.000       2.787                u_attn_action_fifo/mem_reg_0_7_0_13/RAMA/CLK
Low Pulse Width   Slow    RAMD32/CLK  n/a            0.606         2.000       1.394                u_attn_action_fifo/mem_reg_0_7_0_13/RAMA/CLK
High Pulse Width  Slow    RAMD32/CLK  n/a            0.606         2.000       1.394                u_attn_action_fifo/mem_reg_0_7_0_13/RAMA/CLK



