

================================================================
== Vitis HLS Report for 'action_diff_head_Pipeline_ACTP_LOOP'
================================================================
* Date:           Thu May 28 13:02:24 2026

* Version:        2024.1 (Build 5069499 on May 21 2024)
* Project:        action_diff_hls
* Solution:       sol1 (Vivado IP Flow Target)
* Product family: versalaicore
* Target device:  xcvc1902-vsva2197-2MP-e-S


================================================================
== Performance Estimates
================================================================
+ Timing: 
    * Summary: 
    +--------+---------+----------+------------+
    |  Clock |  Target | Estimated| Uncertainty|
    +--------+---------+----------+------------+
    |ap_clk  |  4.00 ns|  2.477 ns|     1.08 ns|
    +--------+---------+----------+------------+

+ Latency: 
    * Summary: 
    +---------+---------+----------+----------+-----+-----+-----------------------------------------------+
    |  Latency (cycles) |  Latency (absolute) |  Interval |                    Pipeline                   |
    |   min   |   max   |    min   |    max   | min | max |                      Type                     |
    +---------+---------+----------+----------+-----+-----+-----------------------------------------------+
    |      263|      263|  1.052 us|  1.052 us|  257|  257|  loop auto-rewind stp(delay=0 clock cycles(s))|
    +---------+---------+----------+----------+-----+-----+-----------------------------------------------+

    + Detail: 
        * Instance: 
        +--------------------+-------+---------+---------+----------+----------+-----+-----+---------+
        |                    |       |  Latency (cycles) |  Latency (absolute) |  Interval | Pipeline|
        |      Instance      | Module|   min   |   max   |    min   |    max   | min | max |   Type  |
        +--------------------+-------+---------+---------+----------+----------+-----+-----+---------+
        |tmp_1_sat8_fu_1306  |sat8   |        0|        0|      0 ns|      0 ns|    1|    1|      yes|
        +--------------------+-------+---------+---------+----------+----------+-----+-----+---------+

        * Loop: 
        +-------------+---------+---------+----------+-----------+-----------+------+----------+
        |             |  Latency (cycles) | Iteration|  Initiation Interval  | Trip |          |
        |  Loop Name  |   min   |   max   |  Latency |  achieved |   target  | Count| Pipelined|
        +-------------+---------+---------+----------+-----------+-----------+------+----------+
        |- ACTP_LOOP  |      261|      261|         7|          1|          1|   256|       yes|
        +-------------+---------+---------+----------+-----------+-----------+------+----------+



================================================================
== Utilization Estimates
================================================================
* Summary: 
+-----------------+---------+------+---------+--------+-----+
|       Name      | BRAM_18K|  DSP |    FF   |   LUT  | URAM|
+-----------------+---------+------+---------+--------+-----+
|DSP              |        -|     3|        -|       -|    -|
|Expression       |        -|     -|        0|      48|    -|
|FIFO             |        -|     -|        -|       -|    -|
|Instance         |        -|     0|        0|     170|    -|
|Memory           |        -|     -|        -|       -|    -|
|Multiplexer      |        -|     -|        0|      48|    -|
|Register         |        -|     -|      241|      18|    -|
+-----------------+---------+------+---------+--------+-----+
|Total            |        0|     3|      241|     284|    0|
+-----------------+---------+------+---------+--------+-----+
|Available        |     1934|  1968|  1799680|  899840|  463|
+-----------------+---------+------+---------+--------+-----+
|Utilization (%)  |        0|    ~0|       ~0|      ~0|    0|
+-----------------+---------+------+---------+--------+-----+

+ Detail: 
    * Instance: 
    +-----------------------+------------------+---------+----+---+----+-----+
    |        Instance       |      Module      | BRAM_18K| DSP| FF| LUT| URAM|
    +-----------------------+------------------+---------+----+---+----+-----+
    |mul_8s_8s_16_1_1_U931  |mul_8s_8s_16_1_1  |        0|   0|  0|  85|    0|
    |mul_8s_8s_16_1_1_U932  |mul_8s_8s_16_1_1  |        0|   0|  0|  85|    0|
    +-----------------------+------------------+---------+----+---+----+-----+
    |Total                  |                  |        0|   0|  0| 170|    0|
    +-----------------------+------------------+---------+----+---+----+-----+

    * DSP: 
    +--------------------------------------------------+---------------------------------------------+------------------------------------+
    |                     Instance                     |                    Module                   |             Expression             |
    +--------------------------------------------------+---------------------------------------------+------------------------------------+
    |dsp_dotpra3add_8s_8s_8s_8s_8s_8s_18s_18_4_1_U935  |dsp_dotpra3add_8s_8s_8s_8s_8s_8s_18s_18_4_1  |  i0 + (i1 * i2 + i3 * i4) + i5 * i6|
    |mac_muladd_8s_8s_16s_17_4_1_U933                  |mac_muladd_8s_8s_16s_17_4_1                  |                        i0 + i1 * i2|
    |mac_muladd_8s_8s_16s_17_4_1_U934                  |mac_muladd_8s_8s_16s_17_4_1                  |                        i0 + i1 * i2|
    +--------------------------------------------------+---------------------------------------------+------------------------------------+

    * Memory: 
    N/A

    * FIFO: 
    N/A

    * Expression: 
    +-----------------------+----------+----+---+----+------------+------------+
    |     Variable Name     | Operation| DSP| FF| LUT| Bitwidth P0| Bitwidth P1|
    +-----------------------+----------+----+---+----+------------+------------+
    |add_ln144_fu_1439_p2   |         +|   0|  0|   9|           9|           1|
    |grp_fu_1989_p6         |         +|   0|  0|  18|          18|          18|
    |v_fu_1706_p2           |         +|   0|  0|  15|          15|          15|
    |icmp_ln144_fu_1445_p2  |      icmp|   0|  0|   4|           9|          10|
    |ap_enable_pp0          |       xor|   0|  0|   2|           1|           2|
    +-----------------------+----------+----+---+----+------------+------------+
    |Total                  |          |   0|  0|  48|          52|          46|
    +-----------------------+----------+----+---+----+------------+------------+

    * Multiplexer: 
    +-------------------------+----+-----------+-----+-----------+
    |           Name          | LUT| Input Size| Bits| Total Bits|
    +-------------------------+----+-----------+-----+-----------+
    |ap_done_int              |   8|          2|    1|          2|
    |ap_enable_reg_pp0_iter1  |   8|          2|    1|          2|
    |ap_sig_allocacmp_c_2     |  16|          2|    9|         18|
    |c_fu_324                 |  16|          2|    9|         18|
    +-------------------------+----+-----------+-----+-----------+
    |Total                    |  48|          8|   20|         40|
    +-------------------------+----+-----------+-----+-----------+

    * Register: 
    +----------------------------------+----+----+-----+-----------+
    |               Name               | FF | LUT| Bits| Const Bits|
    +----------------------------------+----+----+-----+-----------+
    |ap_CS_fsm                         |   1|   0|    1|          0|
    |ap_done_reg                       |   1|   0|    1|          0|
    |ap_enable_reg_pp0_iter1           |   1|   0|    1|          0|
    |ap_enable_reg_pp0_iter2           |   1|   0|    1|          0|
    |ap_enable_reg_pp0_iter3           |   1|   0|    1|          0|
    |ap_enable_reg_pp0_iter4           |   1|   0|    1|          0|
    |ap_enable_reg_pp0_iter5           |   1|   0|    1|          0|
    |ap_enable_reg_pp0_iter6           |   1|   0|    1|          0|
    |ap_loop_exit_ready_pp0_iter1_reg  |   1|   0|    1|          0|
    |ap_loop_exit_ready_pp0_iter2_reg  |   1|   0|    1|          0|
    |ap_loop_exit_ready_pp0_iter3_reg  |   1|   0|    1|          0|
    |ap_loop_exit_ready_pp0_iter4_reg  |   1|   0|    1|          0|
    |ap_loop_exit_ready_pp0_iter5_reg  |   1|   0|    1|          0|
    |ap_predicate_pred1007_state7      |   1|   0|    1|          0|
    |ap_predicate_pred1016_state7      |   1|   0|    1|          0|
    |ap_predicate_pred1025_state7      |   1|   0|    1|          0|
    |ap_predicate_pred1034_state7      |   1|   0|    1|          0|
    |ap_predicate_pred1043_state7      |   1|   0|    1|          0|
    |ap_predicate_pred1052_state7      |   1|   0|    1|          0|
    |ap_predicate_pred1061_state7      |   1|   0|    1|          0|
    |ap_predicate_pred1070_state7      |   1|   0|    1|          0|
    |ap_predicate_pred1079_state7      |   1|   0|    1|          0|
    |ap_predicate_pred1088_state7      |   1|   0|    1|          0|
    |ap_predicate_pred1097_state7      |   1|   0|    1|          0|
    |ap_predicate_pred1106_state7      |   1|   0|    1|          0|
    |ap_predicate_pred1115_state7      |   1|   0|    1|          0|
    |ap_predicate_pred1124_state7      |   1|   0|    1|          0|
    |ap_predicate_pred1133_state7      |   1|   0|    1|          0|
    |ap_predicate_pred1142_state7      |   1|   0|    1|          0|
    |ap_predicate_pred1151_state7      |   1|   0|    1|          0|
    |ap_predicate_pred1160_state7      |   1|   0|    1|          0|
    |ap_predicate_pred1169_state7      |   1|   0|    1|          0|
    |ap_predicate_pred1178_state7      |   1|   0|    1|          0|
    |ap_predicate_pred1187_state7      |   1|   0|    1|          0|
    |ap_predicate_pred1196_state7      |   1|   0|    1|          0|
    |ap_predicate_pred1205_state7      |   1|   0|    1|          0|
    |ap_predicate_pred1214_state7      |   1|   0|    1|          0|
    |ap_predicate_pred1223_state7      |   1|   0|    1|          0|
    |ap_predicate_pred1232_state7      |   1|   0|    1|          0|
    |ap_predicate_pred1241_state7      |   1|   0|    1|          0|
    |ap_predicate_pred1250_state7      |   1|   0|    1|          0|
    |ap_predicate_pred1259_state7      |   1|   0|    1|          0|
    |ap_predicate_pred1268_state7      |   1|   0|    1|          0|
    |ap_predicate_pred1277_state7      |   1|   0|    1|          0|
    |ap_predicate_pred1286_state7      |   1|   0|    1|          0|
    |ap_predicate_pred1295_state7      |   1|   0|    1|          0|
    |ap_predicate_pred1304_state7      |   1|   0|    1|          0|
    |ap_predicate_pred1313_state7      |   1|   0|    1|          0|
    |ap_predicate_pred1322_state7      |   1|   0|    1|          0|
    |ap_predicate_pred1331_state7      |   1|   0|    1|          0|
    |ap_predicate_pred1340_state7      |   1|   0|    1|          0|
    |ap_predicate_pred1349_state7      |   1|   0|    1|          0|
    |ap_predicate_pred1358_state7      |   1|   0|    1|          0|
    |ap_predicate_pred791_state7       |   1|   0|    1|          0|
    |ap_predicate_pred800_state7       |   1|   0|    1|          0|
    |ap_predicate_pred809_state7       |   1|   0|    1|          0|
    |ap_predicate_pred818_state7       |   1|   0|    1|          0|
    |ap_predicate_pred827_state7       |   1|   0|    1|          0|
    |ap_predicate_pred836_state7       |   1|   0|    1|          0|
    |ap_predicate_pred845_state7       |   1|   0|    1|          0|
    |ap_predicate_pred854_state7       |   1|   0|    1|          0|
    |ap_predicate_pred863_state7       |   1|   0|    1|          0|
    |ap_predicate_pred872_state7       |   1|   0|    1|          0|
    |ap_predicate_pred881_state7       |   1|   0|    1|          0|
    |ap_predicate_pred890_state7       |   1|   0|    1|          0|
    |ap_predicate_pred899_state7       |   1|   0|    1|          0|
    |ap_predicate_pred908_state7       |   1|   0|    1|          0|
    |ap_predicate_pred917_state7       |   1|   0|    1|          0|
    |ap_predicate_pred926_state7       |   1|   0|    1|          0|
    |ap_predicate_pred935_state7       |   1|   0|    1|          0|
    |ap_predicate_pred944_state7       |   1|   0|    1|          0|
    |ap_predicate_pred953_state7       |   1|   0|    1|          0|
    |ap_predicate_pred962_state7       |   1|   0|    1|          0|
    |ap_predicate_pred971_state7       |   1|   0|    1|          0|
    |ap_predicate_pred980_state7       |   1|   0|    1|          0|
    |ap_predicate_pred989_state7       |   1|   0|    1|          0|
    |ap_predicate_pred998_state7       |   1|   0|    1|          0|
    |c_fu_324                          |   9|   0|    9|          0|
    |lshr_ln4_reg_2073                 |   2|   0|    2|          0|
    |p_cast636_cast_reg_2049           |  16|   0|   16|          0|
    |p_cast637_cast_reg_2043           |  16|   0|   16|          0|
    |p_cast638_cast_reg_2037           |  16|   0|   16|          0|
    |p_cast639_cast_reg_2031           |  16|   0|   16|          0|
    |p_cast640_cast_reg_2025           |  16|   0|   16|          0|
    |p_cast642_cast_reg_2013           |  16|   0|   16|          0|
    |sext_ln144_cast_reg_2019          |  16|   0|   16|          0|
    |trunc_ln144_reg_2069              |   6|   0|    6|          0|
    |zext_ln144_reg_2059               |   9|   0|   64|         55|
    |lshr_ln4_reg_2073                 |   2|   2|    2|          0|
    |trunc_ln144_reg_2069              |   8|   8|    6|          0|
    |zext_ln144_reg_2059               |  16|   8|   64|         55|
    +----------------------------------+----+----+-----+-----------+
    |Total                             | 241|  18|  342|        110|
    +----------------------------------+----+----+-----+-----------+



================================================================
== Interface
================================================================
* Summary: 
+--------------------------+-----+-----+------------+-------------------------------------+--------------+
|         RTL Ports        | Dir | Bits|  Protocol  |            Source Object            |    C Type    |
+--------------------------+-----+-----+------------+-------------------------------------+--------------+
|ap_clk                    |   in|    1|  ap_ctrl_hs|  action_diff_head_Pipeline_ACTP_LOOP|  return value|
|ap_rst                    |   in|    1|  ap_ctrl_hs|  action_diff_head_Pipeline_ACTP_LOOP|  return value|
|ap_start                  |   in|    1|  ap_ctrl_hs|  action_diff_head_Pipeline_ACTP_LOOP|  return value|
|ap_done                   |  out|    1|  ap_ctrl_hs|  action_diff_head_Pipeline_ACTP_LOOP|  return value|
|ap_idle                   |  out|    1|  ap_ctrl_hs|  action_diff_head_Pipeline_ACTP_LOOP|  return value|
|ap_ready                  |  out|    1|  ap_ctrl_hs|  action_diff_head_Pipeline_ACTP_LOOP|  return value|
|grp_sat8_fu_6595_p_din1   |  out|   18|  ap_ctrl_hs|  action_diff_head_Pipeline_ACTP_LOOP|  return value|
|grp_sat8_fu_6595_p_dout0  |   in|    8|  ap_ctrl_hs|  action_diff_head_Pipeline_ACTP_LOOP|  return value|
|grp_sat8_fu_6595_p_ready  |   in|    1|  ap_ctrl_hs|  action_diff_head_Pipeline_ACTP_LOOP|  return value|
|act_q_63_address0         |  out|    2|   ap_memory|                             act_q_63|         array|
|act_q_63_ce0              |  out|    1|   ap_memory|                             act_q_63|         array|
|act_q_63_we0              |  out|    1|   ap_memory|                             act_q_63|         array|
|act_q_63_d0               |  out|    8|   ap_memory|                             act_q_63|         array|
|act_q_62_address0         |  out|    2|   ap_memory|                             act_q_62|         array|
|act_q_62_ce0              |  out|    1|   ap_memory|                             act_q_62|         array|
|act_q_62_we0              |  out|    1|   ap_memory|                             act_q_62|         array|
|act_q_62_d0               |  out|    8|   ap_memory|                             act_q_62|         array|
|act_q_61_address0         |  out|    2|   ap_memory|                             act_q_61|         array|
|act_q_61_ce0              |  out|    1|   ap_memory|                             act_q_61|         array|
|act_q_61_we0              |  out|    1|   ap_memory|                             act_q_61|         array|
|act_q_61_d0               |  out|    8|   ap_memory|                             act_q_61|         array|
|act_q_60_address0         |  out|    2|   ap_memory|                             act_q_60|         array|
|act_q_60_ce0              |  out|    1|   ap_memory|                             act_q_60|         array|
|act_q_60_we0              |  out|    1|   ap_memory|                             act_q_60|         array|
|act_q_60_d0               |  out|    8|   ap_memory|                             act_q_60|         array|
|act_q_59_address0         |  out|    2|   ap_memory|                             act_q_59|         array|
|act_q_59_ce0              |  out|    1|   ap_memory|                             act_q_59|         array|
|act_q_59_we0              |  out|    1|   ap_memory|                             act_q_59|         array|
|act_q_59_d0               |  out|    8|   ap_memory|                             act_q_59|         array|
|act_q_58_address0         |  out|    2|   ap_memory|                             act_q_58|         array|
|act_q_58_ce0              |  out|    1|   ap_memory|                             act_q_58|         array|
|act_q_58_we0              |  out|    1|   ap_memory|                             act_q_58|         array|
|act_q_58_d0               |  out|    8|   ap_memory|                             act_q_58|         array|
|act_q_57_address0         |  out|    2|   ap_memory|                             act_q_57|         array|
|act_q_57_ce0              |  out|    1|   ap_memory|                             act_q_57|         array|
|act_q_57_we0              |  out|    1|   ap_memory|                             act_q_57|         array|
|act_q_57_d0               |  out|    8|   ap_memory|                             act_q_57|         array|
|act_q_56_address0         |  out|    2|   ap_memory|                             act_q_56|         array|
|act_q_56_ce0              |  out|    1|   ap_memory|                             act_q_56|         array|
|act_q_56_we0              |  out|    1|   ap_memory|                             act_q_56|         array|
|act_q_56_d0               |  out|    8|   ap_memory|                             act_q_56|         array|
|act_q_55_address0         |  out|    2|   ap_memory|                             act_q_55|         array|
|act_q_55_ce0              |  out|    1|   ap_memory|                             act_q_55|         array|
|act_q_55_we0              |  out|    1|   ap_memory|                             act_q_55|         array|
|act_q_55_d0               |  out|    8|   ap_memory|                             act_q_55|         array|
|act_q_54_address0         |  out|    2|   ap_memory|                             act_q_54|         array|
|act_q_54_ce0              |  out|    1|   ap_memory|                             act_q_54|         array|
|act_q_54_we0              |  out|    1|   ap_memory|                             act_q_54|         array|
|act_q_54_d0               |  out|    8|   ap_memory|                             act_q_54|         array|
|act_q_53_address0         |  out|    2|   ap_memory|                             act_q_53|         array|
|act_q_53_ce0              |  out|    1|   ap_memory|                             act_q_53|         array|
|act_q_53_we0              |  out|    1|   ap_memory|                             act_q_53|         array|
|act_q_53_d0               |  out|    8|   ap_memory|                             act_q_53|         array|
|act_q_52_address0         |  out|    2|   ap_memory|                             act_q_52|         array|
|act_q_52_ce0              |  out|    1|   ap_memory|                             act_q_52|         array|
|act_q_52_we0              |  out|    1|   ap_memory|                             act_q_52|         array|
|act_q_52_d0               |  out|    8|   ap_memory|                             act_q_52|         array|
|act_q_51_address0         |  out|    2|   ap_memory|                             act_q_51|         array|
|act_q_51_ce0              |  out|    1|   ap_memory|                             act_q_51|         array|
|act_q_51_we0              |  out|    1|   ap_memory|                             act_q_51|         array|
|act_q_51_d0               |  out|    8|   ap_memory|                             act_q_51|         array|
|act_q_50_address0         |  out|    2|   ap_memory|                             act_q_50|         array|
|act_q_50_ce0              |  out|    1|   ap_memory|                             act_q_50|         array|
|act_q_50_we0              |  out|    1|   ap_memory|                             act_q_50|         array|
|act_q_50_d0               |  out|    8|   ap_memory|                             act_q_50|         array|
|act_q_49_address0         |  out|    2|   ap_memory|                             act_q_49|         array|
|act_q_49_ce0              |  out|    1|   ap_memory|                             act_q_49|         array|
|act_q_49_we0              |  out|    1|   ap_memory|                             act_q_49|         array|
|act_q_49_d0               |  out|    8|   ap_memory|                             act_q_49|         array|
|act_q_48_address0         |  out|    2|   ap_memory|                             act_q_48|         array|
|act_q_48_ce0              |  out|    1|   ap_memory|                             act_q_48|         array|
|act_q_48_we0              |  out|    1|   ap_memory|                             act_q_48|         array|
|act_q_48_d0               |  out|    8|   ap_memory|                             act_q_48|         array|
|act_q_47_address0         |  out|    2|   ap_memory|                             act_q_47|         array|
|act_q_47_ce0              |  out|    1|   ap_memory|                             act_q_47|         array|
|act_q_47_we0              |  out|    1|   ap_memory|                             act_q_47|         array|
|act_q_47_d0               |  out|    8|   ap_memory|                             act_q_47|         array|
|act_q_46_address0         |  out|    2|   ap_memory|                             act_q_46|         array|
|act_q_46_ce0              |  out|    1|   ap_memory|                             act_q_46|         array|
|act_q_46_we0              |  out|    1|   ap_memory|                             act_q_46|         array|
|act_q_46_d0               |  out|    8|   ap_memory|                             act_q_46|         array|
|act_q_45_address0         |  out|    2|   ap_memory|                             act_q_45|         array|
|act_q_45_ce0              |  out|    1|   ap_memory|                             act_q_45|         array|
|act_q_45_we0              |  out|    1|   ap_memory|                             act_q_45|         array|
|act_q_45_d0               |  out|    8|   ap_memory|                             act_q_45|         array|
|act_q_44_address0         |  out|    2|   ap_memory|                             act_q_44|         array|
|act_q_44_ce0              |  out|    1|   ap_memory|                             act_q_44|         array|
|act_q_44_we0              |  out|    1|   ap_memory|                             act_q_44|         array|
|act_q_44_d0               |  out|    8|   ap_memory|                             act_q_44|         array|
|act_q_43_address0         |  out|    2|   ap_memory|                             act_q_43|         array|
|act_q_43_ce0              |  out|    1|   ap_memory|                             act_q_43|         array|
|act_q_43_we0              |  out|    1|   ap_memory|                             act_q_43|         array|
|act_q_43_d0               |  out|    8|   ap_memory|                             act_q_43|         array|
|act_q_42_address0         |  out|    2|   ap_memory|                             act_q_42|         array|
|act_q_42_ce0              |  out|    1|   ap_memory|                             act_q_42|         array|
|act_q_42_we0              |  out|    1|   ap_memory|                             act_q_42|         array|
|act_q_42_d0               |  out|    8|   ap_memory|                             act_q_42|         array|
|act_q_41_address0         |  out|    2|   ap_memory|                             act_q_41|         array|
|act_q_41_ce0              |  out|    1|   ap_memory|                             act_q_41|         array|
|act_q_41_we0              |  out|    1|   ap_memory|                             act_q_41|         array|
|act_q_41_d0               |  out|    8|   ap_memory|                             act_q_41|         array|
|act_q_40_address0         |  out|    2|   ap_memory|                             act_q_40|         array|
|act_q_40_ce0              |  out|    1|   ap_memory|                             act_q_40|         array|
|act_q_40_we0              |  out|    1|   ap_memory|                             act_q_40|         array|
|act_q_40_d0               |  out|    8|   ap_memory|                             act_q_40|         array|
|act_q_39_address0         |  out|    2|   ap_memory|                             act_q_39|         array|
|act_q_39_ce0              |  out|    1|   ap_memory|                             act_q_39|         array|
|act_q_39_we0              |  out|    1|   ap_memory|                             act_q_39|         array|
|act_q_39_d0               |  out|    8|   ap_memory|                             act_q_39|         array|
|act_q_38_address0         |  out|    2|   ap_memory|                             act_q_38|         array|
|act_q_38_ce0              |  out|    1|   ap_memory|                             act_q_38|         array|
|act_q_38_we0              |  out|    1|   ap_memory|                             act_q_38|         array|
|act_q_38_d0               |  out|    8|   ap_memory|                             act_q_38|         array|
|act_q_37_address0         |  out|    2|   ap_memory|                             act_q_37|         array|
|act_q_37_ce0              |  out|    1|   ap_memory|                             act_q_37|         array|
|act_q_37_we0              |  out|    1|   ap_memory|                             act_q_37|         array|
|act_q_37_d0               |  out|    8|   ap_memory|                             act_q_37|         array|
|act_q_36_address0         |  out|    2|   ap_memory|                             act_q_36|         array|
|act_q_36_ce0              |  out|    1|   ap_memory|                             act_q_36|         array|
|act_q_36_we0              |  out|    1|   ap_memory|                             act_q_36|         array|
|act_q_36_d0               |  out|    8|   ap_memory|                             act_q_36|         array|
|act_q_35_address0         |  out|    2|   ap_memory|                             act_q_35|         array|
|act_q_35_ce0              |  out|    1|   ap_memory|                             act_q_35|         array|
|act_q_35_we0              |  out|    1|   ap_memory|                             act_q_35|         array|
|act_q_35_d0               |  out|    8|   ap_memory|                             act_q_35|         array|
|act_q_34_address0         |  out|    2|   ap_memory|                             act_q_34|         array|
|act_q_34_ce0              |  out|    1|   ap_memory|                             act_q_34|         array|
|act_q_34_we0              |  out|    1|   ap_memory|                             act_q_34|         array|
|act_q_34_d0               |  out|    8|   ap_memory|                             act_q_34|         array|
|act_q_33_address0         |  out|    2|   ap_memory|                             act_q_33|         array|
|act_q_33_ce0              |  out|    1|   ap_memory|                             act_q_33|         array|
|act_q_33_we0              |  out|    1|   ap_memory|                             act_q_33|         array|
|act_q_33_d0               |  out|    8|   ap_memory|                             act_q_33|         array|
|act_q_32_address0         |  out|    2|   ap_memory|                             act_q_32|         array|
|act_q_32_ce0              |  out|    1|   ap_memory|                             act_q_32|         array|
|act_q_32_we0              |  out|    1|   ap_memory|                             act_q_32|         array|
|act_q_32_d0               |  out|    8|   ap_memory|                             act_q_32|         array|
|act_q_31_address0         |  out|    2|   ap_memory|                             act_q_31|         array|
|act_q_31_ce0              |  out|    1|   ap_memory|                             act_q_31|         array|
|act_q_31_we0              |  out|    1|   ap_memory|                             act_q_31|         array|
|act_q_31_d0               |  out|    8|   ap_memory|                             act_q_31|         array|
|act_q_30_address0         |  out|    2|   ap_memory|                             act_q_30|         array|
|act_q_30_ce0              |  out|    1|   ap_memory|                             act_q_30|         array|
|act_q_30_we0              |  out|    1|   ap_memory|                             act_q_30|         array|
|act_q_30_d0               |  out|    8|   ap_memory|                             act_q_30|         array|
|act_q_29_address0         |  out|    2|   ap_memory|                             act_q_29|         array|
|act_q_29_ce0              |  out|    1|   ap_memory|                             act_q_29|         array|
|act_q_29_we0              |  out|    1|   ap_memory|                             act_q_29|         array|
|act_q_29_d0               |  out|    8|   ap_memory|                             act_q_29|         array|
|act_q_28_address0         |  out|    2|   ap_memory|                             act_q_28|         array|
|act_q_28_ce0              |  out|    1|   ap_memory|                             act_q_28|         array|
|act_q_28_we0              |  out|    1|   ap_memory|                             act_q_28|         array|
|act_q_28_d0               |  out|    8|   ap_memory|                             act_q_28|         array|
|act_q_27_address0         |  out|    2|   ap_memory|                             act_q_27|         array|
|act_q_27_ce0              |  out|    1|   ap_memory|                             act_q_27|         array|
|act_q_27_we0              |  out|    1|   ap_memory|                             act_q_27|         array|
|act_q_27_d0               |  out|    8|   ap_memory|                             act_q_27|         array|
|act_q_26_address0         |  out|    2|   ap_memory|                             act_q_26|         array|
|act_q_26_ce0              |  out|    1|   ap_memory|                             act_q_26|         array|
|act_q_26_we0              |  out|    1|   ap_memory|                             act_q_26|         array|
|act_q_26_d0               |  out|    8|   ap_memory|                             act_q_26|         array|
|act_q_25_address0         |  out|    2|   ap_memory|                             act_q_25|         array|
|act_q_25_ce0              |  out|    1|   ap_memory|                             act_q_25|         array|
|act_q_25_we0              |  out|    1|   ap_memory|                             act_q_25|         array|
|act_q_25_d0               |  out|    8|   ap_memory|                             act_q_25|         array|
|act_q_24_address0         |  out|    2|   ap_memory|                             act_q_24|         array|
|act_q_24_ce0              |  out|    1|   ap_memory|                             act_q_24|         array|
|act_q_24_we0              |  out|    1|   ap_memory|                             act_q_24|         array|
|act_q_24_d0               |  out|    8|   ap_memory|                             act_q_24|         array|
|act_q_23_address0         |  out|    2|   ap_memory|                             act_q_23|         array|
|act_q_23_ce0              |  out|    1|   ap_memory|                             act_q_23|         array|
|act_q_23_we0              |  out|    1|   ap_memory|                             act_q_23|         array|
|act_q_23_d0               |  out|    8|   ap_memory|                             act_q_23|         array|
|act_q_22_address0         |  out|    2|   ap_memory|                             act_q_22|         array|
|act_q_22_ce0              |  out|    1|   ap_memory|                             act_q_22|         array|
|act_q_22_we0              |  out|    1|   ap_memory|                             act_q_22|         array|
|act_q_22_d0               |  out|    8|   ap_memory|                             act_q_22|         array|
|act_q_21_address0         |  out|    2|   ap_memory|                             act_q_21|         array|
|act_q_21_ce0              |  out|    1|   ap_memory|                             act_q_21|         array|
|act_q_21_we0              |  out|    1|   ap_memory|                             act_q_21|         array|
|act_q_21_d0               |  out|    8|   ap_memory|                             act_q_21|         array|
|act_q_20_address0         |  out|    2|   ap_memory|                             act_q_20|         array|
|act_q_20_ce0              |  out|    1|   ap_memory|                             act_q_20|         array|
|act_q_20_we0              |  out|    1|   ap_memory|                             act_q_20|         array|
|act_q_20_d0               |  out|    8|   ap_memory|                             act_q_20|         array|
|act_q_19_address0         |  out|    2|   ap_memory|                             act_q_19|         array|
|act_q_19_ce0              |  out|    1|   ap_memory|                             act_q_19|         array|
|act_q_19_we0              |  out|    1|   ap_memory|                             act_q_19|         array|
|act_q_19_d0               |  out|    8|   ap_memory|                             act_q_19|         array|
|act_q_18_address0         |  out|    2|   ap_memory|                             act_q_18|         array|
|act_q_18_ce0              |  out|    1|   ap_memory|                             act_q_18|         array|
|act_q_18_we0              |  out|    1|   ap_memory|                             act_q_18|         array|
|act_q_18_d0               |  out|    8|   ap_memory|                             act_q_18|         array|
|act_q_17_address0         |  out|    2|   ap_memory|                             act_q_17|         array|
|act_q_17_ce0              |  out|    1|   ap_memory|                             act_q_17|         array|
|act_q_17_we0              |  out|    1|   ap_memory|                             act_q_17|         array|
|act_q_17_d0               |  out|    8|   ap_memory|                             act_q_17|         array|
|act_q_16_address0         |  out|    2|   ap_memory|                             act_q_16|         array|
|act_q_16_ce0              |  out|    1|   ap_memory|                             act_q_16|         array|
|act_q_16_we0              |  out|    1|   ap_memory|                             act_q_16|         array|
|act_q_16_d0               |  out|    8|   ap_memory|                             act_q_16|         array|
|act_q_15_address0         |  out|    2|   ap_memory|                             act_q_15|         array|
|act_q_15_ce0              |  out|    1|   ap_memory|                             act_q_15|         array|
|act_q_15_we0              |  out|    1|   ap_memory|                             act_q_15|         array|
|act_q_15_d0               |  out|    8|   ap_memory|                             act_q_15|         array|
|act_q_14_address0         |  out|    2|   ap_memory|                             act_q_14|         array|
|act_q_14_ce0              |  out|    1|   ap_memory|                             act_q_14|         array|
|act_q_14_we0              |  out|    1|   ap_memory|                             act_q_14|         array|
|act_q_14_d0               |  out|    8|   ap_memory|                             act_q_14|         array|
|act_q_13_address0         |  out|    2|   ap_memory|                             act_q_13|         array|
|act_q_13_ce0              |  out|    1|   ap_memory|                             act_q_13|         array|
|act_q_13_we0              |  out|    1|   ap_memory|                             act_q_13|         array|
|act_q_13_d0               |  out|    8|   ap_memory|                             act_q_13|         array|
|act_q_12_address0         |  out|    2|   ap_memory|                             act_q_12|         array|
|act_q_12_ce0              |  out|    1|   ap_memory|                             act_q_12|         array|
|act_q_12_we0              |  out|    1|   ap_memory|                             act_q_12|         array|
|act_q_12_d0               |  out|    8|   ap_memory|                             act_q_12|         array|
|act_q_11_address0         |  out|    2|   ap_memory|                             act_q_11|         array|
|act_q_11_ce0              |  out|    1|   ap_memory|                             act_q_11|         array|
|act_q_11_we0              |  out|    1|   ap_memory|                             act_q_11|         array|
|act_q_11_d0               |  out|    8|   ap_memory|                             act_q_11|         array|
|act_q_10_address0         |  out|    2|   ap_memory|                             act_q_10|         array|
|act_q_10_ce0              |  out|    1|   ap_memory|                             act_q_10|         array|
|act_q_10_we0              |  out|    1|   ap_memory|                             act_q_10|         array|
|act_q_10_d0               |  out|    8|   ap_memory|                             act_q_10|         array|
|act_q_9_address0          |  out|    2|   ap_memory|                              act_q_9|         array|
|act_q_9_ce0               |  out|    1|   ap_memory|                              act_q_9|         array|
|act_q_9_we0               |  out|    1|   ap_memory|                              act_q_9|         array|
|act_q_9_d0                |  out|    8|   ap_memory|                              act_q_9|         array|
|act_q_8_address0          |  out|    2|   ap_memory|                              act_q_8|         array|
|act_q_8_ce0               |  out|    1|   ap_memory|                              act_q_8|         array|
|act_q_8_we0               |  out|    1|   ap_memory|                              act_q_8|         array|
|act_q_8_d0                |  out|    8|   ap_memory|                              act_q_8|         array|
|act_q_7_address0          |  out|    2|   ap_memory|                              act_q_7|         array|
|act_q_7_ce0               |  out|    1|   ap_memory|                              act_q_7|         array|
|act_q_7_we0               |  out|    1|   ap_memory|                              act_q_7|         array|
|act_q_7_d0                |  out|    8|   ap_memory|                              act_q_7|         array|
|act_q_6_address0          |  out|    2|   ap_memory|                              act_q_6|         array|
|act_q_6_ce0               |  out|    1|   ap_memory|                              act_q_6|         array|
|act_q_6_we0               |  out|    1|   ap_memory|                              act_q_6|         array|
|act_q_6_d0                |  out|    8|   ap_memory|                              act_q_6|         array|
|act_q_5_address0          |  out|    2|   ap_memory|                              act_q_5|         array|
|act_q_5_ce0               |  out|    1|   ap_memory|                              act_q_5|         array|
|act_q_5_we0               |  out|    1|   ap_memory|                              act_q_5|         array|
|act_q_5_d0                |  out|    8|   ap_memory|                              act_q_5|         array|
|act_q_4_address0          |  out|    2|   ap_memory|                              act_q_4|         array|
|act_q_4_ce0               |  out|    1|   ap_memory|                              act_q_4|         array|
|act_q_4_we0               |  out|    1|   ap_memory|                              act_q_4|         array|
|act_q_4_d0                |  out|    8|   ap_memory|                              act_q_4|         array|
|act_q_3_address0          |  out|    2|   ap_memory|                              act_q_3|         array|
|act_q_3_ce0               |  out|    1|   ap_memory|                              act_q_3|         array|
|act_q_3_we0               |  out|    1|   ap_memory|                              act_q_3|         array|
|act_q_3_d0                |  out|    8|   ap_memory|                              act_q_3|         array|
|act_q_2_address0          |  out|    2|   ap_memory|                              act_q_2|         array|
|act_q_2_ce0               |  out|    1|   ap_memory|                              act_q_2|         array|
|act_q_2_we0               |  out|    1|   ap_memory|                              act_q_2|         array|
|act_q_2_d0                |  out|    8|   ap_memory|                              act_q_2|         array|
|act_q_1_address0          |  out|    2|   ap_memory|                              act_q_1|         array|
|act_q_1_ce0               |  out|    1|   ap_memory|                              act_q_1|         array|
|act_q_1_we0               |  out|    1|   ap_memory|                              act_q_1|         array|
|act_q_1_d0                |  out|    8|   ap_memory|                              act_q_1|         array|
|act_q_address0            |  out|    2|   ap_memory|                                act_q|         array|
|act_q_ce0                 |  out|    1|   ap_memory|                                act_q|         array|
|act_q_we0                 |  out|    1|   ap_memory|                                act_q|         array|
|act_q_d0                  |  out|    8|   ap_memory|                                act_q|         array|
|W_act_proj_address0       |  out|    8|   ap_memory|                           W_act_proj|         array|
|W_act_proj_ce0            |  out|    1|   ap_memory|                           W_act_proj|         array|
|W_act_proj_q0             |   in|    8|   ap_memory|                           W_act_proj|         array|
|W_act_proj_1_address0     |  out|    8|   ap_memory|                         W_act_proj_1|         array|
|W_act_proj_1_ce0          |  out|    1|   ap_memory|                         W_act_proj_1|         array|
|W_act_proj_1_q0           |   in|    8|   ap_memory|                         W_act_proj_1|         array|
|W_act_proj_2_address0     |  out|    8|   ap_memory|                         W_act_proj_2|         array|
|W_act_proj_2_ce0          |  out|    1|   ap_memory|                         W_act_proj_2|         array|
|W_act_proj_2_q0           |   in|    8|   ap_memory|                         W_act_proj_2|         array|
|W_act_proj_3_address0     |  out|    8|   ap_memory|                         W_act_proj_3|         array|
|W_act_proj_3_ce0          |  out|    1|   ap_memory|                         W_act_proj_3|         array|
|W_act_proj_3_q0           |   in|    8|   ap_memory|                         W_act_proj_3|         array|
|W_act_proj_4_address0     |  out|    8|   ap_memory|                         W_act_proj_4|         array|
|W_act_proj_4_ce0          |  out|    1|   ap_memory|                         W_act_proj_4|         array|
|W_act_proj_4_q0           |   in|    8|   ap_memory|                         W_act_proj_4|         array|
|W_act_proj_5_address0     |  out|    8|   ap_memory|                         W_act_proj_5|         array|
|W_act_proj_5_ce0          |  out|    1|   ap_memory|                         W_act_proj_5|         array|
|W_act_proj_5_q0           |   in|    8|   ap_memory|                         W_act_proj_5|         array|
|W_act_proj_6_address0     |  out|    8|   ap_memory|                         W_act_proj_6|         array|
|W_act_proj_6_ce0          |  out|    1|   ap_memory|                         W_act_proj_6|         array|
|W_act_proj_6_q0           |   in|    8|   ap_memory|                         W_act_proj_6|         array|
|p_cast636                 |   in|    8|     ap_none|                            p_cast636|        scalar|
|p_cast637                 |   in|    8|     ap_none|                            p_cast637|        scalar|
|p_cast638                 |   in|    8|     ap_none|                            p_cast638|        scalar|
|p_cast639                 |   in|    8|     ap_none|                            p_cast639|        scalar|
|p_cast640                 |   in|    8|     ap_none|                            p_cast640|        scalar|
|sext_ln144                |   in|    8|     ap_none|                           sext_ln144|        scalar|
|p_cast642                 |   in|    8|     ap_none|                            p_cast642|        scalar|
|time_proj_address0        |  out|    8|   ap_memory|                            time_proj|         array|
|time_proj_ce0             |  out|    1|   ap_memory|                            time_proj|         array|
|time_proj_q0              |   in|    8|   ap_memory|                            time_proj|         array|
+--------------------------+-----+-----+------------+-------------------------------------+--------------+

