

================================================================
== Vitis HLS Report for 'action_diff_head_Pipeline_LOAD_TE'
================================================================
* Date:           Thu May 28 13:02:13 2026

* Version:        2024.1 (Build 5069499 on May 21 2024)
* Project:        action_diff_hls
* Solution:       sol1 (Vivado IP Flow Target)
* Product family: versalaicore
* Target device:  xcvc1902-vsva2197-2MP-e-S


================================================================
== Performance Estimates
================================================================
+ Timing: 
    * Summary: 
    +--------+---------+----------+------------+
    |  Clock |  Target | Estimated| Uncertainty|
    +--------+---------+----------+------------+
    |ap_clk  |  4.00 ns|  1.400 ns|     1.08 ns|
    +--------+---------+----------+------------+

+ Latency: 
    * Summary: 
    +---------+---------+----------+----------+-----+-----+-----------------------------------------------+
    |  Latency (cycles) |  Latency (absolute) |  Interval |                    Pipeline                   |
    |   min   |   max   |    min   |    max   | min | max |                      Type                     |
    +---------+---------+----------+----------+-----+-----+-----------------------------------------------+
    |      130|      130|  0.520 us|  0.520 us|  129|  129|  loop auto-rewind stp(delay=0 clock cycles(s))|
    +---------+---------+----------+----------+-----+-----+-----------------------------------------------+

    + Detail: 
        * Instance: 
        N/A

        * Loop: 
        +-----------+---------+---------+----------+-----------+-----------+------+----------+
        |           |  Latency (cycles) | Iteration|  Initiation Interval  | Trip |          |
        | Loop Name |   min   |   max   |  Latency |  achieved |   target  | Count| Pipelined|
        +-----------+---------+---------+----------+-----------+-----------+------+----------+
        |- LOAD_TE  |      128|      128|         2|          1|          1|   128|       yes|
        +-----------+---------+---------+----------+-----------+-----------+------+----------+



================================================================
== Utilization Estimates
================================================================
* Summary: 
+-----------------+---------+------+---------+--------+-----+
|       Name      | BRAM_18K|  DSP |    FF   |   LUT  | URAM|
+-----------------+---------+------+---------+--------+-----+
|DSP              |        -|     -|        -|       -|    -|
|Expression       |        -|     -|        0|      15|    -|
|FIFO             |        -|     -|        -|       -|    -|
|Instance         |        -|     -|        -|       -|    -|
|Memory           |        -|     -|        -|       -|    -|
|Multiplexer      |        -|     -|        0|      40|    -|
|Register         |        -|     -|     1042|       -|    -|
+-----------------+---------+------+---------+--------+-----+
|Total            |        0|     0|     1042|      55|    0|
+-----------------+---------+------+---------+--------+-----+
|Available        |     1934|  1968|  1799680|  899840|  463|
+-----------------+---------+------+---------+--------+-----+
|Utilization (%)  |        0|     0|       ~0|      ~0|    0|
+-----------------+---------+------+---------+--------+-----+

+ Detail: 
    * Instance: 
    N/A

    * DSP: 
    N/A

    * Memory: 
    N/A

    * FIFO: 
    N/A

    * Expression: 
    +---------------------------+----------+----+---+----+------------+------------+
    |       Variable Name       | Operation| DSP| FF| LUT| Bitwidth P0| Bitwidth P1|
    +---------------------------+----------+----+---+----+------------+------------+
    |add_ln96_fu_2005_p2        |         +|   0|  0|   8|           8|           1|
    |ap_block_pp0_stage0_01001  |       and|   0|  0|   2|           1|           1|
    |icmp_ln96_fu_2011_p2       |      icmp|   0|  0|   3|           8|           9|
    |ap_enable_pp0              |       xor|   0|  0|   2|           1|           2|
    +---------------------------+----------+----+---+----+------------+------------+
    |Total                      |          |   0|  0|  15|          18|          13|
    +---------------------------+----------+----+---+----+------------+------------+

    * Multiplexer: 
    +-------------------------+----+-----------+-----+-----------+
    |           Name          | LUT| Input Size| Bits| Total Bits|
    +-------------------------+----+-----------+-----+-----------+
    |ap_done_int              |   8|          2|    1|          2|
    |ap_enable_reg_pp0_iter1  |   8|          2|    1|          2|
    |ap_sig_allocacmp_t_1     |   8|          2|    8|         16|
    |ddrIN_blk_n_R            |   8|          2|    1|          2|
    |t_fu_558                 |   8|          2|    8|         16|
    +-------------------------+----+-----------+-----+-----------+
    |Total                    |  40|         10|   19|         38|
    +-------------------------+----+-----------+-----+-----------+

    * Register: 
    +-------------------------+----+----+-----+-----------+
    |           Name          | FF | LUT| Bits| Const Bits|
    +-------------------------+----+----+-----+-----------+
    |ap_CS_fsm                |   1|   0|    1|          0|
    |ap_done_reg              |   1|   0|    1|          0|
    |ap_enable_reg_pp0_iter1  |   1|   0|    1|          0|
    |empty_100_fu_762         |   8|   0|    8|          0|
    |empty_101_fu_766         |   8|   0|    8|          0|
    |empty_102_fu_770         |   8|   0|    8|          0|
    |empty_103_fu_774         |   8|   0|    8|          0|
    |empty_104_fu_778         |   8|   0|    8|          0|
    |empty_105_fu_782         |   8|   0|    8|          0|
    |empty_106_fu_786         |   8|   0|    8|          0|
    |empty_107_fu_790         |   8|   0|    8|          0|
    |empty_108_fu_794         |   8|   0|    8|          0|
    |empty_109_fu_798         |   8|   0|    8|          0|
    |empty_110_fu_802         |   8|   0|    8|          0|
    |empty_111_fu_806         |   8|   0|    8|          0|
    |empty_112_fu_810         |   8|   0|    8|          0|
    |empty_113_fu_814         |   8|   0|    8|          0|
    |empty_114_fu_818         |   8|   0|    8|          0|
    |empty_115_fu_822         |   8|   0|    8|          0|
    |empty_116_fu_826         |   8|   0|    8|          0|
    |empty_117_fu_830         |   8|   0|    8|          0|
    |empty_118_fu_834         |   8|   0|    8|          0|
    |empty_119_fu_838         |   8|   0|    8|          0|
    |empty_120_fu_842         |   8|   0|    8|          0|
    |empty_121_fu_846         |   8|   0|    8|          0|
    |empty_122_fu_850         |   8|   0|    8|          0|
    |empty_123_fu_854         |   8|   0|    8|          0|
    |empty_124_fu_858         |   8|   0|    8|          0|
    |empty_125_fu_862         |   8|   0|    8|          0|
    |empty_126_fu_866         |   8|   0|    8|          0|
    |empty_127_fu_870         |   8|   0|    8|          0|
    |empty_128_fu_874         |   8|   0|    8|          0|
    |empty_129_fu_878         |   8|   0|    8|          0|
    |empty_130_fu_882         |   8|   0|    8|          0|
    |empty_131_fu_886         |   8|   0|    8|          0|
    |empty_132_fu_890         |   8|   0|    8|          0|
    |empty_133_fu_894         |   8|   0|    8|          0|
    |empty_134_fu_898         |   8|   0|    8|          0|
    |empty_135_fu_902         |   8|   0|    8|          0|
    |empty_136_fu_906         |   8|   0|    8|          0|
    |empty_137_fu_910         |   8|   0|    8|          0|
    |empty_138_fu_914         |   8|   0|    8|          0|
    |empty_139_fu_918         |   8|   0|    8|          0|
    |empty_140_fu_922         |   8|   0|    8|          0|
    |empty_141_fu_926         |   8|   0|    8|          0|
    |empty_142_fu_930         |   8|   0|    8|          0|
    |empty_143_fu_934         |   8|   0|    8|          0|
    |empty_144_fu_938         |   8|   0|    8|          0|
    |empty_145_fu_942         |   8|   0|    8|          0|
    |empty_146_fu_946         |   8|   0|    8|          0|
    |empty_147_fu_950         |   8|   0|    8|          0|
    |empty_148_fu_954         |   8|   0|    8|          0|
    |empty_149_fu_958         |   8|   0|    8|          0|
    |empty_150_fu_962         |   8|   0|    8|          0|
    |empty_151_fu_966         |   8|   0|    8|          0|
    |empty_152_fu_970         |   8|   0|    8|          0|
    |empty_153_fu_974         |   8|   0|    8|          0|
    |empty_154_fu_978         |   8|   0|    8|          0|
    |empty_155_fu_982         |   8|   0|    8|          0|
    |empty_156_fu_986         |   8|   0|    8|          0|
    |empty_157_fu_990         |   8|   0|    8|          0|
    |empty_158_fu_994         |   8|   0|    8|          0|
    |empty_159_fu_998         |   8|   0|    8|          0|
    |empty_160_fu_1002        |   8|   0|    8|          0|
    |empty_161_fu_1006        |   8|   0|    8|          0|
    |empty_162_fu_1010        |   8|   0|    8|          0|
    |empty_163_fu_1014        |   8|   0|    8|          0|
    |empty_164_fu_1018        |   8|   0|    8|          0|
    |empty_165_fu_1022        |   8|   0|    8|          0|
    |empty_166_fu_1026        |   8|   0|    8|          0|
    |empty_167_fu_1030        |   8|   0|    8|          0|
    |empty_168_fu_1034        |   8|   0|    8|          0|
    |empty_169_fu_1038        |   8|   0|    8|          0|
    |empty_170_fu_1042        |   8|   0|    8|          0|
    |empty_171_fu_1046        |   8|   0|    8|          0|
    |empty_172_fu_1050        |   8|   0|    8|          0|
    |empty_173_fu_1054        |   8|   0|    8|          0|
    |empty_174_fu_1058        |   8|   0|    8|          0|
    |empty_175_fu_1062        |   8|   0|    8|          0|
    |empty_176_fu_1066        |   8|   0|    8|          0|
    |empty_177_fu_1070        |   8|   0|    8|          0|
    |empty_51_fu_566          |   8|   0|    8|          0|
    |empty_52_fu_570          |   8|   0|    8|          0|
    |empty_53_fu_574          |   8|   0|    8|          0|
    |empty_54_fu_578          |   8|   0|    8|          0|
    |empty_55_fu_582          |   8|   0|    8|          0|
    |empty_56_fu_586          |   8|   0|    8|          0|
    |empty_57_fu_590          |   8|   0|    8|          0|
    |empty_58_fu_594          |   8|   0|    8|          0|
    |empty_59_fu_598          |   8|   0|    8|          0|
    |empty_60_fu_602          |   8|   0|    8|          0|
    |empty_61_fu_606          |   8|   0|    8|          0|
    |empty_62_fu_610          |   8|   0|    8|          0|
    |empty_63_fu_614          |   8|   0|    8|          0|
    |empty_64_fu_618          |   8|   0|    8|          0|
    |empty_65_fu_622          |   8|   0|    8|          0|
    |empty_66_fu_626          |   8|   0|    8|          0|
    |empty_67_fu_630          |   8|   0|    8|          0|
    |empty_68_fu_634          |   8|   0|    8|          0|
    |empty_69_fu_638          |   8|   0|    8|          0|
    |empty_70_fu_642          |   8|   0|    8|          0|
    |empty_71_fu_646          |   8|   0|    8|          0|
    |empty_72_fu_650          |   8|   0|    8|          0|
    |empty_73_fu_654          |   8|   0|    8|          0|
    |empty_74_fu_658          |   8|   0|    8|          0|
    |empty_75_fu_662          |   8|   0|    8|          0|
    |empty_76_fu_666          |   8|   0|    8|          0|
    |empty_77_fu_670          |   8|   0|    8|          0|
    |empty_78_fu_674          |   8|   0|    8|          0|
    |empty_79_fu_678          |   8|   0|    8|          0|
    |empty_80_fu_682          |   8|   0|    8|          0|
    |empty_81_fu_686          |   8|   0|    8|          0|
    |empty_82_fu_690          |   8|   0|    8|          0|
    |empty_83_fu_694          |   8|   0|    8|          0|
    |empty_84_fu_698          |   8|   0|    8|          0|
    |empty_85_fu_702          |   8|   0|    8|          0|
    |empty_86_fu_706          |   8|   0|    8|          0|
    |empty_87_fu_710          |   8|   0|    8|          0|
    |empty_88_fu_714          |   8|   0|    8|          0|
    |empty_89_fu_718          |   8|   0|    8|          0|
    |empty_90_fu_722          |   8|   0|    8|          0|
    |empty_91_fu_726          |   8|   0|    8|          0|
    |empty_92_fu_730          |   8|   0|    8|          0|
    |empty_93_fu_734          |   8|   0|    8|          0|
    |empty_94_fu_738          |   8|   0|    8|          0|
    |empty_95_fu_742          |   8|   0|    8|          0|
    |empty_96_fu_746          |   8|   0|    8|          0|
    |empty_97_fu_750          |   8|   0|    8|          0|
    |empty_98_fu_754          |   8|   0|    8|          0|
    |empty_99_fu_758          |   8|   0|    8|          0|
    |empty_fu_562             |   8|   0|    8|          0|
    |t_fu_558                 |   8|   0|    8|          0|
    |trunc_ln96_reg_5515      |   7|   0|    7|          0|
    +-------------------------+----+----+-----+-----------+
    |Total                    |1042|   0| 1042|          0|
    +-------------------------+----+----+-----+-----------+



================================================================
== Interface
================================================================
* Summary: 
+----------------------+-----+-----+------------+-----------------------------------+--------------+
|       RTL Ports      | Dir | Bits|  Protocol  |           Source Object           |    C Type    |
+----------------------+-----+-----+------------+-----------------------------------+--------------+
|ap_clk                |   in|    1|  ap_ctrl_hs|  action_diff_head_Pipeline_LOAD_TE|  return value|
|ap_rst                |   in|    1|  ap_ctrl_hs|  action_diff_head_Pipeline_LOAD_TE|  return value|
|ap_start              |   in|    1|  ap_ctrl_hs|  action_diff_head_Pipeline_LOAD_TE|  return value|
|ap_done               |  out|    1|  ap_ctrl_hs|  action_diff_head_Pipeline_LOAD_TE|  return value|
|ap_idle               |  out|    1|  ap_ctrl_hs|  action_diff_head_Pipeline_LOAD_TE|  return value|
|ap_ready              |  out|    1|  ap_ctrl_hs|  action_diff_head_Pipeline_LOAD_TE|  return value|
|m_axi_ddrIN_AWVALID   |  out|    1|       m_axi|                              ddrIN|       pointer|
|m_axi_ddrIN_AWREADY   |   in|    1|       m_axi|                              ddrIN|       pointer|
|m_axi_ddrIN_AWADDR    |  out|   64|       m_axi|                              ddrIN|       pointer|
|m_axi_ddrIN_AWID      |  out|    1|       m_axi|                              ddrIN|       pointer|
|m_axi_ddrIN_AWLEN     |  out|   32|       m_axi|                              ddrIN|       pointer|
|m_axi_ddrIN_AWSIZE    |  out|    3|       m_axi|                              ddrIN|       pointer|
|m_axi_ddrIN_AWBURST   |  out|    2|       m_axi|                              ddrIN|       pointer|
|m_axi_ddrIN_AWLOCK    |  out|    2|       m_axi|                              ddrIN|       pointer|
|m_axi_ddrIN_AWCACHE   |  out|    4|       m_axi|                              ddrIN|       pointer|
|m_axi_ddrIN_AWPROT    |  out|    3|       m_axi|                              ddrIN|       pointer|
|m_axi_ddrIN_AWQOS     |  out|    4|       m_axi|                              ddrIN|       pointer|
|m_axi_ddrIN_AWREGION  |  out|    4|       m_axi|                              ddrIN|       pointer|
|m_axi_ddrIN_AWUSER    |  out|    1|       m_axi|                              ddrIN|       pointer|
|m_axi_ddrIN_WVALID    |  out|    1|       m_axi|                              ddrIN|       pointer|
|m_axi_ddrIN_WREADY    |   in|    1|       m_axi|                              ddrIN|       pointer|
|m_axi_ddrIN_WDATA     |  out|    8|       m_axi|                              ddrIN|       pointer|
|m_axi_ddrIN_WSTRB     |  out|    1|       m_axi|                              ddrIN|       pointer|
|m_axi_ddrIN_WLAST     |  out|    1|       m_axi|                              ddrIN|       pointer|
|m_axi_ddrIN_WID       |  out|    1|       m_axi|                              ddrIN|       pointer|
|m_axi_ddrIN_WUSER     |  out|    1|       m_axi|                              ddrIN|       pointer|
|m_axi_ddrIN_ARVALID   |  out|    1|       m_axi|                              ddrIN|       pointer|
|m_axi_ddrIN_ARREADY   |   in|    1|       m_axi|                              ddrIN|       pointer|
|m_axi_ddrIN_ARADDR    |  out|   64|       m_axi|                              ddrIN|       pointer|
|m_axi_ddrIN_ARID      |  out|    1|       m_axi|                              ddrIN|       pointer|
|m_axi_ddrIN_ARLEN     |  out|   32|       m_axi|                              ddrIN|       pointer|
|m_axi_ddrIN_ARSIZE    |  out|    3|       m_axi|                              ddrIN|       pointer|
|m_axi_ddrIN_ARBURST   |  out|    2|       m_axi|                              ddrIN|       pointer|
|m_axi_ddrIN_ARLOCK    |  out|    2|       m_axi|                              ddrIN|       pointer|
|m_axi_ddrIN_ARCACHE   |  out|    4|       m_axi|                              ddrIN|       pointer|
|m_axi_ddrIN_ARPROT    |  out|    3|       m_axi|                              ddrIN|       pointer|
|m_axi_ddrIN_ARQOS     |  out|    4|       m_axi|                              ddrIN|       pointer|
|m_axi_ddrIN_ARREGION  |  out|    4|       m_axi|                              ddrIN|       pointer|
|m_axi_ddrIN_ARUSER    |  out|    1|       m_axi|                              ddrIN|       pointer|
|m_axi_ddrIN_RVALID    |   in|    1|       m_axi|                              ddrIN|       pointer|
|m_axi_ddrIN_RREADY    |  out|    1|       m_axi|                              ddrIN|       pointer|
|m_axi_ddrIN_RDATA     |   in|    8|       m_axi|                              ddrIN|       pointer|
|m_axi_ddrIN_RLAST     |   in|    1|       m_axi|                              ddrIN|       pointer|
|m_axi_ddrIN_RID       |   in|    1|       m_axi|                              ddrIN|       pointer|
|m_axi_ddrIN_RFIFONUM  |   in|   11|       m_axi|                              ddrIN|       pointer|
|m_axi_ddrIN_RUSER     |   in|    1|       m_axi|                              ddrIN|       pointer|
|m_axi_ddrIN_RRESP     |   in|    2|       m_axi|                              ddrIN|       pointer|
|m_axi_ddrIN_BVALID    |   in|    1|       m_axi|                              ddrIN|       pointer|
|m_axi_ddrIN_BREADY    |  out|    1|       m_axi|                              ddrIN|       pointer|
|m_axi_ddrIN_BRESP     |   in|    2|       m_axi|                              ddrIN|       pointer|
|m_axi_ddrIN_BID       |   in|    1|       m_axi|                              ddrIN|       pointer|
|m_axi_ddrIN_BUSER     |   in|    1|       m_axi|                              ddrIN|       pointer|
|g_timestep_emb        |   in|   64|     ap_none|                     g_timestep_emb|        scalar|
|p_out                 |  out|    8|      ap_vld|                              p_out|       pointer|
|p_out_ap_vld          |  out|    1|      ap_vld|                              p_out|       pointer|
|p_out1                |  out|    8|      ap_vld|                             p_out1|       pointer|
|p_out1_ap_vld         |  out|    1|      ap_vld|                             p_out1|       pointer|
|p_out2                |  out|    8|      ap_vld|                             p_out2|       pointer|
|p_out2_ap_vld         |  out|    1|      ap_vld|                             p_out2|       pointer|
|p_out3                |  out|    8|      ap_vld|                             p_out3|       pointer|
|p_out3_ap_vld         |  out|    1|      ap_vld|                             p_out3|       pointer|
|p_out4                |  out|    8|      ap_vld|                             p_out4|       pointer|
|p_out4_ap_vld         |  out|    1|      ap_vld|                             p_out4|       pointer|
|p_out5                |  out|    8|      ap_vld|                             p_out5|       pointer|
|p_out5_ap_vld         |  out|    1|      ap_vld|                             p_out5|       pointer|
|p_out6                |  out|    8|      ap_vld|                             p_out6|       pointer|
|p_out6_ap_vld         |  out|    1|      ap_vld|                             p_out6|       pointer|
|p_out7                |  out|    8|      ap_vld|                             p_out7|       pointer|
|p_out7_ap_vld         |  out|    1|      ap_vld|                             p_out7|       pointer|
|p_out8                |  out|    8|      ap_vld|                             p_out8|       pointer|
|p_out8_ap_vld         |  out|    1|      ap_vld|                             p_out8|       pointer|
|p_out9                |  out|    8|      ap_vld|                             p_out9|       pointer|
|p_out9_ap_vld         |  out|    1|      ap_vld|                             p_out9|       pointer|
|p_out10               |  out|    8|      ap_vld|                            p_out10|       pointer|
|p_out10_ap_vld        |  out|    1|      ap_vld|                            p_out10|       pointer|
|p_out11               |  out|    8|      ap_vld|                            p_out11|       pointer|
|p_out11_ap_vld        |  out|    1|      ap_vld|                            p_out11|       pointer|
|p_out12               |  out|    8|      ap_vld|                            p_out12|       pointer|
|p_out12_ap_vld        |  out|    1|      ap_vld|                            p_out12|       pointer|
|p_out13               |  out|    8|      ap_vld|                            p_out13|       pointer|
|p_out13_ap_vld        |  out|    1|      ap_vld|                            p_out13|       pointer|
|p_out14               |  out|    8|      ap_vld|                            p_out14|       pointer|
|p_out14_ap_vld        |  out|    1|      ap_vld|                            p_out14|       pointer|
|p_out15               |  out|    8|      ap_vld|                            p_out15|       pointer|
|p_out15_ap_vld        |  out|    1|      ap_vld|                            p_out15|       pointer|
|p_out16               |  out|    8|      ap_vld|                            p_out16|       pointer|
|p_out16_ap_vld        |  out|    1|      ap_vld|                            p_out16|       pointer|
|p_out17               |  out|    8|      ap_vld|                            p_out17|       pointer|
|p_out17_ap_vld        |  out|    1|      ap_vld|                            p_out17|       pointer|
|p_out18               |  out|    8|      ap_vld|                            p_out18|       pointer|
|p_out18_ap_vld        |  out|    1|      ap_vld|                            p_out18|       pointer|
|p_out19               |  out|    8|      ap_vld|                            p_out19|       pointer|
|p_out19_ap_vld        |  out|    1|      ap_vld|                            p_out19|       pointer|
|p_out20               |  out|    8|      ap_vld|                            p_out20|       pointer|
|p_out20_ap_vld        |  out|    1|      ap_vld|                            p_out20|       pointer|
|p_out21               |  out|    8|      ap_vld|                            p_out21|       pointer|
|p_out21_ap_vld        |  out|    1|      ap_vld|                            p_out21|       pointer|
|p_out22               |  out|    8|      ap_vld|                            p_out22|       pointer|
|p_out22_ap_vld        |  out|    1|      ap_vld|                            p_out22|       pointer|
|p_out23               |  out|    8|      ap_vld|                            p_out23|       pointer|
|p_out23_ap_vld        |  out|    1|      ap_vld|                            p_out23|       pointer|
|p_out24               |  out|    8|      ap_vld|                            p_out24|       pointer|
|p_out24_ap_vld        |  out|    1|      ap_vld|                            p_out24|       pointer|
|p_out25               |  out|    8|      ap_vld|                            p_out25|       pointer|
|p_out25_ap_vld        |  out|    1|      ap_vld|                            p_out25|       pointer|
|p_out26               |  out|    8|      ap_vld|                            p_out26|       pointer|
|p_out26_ap_vld        |  out|    1|      ap_vld|                            p_out26|       pointer|
|p_out27               |  out|    8|      ap_vld|                            p_out27|       pointer|
|p_out27_ap_vld        |  out|    1|      ap_vld|                            p_out27|       pointer|
|p_out28               |  out|    8|      ap_vld|                            p_out28|       pointer|
|p_out28_ap_vld        |  out|    1|      ap_vld|                            p_out28|       pointer|
|p_out29               |  out|    8|      ap_vld|                            p_out29|       pointer|
|p_out29_ap_vld        |  out|    1|      ap_vld|                            p_out29|       pointer|
|p_out30               |  out|    8|      ap_vld|                            p_out30|       pointer|
|p_out30_ap_vld        |  out|    1|      ap_vld|                            p_out30|       pointer|
|p_out31               |  out|    8|      ap_vld|                            p_out31|       pointer|
|p_out31_ap_vld        |  out|    1|      ap_vld|                            p_out31|       pointer|
|p_out32               |  out|    8|      ap_vld|                            p_out32|       pointer|
|p_out32_ap_vld        |  out|    1|      ap_vld|                            p_out32|       pointer|
|p_out33               |  out|    8|      ap_vld|                            p_out33|       pointer|
|p_out33_ap_vld        |  out|    1|      ap_vld|                            p_out33|       pointer|
|p_out34               |  out|    8|      ap_vld|                            p_out34|       pointer|
|p_out34_ap_vld        |  out|    1|      ap_vld|                            p_out34|       pointer|
|p_out35               |  out|    8|      ap_vld|                            p_out35|       pointer|
|p_out35_ap_vld        |  out|    1|      ap_vld|                            p_out35|       pointer|
|p_out36               |  out|    8|      ap_vld|                            p_out36|       pointer|
|p_out36_ap_vld        |  out|    1|      ap_vld|                            p_out36|       pointer|
|p_out37               |  out|    8|      ap_vld|                            p_out37|       pointer|
|p_out37_ap_vld        |  out|    1|      ap_vld|                            p_out37|       pointer|
|p_out38               |  out|    8|      ap_vld|                            p_out38|       pointer|
|p_out38_ap_vld        |  out|    1|      ap_vld|                            p_out38|       pointer|
|p_out39               |  out|    8|      ap_vld|                            p_out39|       pointer|
|p_out39_ap_vld        |  out|    1|      ap_vld|                            p_out39|       pointer|
|p_out40               |  out|    8|      ap_vld|                            p_out40|       pointer|
|p_out40_ap_vld        |  out|    1|      ap_vld|                            p_out40|       pointer|
|p_out41               |  out|    8|      ap_vld|                            p_out41|       pointer|
|p_out41_ap_vld        |  out|    1|      ap_vld|                            p_out41|       pointer|
|p_out42               |  out|    8|      ap_vld|                            p_out42|       pointer|
|p_out42_ap_vld        |  out|    1|      ap_vld|                            p_out42|       pointer|
|p_out43               |  out|    8|      ap_vld|                            p_out43|       pointer|
|p_out43_ap_vld        |  out|    1|      ap_vld|                            p_out43|       pointer|
|p_out44               |  out|    8|      ap_vld|                            p_out44|       pointer|
|p_out44_ap_vld        |  out|    1|      ap_vld|                            p_out44|       pointer|
|p_out45               |  out|    8|      ap_vld|                            p_out45|       pointer|
|p_out45_ap_vld        |  out|    1|      ap_vld|                            p_out45|       pointer|
|p_out46               |  out|    8|      ap_vld|                            p_out46|       pointer|
|p_out46_ap_vld        |  out|    1|      ap_vld|                            p_out46|       pointer|
|p_out47               |  out|    8|      ap_vld|                            p_out47|       pointer|
|p_out47_ap_vld        |  out|    1|      ap_vld|                            p_out47|       pointer|
|p_out48               |  out|    8|      ap_vld|                            p_out48|       pointer|
|p_out48_ap_vld        |  out|    1|      ap_vld|                            p_out48|       pointer|
|p_out49               |  out|    8|      ap_vld|                            p_out49|       pointer|
|p_out49_ap_vld        |  out|    1|      ap_vld|                            p_out49|       pointer|
|p_out50               |  out|    8|      ap_vld|                            p_out50|       pointer|
|p_out50_ap_vld        |  out|    1|      ap_vld|                            p_out50|       pointer|
|p_out51               |  out|    8|      ap_vld|                            p_out51|       pointer|
|p_out51_ap_vld        |  out|    1|      ap_vld|                            p_out51|       pointer|
|p_out52               |  out|    8|      ap_vld|                            p_out52|       pointer|
|p_out52_ap_vld        |  out|    1|      ap_vld|                            p_out52|       pointer|
|p_out53               |  out|    8|      ap_vld|                            p_out53|       pointer|
|p_out53_ap_vld        |  out|    1|      ap_vld|                            p_out53|       pointer|
|p_out54               |  out|    8|      ap_vld|                            p_out54|       pointer|
|p_out54_ap_vld        |  out|    1|      ap_vld|                            p_out54|       pointer|
|p_out55               |  out|    8|      ap_vld|                            p_out55|       pointer|
|p_out55_ap_vld        |  out|    1|      ap_vld|                            p_out55|       pointer|
|p_out56               |  out|    8|      ap_vld|                            p_out56|       pointer|
|p_out56_ap_vld        |  out|    1|      ap_vld|                            p_out56|       pointer|
|p_out57               |  out|    8|      ap_vld|                            p_out57|       pointer|
|p_out57_ap_vld        |  out|    1|      ap_vld|                            p_out57|       pointer|
|p_out58               |  out|    8|      ap_vld|                            p_out58|       pointer|
|p_out58_ap_vld        |  out|    1|      ap_vld|                            p_out58|       pointer|
|p_out59               |  out|    8|      ap_vld|                            p_out59|       pointer|
|p_out59_ap_vld        |  out|    1|      ap_vld|                            p_out59|       pointer|
|p_out60               |  out|    8|      ap_vld|                            p_out60|       pointer|
|p_out60_ap_vld        |  out|    1|      ap_vld|                            p_out60|       pointer|
|p_out61               |  out|    8|      ap_vld|                            p_out61|       pointer|
|p_out61_ap_vld        |  out|    1|      ap_vld|                            p_out61|       pointer|
|p_out62               |  out|    8|      ap_vld|                            p_out62|       pointer|
|p_out62_ap_vld        |  out|    1|      ap_vld|                            p_out62|       pointer|
|p_out63               |  out|    8|      ap_vld|                            p_out63|       pointer|
|p_out63_ap_vld        |  out|    1|      ap_vld|                            p_out63|       pointer|
|p_out64               |  out|    8|      ap_vld|                            p_out64|       pointer|
|p_out64_ap_vld        |  out|    1|      ap_vld|                            p_out64|       pointer|
|p_out65               |  out|    8|      ap_vld|                            p_out65|       pointer|
|p_out65_ap_vld        |  out|    1|      ap_vld|                            p_out65|       pointer|
|p_out66               |  out|    8|      ap_vld|                            p_out66|       pointer|
|p_out66_ap_vld        |  out|    1|      ap_vld|                            p_out66|       pointer|
|p_out67               |  out|    8|      ap_vld|                            p_out67|       pointer|
|p_out67_ap_vld        |  out|    1|      ap_vld|                            p_out67|       pointer|
|p_out68               |  out|    8|      ap_vld|                            p_out68|       pointer|
|p_out68_ap_vld        |  out|    1|      ap_vld|                            p_out68|       pointer|
|p_out69               |  out|    8|      ap_vld|                            p_out69|       pointer|
|p_out69_ap_vld        |  out|    1|      ap_vld|                            p_out69|       pointer|
|p_out70               |  out|    8|      ap_vld|                            p_out70|       pointer|
|p_out70_ap_vld        |  out|    1|      ap_vld|                            p_out70|       pointer|
|p_out71               |  out|    8|      ap_vld|                            p_out71|       pointer|
|p_out71_ap_vld        |  out|    1|      ap_vld|                            p_out71|       pointer|
|p_out72               |  out|    8|      ap_vld|                            p_out72|       pointer|
|p_out72_ap_vld        |  out|    1|      ap_vld|                            p_out72|       pointer|
|p_out73               |  out|    8|      ap_vld|                            p_out73|       pointer|
|p_out73_ap_vld        |  out|    1|      ap_vld|                            p_out73|       pointer|
|p_out74               |  out|    8|      ap_vld|                            p_out74|       pointer|
|p_out74_ap_vld        |  out|    1|      ap_vld|                            p_out74|       pointer|
|p_out75               |  out|    8|      ap_vld|                            p_out75|       pointer|
|p_out75_ap_vld        |  out|    1|      ap_vld|                            p_out75|       pointer|
|p_out76               |  out|    8|      ap_vld|                            p_out76|       pointer|
|p_out76_ap_vld        |  out|    1|      ap_vld|                            p_out76|       pointer|
|p_out77               |  out|    8|      ap_vld|                            p_out77|       pointer|
|p_out77_ap_vld        |  out|    1|      ap_vld|                            p_out77|       pointer|
|p_out78               |  out|    8|      ap_vld|                            p_out78|       pointer|
|p_out78_ap_vld        |  out|    1|      ap_vld|                            p_out78|       pointer|
|p_out79               |  out|    8|      ap_vld|                            p_out79|       pointer|
|p_out79_ap_vld        |  out|    1|      ap_vld|                            p_out79|       pointer|
|p_out80               |  out|    8|      ap_vld|                            p_out80|       pointer|
|p_out80_ap_vld        |  out|    1|      ap_vld|                            p_out80|       pointer|
|p_out81               |  out|    8|      ap_vld|                            p_out81|       pointer|
|p_out81_ap_vld        |  out|    1|      ap_vld|                            p_out81|       pointer|
|p_out82               |  out|    8|      ap_vld|                            p_out82|       pointer|
|p_out82_ap_vld        |  out|    1|      ap_vld|                            p_out82|       pointer|
|p_out83               |  out|    8|      ap_vld|                            p_out83|       pointer|
|p_out83_ap_vld        |  out|    1|      ap_vld|                            p_out83|       pointer|
|p_out84               |  out|    8|      ap_vld|                            p_out84|       pointer|
|p_out84_ap_vld        |  out|    1|      ap_vld|                            p_out84|       pointer|
|p_out85               |  out|    8|      ap_vld|                            p_out85|       pointer|
|p_out85_ap_vld        |  out|    1|      ap_vld|                            p_out85|       pointer|
|p_out86               |  out|    8|      ap_vld|                            p_out86|       pointer|
|p_out86_ap_vld        |  out|    1|      ap_vld|                            p_out86|       pointer|
|p_out87               |  out|    8|      ap_vld|                            p_out87|       pointer|
|p_out87_ap_vld        |  out|    1|      ap_vld|                            p_out87|       pointer|
|p_out88               |  out|    8|      ap_vld|                            p_out88|       pointer|
|p_out88_ap_vld        |  out|    1|      ap_vld|                            p_out88|       pointer|
|p_out89               |  out|    8|      ap_vld|                            p_out89|       pointer|
|p_out89_ap_vld        |  out|    1|      ap_vld|                            p_out89|       pointer|
|p_out90               |  out|    8|      ap_vld|                            p_out90|       pointer|
|p_out90_ap_vld        |  out|    1|      ap_vld|                            p_out90|       pointer|
|p_out91               |  out|    8|      ap_vld|                            p_out91|       pointer|
|p_out91_ap_vld        |  out|    1|      ap_vld|                            p_out91|       pointer|
|p_out92               |  out|    8|      ap_vld|                            p_out92|       pointer|
|p_out92_ap_vld        |  out|    1|      ap_vld|                            p_out92|       pointer|
|p_out93               |  out|    8|      ap_vld|                            p_out93|       pointer|
|p_out93_ap_vld        |  out|    1|      ap_vld|                            p_out93|       pointer|
|p_out94               |  out|    8|      ap_vld|                            p_out94|       pointer|
|p_out94_ap_vld        |  out|    1|      ap_vld|                            p_out94|       pointer|
|p_out95               |  out|    8|      ap_vld|                            p_out95|       pointer|
|p_out95_ap_vld        |  out|    1|      ap_vld|                            p_out95|       pointer|
|p_out96               |  out|    8|      ap_vld|                            p_out96|       pointer|
|p_out96_ap_vld        |  out|    1|      ap_vld|                            p_out96|       pointer|
|p_out97               |  out|    8|      ap_vld|                            p_out97|       pointer|
|p_out97_ap_vld        |  out|    1|      ap_vld|                            p_out97|       pointer|
|p_out98               |  out|    8|      ap_vld|                            p_out98|       pointer|
|p_out98_ap_vld        |  out|    1|      ap_vld|                            p_out98|       pointer|
|p_out99               |  out|    8|      ap_vld|                            p_out99|       pointer|
|p_out99_ap_vld        |  out|    1|      ap_vld|                            p_out99|       pointer|
|p_out100              |  out|    8|      ap_vld|                           p_out100|       pointer|
|p_out100_ap_vld       |  out|    1|      ap_vld|                           p_out100|       pointer|
|p_out101              |  out|    8|      ap_vld|                           p_out101|       pointer|
|p_out101_ap_vld       |  out|    1|      ap_vld|                           p_out101|       pointer|
|p_out102              |  out|    8|      ap_vld|                           p_out102|       pointer|
|p_out102_ap_vld       |  out|    1|      ap_vld|                           p_out102|       pointer|
|p_out103              |  out|    8|      ap_vld|                           p_out103|       pointer|
|p_out103_ap_vld       |  out|    1|      ap_vld|                           p_out103|       pointer|
|p_out104              |  out|    8|      ap_vld|                           p_out104|       pointer|
|p_out104_ap_vld       |  out|    1|      ap_vld|                           p_out104|       pointer|
|p_out105              |  out|    8|      ap_vld|                           p_out105|       pointer|
|p_out105_ap_vld       |  out|    1|      ap_vld|                           p_out105|       pointer|
|p_out106              |  out|    8|      ap_vld|                           p_out106|       pointer|
|p_out106_ap_vld       |  out|    1|      ap_vld|                           p_out106|       pointer|
|p_out107              |  out|    8|      ap_vld|                           p_out107|       pointer|
|p_out107_ap_vld       |  out|    1|      ap_vld|                           p_out107|       pointer|
|p_out108              |  out|    8|      ap_vld|                           p_out108|       pointer|
|p_out108_ap_vld       |  out|    1|      ap_vld|                           p_out108|       pointer|
|p_out109              |  out|    8|      ap_vld|                           p_out109|       pointer|
|p_out109_ap_vld       |  out|    1|      ap_vld|                           p_out109|       pointer|
|p_out110              |  out|    8|      ap_vld|                           p_out110|       pointer|
|p_out110_ap_vld       |  out|    1|      ap_vld|                           p_out110|       pointer|
|p_out111              |  out|    8|      ap_vld|                           p_out111|       pointer|
|p_out111_ap_vld       |  out|    1|      ap_vld|                           p_out111|       pointer|
|p_out112              |  out|    8|      ap_vld|                           p_out112|       pointer|
|p_out112_ap_vld       |  out|    1|      ap_vld|                           p_out112|       pointer|
|p_out113              |  out|    8|      ap_vld|                           p_out113|       pointer|
|p_out113_ap_vld       |  out|    1|      ap_vld|                           p_out113|       pointer|
|p_out114              |  out|    8|      ap_vld|                           p_out114|       pointer|
|p_out114_ap_vld       |  out|    1|      ap_vld|                           p_out114|       pointer|
|p_out115              |  out|    8|      ap_vld|                           p_out115|       pointer|
|p_out115_ap_vld       |  out|    1|      ap_vld|                           p_out115|       pointer|
|p_out116              |  out|    8|      ap_vld|                           p_out116|       pointer|
|p_out116_ap_vld       |  out|    1|      ap_vld|                           p_out116|       pointer|
|p_out117              |  out|    8|      ap_vld|                           p_out117|       pointer|
|p_out117_ap_vld       |  out|    1|      ap_vld|                           p_out117|       pointer|
|p_out118              |  out|    8|      ap_vld|                           p_out118|       pointer|
|p_out118_ap_vld       |  out|    1|      ap_vld|                           p_out118|       pointer|
|p_out119              |  out|    8|      ap_vld|                           p_out119|       pointer|
|p_out119_ap_vld       |  out|    1|      ap_vld|                           p_out119|       pointer|
|p_out120              |  out|    8|      ap_vld|                           p_out120|       pointer|
|p_out120_ap_vld       |  out|    1|      ap_vld|                           p_out120|       pointer|
|p_out121              |  out|    8|      ap_vld|                           p_out121|       pointer|
|p_out121_ap_vld       |  out|    1|      ap_vld|                           p_out121|       pointer|
|p_out122              |  out|    8|      ap_vld|                           p_out122|       pointer|
|p_out122_ap_vld       |  out|    1|      ap_vld|                           p_out122|       pointer|
|p_out123              |  out|    8|      ap_vld|                           p_out123|       pointer|
|p_out123_ap_vld       |  out|    1|      ap_vld|                           p_out123|       pointer|
|p_out124              |  out|    8|      ap_vld|                           p_out124|       pointer|
|p_out124_ap_vld       |  out|    1|      ap_vld|                           p_out124|       pointer|
|p_out125              |  out|    8|      ap_vld|                           p_out125|       pointer|
|p_out125_ap_vld       |  out|    1|      ap_vld|                           p_out125|       pointer|
|p_out126              |  out|    8|      ap_vld|                           p_out126|       pointer|
|p_out126_ap_vld       |  out|    1|      ap_vld|                           p_out126|       pointer|
|p_out127              |  out|    8|      ap_vld|                           p_out127|       pointer|
|p_out127_ap_vld       |  out|    1|      ap_vld|                           p_out127|       pointer|
+----------------------+-----+-----+------------+-----------------------------------+--------------+

