

================================================================
== Vitis HLS Report for 'action_diff_head_Pipeline_LOAD_WO_VITIS_LOOP_116_6'
================================================================
* Date:           Thu May 28 13:02:21 2026

* Version:        2024.1 (Build 5069499 on May 21 2024)
* Project:        action_diff_hls
* Solution:       sol1 (Vivado IP Flow Target)
* Product family: versalaicore
* Target device:  xcvc1902-vsva2197-2MP-e-S


================================================================
== Performance Estimates
================================================================
+ Timing: 
    * Summary: 
    +--------+---------+----------+------------+
    |  Clock |  Target | Estimated| Uncertainty|
    +--------+---------+----------+------------+
    |ap_clk  |  4.00 ns|  2.251 ns|     1.08 ns|
    +--------+---------+----------+------------+

+ Latency: 
    * Summary: 
    +---------+---------+----------+----------+------+------+-----------------------------------------------+
    |  Latency (cycles) |  Latency (absolute) |   Interval  |                    Pipeline                   |
    |   min   |   max   |    min   |    max   |  min |  max |                      Type                     |
    +---------+---------+----------+----------+------+------+-----------------------------------------------+
    |     1794|     1794|  7.176 us|  7.176 us|  1793|  1793|  loop auto-rewind stp(delay=0 clock cycles(s))|
    +---------+---------+----------+----------+------+------+-----------------------------------------------+

    + Detail: 
        * Instance: 
        N/A

        * Loop: 
        +----------------------------+---------+---------+----------+-----------+-----------+------+----------+
        |                            |  Latency (cycles) | Iteration|  Initiation Interval  | Trip |          |
        |          Loop Name         |   min   |   max   |  Latency |  achieved |   target  | Count| Pipelined|
        +----------------------------+---------+---------+----------+-----------+-----------+------+----------+
        |- LOAD_WO_VITIS_LOOP_116_6  |     1792|     1792|         2|          1|          1|  1792|       yes|
        +----------------------------+---------+---------+----------+-----------+-----------+------+----------+



================================================================
== Utilization Estimates
================================================================
* Summary: 
+-----------------+---------+------+---------+--------+-----+
|       Name      | BRAM_18K|  DSP |    FF   |   LUT  | URAM|
+-----------------+---------+------+---------+--------+-----+
|DSP              |        -|     -|        -|       -|    -|
|Expression       |        -|     -|        0|      76|    -|
|FIFO             |        -|     -|        -|       -|    -|
|Instance         |        -|     -|        -|       -|    -|
|Memory           |        -|     -|        -|       -|    -|
|Multiplexer      |        -|     -|        0|      80|    -|
|Register         |        -|     -|       26|       -|    -|
+-----------------+---------+------+---------+--------+-----+
|Total            |        0|     0|       26|     156|    0|
+-----------------+---------+------+---------+--------+-----+
|Available        |     1934|  1968|  1799680|  899840|  463|
+-----------------+---------+------+---------+--------+-----+
|Utilization (%)  |        0|     0|       ~0|      ~0|    0|
+-----------------+---------+------+---------+--------+-----+

+ Detail: 
    * Instance: 
    N/A

    * DSP: 
    N/A

    * Memory: 
    N/A

    * FIFO: 
    N/A

    * Expression: 
    +---------------------------+----------+----+---+----+------------+------------+
    |       Variable Name       | Operation| DSP| FF| LUT| Bitwidth P0| Bitwidth P1|
    +---------------------------+----------+----+---+----+------------+------------+
    |add_ln116_1_fu_1727_p2     |         +|   0|  0|   6|           3|           1|
    |add_ln116_2_fu_1289_p2     |         +|   0|  0|  11|          11|           1|
    |add_ln116_fu_1331_p2       |         +|   0|  0|   9|           9|           1|
    |add_ln118_fu_1395_p2       |         +|   0|  0|  15|           5|           5|
    |sub_ln118_fu_1385_p2       |         -|   0|  0|  15|           5|           5|
    |ap_block_pp0_stage0_11001  |       and|   0|  0|   2|           1|           1|
    |icmp_ln116_1_fu_1337_p2    |      icmp|   0|  0|   1|           3|           2|
    |icmp_ln116_fu_1295_p2      |      icmp|   0|  0|   4|          11|          10|
    |select_ln116_1_fu_1351_p3  |    select|   0|  0|   8|           1|           9|
    |select_ln116_fu_1343_p3    |    select|   0|  0|   3|           1|           1|
    |ap_enable_pp0              |       xor|   0|  0|   2|           1|           2|
    +---------------------------+----------+----+---+----+------------+------------+
    |Total                      |          |   0|  0|  76|          51|          38|
    +---------------------------+----------+----+---+----+------------+------------+

    * Multiplexer: 
    +----------------------------------------+----+-----------+-----+-----------+
    |                  Name                  | LUT| Input Size| Bits| Total Bits|
    +----------------------------------------+----+-----------+-----+-----------+
    |a_fu_322                                |   8|          2|    3|          6|
    |ap_done_int                             |   8|          2|    1|          2|
    |ap_enable_reg_pp0_iter1                 |   8|          2|    1|          2|
    |ap_sig_allocacmp_indvar_flatten34_load  |  16|          2|   11|         22|
    |c_fu_326                                |  16|          2|    9|         18|
    |ddrW1_blk_n_R                           |   8|          2|    1|          2|
    |indvar_flatten34_fu_330                 |  16|          2|   11|         22|
    +----------------------------------------+----+-----------+-----+-----------+
    |Total                                   |  80|         14|   37|         74|
    +----------------------------------------+----+-----------+-----+-----------+

    * Register: 
    +-------------------------+----+----+-----+-----------+
    |           Name          | FF | LUT| Bits| Const Bits|
    +-------------------------+----+----+-----+-----------+
    |a_fu_322                 |   3|   0|    3|          0|
    |ap_CS_fsm                |   1|   0|    1|          0|
    |ap_done_reg              |   1|   0|    1|          0|
    |ap_enable_reg_pp0_iter1  |   1|   0|    1|          0|
    |c_fu_326                 |   9|   0|    9|          0|
    |indvar_flatten34_fu_330  |  11|   0|   11|          0|
    +-------------------------+----+----+-----+-----------+
    |Total                    |  26|   0|   26|          0|
    +-------------------------+----+----+-----+-----------+



================================================================
== Interface
================================================================
* Summary: 
+----------------------+-----+-----+------------+----------------------------------------------------+--------------+
|       RTL Ports      | Dir | Bits|  Protocol  |                    Source Object                   |    C Type    |
+----------------------+-----+-----+------------+----------------------------------------------------+--------------+
|ap_clk                |   in|    1|  ap_ctrl_hs|  action_diff_head_Pipeline_LOAD_WO_VITIS_LOOP_116_6|  return value|
|ap_rst                |   in|    1|  ap_ctrl_hs|  action_diff_head_Pipeline_LOAD_WO_VITIS_LOOP_116_6|  return value|
|ap_start              |   in|    1|  ap_ctrl_hs|  action_diff_head_Pipeline_LOAD_WO_VITIS_LOOP_116_6|  return value|
|ap_done               |  out|    1|  ap_ctrl_hs|  action_diff_head_Pipeline_LOAD_WO_VITIS_LOOP_116_6|  return value|
|ap_idle               |  out|    1|  ap_ctrl_hs|  action_diff_head_Pipeline_LOAD_WO_VITIS_LOOP_116_6|  return value|
|ap_ready              |  out|    1|  ap_ctrl_hs|  action_diff_head_Pipeline_LOAD_WO_VITIS_LOOP_116_6|  return value|
|m_axi_ddrW1_AWVALID   |  out|    1|       m_axi|                                               ddrW1|       pointer|
|m_axi_ddrW1_AWREADY   |   in|    1|       m_axi|                                               ddrW1|       pointer|
|m_axi_ddrW1_AWADDR    |  out|   64|       m_axi|                                               ddrW1|       pointer|
|m_axi_ddrW1_AWID      |  out|    1|       m_axi|                                               ddrW1|       pointer|
|m_axi_ddrW1_AWLEN     |  out|   32|       m_axi|                                               ddrW1|       pointer|
|m_axi_ddrW1_AWSIZE    |  out|    3|       m_axi|                                               ddrW1|       pointer|
|m_axi_ddrW1_AWBURST   |  out|    2|       m_axi|                                               ddrW1|       pointer|
|m_axi_ddrW1_AWLOCK    |  out|    2|       m_axi|                                               ddrW1|       pointer|
|m_axi_ddrW1_AWCACHE   |  out|    4|       m_axi|                                               ddrW1|       pointer|
|m_axi_ddrW1_AWPROT    |  out|    3|       m_axi|                                               ddrW1|       pointer|
|m_axi_ddrW1_AWQOS     |  out|    4|       m_axi|                                               ddrW1|       pointer|
|m_axi_ddrW1_AWREGION  |  out|    4|       m_axi|                                               ddrW1|       pointer|
|m_axi_ddrW1_AWUSER    |  out|    1|       m_axi|                                               ddrW1|       pointer|
|m_axi_ddrW1_WVALID    |  out|    1|       m_axi|                                               ddrW1|       pointer|
|m_axi_ddrW1_WREADY    |   in|    1|       m_axi|                                               ddrW1|       pointer|
|m_axi_ddrW1_WDATA     |  out|    8|       m_axi|                                               ddrW1|       pointer|
|m_axi_ddrW1_WSTRB     |  out|    1|       m_axi|                                               ddrW1|       pointer|
|m_axi_ddrW1_WLAST     |  out|    1|       m_axi|                                               ddrW1|       pointer|
|m_axi_ddrW1_WID       |  out|    1|       m_axi|                                               ddrW1|       pointer|
|m_axi_ddrW1_WUSER     |  out|    1|       m_axi|                                               ddrW1|       pointer|
|m_axi_ddrW1_ARVALID   |  out|    1|       m_axi|                                               ddrW1|       pointer|
|m_axi_ddrW1_ARREADY   |   in|    1|       m_axi|                                               ddrW1|       pointer|
|m_axi_ddrW1_ARADDR    |  out|   64|       m_axi|                                               ddrW1|       pointer|
|m_axi_ddrW1_ARID      |  out|    1|       m_axi|                                               ddrW1|       pointer|
|m_axi_ddrW1_ARLEN     |  out|   32|       m_axi|                                               ddrW1|       pointer|
|m_axi_ddrW1_ARSIZE    |  out|    3|       m_axi|                                               ddrW1|       pointer|
|m_axi_ddrW1_ARBURST   |  out|    2|       m_axi|                                               ddrW1|       pointer|
|m_axi_ddrW1_ARLOCK    |  out|    2|       m_axi|                                               ddrW1|       pointer|
|m_axi_ddrW1_ARCACHE   |  out|    4|       m_axi|                                               ddrW1|       pointer|
|m_axi_ddrW1_ARPROT    |  out|    3|       m_axi|                                               ddrW1|       pointer|
|m_axi_ddrW1_ARQOS     |  out|    4|       m_axi|                                               ddrW1|       pointer|
|m_axi_ddrW1_ARREGION  |  out|    4|       m_axi|                                               ddrW1|       pointer|
|m_axi_ddrW1_ARUSER    |  out|    1|       m_axi|                                               ddrW1|       pointer|
|m_axi_ddrW1_RVALID    |   in|    1|       m_axi|                                               ddrW1|       pointer|
|m_axi_ddrW1_RREADY    |  out|    1|       m_axi|                                               ddrW1|       pointer|
|m_axi_ddrW1_RDATA     |   in|    8|       m_axi|                                               ddrW1|       pointer|
|m_axi_ddrW1_RLAST     |   in|    1|       m_axi|                                               ddrW1|       pointer|
|m_axi_ddrW1_RID       |   in|    1|       m_axi|                                               ddrW1|       pointer|
|m_axi_ddrW1_RFIFONUM  |   in|   15|       m_axi|                                               ddrW1|       pointer|
|m_axi_ddrW1_RUSER     |   in|    1|       m_axi|                                               ddrW1|       pointer|
|m_axi_ddrW1_RRESP     |   in|    2|       m_axi|                                               ddrW1|       pointer|
|m_axi_ddrW1_BVALID    |   in|    1|       m_axi|                                               ddrW1|       pointer|
|m_axi_ddrW1_BREADY    |  out|    1|       m_axi|                                               ddrW1|       pointer|
|m_axi_ddrW1_BRESP     |   in|    2|       m_axi|                                               ddrW1|       pointer|
|m_axi_ddrW1_BID       |   in|    1|       m_axi|                                               ddrW1|       pointer|
|m_axi_ddrW1_BUSER     |   in|    1|       m_axi|                                               ddrW1|       pointer|
|g_W_out               |   in|   64|     ap_none|                                             g_W_out|        scalar|
|W_out_address0        |  out|    5|   ap_memory|                                               W_out|         array|
|W_out_ce0             |  out|    1|   ap_memory|                                               W_out|         array|
|W_out_we0             |  out|    1|   ap_memory|                                               W_out|         array|
|W_out_d0              |  out|    8|   ap_memory|                                               W_out|         array|
|W_out_1_address0      |  out|    5|   ap_memory|                                             W_out_1|         array|
|W_out_1_ce0           |  out|    1|   ap_memory|                                             W_out_1|         array|
|W_out_1_we0           |  out|    1|   ap_memory|                                             W_out_1|         array|
|W_out_1_d0            |  out|    8|   ap_memory|                                             W_out_1|         array|
|W_out_2_address0      |  out|    5|   ap_memory|                                             W_out_2|         array|
|W_out_2_ce0           |  out|    1|   ap_memory|                                             W_out_2|         array|
|W_out_2_we0           |  out|    1|   ap_memory|                                             W_out_2|         array|
|W_out_2_d0            |  out|    8|   ap_memory|                                             W_out_2|         array|
|W_out_3_address0      |  out|    5|   ap_memory|                                             W_out_3|         array|
|W_out_3_ce0           |  out|    1|   ap_memory|                                             W_out_3|         array|
|W_out_3_we0           |  out|    1|   ap_memory|                                             W_out_3|         array|
|W_out_3_d0            |  out|    8|   ap_memory|                                             W_out_3|         array|
|W_out_4_address0      |  out|    5|   ap_memory|                                             W_out_4|         array|
|W_out_4_ce0           |  out|    1|   ap_memory|                                             W_out_4|         array|
|W_out_4_we0           |  out|    1|   ap_memory|                                             W_out_4|         array|
|W_out_4_d0            |  out|    8|   ap_memory|                                             W_out_4|         array|
|W_out_5_address0      |  out|    5|   ap_memory|                                             W_out_5|         array|
|W_out_5_ce0           |  out|    1|   ap_memory|                                             W_out_5|         array|
|W_out_5_we0           |  out|    1|   ap_memory|                                             W_out_5|         array|
|W_out_5_d0            |  out|    8|   ap_memory|                                             W_out_5|         array|
|W_out_6_address0      |  out|    5|   ap_memory|                                             W_out_6|         array|
|W_out_6_ce0           |  out|    1|   ap_memory|                                             W_out_6|         array|
|W_out_6_we0           |  out|    1|   ap_memory|                                             W_out_6|         array|
|W_out_6_d0            |  out|    8|   ap_memory|                                             W_out_6|         array|
|W_out_7_address0      |  out|    5|   ap_memory|                                             W_out_7|         array|
|W_out_7_ce0           |  out|    1|   ap_memory|                                             W_out_7|         array|
|W_out_7_we0           |  out|    1|   ap_memory|                                             W_out_7|         array|
|W_out_7_d0            |  out|    8|   ap_memory|                                             W_out_7|         array|
|W_out_8_address0      |  out|    5|   ap_memory|                                             W_out_8|         array|
|W_out_8_ce0           |  out|    1|   ap_memory|                                             W_out_8|         array|
|W_out_8_we0           |  out|    1|   ap_memory|                                             W_out_8|         array|
|W_out_8_d0            |  out|    8|   ap_memory|                                             W_out_8|         array|
|W_out_9_address0      |  out|    5|   ap_memory|                                             W_out_9|         array|
|W_out_9_ce0           |  out|    1|   ap_memory|                                             W_out_9|         array|
|W_out_9_we0           |  out|    1|   ap_memory|                                             W_out_9|         array|
|W_out_9_d0            |  out|    8|   ap_memory|                                             W_out_9|         array|
|W_out_10_address0     |  out|    5|   ap_memory|                                            W_out_10|         array|
|W_out_10_ce0          |  out|    1|   ap_memory|                                            W_out_10|         array|
|W_out_10_we0          |  out|    1|   ap_memory|                                            W_out_10|         array|
|W_out_10_d0           |  out|    8|   ap_memory|                                            W_out_10|         array|
|W_out_11_address0     |  out|    5|   ap_memory|                                            W_out_11|         array|
|W_out_11_ce0          |  out|    1|   ap_memory|                                            W_out_11|         array|
|W_out_11_we0          |  out|    1|   ap_memory|                                            W_out_11|         array|
|W_out_11_d0           |  out|    8|   ap_memory|                                            W_out_11|         array|
|W_out_12_address0     |  out|    5|   ap_memory|                                            W_out_12|         array|
|W_out_12_ce0          |  out|    1|   ap_memory|                                            W_out_12|         array|
|W_out_12_we0          |  out|    1|   ap_memory|                                            W_out_12|         array|
|W_out_12_d0           |  out|    8|   ap_memory|                                            W_out_12|         array|
|W_out_13_address0     |  out|    5|   ap_memory|                                            W_out_13|         array|
|W_out_13_ce0          |  out|    1|   ap_memory|                                            W_out_13|         array|
|W_out_13_we0          |  out|    1|   ap_memory|                                            W_out_13|         array|
|W_out_13_d0           |  out|    8|   ap_memory|                                            W_out_13|         array|
|W_out_14_address0     |  out|    5|   ap_memory|                                            W_out_14|         array|
|W_out_14_ce0          |  out|    1|   ap_memory|                                            W_out_14|         array|
|W_out_14_we0          |  out|    1|   ap_memory|                                            W_out_14|         array|
|W_out_14_d0           |  out|    8|   ap_memory|                                            W_out_14|         array|
|W_out_15_address0     |  out|    5|   ap_memory|                                            W_out_15|         array|
|W_out_15_ce0          |  out|    1|   ap_memory|                                            W_out_15|         array|
|W_out_15_we0          |  out|    1|   ap_memory|                                            W_out_15|         array|
|W_out_15_d0           |  out|    8|   ap_memory|                                            W_out_15|         array|
|W_out_16_address0     |  out|    5|   ap_memory|                                            W_out_16|         array|
|W_out_16_ce0          |  out|    1|   ap_memory|                                            W_out_16|         array|
|W_out_16_we0          |  out|    1|   ap_memory|                                            W_out_16|         array|
|W_out_16_d0           |  out|    8|   ap_memory|                                            W_out_16|         array|
|W_out_17_address0     |  out|    5|   ap_memory|                                            W_out_17|         array|
|W_out_17_ce0          |  out|    1|   ap_memory|                                            W_out_17|         array|
|W_out_17_we0          |  out|    1|   ap_memory|                                            W_out_17|         array|
|W_out_17_d0           |  out|    8|   ap_memory|                                            W_out_17|         array|
|W_out_18_address0     |  out|    5|   ap_memory|                                            W_out_18|         array|
|W_out_18_ce0          |  out|    1|   ap_memory|                                            W_out_18|         array|
|W_out_18_we0          |  out|    1|   ap_memory|                                            W_out_18|         array|
|W_out_18_d0           |  out|    8|   ap_memory|                                            W_out_18|         array|
|W_out_19_address0     |  out|    5|   ap_memory|                                            W_out_19|         array|
|W_out_19_ce0          |  out|    1|   ap_memory|                                            W_out_19|         array|
|W_out_19_we0          |  out|    1|   ap_memory|                                            W_out_19|         array|
|W_out_19_d0           |  out|    8|   ap_memory|                                            W_out_19|         array|
|W_out_20_address0     |  out|    5|   ap_memory|                                            W_out_20|         array|
|W_out_20_ce0          |  out|    1|   ap_memory|                                            W_out_20|         array|
|W_out_20_we0          |  out|    1|   ap_memory|                                            W_out_20|         array|
|W_out_20_d0           |  out|    8|   ap_memory|                                            W_out_20|         array|
|W_out_21_address0     |  out|    5|   ap_memory|                                            W_out_21|         array|
|W_out_21_ce0          |  out|    1|   ap_memory|                                            W_out_21|         array|
|W_out_21_we0          |  out|    1|   ap_memory|                                            W_out_21|         array|
|W_out_21_d0           |  out|    8|   ap_memory|                                            W_out_21|         array|
|W_out_22_address0     |  out|    5|   ap_memory|                                            W_out_22|         array|
|W_out_22_ce0          |  out|    1|   ap_memory|                                            W_out_22|         array|
|W_out_22_we0          |  out|    1|   ap_memory|                                            W_out_22|         array|
|W_out_22_d0           |  out|    8|   ap_memory|                                            W_out_22|         array|
|W_out_23_address0     |  out|    5|   ap_memory|                                            W_out_23|         array|
|W_out_23_ce0          |  out|    1|   ap_memory|                                            W_out_23|         array|
|W_out_23_we0          |  out|    1|   ap_memory|                                            W_out_23|         array|
|W_out_23_d0           |  out|    8|   ap_memory|                                            W_out_23|         array|
|W_out_24_address0     |  out|    5|   ap_memory|                                            W_out_24|         array|
|W_out_24_ce0          |  out|    1|   ap_memory|                                            W_out_24|         array|
|W_out_24_we0          |  out|    1|   ap_memory|                                            W_out_24|         array|
|W_out_24_d0           |  out|    8|   ap_memory|                                            W_out_24|         array|
|W_out_25_address0     |  out|    5|   ap_memory|                                            W_out_25|         array|
|W_out_25_ce0          |  out|    1|   ap_memory|                                            W_out_25|         array|
|W_out_25_we0          |  out|    1|   ap_memory|                                            W_out_25|         array|
|W_out_25_d0           |  out|    8|   ap_memory|                                            W_out_25|         array|
|W_out_26_address0     |  out|    5|   ap_memory|                                            W_out_26|         array|
|W_out_26_ce0          |  out|    1|   ap_memory|                                            W_out_26|         array|
|W_out_26_we0          |  out|    1|   ap_memory|                                            W_out_26|         array|
|W_out_26_d0           |  out|    8|   ap_memory|                                            W_out_26|         array|
|W_out_27_address0     |  out|    5|   ap_memory|                                            W_out_27|         array|
|W_out_27_ce0          |  out|    1|   ap_memory|                                            W_out_27|         array|
|W_out_27_we0          |  out|    1|   ap_memory|                                            W_out_27|         array|
|W_out_27_d0           |  out|    8|   ap_memory|                                            W_out_27|         array|
|W_out_28_address0     |  out|    5|   ap_memory|                                            W_out_28|         array|
|W_out_28_ce0          |  out|    1|   ap_memory|                                            W_out_28|         array|
|W_out_28_we0          |  out|    1|   ap_memory|                                            W_out_28|         array|
|W_out_28_d0           |  out|    8|   ap_memory|                                            W_out_28|         array|
|W_out_29_address0     |  out|    5|   ap_memory|                                            W_out_29|         array|
|W_out_29_ce0          |  out|    1|   ap_memory|                                            W_out_29|         array|
|W_out_29_we0          |  out|    1|   ap_memory|                                            W_out_29|         array|
|W_out_29_d0           |  out|    8|   ap_memory|                                            W_out_29|         array|
|W_out_30_address0     |  out|    5|   ap_memory|                                            W_out_30|         array|
|W_out_30_ce0          |  out|    1|   ap_memory|                                            W_out_30|         array|
|W_out_30_we0          |  out|    1|   ap_memory|                                            W_out_30|         array|
|W_out_30_d0           |  out|    8|   ap_memory|                                            W_out_30|         array|
|W_out_31_address0     |  out|    5|   ap_memory|                                            W_out_31|         array|
|W_out_31_ce0          |  out|    1|   ap_memory|                                            W_out_31|         array|
|W_out_31_we0          |  out|    1|   ap_memory|                                            W_out_31|         array|
|W_out_31_d0           |  out|    8|   ap_memory|                                            W_out_31|         array|
|W_out_32_address0     |  out|    5|   ap_memory|                                            W_out_32|         array|
|W_out_32_ce0          |  out|    1|   ap_memory|                                            W_out_32|         array|
|W_out_32_we0          |  out|    1|   ap_memory|                                            W_out_32|         array|
|W_out_32_d0           |  out|    8|   ap_memory|                                            W_out_32|         array|
|W_out_33_address0     |  out|    5|   ap_memory|                                            W_out_33|         array|
|W_out_33_ce0          |  out|    1|   ap_memory|                                            W_out_33|         array|
|W_out_33_we0          |  out|    1|   ap_memory|                                            W_out_33|         array|
|W_out_33_d0           |  out|    8|   ap_memory|                                            W_out_33|         array|
|W_out_34_address0     |  out|    5|   ap_memory|                                            W_out_34|         array|
|W_out_34_ce0          |  out|    1|   ap_memory|                                            W_out_34|         array|
|W_out_34_we0          |  out|    1|   ap_memory|                                            W_out_34|         array|
|W_out_34_d0           |  out|    8|   ap_memory|                                            W_out_34|         array|
|W_out_35_address0     |  out|    5|   ap_memory|                                            W_out_35|         array|
|W_out_35_ce0          |  out|    1|   ap_memory|                                            W_out_35|         array|
|W_out_35_we0          |  out|    1|   ap_memory|                                            W_out_35|         array|
|W_out_35_d0           |  out|    8|   ap_memory|                                            W_out_35|         array|
|W_out_36_address0     |  out|    5|   ap_memory|                                            W_out_36|         array|
|W_out_36_ce0          |  out|    1|   ap_memory|                                            W_out_36|         array|
|W_out_36_we0          |  out|    1|   ap_memory|                                            W_out_36|         array|
|W_out_36_d0           |  out|    8|   ap_memory|                                            W_out_36|         array|
|W_out_37_address0     |  out|    5|   ap_memory|                                            W_out_37|         array|
|W_out_37_ce0          |  out|    1|   ap_memory|                                            W_out_37|         array|
|W_out_37_we0          |  out|    1|   ap_memory|                                            W_out_37|         array|
|W_out_37_d0           |  out|    8|   ap_memory|                                            W_out_37|         array|
|W_out_38_address0     |  out|    5|   ap_memory|                                            W_out_38|         array|
|W_out_38_ce0          |  out|    1|   ap_memory|                                            W_out_38|         array|
|W_out_38_we0          |  out|    1|   ap_memory|                                            W_out_38|         array|
|W_out_38_d0           |  out|    8|   ap_memory|                                            W_out_38|         array|
|W_out_39_address0     |  out|    5|   ap_memory|                                            W_out_39|         array|
|W_out_39_ce0          |  out|    1|   ap_memory|                                            W_out_39|         array|
|W_out_39_we0          |  out|    1|   ap_memory|                                            W_out_39|         array|
|W_out_39_d0           |  out|    8|   ap_memory|                                            W_out_39|         array|
|W_out_40_address0     |  out|    5|   ap_memory|                                            W_out_40|         array|
|W_out_40_ce0          |  out|    1|   ap_memory|                                            W_out_40|         array|
|W_out_40_we0          |  out|    1|   ap_memory|                                            W_out_40|         array|
|W_out_40_d0           |  out|    8|   ap_memory|                                            W_out_40|         array|
|W_out_41_address0     |  out|    5|   ap_memory|                                            W_out_41|         array|
|W_out_41_ce0          |  out|    1|   ap_memory|                                            W_out_41|         array|
|W_out_41_we0          |  out|    1|   ap_memory|                                            W_out_41|         array|
|W_out_41_d0           |  out|    8|   ap_memory|                                            W_out_41|         array|
|W_out_42_address0     |  out|    5|   ap_memory|                                            W_out_42|         array|
|W_out_42_ce0          |  out|    1|   ap_memory|                                            W_out_42|         array|
|W_out_42_we0          |  out|    1|   ap_memory|                                            W_out_42|         array|
|W_out_42_d0           |  out|    8|   ap_memory|                                            W_out_42|         array|
|W_out_43_address0     |  out|    5|   ap_memory|                                            W_out_43|         array|
|W_out_43_ce0          |  out|    1|   ap_memory|                                            W_out_43|         array|
|W_out_43_we0          |  out|    1|   ap_memory|                                            W_out_43|         array|
|W_out_43_d0           |  out|    8|   ap_memory|                                            W_out_43|         array|
|W_out_44_address0     |  out|    5|   ap_memory|                                            W_out_44|         array|
|W_out_44_ce0          |  out|    1|   ap_memory|                                            W_out_44|         array|
|W_out_44_we0          |  out|    1|   ap_memory|                                            W_out_44|         array|
|W_out_44_d0           |  out|    8|   ap_memory|                                            W_out_44|         array|
|W_out_45_address0     |  out|    5|   ap_memory|                                            W_out_45|         array|
|W_out_45_ce0          |  out|    1|   ap_memory|                                            W_out_45|         array|
|W_out_45_we0          |  out|    1|   ap_memory|                                            W_out_45|         array|
|W_out_45_d0           |  out|    8|   ap_memory|                                            W_out_45|         array|
|W_out_46_address0     |  out|    5|   ap_memory|                                            W_out_46|         array|
|W_out_46_ce0          |  out|    1|   ap_memory|                                            W_out_46|         array|
|W_out_46_we0          |  out|    1|   ap_memory|                                            W_out_46|         array|
|W_out_46_d0           |  out|    8|   ap_memory|                                            W_out_46|         array|
|W_out_47_address0     |  out|    5|   ap_memory|                                            W_out_47|         array|
|W_out_47_ce0          |  out|    1|   ap_memory|                                            W_out_47|         array|
|W_out_47_we0          |  out|    1|   ap_memory|                                            W_out_47|         array|
|W_out_47_d0           |  out|    8|   ap_memory|                                            W_out_47|         array|
|W_out_48_address0     |  out|    5|   ap_memory|                                            W_out_48|         array|
|W_out_48_ce0          |  out|    1|   ap_memory|                                            W_out_48|         array|
|W_out_48_we0          |  out|    1|   ap_memory|                                            W_out_48|         array|
|W_out_48_d0           |  out|    8|   ap_memory|                                            W_out_48|         array|
|W_out_49_address0     |  out|    5|   ap_memory|                                            W_out_49|         array|
|W_out_49_ce0          |  out|    1|   ap_memory|                                            W_out_49|         array|
|W_out_49_we0          |  out|    1|   ap_memory|                                            W_out_49|         array|
|W_out_49_d0           |  out|    8|   ap_memory|                                            W_out_49|         array|
|W_out_50_address0     |  out|    5|   ap_memory|                                            W_out_50|         array|
|W_out_50_ce0          |  out|    1|   ap_memory|                                            W_out_50|         array|
|W_out_50_we0          |  out|    1|   ap_memory|                                            W_out_50|         array|
|W_out_50_d0           |  out|    8|   ap_memory|                                            W_out_50|         array|
|W_out_51_address0     |  out|    5|   ap_memory|                                            W_out_51|         array|
|W_out_51_ce0          |  out|    1|   ap_memory|                                            W_out_51|         array|
|W_out_51_we0          |  out|    1|   ap_memory|                                            W_out_51|         array|
|W_out_51_d0           |  out|    8|   ap_memory|                                            W_out_51|         array|
|W_out_52_address0     |  out|    5|   ap_memory|                                            W_out_52|         array|
|W_out_52_ce0          |  out|    1|   ap_memory|                                            W_out_52|         array|
|W_out_52_we0          |  out|    1|   ap_memory|                                            W_out_52|         array|
|W_out_52_d0           |  out|    8|   ap_memory|                                            W_out_52|         array|
|W_out_53_address0     |  out|    5|   ap_memory|                                            W_out_53|         array|
|W_out_53_ce0          |  out|    1|   ap_memory|                                            W_out_53|         array|
|W_out_53_we0          |  out|    1|   ap_memory|                                            W_out_53|         array|
|W_out_53_d0           |  out|    8|   ap_memory|                                            W_out_53|         array|
|W_out_54_address0     |  out|    5|   ap_memory|                                            W_out_54|         array|
|W_out_54_ce0          |  out|    1|   ap_memory|                                            W_out_54|         array|
|W_out_54_we0          |  out|    1|   ap_memory|                                            W_out_54|         array|
|W_out_54_d0           |  out|    8|   ap_memory|                                            W_out_54|         array|
|W_out_55_address0     |  out|    5|   ap_memory|                                            W_out_55|         array|
|W_out_55_ce0          |  out|    1|   ap_memory|                                            W_out_55|         array|
|W_out_55_we0          |  out|    1|   ap_memory|                                            W_out_55|         array|
|W_out_55_d0           |  out|    8|   ap_memory|                                            W_out_55|         array|
|W_out_56_address0     |  out|    5|   ap_memory|                                            W_out_56|         array|
|W_out_56_ce0          |  out|    1|   ap_memory|                                            W_out_56|         array|
|W_out_56_we0          |  out|    1|   ap_memory|                                            W_out_56|         array|
|W_out_56_d0           |  out|    8|   ap_memory|                                            W_out_56|         array|
|W_out_57_address0     |  out|    5|   ap_memory|                                            W_out_57|         array|
|W_out_57_ce0          |  out|    1|   ap_memory|                                            W_out_57|         array|
|W_out_57_we0          |  out|    1|   ap_memory|                                            W_out_57|         array|
|W_out_57_d0           |  out|    8|   ap_memory|                                            W_out_57|         array|
|W_out_58_address0     |  out|    5|   ap_memory|                                            W_out_58|         array|
|W_out_58_ce0          |  out|    1|   ap_memory|                                            W_out_58|         array|
|W_out_58_we0          |  out|    1|   ap_memory|                                            W_out_58|         array|
|W_out_58_d0           |  out|    8|   ap_memory|                                            W_out_58|         array|
|W_out_59_address0     |  out|    5|   ap_memory|                                            W_out_59|         array|
|W_out_59_ce0          |  out|    1|   ap_memory|                                            W_out_59|         array|
|W_out_59_we0          |  out|    1|   ap_memory|                                            W_out_59|         array|
|W_out_59_d0           |  out|    8|   ap_memory|                                            W_out_59|         array|
|W_out_60_address0     |  out|    5|   ap_memory|                                            W_out_60|         array|
|W_out_60_ce0          |  out|    1|   ap_memory|                                            W_out_60|         array|
|W_out_60_we0          |  out|    1|   ap_memory|                                            W_out_60|         array|
|W_out_60_d0           |  out|    8|   ap_memory|                                            W_out_60|         array|
|W_out_61_address0     |  out|    5|   ap_memory|                                            W_out_61|         array|
|W_out_61_ce0          |  out|    1|   ap_memory|                                            W_out_61|         array|
|W_out_61_we0          |  out|    1|   ap_memory|                                            W_out_61|         array|
|W_out_61_d0           |  out|    8|   ap_memory|                                            W_out_61|         array|
|W_out_62_address0     |  out|    5|   ap_memory|                                            W_out_62|         array|
|W_out_62_ce0          |  out|    1|   ap_memory|                                            W_out_62|         array|
|W_out_62_we0          |  out|    1|   ap_memory|                                            W_out_62|         array|
|W_out_62_d0           |  out|    8|   ap_memory|                                            W_out_62|         array|
|W_out_63_address0     |  out|    5|   ap_memory|                                            W_out_63|         array|
|W_out_63_ce0          |  out|    1|   ap_memory|                                            W_out_63|         array|
|W_out_63_we0          |  out|    1|   ap_memory|                                            W_out_63|         array|
|W_out_63_d0           |  out|    8|   ap_memory|                                            W_out_63|         array|
+----------------------+-----+-----+------------+----------------------------------------------------+--------------+

