

================================================================
== Vitis HLS Report for 'action_diff_head_Pipeline_OUT_LOOP_VITIS_LOOP_285_15'
================================================================
* Date:           Thu May 28 13:03:50 2026

* Version:        2024.1 (Build 5069499 on May 21 2024)
* Project:        action_diff_hls
* Solution:       sol1 (Vivado IP Flow Target)
* Product family: versalaicore
* Target device:  xcvc1902-vsva2197-2MP-e-S


================================================================
== Performance Estimates
================================================================
+ Timing: 
    * Summary: 
    +--------+---------+----------+------------+
    |  Clock |  Target | Estimated| Uncertainty|
    +--------+---------+----------+------------+
    |ap_clk  |  4.00 ns|  2.849 ns|     1.08 ns|
    +--------+---------+----------+------------+

+ Latency: 
    * Summary: 
    +---------+---------+----------+----------+-----+-----+-----------------------------------------------+
    |  Latency (cycles) |  Latency (absolute) |  Interval |                    Pipeline                   |
    |   min   |   max   |    min   |    max   | min | max |                      Type                     |
    +---------+---------+----------+----------+-----+-----+-----------------------------------------------+
    |       35|       35|  0.140 us|  0.140 us|   29|   29|  loop auto-rewind stp(delay=0 clock cycles(s))|
    +---------+---------+----------+----------+-----+-----+-----------------------------------------------+

    + Detail: 
        * Instance: 
        +--------------------+-------+---------+---------+----------+----------+-----+-----+---------+
        |                    |       |  Latency (cycles) |  Latency (absolute) |  Interval | Pipeline|
        |      Instance      | Module|   min   |   max   |    min   |    max   | min | max |   Type  |
        +--------------------+-------+---------+---------+----------+----------+-----+-----+---------+
        |tmp_s_sat8_fu_2003  |sat8   |        0|        0|      0 ns|      0 ns|    1|    1|      yes|
        +--------------------+-------+---------+---------+----------+----------+-----+-----+---------+

        * Loop: 
        +------------------------------+---------+---------+----------+-----------+-----------+------+----------+
        |                              |  Latency (cycles) | Iteration|  Initiation Interval  | Trip |          |
        |           Loop Name          |   min   |   max   |  Latency |  achieved |   target  | Count| Pipelined|
        +------------------------------+---------+---------+----------+-----------+-----------+------+----------+
        |- OUT_LOOP_VITIS_LOOP_285_15  |       33|       33|         7|          1|          1|    28|       yes|
        +------------------------------+---------+---------+----------+-----------+-----------+------+----------+



================================================================
== Utilization Estimates
================================================================
* Summary: 
+-----------------+---------+------+---------+--------+-----+
|       Name      | BRAM_18K|  DSP |    FF   |   LUT  | URAM|
+-----------------+---------+------+---------+--------+-----+
|DSP              |        -|    32|        -|       -|    -|
|Expression       |        -|     -|        0|     697|    -|
|FIFO             |        -|     -|        -|       -|    -|
|Instance         |        -|     0|        0|    2720|    -|
|Memory           |        -|     -|        -|       -|    -|
|Multiplexer      |        -|     -|        0|     112|    -|
|Register         |        -|     -|      179|       8|    -|
+-----------------+---------+------+---------+--------+-----+
|Total            |        0|    32|      179|    3537|    0|
+-----------------+---------+------+---------+--------+-----+
|Available        |     1934|  1968|  1799680|  899840|  463|
+-----------------+---------+------+---------+--------+-----+
|Utilization (%)  |        0|     1|       ~0|      ~0|    0|
+-----------------+---------+------+---------+--------+-----+

+ Detail: 
    * Instance: 
    +------------------------+------------------+---------+----+---+----+-----+
    |        Instance        |      Module      | BRAM_18K| DSP| FF| LUT| URAM|
    +------------------------+------------------+---------+----+---+----+-----+
    |mul_8s_8s_16_1_1_U1804  |mul_8s_8s_16_1_1  |        0|   0|  0|  85|    0|
    |mul_8s_8s_16_1_1_U1805  |mul_8s_8s_16_1_1  |        0|   0|  0|  85|    0|
    |mul_8s_8s_16_1_1_U1806  |mul_8s_8s_16_1_1  |        0|   0|  0|  85|    0|
    |mul_8s_8s_16_1_1_U1807  |mul_8s_8s_16_1_1  |        0|   0|  0|  85|    0|
    |mul_8s_8s_16_1_1_U1808  |mul_8s_8s_16_1_1  |        0|   0|  0|  85|    0|
    |mul_8s_8s_16_1_1_U1809  |mul_8s_8s_16_1_1  |        0|   0|  0|  85|    0|
    |mul_8s_8s_16_1_1_U1810  |mul_8s_8s_16_1_1  |        0|   0|  0|  85|    0|
    |mul_8s_8s_16_1_1_U1811  |mul_8s_8s_16_1_1  |        0|   0|  0|  85|    0|
    |mul_8s_8s_16_1_1_U1812  |mul_8s_8s_16_1_1  |        0|   0|  0|  85|    0|
    |mul_8s_8s_16_1_1_U1813  |mul_8s_8s_16_1_1  |        0|   0|  0|  85|    0|
    |mul_8s_8s_16_1_1_U1814  |mul_8s_8s_16_1_1  |        0|   0|  0|  85|    0|
    |mul_8s_8s_16_1_1_U1815  |mul_8s_8s_16_1_1  |        0|   0|  0|  85|    0|
    |mul_8s_8s_16_1_1_U1816  |mul_8s_8s_16_1_1  |        0|   0|  0|  85|    0|
    |mul_8s_8s_16_1_1_U1817  |mul_8s_8s_16_1_1  |        0|   0|  0|  85|    0|
    |mul_8s_8s_16_1_1_U1818  |mul_8s_8s_16_1_1  |        0|   0|  0|  85|    0|
    |mul_8s_8s_16_1_1_U1819  |mul_8s_8s_16_1_1  |        0|   0|  0|  85|    0|
    |mul_8s_8s_16_1_1_U1820  |mul_8s_8s_16_1_1  |        0|   0|  0|  85|    0|
    |mul_8s_8s_16_1_1_U1821  |mul_8s_8s_16_1_1  |        0|   0|  0|  85|    0|
    |mul_8s_8s_16_1_1_U1822  |mul_8s_8s_16_1_1  |        0|   0|  0|  85|    0|
    |mul_8s_8s_16_1_1_U1823  |mul_8s_8s_16_1_1  |        0|   0|  0|  85|    0|
    |mul_8s_8s_16_1_1_U1824  |mul_8s_8s_16_1_1  |        0|   0|  0|  85|    0|
    |mul_8s_8s_16_1_1_U1825  |mul_8s_8s_16_1_1  |        0|   0|  0|  85|    0|
    |mul_8s_8s_16_1_1_U1826  |mul_8s_8s_16_1_1  |        0|   0|  0|  85|    0|
    |mul_8s_8s_16_1_1_U1827  |mul_8s_8s_16_1_1  |        0|   0|  0|  85|    0|
    |mul_8s_8s_16_1_1_U1828  |mul_8s_8s_16_1_1  |        0|   0|  0|  85|    0|
    |mul_8s_8s_16_1_1_U1829  |mul_8s_8s_16_1_1  |        0|   0|  0|  85|    0|
    |mul_8s_8s_16_1_1_U1830  |mul_8s_8s_16_1_1  |        0|   0|  0|  85|    0|
    |mul_8s_8s_16_1_1_U1831  |mul_8s_8s_16_1_1  |        0|   0|  0|  85|    0|
    |mul_8s_8s_16_1_1_U1832  |mul_8s_8s_16_1_1  |        0|   0|  0|  85|    0|
    |mul_8s_8s_16_1_1_U1833  |mul_8s_8s_16_1_1  |        0|   0|  0|  85|    0|
    |mul_8s_8s_16_1_1_U1834  |mul_8s_8s_16_1_1  |        0|   0|  0|  85|    0|
    |mul_8s_8s_16_1_1_U1835  |mul_8s_8s_16_1_1  |        0|   0|  0|  85|    0|
    +------------------------+------------------+---------+----+---+----+-----+
    |Total                   |                  |        0|   0|  0|2720|    0|
    +------------------------+------------------+---------+----+---+----+-----+

    * DSP: 
    +-----------------------------------+-----------------------------+--------------+
    |              Instance             |            Module           |  Expression  |
    +-----------------------------------+-----------------------------+--------------+
    |mac_muladd_8s_8s_16s_17_4_1_U1836  |mac_muladd_8s_8s_16s_17_4_1  |  i0 + i1 * i2|
    |mac_muladd_8s_8s_16s_17_4_1_U1837  |mac_muladd_8s_8s_16s_17_4_1  |  i0 + i1 * i2|
    |mac_muladd_8s_8s_16s_17_4_1_U1838  |mac_muladd_8s_8s_16s_17_4_1  |  i0 + i1 * i2|
    |mac_muladd_8s_8s_16s_17_4_1_U1839  |mac_muladd_8s_8s_16s_17_4_1  |  i0 + i1 * i2|
    |mac_muladd_8s_8s_16s_17_4_1_U1840  |mac_muladd_8s_8s_16s_17_4_1  |  i0 + i1 * i2|
    |mac_muladd_8s_8s_16s_17_4_1_U1841  |mac_muladd_8s_8s_16s_17_4_1  |  i0 + i1 * i2|
    |mac_muladd_8s_8s_16s_17_4_1_U1842  |mac_muladd_8s_8s_16s_17_4_1  |  i0 + i1 * i2|
    |mac_muladd_8s_8s_16s_17_4_1_U1843  |mac_muladd_8s_8s_16s_17_4_1  |  i0 + i1 * i2|
    |mac_muladd_8s_8s_16s_17_4_1_U1844  |mac_muladd_8s_8s_16s_17_4_1  |  i0 + i1 * i2|
    |mac_muladd_8s_8s_16s_17_4_1_U1845  |mac_muladd_8s_8s_16s_17_4_1  |  i0 + i1 * i2|
    |mac_muladd_8s_8s_16s_17_4_1_U1846  |mac_muladd_8s_8s_16s_17_4_1  |  i0 + i1 * i2|
    |mac_muladd_8s_8s_16s_17_4_1_U1847  |mac_muladd_8s_8s_16s_17_4_1  |  i0 + i1 * i2|
    |mac_muladd_8s_8s_16s_17_4_1_U1848  |mac_muladd_8s_8s_16s_17_4_1  |  i0 + i1 * i2|
    |mac_muladd_8s_8s_16s_17_4_1_U1849  |mac_muladd_8s_8s_16s_17_4_1  |  i0 + i1 * i2|
    |mac_muladd_8s_8s_16s_17_4_1_U1850  |mac_muladd_8s_8s_16s_17_4_1  |  i0 + i1 * i2|
    |mac_muladd_8s_8s_16s_17_4_1_U1851  |mac_muladd_8s_8s_16s_17_4_1  |  i0 + i1 * i2|
    |mac_muladd_8s_8s_16s_17_4_1_U1852  |mac_muladd_8s_8s_16s_17_4_1  |  i0 + i1 * i2|
    |mac_muladd_8s_8s_16s_17_4_1_U1853  |mac_muladd_8s_8s_16s_17_4_1  |  i0 + i1 * i2|
    |mac_muladd_8s_8s_16s_17_4_1_U1854  |mac_muladd_8s_8s_16s_17_4_1  |  i0 + i1 * i2|
    |mac_muladd_8s_8s_16s_17_4_1_U1855  |mac_muladd_8s_8s_16s_17_4_1  |  i0 + i1 * i2|
    |mac_muladd_8s_8s_16s_17_4_1_U1856  |mac_muladd_8s_8s_16s_17_4_1  |  i0 + i1 * i2|
    |mac_muladd_8s_8s_16s_17_4_1_U1857  |mac_muladd_8s_8s_16s_17_4_1  |  i0 + i1 * i2|
    |mac_muladd_8s_8s_16s_17_4_1_U1858  |mac_muladd_8s_8s_16s_17_4_1  |  i0 + i1 * i2|
    |mac_muladd_8s_8s_16s_17_4_1_U1859  |mac_muladd_8s_8s_16s_17_4_1  |  i0 + i1 * i2|
    |mac_muladd_8s_8s_16s_17_4_1_U1860  |mac_muladd_8s_8s_16s_17_4_1  |  i0 + i1 * i2|
    |mac_muladd_8s_8s_16s_17_4_1_U1861  |mac_muladd_8s_8s_16s_17_4_1  |  i0 + i1 * i2|
    |mac_muladd_8s_8s_16s_17_4_1_U1862  |mac_muladd_8s_8s_16s_17_4_1  |  i0 + i1 * i2|
    |mac_muladd_8s_8s_16s_17_4_1_U1863  |mac_muladd_8s_8s_16s_17_4_1  |  i0 + i1 * i2|
    |mac_muladd_8s_8s_16s_17_4_1_U1864  |mac_muladd_8s_8s_16s_17_4_1  |  i0 + i1 * i2|
    |mac_muladd_8s_8s_16s_17_4_1_U1865  |mac_muladd_8s_8s_16s_17_4_1  |  i0 + i1 * i2|
    |mac_muladd_8s_8s_16s_17_4_1_U1866  |mac_muladd_8s_8s_16s_17_4_1  |  i0 + i1 * i2|
    |mac_muladd_8s_8s_16s_17_4_1_U1867  |mac_muladd_8s_8s_16s_17_4_1  |  i0 + i1 * i2|
    +-----------------------------------+-----------------------------+--------------+

    * Memory: 
    N/A

    * FIFO: 
    N/A

    * Expression: 
    +---------------------------+----------+----+---+----+------------+------------+
    |       Variable Name       | Operation| DSP| FF| LUT| Bitwidth P0| Bitwidth P1|
    +---------------------------+----------+----+---+----+------------+------------+
    |acc_3_fu_4548_p2           |         +|   0|  0|  24|          24|          24|
    |add_ln283_1_fu_2063_p2     |         +|   0|  0|   6|           5|           1|
    |add_ln283_fu_2087_p2       |         +|   0|  0|   6|           3|           1|
    |add_ln285_fu_2483_p2       |         +|   0|  0|   9|           9|           7|
    |add_ln290_fu_2185_p2       |         +|   0|  0|  15|           5|           5|
    |add_ln292_12_fu_4197_p2    |         +|   0|  0|  18|          18|          18|
    |add_ln292_13_fu_4207_p2    |         +|   0|  0|  19|          19|          19|
    |add_ln292_14_fu_4217_p2    |         +|   0|  0|  20|          20|          20|
    |add_ln292_17_fu_4229_p2    |         +|   0|  0|  18|          18|          18|
    |add_ln292_20_fu_4245_p2    |         +|   0|  0|  18|          18|          18|
    |add_ln292_21_fu_4255_p2    |         +|   0|  0|  19|          19|          19|
    |add_ln292_24_fu_4271_p2    |         +|   0|  0|  18|          18|          18|
    |add_ln292_27_fu_4287_p2    |         +|   0|  0|  18|          18|          18|
    |add_ln292_28_fu_4297_p2    |         +|   0|  0|  19|          19|          19|
    |add_ln292_29_fu_4307_p2    |         +|   0|  0|  20|          20|          20|
    |add_ln292_2_fu_4139_p2     |         +|   0|  0|  18|          18|          18|
    |add_ln292_30_fu_4512_p2    |         +|   0|  0|  21|          21|          21|
    |add_ln292_33_fu_4319_p2    |         +|   0|  0|  18|          18|          18|
    |add_ln292_36_fu_4335_p2    |         +|   0|  0|  18|          18|          18|
    |add_ln292_37_fu_4345_p2    |         +|   0|  0|  19|          19|          19|
    |add_ln292_40_fu_4361_p2    |         +|   0|  0|  18|          18|          18|
    |add_ln292_43_fu_4377_p2    |         +|   0|  0|  18|          18|          18|
    |add_ln292_44_fu_4387_p2    |         +|   0|  0|  19|          19|          19|
    |add_ln292_45_fu_4397_p2    |         +|   0|  0|  20|          20|          20|
    |add_ln292_48_fu_4409_p2    |         +|   0|  0|  18|          18|          18|
    |add_ln292_51_fu_4425_p2    |         +|   0|  0|  18|          18|          18|
    |add_ln292_52_fu_4435_p2    |         +|   0|  0|  19|          19|          19|
    |add_ln292_55_fu_4451_p2    |         +|   0|  0|  18|          18|          18|
    |add_ln292_58_fu_4467_p2    |         +|   0|  0|  18|          18|          18|
    |add_ln292_59_fu_4477_p2    |         +|   0|  0|  19|          19|          19|
    |add_ln292_5_fu_4155_p2     |         +|   0|  0|  18|          18|          18|
    |add_ln292_60_fu_4487_p2    |         +|   0|  0|  20|          20|          20|
    |add_ln292_61_fu_4528_p2    |         +|   0|  0|  21|          21|          21|
    |add_ln292_62_fu_4538_p2    |         +|   0|  0|  22|          22|          22|
    |add_ln292_6_fu_4165_p2     |         +|   0|  0|  19|          19|          19|
    |add_ln292_9_fu_4181_p2     |         +|   0|  0|  18|          18|          18|
    |sub_ln290_fu_2179_p2       |         -|   0|  0|  15|           5|           5|
    |icmp_ln283_fu_2069_p2      |      icmp|   0|  0|   2|           5|           4|
    |select_ln283_1_fu_4499_p3  |    select|   0|  0|  23|           1|           1|
    |select_ln283_2_fu_2109_p3  |    select|   0|  0|   3|           1|           3|
    |select_ln283_fu_2101_p3    |    select|   0|  0|   8|           1|           1|
    |ap_enable_pp0              |       xor|   0|  0|   2|           1|           2|
    +---------------------------+----------+----+---+----+------------+------------+
    |Total                      |          |   0|  0| 697|         644|         638|
    +---------------------------+----------+----+---+----+------------+------------+

    * Multiplexer: 
    +-----------------------------------------+----+-----------+-----+-----------+
    |                   Name                  | LUT| Input Size| Bits| Total Bits|
    +-----------------------------------------+----+-----------+-----+-----------+
    |a_fu_318                                 |   8|          2|    3|          6|
    |acc_fu_310                               |  32|          2|   24|         48|
    |ap_done_int                              |   8|          2|    1|          2|
    |ap_enable_reg_pp0_iter1                  |   8|          2|    1|          2|
    |ap_sig_allocacmp_a_load                  |   8|          2|    3|          6|
    |ap_sig_allocacmp_c0_load                 |  16|          2|    9|         18|
    |ap_sig_allocacmp_indvar_flatten118_load  |   8|          2|    5|         10|
    |c0_fu_314                                |  16|          2|    9|         18|
    |indvar_flatten118_fu_322                 |   8|          2|    5|         10|
    +-----------------------------------------+----+-----------+-----+-----------+
    |Total                                    | 112|         18|   60|        120|
    +-----------------------------------------+----+-----------+-----+-----------+

    * Register: 
    +-------------------------------------+----+----+-----+-----------+
    |                 Name                | FF | LUT| Bits| Const Bits|
    +-------------------------------------+----+----+-----+-----------+
    |a_fu_318                             |   3|   0|    3|          0|
    |acc_fu_310                           |  24|   0|   24|          0|
    |add_ln292_14_reg_6126                |  20|   0|   20|          0|
    |add_ln292_29_reg_6131                |  20|   0|   20|          0|
    |add_ln292_45_reg_6136                |  20|   0|   20|          0|
    |add_ln292_60_reg_6141                |  20|   0|   20|          0|
    |ap_CS_fsm                            |   1|   0|    1|          0|
    |ap_done_reg                          |   1|   0|    1|          0|
    |ap_enable_reg_pp0_iter1              |   1|   0|    1|          0|
    |ap_enable_reg_pp0_iter2              |   1|   0|    1|          0|
    |ap_enable_reg_pp0_iter3              |   1|   0|    1|          0|
    |ap_enable_reg_pp0_iter4              |   1|   0|    1|          0|
    |ap_enable_reg_pp0_iter5              |   1|   0|    1|          0|
    |ap_enable_reg_pp0_iter6              |   1|   0|    1|          0|
    |ap_loop_exit_ready_pp0_iter1_reg     |   1|   0|    1|          0|
    |ap_loop_exit_ready_pp0_iter2_reg     |   1|   0|    1|          0|
    |ap_loop_exit_ready_pp0_iter3_reg     |   1|   0|    1|          0|
    |ap_loop_exit_ready_pp0_iter4_reg     |   1|   0|    1|          0|
    |ap_loop_exit_ready_pp0_iter5_reg     |   1|   0|    1|          0|
    |c0_fu_314                            |   9|   0|    9|          0|
    |indvar_flatten118_fu_322             |   5|   0|    5|          0|
    |select_ln283_2_reg_4925              |   3|   0|    3|          0|
    |tmp_3_reg_5322                       |   1|   0|    1|          0|
    |tmp_reg_4920                         |   1|   0|    1|          0|
    |trunc_ln_reg_6146                    |  18|   0|   18|          0|
    |zext_ln284_reg_4930                  |   2|   0|   64|         62|
    |zext_ln284_reg_4930_pp0_iter1_reg    |   2|   0|   64|         62|
    |zext_ln290_1_reg_4966                |   5|   0|   64|         59|
    |zext_ln290_1_reg_4966_pp0_iter1_reg  |   5|   0|   64|         59|
    |select_ln283_2_reg_4925              |   4|   4|    3|          0|
    |tmp_3_reg_5322                       |   2|   2|    1|          0|
    |tmp_reg_4920                         |   2|   2|    1|          0|
    +-------------------------------------+----+----+-----+-----------+
    |Total                                | 179|   8|  418|        242|
    +-------------------------------------+----+----+-----+-----------+



================================================================
== Interface
================================================================
* Summary: 
+--------------------------+-----+-----+------------+------------------------------------------------------+--------------+
|         RTL Ports        | Dir | Bits|  Protocol  |                     Source Object                    |    C Type    |
+--------------------------+-----+-----+------------+------------------------------------------------------+--------------+
|ap_clk                    |   in|    1|  ap_ctrl_hs|  action_diff_head_Pipeline_OUT_LOOP_VITIS_LOOP_285_15|  return value|
|ap_rst                    |   in|    1|  ap_ctrl_hs|  action_diff_head_Pipeline_OUT_LOOP_VITIS_LOOP_285_15|  return value|
|ap_start                  |   in|    1|  ap_ctrl_hs|  action_diff_head_Pipeline_OUT_LOOP_VITIS_LOOP_285_15|  return value|
|ap_done                   |  out|    1|  ap_ctrl_hs|  action_diff_head_Pipeline_OUT_LOOP_VITIS_LOOP_285_15|  return value|
|ap_idle                   |  out|    1|  ap_ctrl_hs|  action_diff_head_Pipeline_OUT_LOOP_VITIS_LOOP_285_15|  return value|
|ap_ready                  |  out|    1|  ap_ctrl_hs|  action_diff_head_Pipeline_OUT_LOOP_VITIS_LOOP_285_15|  return value|
|grp_sat8_fu_6595_p_din1   |  out|   18|  ap_ctrl_hs|  action_diff_head_Pipeline_OUT_LOOP_VITIS_LOOP_285_15|  return value|
|grp_sat8_fu_6595_p_dout0  |   in|    8|  ap_ctrl_hs|  action_diff_head_Pipeline_OUT_LOOP_VITIS_LOOP_285_15|  return value|
|grp_sat8_fu_6595_p_ready  |   in|    1|  ap_ctrl_hs|  action_diff_head_Pipeline_OUT_LOOP_VITIS_LOOP_285_15|  return value|
|W_out_address0            |  out|    5|   ap_memory|                                                 W_out|         array|
|W_out_ce0                 |  out|    1|   ap_memory|                                                 W_out|         array|
|W_out_q0                  |   in|    8|   ap_memory|                                                 W_out|         array|
|W_out_1_address0          |  out|    5|   ap_memory|                                               W_out_1|         array|
|W_out_1_ce0               |  out|    1|   ap_memory|                                               W_out_1|         array|
|W_out_1_q0                |   in|    8|   ap_memory|                                               W_out_1|         array|
|W_out_2_address0          |  out|    5|   ap_memory|                                               W_out_2|         array|
|W_out_2_ce0               |  out|    1|   ap_memory|                                               W_out_2|         array|
|W_out_2_q0                |   in|    8|   ap_memory|                                               W_out_2|         array|
|W_out_3_address0          |  out|    5|   ap_memory|                                               W_out_3|         array|
|W_out_3_ce0               |  out|    1|   ap_memory|                                               W_out_3|         array|
|W_out_3_q0                |   in|    8|   ap_memory|                                               W_out_3|         array|
|W_out_4_address0          |  out|    5|   ap_memory|                                               W_out_4|         array|
|W_out_4_ce0               |  out|    1|   ap_memory|                                               W_out_4|         array|
|W_out_4_q0                |   in|    8|   ap_memory|                                               W_out_4|         array|
|W_out_5_address0          |  out|    5|   ap_memory|                                               W_out_5|         array|
|W_out_5_ce0               |  out|    1|   ap_memory|                                               W_out_5|         array|
|W_out_5_q0                |   in|    8|   ap_memory|                                               W_out_5|         array|
|W_out_6_address0          |  out|    5|   ap_memory|                                               W_out_6|         array|
|W_out_6_ce0               |  out|    1|   ap_memory|                                               W_out_6|         array|
|W_out_6_q0                |   in|    8|   ap_memory|                                               W_out_6|         array|
|W_out_7_address0          |  out|    5|   ap_memory|                                               W_out_7|         array|
|W_out_7_ce0               |  out|    1|   ap_memory|                                               W_out_7|         array|
|W_out_7_q0                |   in|    8|   ap_memory|                                               W_out_7|         array|
|W_out_8_address0          |  out|    5|   ap_memory|                                               W_out_8|         array|
|W_out_8_ce0               |  out|    1|   ap_memory|                                               W_out_8|         array|
|W_out_8_q0                |   in|    8|   ap_memory|                                               W_out_8|         array|
|W_out_9_address0          |  out|    5|   ap_memory|                                               W_out_9|         array|
|W_out_9_ce0               |  out|    1|   ap_memory|                                               W_out_9|         array|
|W_out_9_q0                |   in|    8|   ap_memory|                                               W_out_9|         array|
|W_out_10_address0         |  out|    5|   ap_memory|                                              W_out_10|         array|
|W_out_10_ce0              |  out|    1|   ap_memory|                                              W_out_10|         array|
|W_out_10_q0               |   in|    8|   ap_memory|                                              W_out_10|         array|
|W_out_11_address0         |  out|    5|   ap_memory|                                              W_out_11|         array|
|W_out_11_ce0              |  out|    1|   ap_memory|                                              W_out_11|         array|
|W_out_11_q0               |   in|    8|   ap_memory|                                              W_out_11|         array|
|W_out_12_address0         |  out|    5|   ap_memory|                                              W_out_12|         array|
|W_out_12_ce0              |  out|    1|   ap_memory|                                              W_out_12|         array|
|W_out_12_q0               |   in|    8|   ap_memory|                                              W_out_12|         array|
|W_out_13_address0         |  out|    5|   ap_memory|                                              W_out_13|         array|
|W_out_13_ce0              |  out|    1|   ap_memory|                                              W_out_13|         array|
|W_out_13_q0               |   in|    8|   ap_memory|                                              W_out_13|         array|
|W_out_14_address0         |  out|    5|   ap_memory|                                              W_out_14|         array|
|W_out_14_ce0              |  out|    1|   ap_memory|                                              W_out_14|         array|
|W_out_14_q0               |   in|    8|   ap_memory|                                              W_out_14|         array|
|W_out_15_address0         |  out|    5|   ap_memory|                                              W_out_15|         array|
|W_out_15_ce0              |  out|    1|   ap_memory|                                              W_out_15|         array|
|W_out_15_q0               |   in|    8|   ap_memory|                                              W_out_15|         array|
|W_out_16_address0         |  out|    5|   ap_memory|                                              W_out_16|         array|
|W_out_16_ce0              |  out|    1|   ap_memory|                                              W_out_16|         array|
|W_out_16_q0               |   in|    8|   ap_memory|                                              W_out_16|         array|
|W_out_17_address0         |  out|    5|   ap_memory|                                              W_out_17|         array|
|W_out_17_ce0              |  out|    1|   ap_memory|                                              W_out_17|         array|
|W_out_17_q0               |   in|    8|   ap_memory|                                              W_out_17|         array|
|W_out_18_address0         |  out|    5|   ap_memory|                                              W_out_18|         array|
|W_out_18_ce0              |  out|    1|   ap_memory|                                              W_out_18|         array|
|W_out_18_q0               |   in|    8|   ap_memory|                                              W_out_18|         array|
|W_out_19_address0         |  out|    5|   ap_memory|                                              W_out_19|         array|
|W_out_19_ce0              |  out|    1|   ap_memory|                                              W_out_19|         array|
|W_out_19_q0               |   in|    8|   ap_memory|                                              W_out_19|         array|
|W_out_20_address0         |  out|    5|   ap_memory|                                              W_out_20|         array|
|W_out_20_ce0              |  out|    1|   ap_memory|                                              W_out_20|         array|
|W_out_20_q0               |   in|    8|   ap_memory|                                              W_out_20|         array|
|W_out_21_address0         |  out|    5|   ap_memory|                                              W_out_21|         array|
|W_out_21_ce0              |  out|    1|   ap_memory|                                              W_out_21|         array|
|W_out_21_q0               |   in|    8|   ap_memory|                                              W_out_21|         array|
|W_out_22_address0         |  out|    5|   ap_memory|                                              W_out_22|         array|
|W_out_22_ce0              |  out|    1|   ap_memory|                                              W_out_22|         array|
|W_out_22_q0               |   in|    8|   ap_memory|                                              W_out_22|         array|
|W_out_23_address0         |  out|    5|   ap_memory|                                              W_out_23|         array|
|W_out_23_ce0              |  out|    1|   ap_memory|                                              W_out_23|         array|
|W_out_23_q0               |   in|    8|   ap_memory|                                              W_out_23|         array|
|W_out_24_address0         |  out|    5|   ap_memory|                                              W_out_24|         array|
|W_out_24_ce0              |  out|    1|   ap_memory|                                              W_out_24|         array|
|W_out_24_q0               |   in|    8|   ap_memory|                                              W_out_24|         array|
|W_out_25_address0         |  out|    5|   ap_memory|                                              W_out_25|         array|
|W_out_25_ce0              |  out|    1|   ap_memory|                                              W_out_25|         array|
|W_out_25_q0               |   in|    8|   ap_memory|                                              W_out_25|         array|
|W_out_26_address0         |  out|    5|   ap_memory|                                              W_out_26|         array|
|W_out_26_ce0              |  out|    1|   ap_memory|                                              W_out_26|         array|
|W_out_26_q0               |   in|    8|   ap_memory|                                              W_out_26|         array|
|W_out_27_address0         |  out|    5|   ap_memory|                                              W_out_27|         array|
|W_out_27_ce0              |  out|    1|   ap_memory|                                              W_out_27|         array|
|W_out_27_q0               |   in|    8|   ap_memory|                                              W_out_27|         array|
|W_out_28_address0         |  out|    5|   ap_memory|                                              W_out_28|         array|
|W_out_28_ce0              |  out|    1|   ap_memory|                                              W_out_28|         array|
|W_out_28_q0               |   in|    8|   ap_memory|                                              W_out_28|         array|
|W_out_29_address0         |  out|    5|   ap_memory|                                              W_out_29|         array|
|W_out_29_ce0              |  out|    1|   ap_memory|                                              W_out_29|         array|
|W_out_29_q0               |   in|    8|   ap_memory|                                              W_out_29|         array|
|W_out_30_address0         |  out|    5|   ap_memory|                                              W_out_30|         array|
|W_out_30_ce0              |  out|    1|   ap_memory|                                              W_out_30|         array|
|W_out_30_q0               |   in|    8|   ap_memory|                                              W_out_30|         array|
|W_out_31_address0         |  out|    5|   ap_memory|                                              W_out_31|         array|
|W_out_31_ce0              |  out|    1|   ap_memory|                                              W_out_31|         array|
|W_out_31_q0               |   in|    8|   ap_memory|                                              W_out_31|         array|
|W_out_32_address0         |  out|    5|   ap_memory|                                              W_out_32|         array|
|W_out_32_ce0              |  out|    1|   ap_memory|                                              W_out_32|         array|
|W_out_32_q0               |   in|    8|   ap_memory|                                              W_out_32|         array|
|W_out_33_address0         |  out|    5|   ap_memory|                                              W_out_33|         array|
|W_out_33_ce0              |  out|    1|   ap_memory|                                              W_out_33|         array|
|W_out_33_q0               |   in|    8|   ap_memory|                                              W_out_33|         array|
|W_out_34_address0         |  out|    5|   ap_memory|                                              W_out_34|         array|
|W_out_34_ce0              |  out|    1|   ap_memory|                                              W_out_34|         array|
|W_out_34_q0               |   in|    8|   ap_memory|                                              W_out_34|         array|
|W_out_35_address0         |  out|    5|   ap_memory|                                              W_out_35|         array|
|W_out_35_ce0              |  out|    1|   ap_memory|                                              W_out_35|         array|
|W_out_35_q0               |   in|    8|   ap_memory|                                              W_out_35|         array|
|W_out_36_address0         |  out|    5|   ap_memory|                                              W_out_36|         array|
|W_out_36_ce0              |  out|    1|   ap_memory|                                              W_out_36|         array|
|W_out_36_q0               |   in|    8|   ap_memory|                                              W_out_36|         array|
|W_out_37_address0         |  out|    5|   ap_memory|                                              W_out_37|         array|
|W_out_37_ce0              |  out|    1|   ap_memory|                                              W_out_37|         array|
|W_out_37_q0               |   in|    8|   ap_memory|                                              W_out_37|         array|
|W_out_38_address0         |  out|    5|   ap_memory|                                              W_out_38|         array|
|W_out_38_ce0              |  out|    1|   ap_memory|                                              W_out_38|         array|
|W_out_38_q0               |   in|    8|   ap_memory|                                              W_out_38|         array|
|W_out_39_address0         |  out|    5|   ap_memory|                                              W_out_39|         array|
|W_out_39_ce0              |  out|    1|   ap_memory|                                              W_out_39|         array|
|W_out_39_q0               |   in|    8|   ap_memory|                                              W_out_39|         array|
|W_out_40_address0         |  out|    5|   ap_memory|                                              W_out_40|         array|
|W_out_40_ce0              |  out|    1|   ap_memory|                                              W_out_40|         array|
|W_out_40_q0               |   in|    8|   ap_memory|                                              W_out_40|         array|
|W_out_41_address0         |  out|    5|   ap_memory|                                              W_out_41|         array|
|W_out_41_ce0              |  out|    1|   ap_memory|                                              W_out_41|         array|
|W_out_41_q0               |   in|    8|   ap_memory|                                              W_out_41|         array|
|W_out_42_address0         |  out|    5|   ap_memory|                                              W_out_42|         array|
|W_out_42_ce0              |  out|    1|   ap_memory|                                              W_out_42|         array|
|W_out_42_q0               |   in|    8|   ap_memory|                                              W_out_42|         array|
|W_out_43_address0         |  out|    5|   ap_memory|                                              W_out_43|         array|
|W_out_43_ce0              |  out|    1|   ap_memory|                                              W_out_43|         array|
|W_out_43_q0               |   in|    8|   ap_memory|                                              W_out_43|         array|
|W_out_44_address0         |  out|    5|   ap_memory|                                              W_out_44|         array|
|W_out_44_ce0              |  out|    1|   ap_memory|                                              W_out_44|         array|
|W_out_44_q0               |   in|    8|   ap_memory|                                              W_out_44|         array|
|W_out_45_address0         |  out|    5|   ap_memory|                                              W_out_45|         array|
|W_out_45_ce0              |  out|    1|   ap_memory|                                              W_out_45|         array|
|W_out_45_q0               |   in|    8|   ap_memory|                                              W_out_45|         array|
|W_out_46_address0         |  out|    5|   ap_memory|                                              W_out_46|         array|
|W_out_46_ce0              |  out|    1|   ap_memory|                                              W_out_46|         array|
|W_out_46_q0               |   in|    8|   ap_memory|                                              W_out_46|         array|
|W_out_47_address0         |  out|    5|   ap_memory|                                              W_out_47|         array|
|W_out_47_ce0              |  out|    1|   ap_memory|                                              W_out_47|         array|
|W_out_47_q0               |   in|    8|   ap_memory|                                              W_out_47|         array|
|W_out_48_address0         |  out|    5|   ap_memory|                                              W_out_48|         array|
|W_out_48_ce0              |  out|    1|   ap_memory|                                              W_out_48|         array|
|W_out_48_q0               |   in|    8|   ap_memory|                                              W_out_48|         array|
|W_out_49_address0         |  out|    5|   ap_memory|                                              W_out_49|         array|
|W_out_49_ce0              |  out|    1|   ap_memory|                                              W_out_49|         array|
|W_out_49_q0               |   in|    8|   ap_memory|                                              W_out_49|         array|
|W_out_50_address0         |  out|    5|   ap_memory|                                              W_out_50|         array|
|W_out_50_ce0              |  out|    1|   ap_memory|                                              W_out_50|         array|
|W_out_50_q0               |   in|    8|   ap_memory|                                              W_out_50|         array|
|W_out_51_address0         |  out|    5|   ap_memory|                                              W_out_51|         array|
|W_out_51_ce0              |  out|    1|   ap_memory|                                              W_out_51|         array|
|W_out_51_q0               |   in|    8|   ap_memory|                                              W_out_51|         array|
|W_out_52_address0         |  out|    5|   ap_memory|                                              W_out_52|         array|
|W_out_52_ce0              |  out|    1|   ap_memory|                                              W_out_52|         array|
|W_out_52_q0               |   in|    8|   ap_memory|                                              W_out_52|         array|
|W_out_53_address0         |  out|    5|   ap_memory|                                              W_out_53|         array|
|W_out_53_ce0              |  out|    1|   ap_memory|                                              W_out_53|         array|
|W_out_53_q0               |   in|    8|   ap_memory|                                              W_out_53|         array|
|W_out_54_address0         |  out|    5|   ap_memory|                                              W_out_54|         array|
|W_out_54_ce0              |  out|    1|   ap_memory|                                              W_out_54|         array|
|W_out_54_q0               |   in|    8|   ap_memory|                                              W_out_54|         array|
|W_out_55_address0         |  out|    5|   ap_memory|                                              W_out_55|         array|
|W_out_55_ce0              |  out|    1|   ap_memory|                                              W_out_55|         array|
|W_out_55_q0               |   in|    8|   ap_memory|                                              W_out_55|         array|
|W_out_56_address0         |  out|    5|   ap_memory|                                              W_out_56|         array|
|W_out_56_ce0              |  out|    1|   ap_memory|                                              W_out_56|         array|
|W_out_56_q0               |   in|    8|   ap_memory|                                              W_out_56|         array|
|W_out_57_address0         |  out|    5|   ap_memory|                                              W_out_57|         array|
|W_out_57_ce0              |  out|    1|   ap_memory|                                              W_out_57|         array|
|W_out_57_q0               |   in|    8|   ap_memory|                                              W_out_57|         array|
|W_out_58_address0         |  out|    5|   ap_memory|                                              W_out_58|         array|
|W_out_58_ce0              |  out|    1|   ap_memory|                                              W_out_58|         array|
|W_out_58_q0               |   in|    8|   ap_memory|                                              W_out_58|         array|
|W_out_59_address0         |  out|    5|   ap_memory|                                              W_out_59|         array|
|W_out_59_ce0              |  out|    1|   ap_memory|                                              W_out_59|         array|
|W_out_59_q0               |   in|    8|   ap_memory|                                              W_out_59|         array|
|W_out_60_address0         |  out|    5|   ap_memory|                                              W_out_60|         array|
|W_out_60_ce0              |  out|    1|   ap_memory|                                              W_out_60|         array|
|W_out_60_q0               |   in|    8|   ap_memory|                                              W_out_60|         array|
|W_out_61_address0         |  out|    5|   ap_memory|                                              W_out_61|         array|
|W_out_61_ce0              |  out|    1|   ap_memory|                                              W_out_61|         array|
|W_out_61_q0               |   in|    8|   ap_memory|                                              W_out_61|         array|
|W_out_62_address0         |  out|    5|   ap_memory|                                              W_out_62|         array|
|W_out_62_ce0              |  out|    1|   ap_memory|                                              W_out_62|         array|
|W_out_62_q0               |   in|    8|   ap_memory|                                              W_out_62|         array|
|W_out_63_address0         |  out|    5|   ap_memory|                                              W_out_63|         array|
|W_out_63_ce0              |  out|    1|   ap_memory|                                              W_out_63|         array|
|W_out_63_q0               |   in|    8|   ap_memory|                                              W_out_63|         array|
|ffn_out_address0          |  out|    2|   ap_memory|                                               ffn_out|         array|
|ffn_out_ce0               |  out|    1|   ap_memory|                                               ffn_out|         array|
|ffn_out_q0                |   in|    8|   ap_memory|                                               ffn_out|         array|
|ffn_out_1_address0        |  out|    2|   ap_memory|                                             ffn_out_1|         array|
|ffn_out_1_ce0             |  out|    1|   ap_memory|                                             ffn_out_1|         array|
|ffn_out_1_q0              |   in|    8|   ap_memory|                                             ffn_out_1|         array|
|ffn_out_2_address0        |  out|    2|   ap_memory|                                             ffn_out_2|         array|
|ffn_out_2_ce0             |  out|    1|   ap_memory|                                             ffn_out_2|         array|
|ffn_out_2_q0              |   in|    8|   ap_memory|                                             ffn_out_2|         array|
|ffn_out_3_address0        |  out|    2|   ap_memory|                                             ffn_out_3|         array|
|ffn_out_3_ce0             |  out|    1|   ap_memory|                                             ffn_out_3|         array|
|ffn_out_3_q0              |   in|    8|   ap_memory|                                             ffn_out_3|         array|
|ffn_out_4_address0        |  out|    2|   ap_memory|                                             ffn_out_4|         array|
|ffn_out_4_ce0             |  out|    1|   ap_memory|                                             ffn_out_4|         array|
|ffn_out_4_q0              |   in|    8|   ap_memory|                                             ffn_out_4|         array|
|ffn_out_5_address0        |  out|    2|   ap_memory|                                             ffn_out_5|         array|
|ffn_out_5_ce0             |  out|    1|   ap_memory|                                             ffn_out_5|         array|
|ffn_out_5_q0              |   in|    8|   ap_memory|                                             ffn_out_5|         array|
|ffn_out_6_address0        |  out|    2|   ap_memory|                                             ffn_out_6|         array|
|ffn_out_6_ce0             |  out|    1|   ap_memory|                                             ffn_out_6|         array|
|ffn_out_6_q0              |   in|    8|   ap_memory|                                             ffn_out_6|         array|
|ffn_out_7_address0        |  out|    2|   ap_memory|                                             ffn_out_7|         array|
|ffn_out_7_ce0             |  out|    1|   ap_memory|                                             ffn_out_7|         array|
|ffn_out_7_q0              |   in|    8|   ap_memory|                                             ffn_out_7|         array|
|ffn_out_8_address0        |  out|    2|   ap_memory|                                             ffn_out_8|         array|
|ffn_out_8_ce0             |  out|    1|   ap_memory|                                             ffn_out_8|         array|
|ffn_out_8_q0              |   in|    8|   ap_memory|                                             ffn_out_8|         array|
|ffn_out_9_address0        |  out|    2|   ap_memory|                                             ffn_out_9|         array|
|ffn_out_9_ce0             |  out|    1|   ap_memory|                                             ffn_out_9|         array|
|ffn_out_9_q0              |   in|    8|   ap_memory|                                             ffn_out_9|         array|
|ffn_out_10_address0       |  out|    2|   ap_memory|                                            ffn_out_10|         array|
|ffn_out_10_ce0            |  out|    1|   ap_memory|                                            ffn_out_10|         array|
|ffn_out_10_q0             |   in|    8|   ap_memory|                                            ffn_out_10|         array|
|ffn_out_11_address0       |  out|    2|   ap_memory|                                            ffn_out_11|         array|
|ffn_out_11_ce0            |  out|    1|   ap_memory|                                            ffn_out_11|         array|
|ffn_out_11_q0             |   in|    8|   ap_memory|                                            ffn_out_11|         array|
|ffn_out_12_address0       |  out|    2|   ap_memory|                                            ffn_out_12|         array|
|ffn_out_12_ce0            |  out|    1|   ap_memory|                                            ffn_out_12|         array|
|ffn_out_12_q0             |   in|    8|   ap_memory|                                            ffn_out_12|         array|
|ffn_out_13_address0       |  out|    2|   ap_memory|                                            ffn_out_13|         array|
|ffn_out_13_ce0            |  out|    1|   ap_memory|                                            ffn_out_13|         array|
|ffn_out_13_q0             |   in|    8|   ap_memory|                                            ffn_out_13|         array|
|ffn_out_14_address0       |  out|    2|   ap_memory|                                            ffn_out_14|         array|
|ffn_out_14_ce0            |  out|    1|   ap_memory|                                            ffn_out_14|         array|
|ffn_out_14_q0             |   in|    8|   ap_memory|                                            ffn_out_14|         array|
|ffn_out_15_address0       |  out|    2|   ap_memory|                                            ffn_out_15|         array|
|ffn_out_15_ce0            |  out|    1|   ap_memory|                                            ffn_out_15|         array|
|ffn_out_15_q0             |   in|    8|   ap_memory|                                            ffn_out_15|         array|
|ffn_out_16_address0       |  out|    2|   ap_memory|                                            ffn_out_16|         array|
|ffn_out_16_ce0            |  out|    1|   ap_memory|                                            ffn_out_16|         array|
|ffn_out_16_q0             |   in|    8|   ap_memory|                                            ffn_out_16|         array|
|ffn_out_17_address0       |  out|    2|   ap_memory|                                            ffn_out_17|         array|
|ffn_out_17_ce0            |  out|    1|   ap_memory|                                            ffn_out_17|         array|
|ffn_out_17_q0             |   in|    8|   ap_memory|                                            ffn_out_17|         array|
|ffn_out_18_address0       |  out|    2|   ap_memory|                                            ffn_out_18|         array|
|ffn_out_18_ce0            |  out|    1|   ap_memory|                                            ffn_out_18|         array|
|ffn_out_18_q0             |   in|    8|   ap_memory|                                            ffn_out_18|         array|
|ffn_out_19_address0       |  out|    2|   ap_memory|                                            ffn_out_19|         array|
|ffn_out_19_ce0            |  out|    1|   ap_memory|                                            ffn_out_19|         array|
|ffn_out_19_q0             |   in|    8|   ap_memory|                                            ffn_out_19|         array|
|ffn_out_20_address0       |  out|    2|   ap_memory|                                            ffn_out_20|         array|
|ffn_out_20_ce0            |  out|    1|   ap_memory|                                            ffn_out_20|         array|
|ffn_out_20_q0             |   in|    8|   ap_memory|                                            ffn_out_20|         array|
|ffn_out_21_address0       |  out|    2|   ap_memory|                                            ffn_out_21|         array|
|ffn_out_21_ce0            |  out|    1|   ap_memory|                                            ffn_out_21|         array|
|ffn_out_21_q0             |   in|    8|   ap_memory|                                            ffn_out_21|         array|
|ffn_out_22_address0       |  out|    2|   ap_memory|                                            ffn_out_22|         array|
|ffn_out_22_ce0            |  out|    1|   ap_memory|                                            ffn_out_22|         array|
|ffn_out_22_q0             |   in|    8|   ap_memory|                                            ffn_out_22|         array|
|ffn_out_23_address0       |  out|    2|   ap_memory|                                            ffn_out_23|         array|
|ffn_out_23_ce0            |  out|    1|   ap_memory|                                            ffn_out_23|         array|
|ffn_out_23_q0             |   in|    8|   ap_memory|                                            ffn_out_23|         array|
|ffn_out_24_address0       |  out|    2|   ap_memory|                                            ffn_out_24|         array|
|ffn_out_24_ce0            |  out|    1|   ap_memory|                                            ffn_out_24|         array|
|ffn_out_24_q0             |   in|    8|   ap_memory|                                            ffn_out_24|         array|
|ffn_out_25_address0       |  out|    2|   ap_memory|                                            ffn_out_25|         array|
|ffn_out_25_ce0            |  out|    1|   ap_memory|                                            ffn_out_25|         array|
|ffn_out_25_q0             |   in|    8|   ap_memory|                                            ffn_out_25|         array|
|ffn_out_26_address0       |  out|    2|   ap_memory|                                            ffn_out_26|         array|
|ffn_out_26_ce0            |  out|    1|   ap_memory|                                            ffn_out_26|         array|
|ffn_out_26_q0             |   in|    8|   ap_memory|                                            ffn_out_26|         array|
|ffn_out_27_address0       |  out|    2|   ap_memory|                                            ffn_out_27|         array|
|ffn_out_27_ce0            |  out|    1|   ap_memory|                                            ffn_out_27|         array|
|ffn_out_27_q0             |   in|    8|   ap_memory|                                            ffn_out_27|         array|
|ffn_out_28_address0       |  out|    2|   ap_memory|                                            ffn_out_28|         array|
|ffn_out_28_ce0            |  out|    1|   ap_memory|                                            ffn_out_28|         array|
|ffn_out_28_q0             |   in|    8|   ap_memory|                                            ffn_out_28|         array|
|ffn_out_29_address0       |  out|    2|   ap_memory|                                            ffn_out_29|         array|
|ffn_out_29_ce0            |  out|    1|   ap_memory|                                            ffn_out_29|         array|
|ffn_out_29_q0             |   in|    8|   ap_memory|                                            ffn_out_29|         array|
|ffn_out_30_address0       |  out|    2|   ap_memory|                                            ffn_out_30|         array|
|ffn_out_30_ce0            |  out|    1|   ap_memory|                                            ffn_out_30|         array|
|ffn_out_30_q0             |   in|    8|   ap_memory|                                            ffn_out_30|         array|
|ffn_out_31_address0       |  out|    2|   ap_memory|                                            ffn_out_31|         array|
|ffn_out_31_ce0            |  out|    1|   ap_memory|                                            ffn_out_31|         array|
|ffn_out_31_q0             |   in|    8|   ap_memory|                                            ffn_out_31|         array|
|ffn_out_32_address0       |  out|    2|   ap_memory|                                            ffn_out_32|         array|
|ffn_out_32_ce0            |  out|    1|   ap_memory|                                            ffn_out_32|         array|
|ffn_out_32_q0             |   in|    8|   ap_memory|                                            ffn_out_32|         array|
|ffn_out_33_address0       |  out|    2|   ap_memory|                                            ffn_out_33|         array|
|ffn_out_33_ce0            |  out|    1|   ap_memory|                                            ffn_out_33|         array|
|ffn_out_33_q0             |   in|    8|   ap_memory|                                            ffn_out_33|         array|
|ffn_out_34_address0       |  out|    2|   ap_memory|                                            ffn_out_34|         array|
|ffn_out_34_ce0            |  out|    1|   ap_memory|                                            ffn_out_34|         array|
|ffn_out_34_q0             |   in|    8|   ap_memory|                                            ffn_out_34|         array|
|ffn_out_35_address0       |  out|    2|   ap_memory|                                            ffn_out_35|         array|
|ffn_out_35_ce0            |  out|    1|   ap_memory|                                            ffn_out_35|         array|
|ffn_out_35_q0             |   in|    8|   ap_memory|                                            ffn_out_35|         array|
|ffn_out_36_address0       |  out|    2|   ap_memory|                                            ffn_out_36|         array|
|ffn_out_36_ce0            |  out|    1|   ap_memory|                                            ffn_out_36|         array|
|ffn_out_36_q0             |   in|    8|   ap_memory|                                            ffn_out_36|         array|
|ffn_out_37_address0       |  out|    2|   ap_memory|                                            ffn_out_37|         array|
|ffn_out_37_ce0            |  out|    1|   ap_memory|                                            ffn_out_37|         array|
|ffn_out_37_q0             |   in|    8|   ap_memory|                                            ffn_out_37|         array|
|ffn_out_38_address0       |  out|    2|   ap_memory|                                            ffn_out_38|         array|
|ffn_out_38_ce0            |  out|    1|   ap_memory|                                            ffn_out_38|         array|
|ffn_out_38_q0             |   in|    8|   ap_memory|                                            ffn_out_38|         array|
|ffn_out_39_address0       |  out|    2|   ap_memory|                                            ffn_out_39|         array|
|ffn_out_39_ce0            |  out|    1|   ap_memory|                                            ffn_out_39|         array|
|ffn_out_39_q0             |   in|    8|   ap_memory|                                            ffn_out_39|         array|
|ffn_out_40_address0       |  out|    2|   ap_memory|                                            ffn_out_40|         array|
|ffn_out_40_ce0            |  out|    1|   ap_memory|                                            ffn_out_40|         array|
|ffn_out_40_q0             |   in|    8|   ap_memory|                                            ffn_out_40|         array|
|ffn_out_41_address0       |  out|    2|   ap_memory|                                            ffn_out_41|         array|
|ffn_out_41_ce0            |  out|    1|   ap_memory|                                            ffn_out_41|         array|
|ffn_out_41_q0             |   in|    8|   ap_memory|                                            ffn_out_41|         array|
|ffn_out_42_address0       |  out|    2|   ap_memory|                                            ffn_out_42|         array|
|ffn_out_42_ce0            |  out|    1|   ap_memory|                                            ffn_out_42|         array|
|ffn_out_42_q0             |   in|    8|   ap_memory|                                            ffn_out_42|         array|
|ffn_out_43_address0       |  out|    2|   ap_memory|                                            ffn_out_43|         array|
|ffn_out_43_ce0            |  out|    1|   ap_memory|                                            ffn_out_43|         array|
|ffn_out_43_q0             |   in|    8|   ap_memory|                                            ffn_out_43|         array|
|ffn_out_44_address0       |  out|    2|   ap_memory|                                            ffn_out_44|         array|
|ffn_out_44_ce0            |  out|    1|   ap_memory|                                            ffn_out_44|         array|
|ffn_out_44_q0             |   in|    8|   ap_memory|                                            ffn_out_44|         array|
|ffn_out_45_address0       |  out|    2|   ap_memory|                                            ffn_out_45|         array|
|ffn_out_45_ce0            |  out|    1|   ap_memory|                                            ffn_out_45|         array|
|ffn_out_45_q0             |   in|    8|   ap_memory|                                            ffn_out_45|         array|
|ffn_out_46_address0       |  out|    2|   ap_memory|                                            ffn_out_46|         array|
|ffn_out_46_ce0            |  out|    1|   ap_memory|                                            ffn_out_46|         array|
|ffn_out_46_q0             |   in|    8|   ap_memory|                                            ffn_out_46|         array|
|ffn_out_47_address0       |  out|    2|   ap_memory|                                            ffn_out_47|         array|
|ffn_out_47_ce0            |  out|    1|   ap_memory|                                            ffn_out_47|         array|
|ffn_out_47_q0             |   in|    8|   ap_memory|                                            ffn_out_47|         array|
|ffn_out_48_address0       |  out|    2|   ap_memory|                                            ffn_out_48|         array|
|ffn_out_48_ce0            |  out|    1|   ap_memory|                                            ffn_out_48|         array|
|ffn_out_48_q0             |   in|    8|   ap_memory|                                            ffn_out_48|         array|
|ffn_out_49_address0       |  out|    2|   ap_memory|                                            ffn_out_49|         array|
|ffn_out_49_ce0            |  out|    1|   ap_memory|                                            ffn_out_49|         array|
|ffn_out_49_q0             |   in|    8|   ap_memory|                                            ffn_out_49|         array|
|ffn_out_50_address0       |  out|    2|   ap_memory|                                            ffn_out_50|         array|
|ffn_out_50_ce0            |  out|    1|   ap_memory|                                            ffn_out_50|         array|
|ffn_out_50_q0             |   in|    8|   ap_memory|                                            ffn_out_50|         array|
|ffn_out_51_address0       |  out|    2|   ap_memory|                                            ffn_out_51|         array|
|ffn_out_51_ce0            |  out|    1|   ap_memory|                                            ffn_out_51|         array|
|ffn_out_51_q0             |   in|    8|   ap_memory|                                            ffn_out_51|         array|
|ffn_out_52_address0       |  out|    2|   ap_memory|                                            ffn_out_52|         array|
|ffn_out_52_ce0            |  out|    1|   ap_memory|                                            ffn_out_52|         array|
|ffn_out_52_q0             |   in|    8|   ap_memory|                                            ffn_out_52|         array|
|ffn_out_53_address0       |  out|    2|   ap_memory|                                            ffn_out_53|         array|
|ffn_out_53_ce0            |  out|    1|   ap_memory|                                            ffn_out_53|         array|
|ffn_out_53_q0             |   in|    8|   ap_memory|                                            ffn_out_53|         array|
|ffn_out_54_address0       |  out|    2|   ap_memory|                                            ffn_out_54|         array|
|ffn_out_54_ce0            |  out|    1|   ap_memory|                                            ffn_out_54|         array|
|ffn_out_54_q0             |   in|    8|   ap_memory|                                            ffn_out_54|         array|
|ffn_out_55_address0       |  out|    2|   ap_memory|                                            ffn_out_55|         array|
|ffn_out_55_ce0            |  out|    1|   ap_memory|                                            ffn_out_55|         array|
|ffn_out_55_q0             |   in|    8|   ap_memory|                                            ffn_out_55|         array|
|ffn_out_56_address0       |  out|    2|   ap_memory|                                            ffn_out_56|         array|
|ffn_out_56_ce0            |  out|    1|   ap_memory|                                            ffn_out_56|         array|
|ffn_out_56_q0             |   in|    8|   ap_memory|                                            ffn_out_56|         array|
|ffn_out_57_address0       |  out|    2|   ap_memory|                                            ffn_out_57|         array|
|ffn_out_57_ce0            |  out|    1|   ap_memory|                                            ffn_out_57|         array|
|ffn_out_57_q0             |   in|    8|   ap_memory|                                            ffn_out_57|         array|
|ffn_out_58_address0       |  out|    2|   ap_memory|                                            ffn_out_58|         array|
|ffn_out_58_ce0            |  out|    1|   ap_memory|                                            ffn_out_58|         array|
|ffn_out_58_q0             |   in|    8|   ap_memory|                                            ffn_out_58|         array|
|ffn_out_59_address0       |  out|    2|   ap_memory|                                            ffn_out_59|         array|
|ffn_out_59_ce0            |  out|    1|   ap_memory|                                            ffn_out_59|         array|
|ffn_out_59_q0             |   in|    8|   ap_memory|                                            ffn_out_59|         array|
|ffn_out_60_address0       |  out|    2|   ap_memory|                                            ffn_out_60|         array|
|ffn_out_60_ce0            |  out|    1|   ap_memory|                                            ffn_out_60|         array|
|ffn_out_60_q0             |   in|    8|   ap_memory|                                            ffn_out_60|         array|
|ffn_out_61_address0       |  out|    2|   ap_memory|                                            ffn_out_61|         array|
|ffn_out_61_ce0            |  out|    1|   ap_memory|                                            ffn_out_61|         array|
|ffn_out_61_q0             |   in|    8|   ap_memory|                                            ffn_out_61|         array|
|ffn_out_62_address0       |  out|    2|   ap_memory|                                            ffn_out_62|         array|
|ffn_out_62_ce0            |  out|    1|   ap_memory|                                            ffn_out_62|         array|
|ffn_out_62_q0             |   in|    8|   ap_memory|                                            ffn_out_62|         array|
|ffn_out_63_address0       |  out|    2|   ap_memory|                                            ffn_out_63|         array|
|ffn_out_63_ce0            |  out|    1|   ap_memory|                                            ffn_out_63|         array|
|ffn_out_63_q0             |   in|    8|   ap_memory|                                            ffn_out_63|         array|
|out_r_address0            |  out|    3|   ap_memory|                                                 out_r|         array|
|out_r_ce0                 |  out|    1|   ap_memory|                                                 out_r|         array|
|out_r_we0                 |  out|    1|   ap_memory|                                                 out_r|         array|
|out_r_d0                  |  out|    8|   ap_memory|                                                 out_r|         array|
+--------------------------+-----+-----+------------+------------------------------------------------------+--------------+

