

================================================================
== Vitis HLS Report for 'action_diff_head_Pipeline_LOAD_WT_VITIS_LOOP_100_2'
================================================================
* Date:           Thu May 28 13:02:15 2026

* Version:        2024.1 (Build 5069499 on May 21 2024)
* Project:        action_diff_hls
* Solution:       sol1 (Vivado IP Flow Target)
* Product family: versalaicore
* Target device:  xcvc1902-vsva2197-2MP-e-S


================================================================
== Performance Estimates
================================================================
+ Timing: 
    * Summary: 
    +--------+---------+----------+------------+
    |  Clock |  Target | Estimated| Uncertainty|
    +--------+---------+----------+------------+
    |ap_clk  |  4.00 ns|  2.294 ns|     1.08 ns|
    +--------+---------+----------+------------+

+ Latency: 
    * Summary: 
    +---------+---------+----------+----------+-------+-------+-----------------------------------------------+
    |  Latency (cycles) |  Latency (absolute) |    Interval   |                    Pipeline                   |
    |   min   |   max   |    min   |    max   |  min  |  max  |                      Type                     |
    +---------+---------+----------+----------+-------+-------+-----------------------------------------------+
    |    32770|    32770|  0.131 ms|  0.131 ms|  32769|  32769|  loop auto-rewind stp(delay=0 clock cycles(s))|
    +---------+---------+----------+----------+-------+-------+-----------------------------------------------+

    + Detail: 
        * Instance: 
        N/A

        * Loop: 
        +----------------------------+---------+---------+----------+-----------+-----------+-------+----------+
        |                            |  Latency (cycles) | Iteration|  Initiation Interval  |  Trip |          |
        |          Loop Name         |   min   |   max   |  Latency |  achieved |   target  | Count | Pipelined|
        +----------------------------+---------+---------+----------+-----------+-----------+-------+----------+
        |- LOAD_WT_VITIS_LOOP_100_2  |    32768|    32768|         2|          1|          1|  32768|       yes|
        +----------------------------+---------+---------+----------+-----------+-----------+-------+----------+



================================================================
== Utilization Estimates
================================================================
* Summary: 
+-----------------+---------+------+---------+--------+-----+
|       Name      | BRAM_18K|  DSP |    FF   |   LUT  | URAM|
+-----------------+---------+------+---------+--------+-----+
|DSP              |        -|     -|        -|       -|    -|
|Expression       |        -|     -|        0|      63|    -|
|FIFO             |        -|     -|        -|       -|    -|
|Instance         |        -|     -|        -|       -|    -|
|Memory           |        -|     -|        -|       -|    -|
|Multiplexer      |        -|     -|        0|      80|    -|
|Register         |        -|     -|       36|       -|    -|
+-----------------+---------+------+---------+--------+-----+
|Total            |        0|     0|       36|     143|    0|
+-----------------+---------+------+---------+--------+-----+
|Available        |     1934|  1968|  1799680|  899840|  463|
+-----------------+---------+------+---------+--------+-----+
|Utilization (%)  |        0|     0|       ~0|      ~0|    0|
+-----------------+---------+------+---------+--------+-----+

+ Detail: 
    * Instance: 
    N/A

    * DSP: 
    N/A

    * Memory: 
    N/A

    * FIFO: 
    N/A

    * Expression: 
    +---------------------------+----------+----+---+----+------------+------------+
    |       Variable Name       | Operation| DSP| FF| LUT| Bitwidth P0| Bitwidth P1|
    +---------------------------+----------+----+---+----+------------+------------+
    |add_ln100_1_fu_3153_p2     |         +|   0|  0|   9|           9|           1|
    |add_ln100_2_fu_2433_p2     |         +|   0|  0|  16|          16|           1|
    |add_ln100_fu_2475_p2       |         +|   0|  0|   8|           8|           1|
    |ap_block_pp0_stage0_11001  |       and|   0|  0|   2|           1|           1|
    |icmp_ln100_1_fu_2481_p2    |      icmp|   0|  0|   4|           9|          10|
    |icmp_ln100_fu_2439_p2      |      icmp|   0|  0|   7|          16|          17|
    |select_ln100_1_fu_2495_p3  |    select|   0|  0|   7|           1|           8|
    |select_ln100_fu_2487_p3    |    select|   0|  0|   8|           1|           1|
    |ap_enable_pp0              |       xor|   0|  0|   2|           1|           2|
    +---------------------------+----------+----+---+----+------------+------------+
    |Total                      |          |   0|  0|  63|          62|          42|
    +---------------------------+----------+----+---+----+------------+------------+

    * Multiplexer: 
    +---------------------------------------+----+-----------+-----+-----------+
    |                  Name                 | LUT| Input Size| Bits| Total Bits|
    +---------------------------------------+----+-----------+-----+-----------+
    |ap_done_int                            |   8|          2|    1|          2|
    |ap_enable_reg_pp0_iter1                |   8|          2|    1|          2|
    |ap_sig_allocacmp_indvar_flatten6_load  |  16|          2|   16|         32|
    |c_1_fu_570                             |  16|          2|    9|         18|
    |ddrW1_blk_n_R                          |   8|          2|    1|          2|
    |indvar_flatten6_fu_578                 |  16|          2|   16|         32|
    |t_fu_574                               |   8|          2|    8|         16|
    +---------------------------------------+----+-----------+-----+-----------+
    |Total                                  |  80|         14|   52|        104|
    +---------------------------------------+----+-----------+-----+-----------+

    * Register: 
    +-------------------------+----+----+-----+-----------+
    |           Name          | FF | LUT| Bits| Const Bits|
    +-------------------------+----+----+-----+-----------+
    |ap_CS_fsm                |   1|   0|    1|          0|
    |ap_done_reg              |   1|   0|    1|          0|
    |ap_enable_reg_pp0_iter1  |   1|   0|    1|          0|
    |c_1_fu_570               |   9|   0|    9|          0|
    |indvar_flatten6_fu_578   |  16|   0|   16|          0|
    |t_fu_574                 |   8|   0|    8|          0|
    +-------------------------+----+----+-----+-----------+
    |Total                    |  36|   0|   36|          0|
    +-------------------------+----+----+-----+-----------+



================================================================
== Interface
================================================================
* Summary: 
+----------------------+-----+-----+------------+----------------------------------------------------+--------------+
|       RTL Ports      | Dir | Bits|  Protocol  |                    Source Object                   |    C Type    |
+----------------------+-----+-----+------------+----------------------------------------------------+--------------+
|ap_clk                |   in|    1|  ap_ctrl_hs|  action_diff_head_Pipeline_LOAD_WT_VITIS_LOOP_100_2|  return value|
|ap_rst                |   in|    1|  ap_ctrl_hs|  action_diff_head_Pipeline_LOAD_WT_VITIS_LOOP_100_2|  return value|
|ap_start              |   in|    1|  ap_ctrl_hs|  action_diff_head_Pipeline_LOAD_WT_VITIS_LOOP_100_2|  return value|
|ap_done               |  out|    1|  ap_ctrl_hs|  action_diff_head_Pipeline_LOAD_WT_VITIS_LOOP_100_2|  return value|
|ap_idle               |  out|    1|  ap_ctrl_hs|  action_diff_head_Pipeline_LOAD_WT_VITIS_LOOP_100_2|  return value|
|ap_ready              |  out|    1|  ap_ctrl_hs|  action_diff_head_Pipeline_LOAD_WT_VITIS_LOOP_100_2|  return value|
|m_axi_ddrW1_AWVALID   |  out|    1|       m_axi|                                               ddrW1|       pointer|
|m_axi_ddrW1_AWREADY   |   in|    1|       m_axi|                                               ddrW1|       pointer|
|m_axi_ddrW1_AWADDR    |  out|   64|       m_axi|                                               ddrW1|       pointer|
|m_axi_ddrW1_AWID      |  out|    1|       m_axi|                                               ddrW1|       pointer|
|m_axi_ddrW1_AWLEN     |  out|   32|       m_axi|                                               ddrW1|       pointer|
|m_axi_ddrW1_AWSIZE    |  out|    3|       m_axi|                                               ddrW1|       pointer|
|m_axi_ddrW1_AWBURST   |  out|    2|       m_axi|                                               ddrW1|       pointer|
|m_axi_ddrW1_AWLOCK    |  out|    2|       m_axi|                                               ddrW1|       pointer|
|m_axi_ddrW1_AWCACHE   |  out|    4|       m_axi|                                               ddrW1|       pointer|
|m_axi_ddrW1_AWPROT    |  out|    3|       m_axi|                                               ddrW1|       pointer|
|m_axi_ddrW1_AWQOS     |  out|    4|       m_axi|                                               ddrW1|       pointer|
|m_axi_ddrW1_AWREGION  |  out|    4|       m_axi|                                               ddrW1|       pointer|
|m_axi_ddrW1_AWUSER    |  out|    1|       m_axi|                                               ddrW1|       pointer|
|m_axi_ddrW1_WVALID    |  out|    1|       m_axi|                                               ddrW1|       pointer|
|m_axi_ddrW1_WREADY    |   in|    1|       m_axi|                                               ddrW1|       pointer|
|m_axi_ddrW1_WDATA     |  out|    8|       m_axi|                                               ddrW1|       pointer|
|m_axi_ddrW1_WSTRB     |  out|    1|       m_axi|                                               ddrW1|       pointer|
|m_axi_ddrW1_WLAST     |  out|    1|       m_axi|                                               ddrW1|       pointer|
|m_axi_ddrW1_WID       |  out|    1|       m_axi|                                               ddrW1|       pointer|
|m_axi_ddrW1_WUSER     |  out|    1|       m_axi|                                               ddrW1|       pointer|
|m_axi_ddrW1_ARVALID   |  out|    1|       m_axi|                                               ddrW1|       pointer|
|m_axi_ddrW1_ARREADY   |   in|    1|       m_axi|                                               ddrW1|       pointer|
|m_axi_ddrW1_ARADDR    |  out|   64|       m_axi|                                               ddrW1|       pointer|
|m_axi_ddrW1_ARID      |  out|    1|       m_axi|                                               ddrW1|       pointer|
|m_axi_ddrW1_ARLEN     |  out|   32|       m_axi|                                               ddrW1|       pointer|
|m_axi_ddrW1_ARSIZE    |  out|    3|       m_axi|                                               ddrW1|       pointer|
|m_axi_ddrW1_ARBURST   |  out|    2|       m_axi|                                               ddrW1|       pointer|
|m_axi_ddrW1_ARLOCK    |  out|    2|       m_axi|                                               ddrW1|       pointer|
|m_axi_ddrW1_ARCACHE   |  out|    4|       m_axi|                                               ddrW1|       pointer|
|m_axi_ddrW1_ARPROT    |  out|    3|       m_axi|                                               ddrW1|       pointer|
|m_axi_ddrW1_ARQOS     |  out|    4|       m_axi|                                               ddrW1|       pointer|
|m_axi_ddrW1_ARREGION  |  out|    4|       m_axi|                                               ddrW1|       pointer|
|m_axi_ddrW1_ARUSER    |  out|    1|       m_axi|                                               ddrW1|       pointer|
|m_axi_ddrW1_RVALID    |   in|    1|       m_axi|                                               ddrW1|       pointer|
|m_axi_ddrW1_RREADY    |  out|    1|       m_axi|                                               ddrW1|       pointer|
|m_axi_ddrW1_RDATA     |   in|    8|       m_axi|                                               ddrW1|       pointer|
|m_axi_ddrW1_RLAST     |   in|    1|       m_axi|                                               ddrW1|       pointer|
|m_axi_ddrW1_RID       |   in|    1|       m_axi|                                               ddrW1|       pointer|
|m_axi_ddrW1_RFIFONUM  |   in|   15|       m_axi|                                               ddrW1|       pointer|
|m_axi_ddrW1_RUSER     |   in|    1|       m_axi|                                               ddrW1|       pointer|
|m_axi_ddrW1_RRESP     |   in|    2|       m_axi|                                               ddrW1|       pointer|
|m_axi_ddrW1_BVALID    |   in|    1|       m_axi|                                               ddrW1|       pointer|
|m_axi_ddrW1_BREADY    |  out|    1|       m_axi|                                               ddrW1|       pointer|
|m_axi_ddrW1_BRESP     |   in|    2|       m_axi|                                               ddrW1|       pointer|
|m_axi_ddrW1_BID       |   in|    1|       m_axi|                                               ddrW1|       pointer|
|m_axi_ddrW1_BUSER     |   in|    1|       m_axi|                                               ddrW1|       pointer|
|g_W_time              |   in|   64|     ap_none|                                            g_W_time|        scalar|
|W_time_127_address0   |  out|    8|   ap_memory|                                          W_time_127|         array|
|W_time_127_ce0        |  out|    1|   ap_memory|                                          W_time_127|         array|
|W_time_127_we0        |  out|    1|   ap_memory|                                          W_time_127|         array|
|W_time_127_d0         |  out|    8|   ap_memory|                                          W_time_127|         array|
|W_time_126_address0   |  out|    8|   ap_memory|                                          W_time_126|         array|
|W_time_126_ce0        |  out|    1|   ap_memory|                                          W_time_126|         array|
|W_time_126_we0        |  out|    1|   ap_memory|                                          W_time_126|         array|
|W_time_126_d0         |  out|    8|   ap_memory|                                          W_time_126|         array|
|W_time_125_address0   |  out|    8|   ap_memory|                                          W_time_125|         array|
|W_time_125_ce0        |  out|    1|   ap_memory|                                          W_time_125|         array|
|W_time_125_we0        |  out|    1|   ap_memory|                                          W_time_125|         array|
|W_time_125_d0         |  out|    8|   ap_memory|                                          W_time_125|         array|
|W_time_124_address0   |  out|    8|   ap_memory|                                          W_time_124|         array|
|W_time_124_ce0        |  out|    1|   ap_memory|                                          W_time_124|         array|
|W_time_124_we0        |  out|    1|   ap_memory|                                          W_time_124|         array|
|W_time_124_d0         |  out|    8|   ap_memory|                                          W_time_124|         array|
|W_time_123_address0   |  out|    8|   ap_memory|                                          W_time_123|         array|
|W_time_123_ce0        |  out|    1|   ap_memory|                                          W_time_123|         array|
|W_time_123_we0        |  out|    1|   ap_memory|                                          W_time_123|         array|
|W_time_123_d0         |  out|    8|   ap_memory|                                          W_time_123|         array|
|W_time_122_address0   |  out|    8|   ap_memory|                                          W_time_122|         array|
|W_time_122_ce0        |  out|    1|   ap_memory|                                          W_time_122|         array|
|W_time_122_we0        |  out|    1|   ap_memory|                                          W_time_122|         array|
|W_time_122_d0         |  out|    8|   ap_memory|                                          W_time_122|         array|
|W_time_121_address0   |  out|    8|   ap_memory|                                          W_time_121|         array|
|W_time_121_ce0        |  out|    1|   ap_memory|                                          W_time_121|         array|
|W_time_121_we0        |  out|    1|   ap_memory|                                          W_time_121|         array|
|W_time_121_d0         |  out|    8|   ap_memory|                                          W_time_121|         array|
|W_time_120_address0   |  out|    8|   ap_memory|                                          W_time_120|         array|
|W_time_120_ce0        |  out|    1|   ap_memory|                                          W_time_120|         array|
|W_time_120_we0        |  out|    1|   ap_memory|                                          W_time_120|         array|
|W_time_120_d0         |  out|    8|   ap_memory|                                          W_time_120|         array|
|W_time_119_address0   |  out|    8|   ap_memory|                                          W_time_119|         array|
|W_time_119_ce0        |  out|    1|   ap_memory|                                          W_time_119|         array|
|W_time_119_we0        |  out|    1|   ap_memory|                                          W_time_119|         array|
|W_time_119_d0         |  out|    8|   ap_memory|                                          W_time_119|         array|
|W_time_118_address0   |  out|    8|   ap_memory|                                          W_time_118|         array|
|W_time_118_ce0        |  out|    1|   ap_memory|                                          W_time_118|         array|
|W_time_118_we0        |  out|    1|   ap_memory|                                          W_time_118|         array|
|W_time_118_d0         |  out|    8|   ap_memory|                                          W_time_118|         array|
|W_time_117_address0   |  out|    8|   ap_memory|                                          W_time_117|         array|
|W_time_117_ce0        |  out|    1|   ap_memory|                                          W_time_117|         array|
|W_time_117_we0        |  out|    1|   ap_memory|                                          W_time_117|         array|
|W_time_117_d0         |  out|    8|   ap_memory|                                          W_time_117|         array|
|W_time_116_address0   |  out|    8|   ap_memory|                                          W_time_116|         array|
|W_time_116_ce0        |  out|    1|   ap_memory|                                          W_time_116|         array|
|W_time_116_we0        |  out|    1|   ap_memory|                                          W_time_116|         array|
|W_time_116_d0         |  out|    8|   ap_memory|                                          W_time_116|         array|
|W_time_115_address0   |  out|    8|   ap_memory|                                          W_time_115|         array|
|W_time_115_ce0        |  out|    1|   ap_memory|                                          W_time_115|         array|
|W_time_115_we0        |  out|    1|   ap_memory|                                          W_time_115|         array|
|W_time_115_d0         |  out|    8|   ap_memory|                                          W_time_115|         array|
|W_time_114_address0   |  out|    8|   ap_memory|                                          W_time_114|         array|
|W_time_114_ce0        |  out|    1|   ap_memory|                                          W_time_114|         array|
|W_time_114_we0        |  out|    1|   ap_memory|                                          W_time_114|         array|
|W_time_114_d0         |  out|    8|   ap_memory|                                          W_time_114|         array|
|W_time_113_address0   |  out|    8|   ap_memory|                                          W_time_113|         array|
|W_time_113_ce0        |  out|    1|   ap_memory|                                          W_time_113|         array|
|W_time_113_we0        |  out|    1|   ap_memory|                                          W_time_113|         array|
|W_time_113_d0         |  out|    8|   ap_memory|                                          W_time_113|         array|
|W_time_112_address0   |  out|    8|   ap_memory|                                          W_time_112|         array|
|W_time_112_ce0        |  out|    1|   ap_memory|                                          W_time_112|         array|
|W_time_112_we0        |  out|    1|   ap_memory|                                          W_time_112|         array|
|W_time_112_d0         |  out|    8|   ap_memory|                                          W_time_112|         array|
|W_time_111_address0   |  out|    8|   ap_memory|                                          W_time_111|         array|
|W_time_111_ce0        |  out|    1|   ap_memory|                                          W_time_111|         array|
|W_time_111_we0        |  out|    1|   ap_memory|                                          W_time_111|         array|
|W_time_111_d0         |  out|    8|   ap_memory|                                          W_time_111|         array|
|W_time_110_address0   |  out|    8|   ap_memory|                                          W_time_110|         array|
|W_time_110_ce0        |  out|    1|   ap_memory|                                          W_time_110|         array|
|W_time_110_we0        |  out|    1|   ap_memory|                                          W_time_110|         array|
|W_time_110_d0         |  out|    8|   ap_memory|                                          W_time_110|         array|
|W_time_109_address0   |  out|    8|   ap_memory|                                          W_time_109|         array|
|W_time_109_ce0        |  out|    1|   ap_memory|                                          W_time_109|         array|
|W_time_109_we0        |  out|    1|   ap_memory|                                          W_time_109|         array|
|W_time_109_d0         |  out|    8|   ap_memory|                                          W_time_109|         array|
|W_time_108_address0   |  out|    8|   ap_memory|                                          W_time_108|         array|
|W_time_108_ce0        |  out|    1|   ap_memory|                                          W_time_108|         array|
|W_time_108_we0        |  out|    1|   ap_memory|                                          W_time_108|         array|
|W_time_108_d0         |  out|    8|   ap_memory|                                          W_time_108|         array|
|W_time_107_address0   |  out|    8|   ap_memory|                                          W_time_107|         array|
|W_time_107_ce0        |  out|    1|   ap_memory|                                          W_time_107|         array|
|W_time_107_we0        |  out|    1|   ap_memory|                                          W_time_107|         array|
|W_time_107_d0         |  out|    8|   ap_memory|                                          W_time_107|         array|
|W_time_106_address0   |  out|    8|   ap_memory|                                          W_time_106|         array|
|W_time_106_ce0        |  out|    1|   ap_memory|                                          W_time_106|         array|
|W_time_106_we0        |  out|    1|   ap_memory|                                          W_time_106|         array|
|W_time_106_d0         |  out|    8|   ap_memory|                                          W_time_106|         array|
|W_time_105_address0   |  out|    8|   ap_memory|                                          W_time_105|         array|
|W_time_105_ce0        |  out|    1|   ap_memory|                                          W_time_105|         array|
|W_time_105_we0        |  out|    1|   ap_memory|                                          W_time_105|         array|
|W_time_105_d0         |  out|    8|   ap_memory|                                          W_time_105|         array|
|W_time_104_address0   |  out|    8|   ap_memory|                                          W_time_104|         array|
|W_time_104_ce0        |  out|    1|   ap_memory|                                          W_time_104|         array|
|W_time_104_we0        |  out|    1|   ap_memory|                                          W_time_104|         array|
|W_time_104_d0         |  out|    8|   ap_memory|                                          W_time_104|         array|
|W_time_103_address0   |  out|    8|   ap_memory|                                          W_time_103|         array|
|W_time_103_ce0        |  out|    1|   ap_memory|                                          W_time_103|         array|
|W_time_103_we0        |  out|    1|   ap_memory|                                          W_time_103|         array|
|W_time_103_d0         |  out|    8|   ap_memory|                                          W_time_103|         array|
|W_time_102_address0   |  out|    8|   ap_memory|                                          W_time_102|         array|
|W_time_102_ce0        |  out|    1|   ap_memory|                                          W_time_102|         array|
|W_time_102_we0        |  out|    1|   ap_memory|                                          W_time_102|         array|
|W_time_102_d0         |  out|    8|   ap_memory|                                          W_time_102|         array|
|W_time_101_address0   |  out|    8|   ap_memory|                                          W_time_101|         array|
|W_time_101_ce0        |  out|    1|   ap_memory|                                          W_time_101|         array|
|W_time_101_we0        |  out|    1|   ap_memory|                                          W_time_101|         array|
|W_time_101_d0         |  out|    8|   ap_memory|                                          W_time_101|         array|
|W_time_100_address0   |  out|    8|   ap_memory|                                          W_time_100|         array|
|W_time_100_ce0        |  out|    1|   ap_memory|                                          W_time_100|         array|
|W_time_100_we0        |  out|    1|   ap_memory|                                          W_time_100|         array|
|W_time_100_d0         |  out|    8|   ap_memory|                                          W_time_100|         array|
|W_time_99_address0    |  out|    8|   ap_memory|                                           W_time_99|         array|
|W_time_99_ce0         |  out|    1|   ap_memory|                                           W_time_99|         array|
|W_time_99_we0         |  out|    1|   ap_memory|                                           W_time_99|         array|
|W_time_99_d0          |  out|    8|   ap_memory|                                           W_time_99|         array|
|W_time_98_address0    |  out|    8|   ap_memory|                                           W_time_98|         array|
|W_time_98_ce0         |  out|    1|   ap_memory|                                           W_time_98|         array|
|W_time_98_we0         |  out|    1|   ap_memory|                                           W_time_98|         array|
|W_time_98_d0          |  out|    8|   ap_memory|                                           W_time_98|         array|
|W_time_97_address0    |  out|    8|   ap_memory|                                           W_time_97|         array|
|W_time_97_ce0         |  out|    1|   ap_memory|                                           W_time_97|         array|
|W_time_97_we0         |  out|    1|   ap_memory|                                           W_time_97|         array|
|W_time_97_d0          |  out|    8|   ap_memory|                                           W_time_97|         array|
|W_time_96_address0    |  out|    8|   ap_memory|                                           W_time_96|         array|
|W_time_96_ce0         |  out|    1|   ap_memory|                                           W_time_96|         array|
|W_time_96_we0         |  out|    1|   ap_memory|                                           W_time_96|         array|
|W_time_96_d0          |  out|    8|   ap_memory|                                           W_time_96|         array|
|W_time_95_address0    |  out|    8|   ap_memory|                                           W_time_95|         array|
|W_time_95_ce0         |  out|    1|   ap_memory|                                           W_time_95|         array|
|W_time_95_we0         |  out|    1|   ap_memory|                                           W_time_95|         array|
|W_time_95_d0          |  out|    8|   ap_memory|                                           W_time_95|         array|
|W_time_94_address0    |  out|    8|   ap_memory|                                           W_time_94|         array|
|W_time_94_ce0         |  out|    1|   ap_memory|                                           W_time_94|         array|
|W_time_94_we0         |  out|    1|   ap_memory|                                           W_time_94|         array|
|W_time_94_d0          |  out|    8|   ap_memory|                                           W_time_94|         array|
|W_time_93_address0    |  out|    8|   ap_memory|                                           W_time_93|         array|
|W_time_93_ce0         |  out|    1|   ap_memory|                                           W_time_93|         array|
|W_time_93_we0         |  out|    1|   ap_memory|                                           W_time_93|         array|
|W_time_93_d0          |  out|    8|   ap_memory|                                           W_time_93|         array|
|W_time_92_address0    |  out|    8|   ap_memory|                                           W_time_92|         array|
|W_time_92_ce0         |  out|    1|   ap_memory|                                           W_time_92|         array|
|W_time_92_we0         |  out|    1|   ap_memory|                                           W_time_92|         array|
|W_time_92_d0          |  out|    8|   ap_memory|                                           W_time_92|         array|
|W_time_91_address0    |  out|    8|   ap_memory|                                           W_time_91|         array|
|W_time_91_ce0         |  out|    1|   ap_memory|                                           W_time_91|         array|
|W_time_91_we0         |  out|    1|   ap_memory|                                           W_time_91|         array|
|W_time_91_d0          |  out|    8|   ap_memory|                                           W_time_91|         array|
|W_time_90_address0    |  out|    8|   ap_memory|                                           W_time_90|         array|
|W_time_90_ce0         |  out|    1|   ap_memory|                                           W_time_90|         array|
|W_time_90_we0         |  out|    1|   ap_memory|                                           W_time_90|         array|
|W_time_90_d0          |  out|    8|   ap_memory|                                           W_time_90|         array|
|W_time_89_address0    |  out|    8|   ap_memory|                                           W_time_89|         array|
|W_time_89_ce0         |  out|    1|   ap_memory|                                           W_time_89|         array|
|W_time_89_we0         |  out|    1|   ap_memory|                                           W_time_89|         array|
|W_time_89_d0          |  out|    8|   ap_memory|                                           W_time_89|         array|
|W_time_88_address0    |  out|    8|   ap_memory|                                           W_time_88|         array|
|W_time_88_ce0         |  out|    1|   ap_memory|                                           W_time_88|         array|
|W_time_88_we0         |  out|    1|   ap_memory|                                           W_time_88|         array|
|W_time_88_d0          |  out|    8|   ap_memory|                                           W_time_88|         array|
|W_time_87_address0    |  out|    8|   ap_memory|                                           W_time_87|         array|
|W_time_87_ce0         |  out|    1|   ap_memory|                                           W_time_87|         array|
|W_time_87_we0         |  out|    1|   ap_memory|                                           W_time_87|         array|
|W_time_87_d0          |  out|    8|   ap_memory|                                           W_time_87|         array|
|W_time_86_address0    |  out|    8|   ap_memory|                                           W_time_86|         array|
|W_time_86_ce0         |  out|    1|   ap_memory|                                           W_time_86|         array|
|W_time_86_we0         |  out|    1|   ap_memory|                                           W_time_86|         array|
|W_time_86_d0          |  out|    8|   ap_memory|                                           W_time_86|         array|
|W_time_85_address0    |  out|    8|   ap_memory|                                           W_time_85|         array|
|W_time_85_ce0         |  out|    1|   ap_memory|                                           W_time_85|         array|
|W_time_85_we0         |  out|    1|   ap_memory|                                           W_time_85|         array|
|W_time_85_d0          |  out|    8|   ap_memory|                                           W_time_85|         array|
|W_time_84_address0    |  out|    8|   ap_memory|                                           W_time_84|         array|
|W_time_84_ce0         |  out|    1|   ap_memory|                                           W_time_84|         array|
|W_time_84_we0         |  out|    1|   ap_memory|                                           W_time_84|         array|
|W_time_84_d0          |  out|    8|   ap_memory|                                           W_time_84|         array|
|W_time_83_address0    |  out|    8|   ap_memory|                                           W_time_83|         array|
|W_time_83_ce0         |  out|    1|   ap_memory|                                           W_time_83|         array|
|W_time_83_we0         |  out|    1|   ap_memory|                                           W_time_83|         array|
|W_time_83_d0          |  out|    8|   ap_memory|                                           W_time_83|         array|
|W_time_82_address0    |  out|    8|   ap_memory|                                           W_time_82|         array|
|W_time_82_ce0         |  out|    1|   ap_memory|                                           W_time_82|         array|
|W_time_82_we0         |  out|    1|   ap_memory|                                           W_time_82|         array|
|W_time_82_d0          |  out|    8|   ap_memory|                                           W_time_82|         array|
|W_time_81_address0    |  out|    8|   ap_memory|                                           W_time_81|         array|
|W_time_81_ce0         |  out|    1|   ap_memory|                                           W_time_81|         array|
|W_time_81_we0         |  out|    1|   ap_memory|                                           W_time_81|         array|
|W_time_81_d0          |  out|    8|   ap_memory|                                           W_time_81|         array|
|W_time_80_address0    |  out|    8|   ap_memory|                                           W_time_80|         array|
|W_time_80_ce0         |  out|    1|   ap_memory|                                           W_time_80|         array|
|W_time_80_we0         |  out|    1|   ap_memory|                                           W_time_80|         array|
|W_time_80_d0          |  out|    8|   ap_memory|                                           W_time_80|         array|
|W_time_79_address0    |  out|    8|   ap_memory|                                           W_time_79|         array|
|W_time_79_ce0         |  out|    1|   ap_memory|                                           W_time_79|         array|
|W_time_79_we0         |  out|    1|   ap_memory|                                           W_time_79|         array|
|W_time_79_d0          |  out|    8|   ap_memory|                                           W_time_79|         array|
|W_time_78_address0    |  out|    8|   ap_memory|                                           W_time_78|         array|
|W_time_78_ce0         |  out|    1|   ap_memory|                                           W_time_78|         array|
|W_time_78_we0         |  out|    1|   ap_memory|                                           W_time_78|         array|
|W_time_78_d0          |  out|    8|   ap_memory|                                           W_time_78|         array|
|W_time_77_address0    |  out|    8|   ap_memory|                                           W_time_77|         array|
|W_time_77_ce0         |  out|    1|   ap_memory|                                           W_time_77|         array|
|W_time_77_we0         |  out|    1|   ap_memory|                                           W_time_77|         array|
|W_time_77_d0          |  out|    8|   ap_memory|                                           W_time_77|         array|
|W_time_76_address0    |  out|    8|   ap_memory|                                           W_time_76|         array|
|W_time_76_ce0         |  out|    1|   ap_memory|                                           W_time_76|         array|
|W_time_76_we0         |  out|    1|   ap_memory|                                           W_time_76|         array|
|W_time_76_d0          |  out|    8|   ap_memory|                                           W_time_76|         array|
|W_time_75_address0    |  out|    8|   ap_memory|                                           W_time_75|         array|
|W_time_75_ce0         |  out|    1|   ap_memory|                                           W_time_75|         array|
|W_time_75_we0         |  out|    1|   ap_memory|                                           W_time_75|         array|
|W_time_75_d0          |  out|    8|   ap_memory|                                           W_time_75|         array|
|W_time_74_address0    |  out|    8|   ap_memory|                                           W_time_74|         array|
|W_time_74_ce0         |  out|    1|   ap_memory|                                           W_time_74|         array|
|W_time_74_we0         |  out|    1|   ap_memory|                                           W_time_74|         array|
|W_time_74_d0          |  out|    8|   ap_memory|                                           W_time_74|         array|
|W_time_73_address0    |  out|    8|   ap_memory|                                           W_time_73|         array|
|W_time_73_ce0         |  out|    1|   ap_memory|                                           W_time_73|         array|
|W_time_73_we0         |  out|    1|   ap_memory|                                           W_time_73|         array|
|W_time_73_d0          |  out|    8|   ap_memory|                                           W_time_73|         array|
|W_time_72_address0    |  out|    8|   ap_memory|                                           W_time_72|         array|
|W_time_72_ce0         |  out|    1|   ap_memory|                                           W_time_72|         array|
|W_time_72_we0         |  out|    1|   ap_memory|                                           W_time_72|         array|
|W_time_72_d0          |  out|    8|   ap_memory|                                           W_time_72|         array|
|W_time_71_address0    |  out|    8|   ap_memory|                                           W_time_71|         array|
|W_time_71_ce0         |  out|    1|   ap_memory|                                           W_time_71|         array|
|W_time_71_we0         |  out|    1|   ap_memory|                                           W_time_71|         array|
|W_time_71_d0          |  out|    8|   ap_memory|                                           W_time_71|         array|
|W_time_70_address0    |  out|    8|   ap_memory|                                           W_time_70|         array|
|W_time_70_ce0         |  out|    1|   ap_memory|                                           W_time_70|         array|
|W_time_70_we0         |  out|    1|   ap_memory|                                           W_time_70|         array|
|W_time_70_d0          |  out|    8|   ap_memory|                                           W_time_70|         array|
|W_time_69_address0    |  out|    8|   ap_memory|                                           W_time_69|         array|
|W_time_69_ce0         |  out|    1|   ap_memory|                                           W_time_69|         array|
|W_time_69_we0         |  out|    1|   ap_memory|                                           W_time_69|         array|
|W_time_69_d0          |  out|    8|   ap_memory|                                           W_time_69|         array|
|W_time_68_address0    |  out|    8|   ap_memory|                                           W_time_68|         array|
|W_time_68_ce0         |  out|    1|   ap_memory|                                           W_time_68|         array|
|W_time_68_we0         |  out|    1|   ap_memory|                                           W_time_68|         array|
|W_time_68_d0          |  out|    8|   ap_memory|                                           W_time_68|         array|
|W_time_67_address0    |  out|    8|   ap_memory|                                           W_time_67|         array|
|W_time_67_ce0         |  out|    1|   ap_memory|                                           W_time_67|         array|
|W_time_67_we0         |  out|    1|   ap_memory|                                           W_time_67|         array|
|W_time_67_d0          |  out|    8|   ap_memory|                                           W_time_67|         array|
|W_time_66_address0    |  out|    8|   ap_memory|                                           W_time_66|         array|
|W_time_66_ce0         |  out|    1|   ap_memory|                                           W_time_66|         array|
|W_time_66_we0         |  out|    1|   ap_memory|                                           W_time_66|         array|
|W_time_66_d0          |  out|    8|   ap_memory|                                           W_time_66|         array|
|W_time_65_address0    |  out|    8|   ap_memory|                                           W_time_65|         array|
|W_time_65_ce0         |  out|    1|   ap_memory|                                           W_time_65|         array|
|W_time_65_we0         |  out|    1|   ap_memory|                                           W_time_65|         array|
|W_time_65_d0          |  out|    8|   ap_memory|                                           W_time_65|         array|
|W_time_64_address0    |  out|    8|   ap_memory|                                           W_time_64|         array|
|W_time_64_ce0         |  out|    1|   ap_memory|                                           W_time_64|         array|
|W_time_64_we0         |  out|    1|   ap_memory|                                           W_time_64|         array|
|W_time_64_d0          |  out|    8|   ap_memory|                                           W_time_64|         array|
|W_time_63_address0    |  out|    8|   ap_memory|                                           W_time_63|         array|
|W_time_63_ce0         |  out|    1|   ap_memory|                                           W_time_63|         array|
|W_time_63_we0         |  out|    1|   ap_memory|                                           W_time_63|         array|
|W_time_63_d0          |  out|    8|   ap_memory|                                           W_time_63|         array|
|W_time_62_address0    |  out|    8|   ap_memory|                                           W_time_62|         array|
|W_time_62_ce0         |  out|    1|   ap_memory|                                           W_time_62|         array|
|W_time_62_we0         |  out|    1|   ap_memory|                                           W_time_62|         array|
|W_time_62_d0          |  out|    8|   ap_memory|                                           W_time_62|         array|
|W_time_61_address0    |  out|    8|   ap_memory|                                           W_time_61|         array|
|W_time_61_ce0         |  out|    1|   ap_memory|                                           W_time_61|         array|
|W_time_61_we0         |  out|    1|   ap_memory|                                           W_time_61|         array|
|W_time_61_d0          |  out|    8|   ap_memory|                                           W_time_61|         array|
|W_time_60_address0    |  out|    8|   ap_memory|                                           W_time_60|         array|
|W_time_60_ce0         |  out|    1|   ap_memory|                                           W_time_60|         array|
|W_time_60_we0         |  out|    1|   ap_memory|                                           W_time_60|         array|
|W_time_60_d0          |  out|    8|   ap_memory|                                           W_time_60|         array|
|W_time_59_address0    |  out|    8|   ap_memory|                                           W_time_59|         array|
|W_time_59_ce0         |  out|    1|   ap_memory|                                           W_time_59|         array|
|W_time_59_we0         |  out|    1|   ap_memory|                                           W_time_59|         array|
|W_time_59_d0          |  out|    8|   ap_memory|                                           W_time_59|         array|
|W_time_58_address0    |  out|    8|   ap_memory|                                           W_time_58|         array|
|W_time_58_ce0         |  out|    1|   ap_memory|                                           W_time_58|         array|
|W_time_58_we0         |  out|    1|   ap_memory|                                           W_time_58|         array|
|W_time_58_d0          |  out|    8|   ap_memory|                                           W_time_58|         array|
|W_time_57_address0    |  out|    8|   ap_memory|                                           W_time_57|         array|
|W_time_57_ce0         |  out|    1|   ap_memory|                                           W_time_57|         array|
|W_time_57_we0         |  out|    1|   ap_memory|                                           W_time_57|         array|
|W_time_57_d0          |  out|    8|   ap_memory|                                           W_time_57|         array|
|W_time_56_address0    |  out|    8|   ap_memory|                                           W_time_56|         array|
|W_time_56_ce0         |  out|    1|   ap_memory|                                           W_time_56|         array|
|W_time_56_we0         |  out|    1|   ap_memory|                                           W_time_56|         array|
|W_time_56_d0          |  out|    8|   ap_memory|                                           W_time_56|         array|
|W_time_55_address0    |  out|    8|   ap_memory|                                           W_time_55|         array|
|W_time_55_ce0         |  out|    1|   ap_memory|                                           W_time_55|         array|
|W_time_55_we0         |  out|    1|   ap_memory|                                           W_time_55|         array|
|W_time_55_d0          |  out|    8|   ap_memory|                                           W_time_55|         array|
|W_time_54_address0    |  out|    8|   ap_memory|                                           W_time_54|         array|
|W_time_54_ce0         |  out|    1|   ap_memory|                                           W_time_54|         array|
|W_time_54_we0         |  out|    1|   ap_memory|                                           W_time_54|         array|
|W_time_54_d0          |  out|    8|   ap_memory|                                           W_time_54|         array|
|W_time_53_address0    |  out|    8|   ap_memory|                                           W_time_53|         array|
|W_time_53_ce0         |  out|    1|   ap_memory|                                           W_time_53|         array|
|W_time_53_we0         |  out|    1|   ap_memory|                                           W_time_53|         array|
|W_time_53_d0          |  out|    8|   ap_memory|                                           W_time_53|         array|
|W_time_52_address0    |  out|    8|   ap_memory|                                           W_time_52|         array|
|W_time_52_ce0         |  out|    1|   ap_memory|                                           W_time_52|         array|
|W_time_52_we0         |  out|    1|   ap_memory|                                           W_time_52|         array|
|W_time_52_d0          |  out|    8|   ap_memory|                                           W_time_52|         array|
|W_time_51_address0    |  out|    8|   ap_memory|                                           W_time_51|         array|
|W_time_51_ce0         |  out|    1|   ap_memory|                                           W_time_51|         array|
|W_time_51_we0         |  out|    1|   ap_memory|                                           W_time_51|         array|
|W_time_51_d0          |  out|    8|   ap_memory|                                           W_time_51|         array|
|W_time_50_address0    |  out|    8|   ap_memory|                                           W_time_50|         array|
|W_time_50_ce0         |  out|    1|   ap_memory|                                           W_time_50|         array|
|W_time_50_we0         |  out|    1|   ap_memory|                                           W_time_50|         array|
|W_time_50_d0          |  out|    8|   ap_memory|                                           W_time_50|         array|
|W_time_49_address0    |  out|    8|   ap_memory|                                           W_time_49|         array|
|W_time_49_ce0         |  out|    1|   ap_memory|                                           W_time_49|         array|
|W_time_49_we0         |  out|    1|   ap_memory|                                           W_time_49|         array|
|W_time_49_d0          |  out|    8|   ap_memory|                                           W_time_49|         array|
|W_time_48_address0    |  out|    8|   ap_memory|                                           W_time_48|         array|
|W_time_48_ce0         |  out|    1|   ap_memory|                                           W_time_48|         array|
|W_time_48_we0         |  out|    1|   ap_memory|                                           W_time_48|         array|
|W_time_48_d0          |  out|    8|   ap_memory|                                           W_time_48|         array|
|W_time_47_address0    |  out|    8|   ap_memory|                                           W_time_47|         array|
|W_time_47_ce0         |  out|    1|   ap_memory|                                           W_time_47|         array|
|W_time_47_we0         |  out|    1|   ap_memory|                                           W_time_47|         array|
|W_time_47_d0          |  out|    8|   ap_memory|                                           W_time_47|         array|
|W_time_46_address0    |  out|    8|   ap_memory|                                           W_time_46|         array|
|W_time_46_ce0         |  out|    1|   ap_memory|                                           W_time_46|         array|
|W_time_46_we0         |  out|    1|   ap_memory|                                           W_time_46|         array|
|W_time_46_d0          |  out|    8|   ap_memory|                                           W_time_46|         array|
|W_time_45_address0    |  out|    8|   ap_memory|                                           W_time_45|         array|
|W_time_45_ce0         |  out|    1|   ap_memory|                                           W_time_45|         array|
|W_time_45_we0         |  out|    1|   ap_memory|                                           W_time_45|         array|
|W_time_45_d0          |  out|    8|   ap_memory|                                           W_time_45|         array|
|W_time_44_address0    |  out|    8|   ap_memory|                                           W_time_44|         array|
|W_time_44_ce0         |  out|    1|   ap_memory|                                           W_time_44|         array|
|W_time_44_we0         |  out|    1|   ap_memory|                                           W_time_44|         array|
|W_time_44_d0          |  out|    8|   ap_memory|                                           W_time_44|         array|
|W_time_43_address0    |  out|    8|   ap_memory|                                           W_time_43|         array|
|W_time_43_ce0         |  out|    1|   ap_memory|                                           W_time_43|         array|
|W_time_43_we0         |  out|    1|   ap_memory|                                           W_time_43|         array|
|W_time_43_d0          |  out|    8|   ap_memory|                                           W_time_43|         array|
|W_time_42_address0    |  out|    8|   ap_memory|                                           W_time_42|         array|
|W_time_42_ce0         |  out|    1|   ap_memory|                                           W_time_42|         array|
|W_time_42_we0         |  out|    1|   ap_memory|                                           W_time_42|         array|
|W_time_42_d0          |  out|    8|   ap_memory|                                           W_time_42|         array|
|W_time_41_address0    |  out|    8|   ap_memory|                                           W_time_41|         array|
|W_time_41_ce0         |  out|    1|   ap_memory|                                           W_time_41|         array|
|W_time_41_we0         |  out|    1|   ap_memory|                                           W_time_41|         array|
|W_time_41_d0          |  out|    8|   ap_memory|                                           W_time_41|         array|
|W_time_40_address0    |  out|    8|   ap_memory|                                           W_time_40|         array|
|W_time_40_ce0         |  out|    1|   ap_memory|                                           W_time_40|         array|
|W_time_40_we0         |  out|    1|   ap_memory|                                           W_time_40|         array|
|W_time_40_d0          |  out|    8|   ap_memory|                                           W_time_40|         array|
|W_time_39_address0    |  out|    8|   ap_memory|                                           W_time_39|         array|
|W_time_39_ce0         |  out|    1|   ap_memory|                                           W_time_39|         array|
|W_time_39_we0         |  out|    1|   ap_memory|                                           W_time_39|         array|
|W_time_39_d0          |  out|    8|   ap_memory|                                           W_time_39|         array|
|W_time_38_address0    |  out|    8|   ap_memory|                                           W_time_38|         array|
|W_time_38_ce0         |  out|    1|   ap_memory|                                           W_time_38|         array|
|W_time_38_we0         |  out|    1|   ap_memory|                                           W_time_38|         array|
|W_time_38_d0          |  out|    8|   ap_memory|                                           W_time_38|         array|
|W_time_37_address0    |  out|    8|   ap_memory|                                           W_time_37|         array|
|W_time_37_ce0         |  out|    1|   ap_memory|                                           W_time_37|         array|
|W_time_37_we0         |  out|    1|   ap_memory|                                           W_time_37|         array|
|W_time_37_d0          |  out|    8|   ap_memory|                                           W_time_37|         array|
|W_time_36_address0    |  out|    8|   ap_memory|                                           W_time_36|         array|
|W_time_36_ce0         |  out|    1|   ap_memory|                                           W_time_36|         array|
|W_time_36_we0         |  out|    1|   ap_memory|                                           W_time_36|         array|
|W_time_36_d0          |  out|    8|   ap_memory|                                           W_time_36|         array|
|W_time_35_address0    |  out|    8|   ap_memory|                                           W_time_35|         array|
|W_time_35_ce0         |  out|    1|   ap_memory|                                           W_time_35|         array|
|W_time_35_we0         |  out|    1|   ap_memory|                                           W_time_35|         array|
|W_time_35_d0          |  out|    8|   ap_memory|                                           W_time_35|         array|
|W_time_34_address0    |  out|    8|   ap_memory|                                           W_time_34|         array|
|W_time_34_ce0         |  out|    1|   ap_memory|                                           W_time_34|         array|
|W_time_34_we0         |  out|    1|   ap_memory|                                           W_time_34|         array|
|W_time_34_d0          |  out|    8|   ap_memory|                                           W_time_34|         array|
|W_time_33_address0    |  out|    8|   ap_memory|                                           W_time_33|         array|
|W_time_33_ce0         |  out|    1|   ap_memory|                                           W_time_33|         array|
|W_time_33_we0         |  out|    1|   ap_memory|                                           W_time_33|         array|
|W_time_33_d0          |  out|    8|   ap_memory|                                           W_time_33|         array|
|W_time_32_address0    |  out|    8|   ap_memory|                                           W_time_32|         array|
|W_time_32_ce0         |  out|    1|   ap_memory|                                           W_time_32|         array|
|W_time_32_we0         |  out|    1|   ap_memory|                                           W_time_32|         array|
|W_time_32_d0          |  out|    8|   ap_memory|                                           W_time_32|         array|
|W_time_31_address0    |  out|    8|   ap_memory|                                           W_time_31|         array|
|W_time_31_ce0         |  out|    1|   ap_memory|                                           W_time_31|         array|
|W_time_31_we0         |  out|    1|   ap_memory|                                           W_time_31|         array|
|W_time_31_d0          |  out|    8|   ap_memory|                                           W_time_31|         array|
|W_time_30_address0    |  out|    8|   ap_memory|                                           W_time_30|         array|
|W_time_30_ce0         |  out|    1|   ap_memory|                                           W_time_30|         array|
|W_time_30_we0         |  out|    1|   ap_memory|                                           W_time_30|         array|
|W_time_30_d0          |  out|    8|   ap_memory|                                           W_time_30|         array|
|W_time_29_address0    |  out|    8|   ap_memory|                                           W_time_29|         array|
|W_time_29_ce0         |  out|    1|   ap_memory|                                           W_time_29|         array|
|W_time_29_we0         |  out|    1|   ap_memory|                                           W_time_29|         array|
|W_time_29_d0          |  out|    8|   ap_memory|                                           W_time_29|         array|
|W_time_28_address0    |  out|    8|   ap_memory|                                           W_time_28|         array|
|W_time_28_ce0         |  out|    1|   ap_memory|                                           W_time_28|         array|
|W_time_28_we0         |  out|    1|   ap_memory|                                           W_time_28|         array|
|W_time_28_d0          |  out|    8|   ap_memory|                                           W_time_28|         array|
|W_time_27_address0    |  out|    8|   ap_memory|                                           W_time_27|         array|
|W_time_27_ce0         |  out|    1|   ap_memory|                                           W_time_27|         array|
|W_time_27_we0         |  out|    1|   ap_memory|                                           W_time_27|         array|
|W_time_27_d0          |  out|    8|   ap_memory|                                           W_time_27|         array|
|W_time_26_address0    |  out|    8|   ap_memory|                                           W_time_26|         array|
|W_time_26_ce0         |  out|    1|   ap_memory|                                           W_time_26|         array|
|W_time_26_we0         |  out|    1|   ap_memory|                                           W_time_26|         array|
|W_time_26_d0          |  out|    8|   ap_memory|                                           W_time_26|         array|
|W_time_25_address0    |  out|    8|   ap_memory|                                           W_time_25|         array|
|W_time_25_ce0         |  out|    1|   ap_memory|                                           W_time_25|         array|
|W_time_25_we0         |  out|    1|   ap_memory|                                           W_time_25|         array|
|W_time_25_d0          |  out|    8|   ap_memory|                                           W_time_25|         array|
|W_time_24_address0    |  out|    8|   ap_memory|                                           W_time_24|         array|
|W_time_24_ce0         |  out|    1|   ap_memory|                                           W_time_24|         array|
|W_time_24_we0         |  out|    1|   ap_memory|                                           W_time_24|         array|
|W_time_24_d0          |  out|    8|   ap_memory|                                           W_time_24|         array|
|W_time_23_address0    |  out|    8|   ap_memory|                                           W_time_23|         array|
|W_time_23_ce0         |  out|    1|   ap_memory|                                           W_time_23|         array|
|W_time_23_we0         |  out|    1|   ap_memory|                                           W_time_23|         array|
|W_time_23_d0          |  out|    8|   ap_memory|                                           W_time_23|         array|
|W_time_22_address0    |  out|    8|   ap_memory|                                           W_time_22|         array|
|W_time_22_ce0         |  out|    1|   ap_memory|                                           W_time_22|         array|
|W_time_22_we0         |  out|    1|   ap_memory|                                           W_time_22|         array|
|W_time_22_d0          |  out|    8|   ap_memory|                                           W_time_22|         array|
|W_time_21_address0    |  out|    8|   ap_memory|                                           W_time_21|         array|
|W_time_21_ce0         |  out|    1|   ap_memory|                                           W_time_21|         array|
|W_time_21_we0         |  out|    1|   ap_memory|                                           W_time_21|         array|
|W_time_21_d0          |  out|    8|   ap_memory|                                           W_time_21|         array|
|W_time_20_address0    |  out|    8|   ap_memory|                                           W_time_20|         array|
|W_time_20_ce0         |  out|    1|   ap_memory|                                           W_time_20|         array|
|W_time_20_we0         |  out|    1|   ap_memory|                                           W_time_20|         array|
|W_time_20_d0          |  out|    8|   ap_memory|                                           W_time_20|         array|
|W_time_19_address0    |  out|    8|   ap_memory|                                           W_time_19|         array|
|W_time_19_ce0         |  out|    1|   ap_memory|                                           W_time_19|         array|
|W_time_19_we0         |  out|    1|   ap_memory|                                           W_time_19|         array|
|W_time_19_d0          |  out|    8|   ap_memory|                                           W_time_19|         array|
|W_time_18_address0    |  out|    8|   ap_memory|                                           W_time_18|         array|
|W_time_18_ce0         |  out|    1|   ap_memory|                                           W_time_18|         array|
|W_time_18_we0         |  out|    1|   ap_memory|                                           W_time_18|         array|
|W_time_18_d0          |  out|    8|   ap_memory|                                           W_time_18|         array|
|W_time_17_address0    |  out|    8|   ap_memory|                                           W_time_17|         array|
|W_time_17_ce0         |  out|    1|   ap_memory|                                           W_time_17|         array|
|W_time_17_we0         |  out|    1|   ap_memory|                                           W_time_17|         array|
|W_time_17_d0          |  out|    8|   ap_memory|                                           W_time_17|         array|
|W_time_16_address0    |  out|    8|   ap_memory|                                           W_time_16|         array|
|W_time_16_ce0         |  out|    1|   ap_memory|                                           W_time_16|         array|
|W_time_16_we0         |  out|    1|   ap_memory|                                           W_time_16|         array|
|W_time_16_d0          |  out|    8|   ap_memory|                                           W_time_16|         array|
|W_time_15_address0    |  out|    8|   ap_memory|                                           W_time_15|         array|
|W_time_15_ce0         |  out|    1|   ap_memory|                                           W_time_15|         array|
|W_time_15_we0         |  out|    1|   ap_memory|                                           W_time_15|         array|
|W_time_15_d0          |  out|    8|   ap_memory|                                           W_time_15|         array|
|W_time_14_address0    |  out|    8|   ap_memory|                                           W_time_14|         array|
|W_time_14_ce0         |  out|    1|   ap_memory|                                           W_time_14|         array|
|W_time_14_we0         |  out|    1|   ap_memory|                                           W_time_14|         array|
|W_time_14_d0          |  out|    8|   ap_memory|                                           W_time_14|         array|
|W_time_13_address0    |  out|    8|   ap_memory|                                           W_time_13|         array|
|W_time_13_ce0         |  out|    1|   ap_memory|                                           W_time_13|         array|
|W_time_13_we0         |  out|    1|   ap_memory|                                           W_time_13|         array|
|W_time_13_d0          |  out|    8|   ap_memory|                                           W_time_13|         array|
|W_time_12_address0    |  out|    8|   ap_memory|                                           W_time_12|         array|
|W_time_12_ce0         |  out|    1|   ap_memory|                                           W_time_12|         array|
|W_time_12_we0         |  out|    1|   ap_memory|                                           W_time_12|         array|
|W_time_12_d0          |  out|    8|   ap_memory|                                           W_time_12|         array|
|W_time_11_address0    |  out|    8|   ap_memory|                                           W_time_11|         array|
|W_time_11_ce0         |  out|    1|   ap_memory|                                           W_time_11|         array|
|W_time_11_we0         |  out|    1|   ap_memory|                                           W_time_11|         array|
|W_time_11_d0          |  out|    8|   ap_memory|                                           W_time_11|         array|
|W_time_10_address0    |  out|    8|   ap_memory|                                           W_time_10|         array|
|W_time_10_ce0         |  out|    1|   ap_memory|                                           W_time_10|         array|
|W_time_10_we0         |  out|    1|   ap_memory|                                           W_time_10|         array|
|W_time_10_d0          |  out|    8|   ap_memory|                                           W_time_10|         array|
|W_time_9_address0     |  out|    8|   ap_memory|                                            W_time_9|         array|
|W_time_9_ce0          |  out|    1|   ap_memory|                                            W_time_9|         array|
|W_time_9_we0          |  out|    1|   ap_memory|                                            W_time_9|         array|
|W_time_9_d0           |  out|    8|   ap_memory|                                            W_time_9|         array|
|W_time_8_address0     |  out|    8|   ap_memory|                                            W_time_8|         array|
|W_time_8_ce0          |  out|    1|   ap_memory|                                            W_time_8|         array|
|W_time_8_we0          |  out|    1|   ap_memory|                                            W_time_8|         array|
|W_time_8_d0           |  out|    8|   ap_memory|                                            W_time_8|         array|
|W_time_7_address0     |  out|    8|   ap_memory|                                            W_time_7|         array|
|W_time_7_ce0          |  out|    1|   ap_memory|                                            W_time_7|         array|
|W_time_7_we0          |  out|    1|   ap_memory|                                            W_time_7|         array|
|W_time_7_d0           |  out|    8|   ap_memory|                                            W_time_7|         array|
|W_time_6_address0     |  out|    8|   ap_memory|                                            W_time_6|         array|
|W_time_6_ce0          |  out|    1|   ap_memory|                                            W_time_6|         array|
|W_time_6_we0          |  out|    1|   ap_memory|                                            W_time_6|         array|
|W_time_6_d0           |  out|    8|   ap_memory|                                            W_time_6|         array|
|W_time_5_address0     |  out|    8|   ap_memory|                                            W_time_5|         array|
|W_time_5_ce0          |  out|    1|   ap_memory|                                            W_time_5|         array|
|W_time_5_we0          |  out|    1|   ap_memory|                                            W_time_5|         array|
|W_time_5_d0           |  out|    8|   ap_memory|                                            W_time_5|         array|
|W_time_4_address0     |  out|    8|   ap_memory|                                            W_time_4|         array|
|W_time_4_ce0          |  out|    1|   ap_memory|                                            W_time_4|         array|
|W_time_4_we0          |  out|    1|   ap_memory|                                            W_time_4|         array|
|W_time_4_d0           |  out|    8|   ap_memory|                                            W_time_4|         array|
|W_time_3_address0     |  out|    8|   ap_memory|                                            W_time_3|         array|
|W_time_3_ce0          |  out|    1|   ap_memory|                                            W_time_3|         array|
|W_time_3_we0          |  out|    1|   ap_memory|                                            W_time_3|         array|
|W_time_3_d0           |  out|    8|   ap_memory|                                            W_time_3|         array|
|W_time_2_address0     |  out|    8|   ap_memory|                                            W_time_2|         array|
|W_time_2_ce0          |  out|    1|   ap_memory|                                            W_time_2|         array|
|W_time_2_we0          |  out|    1|   ap_memory|                                            W_time_2|         array|
|W_time_2_d0           |  out|    8|   ap_memory|                                            W_time_2|         array|
|W_time_1_address0     |  out|    8|   ap_memory|                                            W_time_1|         array|
|W_time_1_ce0          |  out|    1|   ap_memory|                                            W_time_1|         array|
|W_time_1_we0          |  out|    1|   ap_memory|                                            W_time_1|         array|
|W_time_1_d0           |  out|    8|   ap_memory|                                            W_time_1|         array|
|W_time_address0       |  out|    8|   ap_memory|                                              W_time|         array|
|W_time_ce0            |  out|    1|   ap_memory|                                              W_time|         array|
|W_time_we0            |  out|    1|   ap_memory|                                              W_time|         array|
|W_time_d0             |  out|    8|   ap_memory|                                              W_time|         array|
+----------------------+-----+-----+------------+----------------------------------------------------+--------------+

