

================================================================
== Vitis HLS Report for 'action_diff_head_Pipeline_LOAD_WA_VITIS_LOOP_104_3'
================================================================
* Date:           Thu May 28 13:02:16 2026

* Version:        2024.1 (Build 5069499 on May 21 2024)
* Project:        action_diff_hls
* Solution:       sol1 (Vivado IP Flow Target)
* Product family: versalaicore
* Target device:  xcvc1902-vsva2197-2MP-e-S


================================================================
== Performance Estimates
================================================================
+ Timing: 
    * Summary: 
    +--------+---------+----------+------------+
    |  Clock |  Target | Estimated| Uncertainty|
    +--------+---------+----------+------------+
    |ap_clk  |  4.00 ns|  2.094 ns|     1.08 ns|
    +--------+---------+----------+------------+

+ Latency: 
    * Summary: 
    +---------+---------+----------+----------+------+------+-----------------------------------------------+
    |  Latency (cycles) |  Latency (absolute) |   Interval  |                    Pipeline                   |
    |   min   |   max   |    min   |    max   |  min |  max |                      Type                     |
    +---------+---------+----------+----------+------+------+-----------------------------------------------+
    |     1794|     1794|  7.176 us|  7.176 us|  1793|  1793|  loop auto-rewind stp(delay=0 clock cycles(s))|
    +---------+---------+----------+----------+------+------+-----------------------------------------------+

    + Detail: 
        * Instance: 
        N/A

        * Loop: 
        +----------------------------+---------+---------+----------+-----------+-----------+------+----------+
        |                            |  Latency (cycles) | Iteration|  Initiation Interval  | Trip |          |
        |          Loop Name         |   min   |   max   |  Latency |  achieved |   target  | Count| Pipelined|
        +----------------------------+---------+---------+----------+-----------+-----------+------+----------+
        |- LOAD_WA_VITIS_LOOP_104_3  |     1792|     1792|         2|          1|          1|  1792|       yes|
        +----------------------------+---------+---------+----------+-----------+-----------+------+----------+



================================================================
== Utilization Estimates
================================================================
* Summary: 
+-----------------+---------+------+---------+--------+-----+
|       Name      | BRAM_18K|  DSP |    FF   |   LUT  | URAM|
+-----------------+---------+------+---------+--------+-----+
|DSP              |        -|     -|        -|       -|    -|
|Expression       |        -|     -|        0|      49|    -|
|FIFO             |        -|     -|        -|       -|    -|
|Instance         |        -|     -|        -|       -|    -|
|Memory           |        -|     -|        -|       -|    -|
|Multiplexer      |        -|     -|        0|      80|    -|
|Register         |        -|     -|       26|       -|    -|
+-----------------+---------+------+---------+--------+-----+
|Total            |        0|     0|       26|     129|    0|
+-----------------+---------+------+---------+--------+-----+
|Available        |     1934|  1968|  1799680|  899840|  463|
+-----------------+---------+------+---------+--------+-----+
|Utilization (%)  |        0|     0|       ~0|      ~0|    0|
+-----------------+---------+------+---------+--------+-----+

+ Detail: 
    * Instance: 
    N/A

    * DSP: 
    N/A

    * Memory: 
    N/A

    * FIFO: 
    N/A

    * Expression: 
    +---------------------------+----------+----+---+----+------------+------------+
    |       Variable Name       | Operation| DSP| FF| LUT| Bitwidth P0| Bitwidth P1|
    +---------------------------+----------+----+---+----+------------+------------+
    |add_ln104_1_fu_362_p2      |         +|   0|  0|   9|           9|           1|
    |add_ln104_2_fu_251_p2      |         +|   0|  0|  11|          11|           1|
    |add_ln104_fu_293_p2        |         +|   0|  0|   6|           3|           1|
    |ap_block_pp0_stage0_11001  |       and|   0|  0|   2|           1|           1|
    |icmp_ln104_1_fu_299_p2     |      icmp|   0|  0|   4|           9|          10|
    |icmp_ln104_fu_257_p2       |      icmp|   0|  0|   4|          11|          10|
    |select_ln104_1_fu_313_p3   |    select|   0|  0|   3|           1|           3|
    |select_ln104_fu_305_p3     |    select|   0|  0|   8|           1|           1|
    |ap_enable_pp0              |       xor|   0|  0|   2|           1|           2|
    +---------------------------+----------+----+---+----+------------+------------+
    |Total                      |          |   0|  0|  49|          47|          30|
    +---------------------------+----------+----+---+----+------------+------------+

    * Multiplexer: 
    +----------------------------------------+----+-----------+-----+-----------+
    |                  Name                  | LUT| Input Size| Bits| Total Bits|
    +----------------------------------------+----+-----------+-----+-----------+
    |a_1_fu_86                               |   8|          2|    3|          6|
    |ap_done_int                             |   8|          2|    1|          2|
    |ap_enable_reg_pp0_iter1                 |   8|          2|    1|          2|
    |ap_sig_allocacmp_indvar_flatten13_load  |  16|          2|   11|         22|
    |c_fu_82                                 |  16|          2|    9|         18|
    |ddrW1_blk_n_R                           |   8|          2|    1|          2|
    |indvar_flatten13_fu_90                  |  16|          2|   11|         22|
    +----------------------------------------+----+-----------+-----+-----------+
    |Total                                   |  80|         14|   37|         74|
    +----------------------------------------+----+-----------+-----+-----------+

    * Register: 
    +-------------------------+----+----+-----+-----------+
    |           Name          | FF | LUT| Bits| Const Bits|
    +-------------------------+----+----+-----+-----------+
    |a_1_fu_86                |   3|   0|    3|          0|
    |ap_CS_fsm                |   1|   0|    1|          0|
    |ap_done_reg              |   1|   0|    1|          0|
    |ap_enable_reg_pp0_iter1  |   1|   0|    1|          0|
    |c_fu_82                  |   9|   0|    9|          0|
    |indvar_flatten13_fu_90   |  11|   0|   11|          0|
    +-------------------------+----+----+-----+-----------+
    |Total                    |  26|   0|   26|          0|
    +-------------------------+----+----+-----+-----------+



================================================================
== Interface
================================================================
* Summary: 
+-----------------------+-----+-----+------------+----------------------------------------------------+--------------+
|       RTL Ports       | Dir | Bits|  Protocol  |                    Source Object                   |    C Type    |
+-----------------------+-----+-----+------------+----------------------------------------------------+--------------+
|ap_clk                 |   in|    1|  ap_ctrl_hs|  action_diff_head_Pipeline_LOAD_WA_VITIS_LOOP_104_3|  return value|
|ap_rst                 |   in|    1|  ap_ctrl_hs|  action_diff_head_Pipeline_LOAD_WA_VITIS_LOOP_104_3|  return value|
|ap_start               |   in|    1|  ap_ctrl_hs|  action_diff_head_Pipeline_LOAD_WA_VITIS_LOOP_104_3|  return value|
|ap_done                |  out|    1|  ap_ctrl_hs|  action_diff_head_Pipeline_LOAD_WA_VITIS_LOOP_104_3|  return value|
|ap_idle                |  out|    1|  ap_ctrl_hs|  action_diff_head_Pipeline_LOAD_WA_VITIS_LOOP_104_3|  return value|
|ap_ready               |  out|    1|  ap_ctrl_hs|  action_diff_head_Pipeline_LOAD_WA_VITIS_LOOP_104_3|  return value|
|m_axi_ddrW1_AWVALID    |  out|    1|       m_axi|                                               ddrW1|       pointer|
|m_axi_ddrW1_AWREADY    |   in|    1|       m_axi|                                               ddrW1|       pointer|
|m_axi_ddrW1_AWADDR     |  out|   64|       m_axi|                                               ddrW1|       pointer|
|m_axi_ddrW1_AWID       |  out|    1|       m_axi|                                               ddrW1|       pointer|
|m_axi_ddrW1_AWLEN      |  out|   32|       m_axi|                                               ddrW1|       pointer|
|m_axi_ddrW1_AWSIZE     |  out|    3|       m_axi|                                               ddrW1|       pointer|
|m_axi_ddrW1_AWBURST    |  out|    2|       m_axi|                                               ddrW1|       pointer|
|m_axi_ddrW1_AWLOCK     |  out|    2|       m_axi|                                               ddrW1|       pointer|
|m_axi_ddrW1_AWCACHE    |  out|    4|       m_axi|                                               ddrW1|       pointer|
|m_axi_ddrW1_AWPROT     |  out|    3|       m_axi|                                               ddrW1|       pointer|
|m_axi_ddrW1_AWQOS      |  out|    4|       m_axi|                                               ddrW1|       pointer|
|m_axi_ddrW1_AWREGION   |  out|    4|       m_axi|                                               ddrW1|       pointer|
|m_axi_ddrW1_AWUSER     |  out|    1|       m_axi|                                               ddrW1|       pointer|
|m_axi_ddrW1_WVALID     |  out|    1|       m_axi|                                               ddrW1|       pointer|
|m_axi_ddrW1_WREADY     |   in|    1|       m_axi|                                               ddrW1|       pointer|
|m_axi_ddrW1_WDATA      |  out|    8|       m_axi|                                               ddrW1|       pointer|
|m_axi_ddrW1_WSTRB      |  out|    1|       m_axi|                                               ddrW1|       pointer|
|m_axi_ddrW1_WLAST      |  out|    1|       m_axi|                                               ddrW1|       pointer|
|m_axi_ddrW1_WID        |  out|    1|       m_axi|                                               ddrW1|       pointer|
|m_axi_ddrW1_WUSER      |  out|    1|       m_axi|                                               ddrW1|       pointer|
|m_axi_ddrW1_ARVALID    |  out|    1|       m_axi|                                               ddrW1|       pointer|
|m_axi_ddrW1_ARREADY    |   in|    1|       m_axi|                                               ddrW1|       pointer|
|m_axi_ddrW1_ARADDR     |  out|   64|       m_axi|                                               ddrW1|       pointer|
|m_axi_ddrW1_ARID       |  out|    1|       m_axi|                                               ddrW1|       pointer|
|m_axi_ddrW1_ARLEN      |  out|   32|       m_axi|                                               ddrW1|       pointer|
|m_axi_ddrW1_ARSIZE     |  out|    3|       m_axi|                                               ddrW1|       pointer|
|m_axi_ddrW1_ARBURST    |  out|    2|       m_axi|                                               ddrW1|       pointer|
|m_axi_ddrW1_ARLOCK     |  out|    2|       m_axi|                                               ddrW1|       pointer|
|m_axi_ddrW1_ARCACHE    |  out|    4|       m_axi|                                               ddrW1|       pointer|
|m_axi_ddrW1_ARPROT     |  out|    3|       m_axi|                                               ddrW1|       pointer|
|m_axi_ddrW1_ARQOS      |  out|    4|       m_axi|                                               ddrW1|       pointer|
|m_axi_ddrW1_ARREGION   |  out|    4|       m_axi|                                               ddrW1|       pointer|
|m_axi_ddrW1_ARUSER     |  out|    1|       m_axi|                                               ddrW1|       pointer|
|m_axi_ddrW1_RVALID     |   in|    1|       m_axi|                                               ddrW1|       pointer|
|m_axi_ddrW1_RREADY     |  out|    1|       m_axi|                                               ddrW1|       pointer|
|m_axi_ddrW1_RDATA      |   in|    8|       m_axi|                                               ddrW1|       pointer|
|m_axi_ddrW1_RLAST      |   in|    1|       m_axi|                                               ddrW1|       pointer|
|m_axi_ddrW1_RID        |   in|    1|       m_axi|                                               ddrW1|       pointer|
|m_axi_ddrW1_RFIFONUM   |   in|   15|       m_axi|                                               ddrW1|       pointer|
|m_axi_ddrW1_RUSER      |   in|    1|       m_axi|                                               ddrW1|       pointer|
|m_axi_ddrW1_RRESP      |   in|    2|       m_axi|                                               ddrW1|       pointer|
|m_axi_ddrW1_BVALID     |   in|    1|       m_axi|                                               ddrW1|       pointer|
|m_axi_ddrW1_BREADY     |  out|    1|       m_axi|                                               ddrW1|       pointer|
|m_axi_ddrW1_BRESP      |   in|    2|       m_axi|                                               ddrW1|       pointer|
|m_axi_ddrW1_BID        |   in|    1|       m_axi|                                               ddrW1|       pointer|
|m_axi_ddrW1_BUSER      |   in|    1|       m_axi|                                               ddrW1|       pointer|
|g_W_act_proj           |   in|   64|     ap_none|                                        g_W_act_proj|        scalar|
|W_act_proj_6_address0  |  out|    8|   ap_memory|                                        W_act_proj_6|         array|
|W_act_proj_6_ce0       |  out|    1|   ap_memory|                                        W_act_proj_6|         array|
|W_act_proj_6_we0       |  out|    1|   ap_memory|                                        W_act_proj_6|         array|
|W_act_proj_6_d0        |  out|    8|   ap_memory|                                        W_act_proj_6|         array|
|W_act_proj_5_address0  |  out|    8|   ap_memory|                                        W_act_proj_5|         array|
|W_act_proj_5_ce0       |  out|    1|   ap_memory|                                        W_act_proj_5|         array|
|W_act_proj_5_we0       |  out|    1|   ap_memory|                                        W_act_proj_5|         array|
|W_act_proj_5_d0        |  out|    8|   ap_memory|                                        W_act_proj_5|         array|
|W_act_proj_4_address0  |  out|    8|   ap_memory|                                        W_act_proj_4|         array|
|W_act_proj_4_ce0       |  out|    1|   ap_memory|                                        W_act_proj_4|         array|
|W_act_proj_4_we0       |  out|    1|   ap_memory|                                        W_act_proj_4|         array|
|W_act_proj_4_d0        |  out|    8|   ap_memory|                                        W_act_proj_4|         array|
|W_act_proj_3_address0  |  out|    8|   ap_memory|                                        W_act_proj_3|         array|
|W_act_proj_3_ce0       |  out|    1|   ap_memory|                                        W_act_proj_3|         array|
|W_act_proj_3_we0       |  out|    1|   ap_memory|                                        W_act_proj_3|         array|
|W_act_proj_3_d0        |  out|    8|   ap_memory|                                        W_act_proj_3|         array|
|W_act_proj_2_address0  |  out|    8|   ap_memory|                                        W_act_proj_2|         array|
|W_act_proj_2_ce0       |  out|    1|   ap_memory|                                        W_act_proj_2|         array|
|W_act_proj_2_we0       |  out|    1|   ap_memory|                                        W_act_proj_2|         array|
|W_act_proj_2_d0        |  out|    8|   ap_memory|                                        W_act_proj_2|         array|
|W_act_proj_1_address0  |  out|    8|   ap_memory|                                        W_act_proj_1|         array|
|W_act_proj_1_ce0       |  out|    1|   ap_memory|                                        W_act_proj_1|         array|
|W_act_proj_1_we0       |  out|    1|   ap_memory|                                        W_act_proj_1|         array|
|W_act_proj_1_d0        |  out|    8|   ap_memory|                                        W_act_proj_1|         array|
|W_act_proj_address0    |  out|    8|   ap_memory|                                          W_act_proj|         array|
|W_act_proj_ce0         |  out|    1|   ap_memory|                                          W_act_proj|         array|
|W_act_proj_we0         |  out|    1|   ap_memory|                                          W_act_proj|         array|
|W_act_proj_d0          |  out|    8|   ap_memory|                                          W_act_proj|         array|
+-----------------------+-----+-----+------------+----------------------------------------------------+--------------+

