

================================================================
== Vitis HLS Report for 'action_diff_head_Pipeline_STORE_OUT'
================================================================
* Date:           Thu May 28 13:04:20 2026

* Version:        2024.1 (Build 5069499 on May 21 2024)
* Project:        action_diff_hls
* Solution:       sol1 (Vivado IP Flow Target)
* Product family: versalaicore
* Target device:  xcvc1902-vsva2197-2MP-e-S


================================================================
== Performance Estimates
================================================================
+ Timing: 
    * Summary: 
    +--------+---------+----------+------------+
    |  Clock |  Target | Estimated| Uncertainty|
    +--------+---------+----------+------------+
    |ap_clk  |  4.00 ns|  1.526 ns|     1.08 ns|
    +--------+---------+----------+------------+

+ Latency: 
    * Summary: 
    +---------+---------+-----------+-----------+-----+-----+-----------------------------------------------+
    |  Latency (cycles) |   Latency (absolute)  |  Interval |                    Pipeline                   |
    |   min   |   max   |    min    |    max    | min | max |                      Type                     |
    +---------+---------+-----------+-----------+-----+-----+-----------------------------------------------+
    |        9|        9|  36.000 ns|  36.000 ns|    8|    8|  loop auto-rewind stp(delay=0 clock cycles(s))|
    +---------+---------+-----------+-----------+-----+-----+-----------------------------------------------+

    + Detail: 
        * Instance: 
        N/A

        * Loop: 
        +-------------+---------+---------+----------+-----------+-----------+------+----------+
        |             |  Latency (cycles) | Iteration|  Initiation Interval  | Trip |          |
        |  Loop Name  |   min   |   max   |  Latency |  achieved |   target  | Count| Pipelined|
        +-------------+---------+---------+----------+-----------+-----------+------+----------+
        |- STORE_OUT  |        7|        7|         2|          1|          1|     7|       yes|
        +-------------+---------+---------+----------+-----------+-----------+------+----------+



================================================================
== Utilization Estimates
================================================================
* Summary: 
+-----------------+---------+------+---------+--------+-----+
|       Name      | BRAM_18K|  DSP |    FF   |   LUT  | URAM|
+-----------------+---------+------+---------+--------+-----+
|DSP              |        -|     -|        -|       -|    -|
|Expression       |        -|     -|        0|      11|    -|
|FIFO             |        -|     -|        -|       -|    -|
|Instance         |        -|     -|        -|       -|    -|
|Memory           |        -|     -|        -|       -|    -|
|Multiplexer      |        -|     -|        0|      40|    -|
|Register         |        -|     -|        6|       -|    -|
+-----------------+---------+------+---------+--------+-----+
|Total            |        0|     0|        6|      51|    0|
+-----------------+---------+------+---------+--------+-----+
|Available        |     1934|  1968|  1799680|  899840|  463|
+-----------------+---------+------+---------+--------+-----+
|Utilization (%)  |        0|     0|       ~0|      ~0|    0|
+-----------------+---------+------+---------+--------+-----+

+ Detail: 
    * Instance: 
    N/A

    * DSP: 
    N/A

    * Memory: 
    N/A

    * FIFO: 
    N/A

    * Expression: 
    +---------------------------+----------+----+---+----+------------+------------+
    |       Variable Name       | Operation| DSP| FF| LUT| Bitwidth P0| Bitwidth P1|
    +---------------------------+----------+----+---+----+------------+------------+
    |add_ln299_fu_106_p2        |         +|   0|  0|   6|           3|           1|
    |ap_block_pp0_stage0_11001  |       and|   0|  0|   2|           1|           1|
    |icmp_ln299_fu_112_p2       |      icmp|   0|  0|   1|           3|           2|
    |ap_enable_pp0              |       xor|   0|  0|   2|           1|           2|
    +---------------------------+----------+----+---+----+------------+------------+
    |Total                      |          |   0|  0|  11|           8|           6|
    +---------------------------+----------+----+---+----+------------+------------+

    * Multiplexer: 
    +-------------------------+----+-----------+-----+-----------+
    |           Name          | LUT| Input Size| Bits| Total Bits|
    +-------------------------+----+-----------+-----+-----------+
    |a_fu_54                  |   8|          2|    3|          6|
    |ap_done_int              |   8|          2|    1|          2|
    |ap_enable_reg_pp0_iter1  |   8|          2|    1|          2|
    |ap_sig_allocacmp_a_1     |   8|          2|    3|          6|
    |ddrOUT_blk_n_W           |   8|          2|    1|          2|
    +-------------------------+----+-----------+-----+-----------+
    |Total                    |  40|         10|    9|         18|
    +-------------------------+----+-----------+-----+-----------+

    * Register: 
    +-------------------------+---+----+-----+-----------+
    |           Name          | FF| LUT| Bits| Const Bits|
    +-------------------------+---+----+-----+-----------+
    |a_fu_54                  |  3|   0|    3|          0|
    |ap_CS_fsm                |  1|   0|    1|          0|
    |ap_done_reg              |  1|   0|    1|          0|
    |ap_enable_reg_pp0_iter1  |  1|   0|    1|          0|
    +-------------------------+---+----+-----+-----------+
    |Total                    |  6|   0|    6|          0|
    +-------------------------+---+----+-----+-----------+



================================================================
== Interface
================================================================
* Summary: 
+-----------------------+-----+-----+------------+-------------------------------------+--------------+
|       RTL Ports       | Dir | Bits|  Protocol  |            Source Object            |    C Type    |
+-----------------------+-----+-----+------------+-------------------------------------+--------------+
|ap_clk                 |   in|    1|  ap_ctrl_hs|  action_diff_head_Pipeline_STORE_OUT|  return value|
|ap_rst                 |   in|    1|  ap_ctrl_hs|  action_diff_head_Pipeline_STORE_OUT|  return value|
|ap_start               |   in|    1|  ap_ctrl_hs|  action_diff_head_Pipeline_STORE_OUT|  return value|
|ap_done                |  out|    1|  ap_ctrl_hs|  action_diff_head_Pipeline_STORE_OUT|  return value|
|ap_idle                |  out|    1|  ap_ctrl_hs|  action_diff_head_Pipeline_STORE_OUT|  return value|
|ap_ready               |  out|    1|  ap_ctrl_hs|  action_diff_head_Pipeline_STORE_OUT|  return value|
|m_axi_ddrOUT_AWVALID   |  out|    1|       m_axi|                               ddrOUT|       pointer|
|m_axi_ddrOUT_AWREADY   |   in|    1|       m_axi|                               ddrOUT|       pointer|
|m_axi_ddrOUT_AWADDR    |  out|   64|       m_axi|                               ddrOUT|       pointer|
|m_axi_ddrOUT_AWID      |  out|    1|       m_axi|                               ddrOUT|       pointer|
|m_axi_ddrOUT_AWLEN     |  out|   32|       m_axi|                               ddrOUT|       pointer|
|m_axi_ddrOUT_AWSIZE    |  out|    3|       m_axi|                               ddrOUT|       pointer|
|m_axi_ddrOUT_AWBURST   |  out|    2|       m_axi|                               ddrOUT|       pointer|
|m_axi_ddrOUT_AWLOCK    |  out|    2|       m_axi|                               ddrOUT|       pointer|
|m_axi_ddrOUT_AWCACHE   |  out|    4|       m_axi|                               ddrOUT|       pointer|
|m_axi_ddrOUT_AWPROT    |  out|    3|       m_axi|                               ddrOUT|       pointer|
|m_axi_ddrOUT_AWQOS     |  out|    4|       m_axi|                               ddrOUT|       pointer|
|m_axi_ddrOUT_AWREGION  |  out|    4|       m_axi|                               ddrOUT|       pointer|
|m_axi_ddrOUT_AWUSER    |  out|    1|       m_axi|                               ddrOUT|       pointer|
|m_axi_ddrOUT_WVALID    |  out|    1|       m_axi|                               ddrOUT|       pointer|
|m_axi_ddrOUT_WREADY    |   in|    1|       m_axi|                               ddrOUT|       pointer|
|m_axi_ddrOUT_WDATA     |  out|    8|       m_axi|                               ddrOUT|       pointer|
|m_axi_ddrOUT_WSTRB     |  out|    1|       m_axi|                               ddrOUT|       pointer|
|m_axi_ddrOUT_WLAST     |  out|    1|       m_axi|                               ddrOUT|       pointer|
|m_axi_ddrOUT_WID       |  out|    1|       m_axi|                               ddrOUT|       pointer|
|m_axi_ddrOUT_WUSER     |  out|    1|       m_axi|                               ddrOUT|       pointer|
|m_axi_ddrOUT_ARVALID   |  out|    1|       m_axi|                               ddrOUT|       pointer|
|m_axi_ddrOUT_ARREADY   |   in|    1|       m_axi|                               ddrOUT|       pointer|
|m_axi_ddrOUT_ARADDR    |  out|   64|       m_axi|                               ddrOUT|       pointer|
|m_axi_ddrOUT_ARID      |  out|    1|       m_axi|                               ddrOUT|       pointer|
|m_axi_ddrOUT_ARLEN     |  out|   32|       m_axi|                               ddrOUT|       pointer|
|m_axi_ddrOUT_ARSIZE    |  out|    3|       m_axi|                               ddrOUT|       pointer|
|m_axi_ddrOUT_ARBURST   |  out|    2|       m_axi|                               ddrOUT|       pointer|
|m_axi_ddrOUT_ARLOCK    |  out|    2|       m_axi|                               ddrOUT|       pointer|
|m_axi_ddrOUT_ARCACHE   |  out|    4|       m_axi|                               ddrOUT|       pointer|
|m_axi_ddrOUT_ARPROT    |  out|    3|       m_axi|                               ddrOUT|       pointer|
|m_axi_ddrOUT_ARQOS     |  out|    4|       m_axi|                               ddrOUT|       pointer|
|m_axi_ddrOUT_ARREGION  |  out|    4|       m_axi|                               ddrOUT|       pointer|
|m_axi_ddrOUT_ARUSER    |  out|    1|       m_axi|                               ddrOUT|       pointer|
|m_axi_ddrOUT_RVALID    |   in|    1|       m_axi|                               ddrOUT|       pointer|
|m_axi_ddrOUT_RREADY    |  out|    1|       m_axi|                               ddrOUT|       pointer|
|m_axi_ddrOUT_RDATA     |   in|    8|       m_axi|                               ddrOUT|       pointer|
|m_axi_ddrOUT_RLAST     |   in|    1|       m_axi|                               ddrOUT|       pointer|
|m_axi_ddrOUT_RID       |   in|    1|       m_axi|                               ddrOUT|       pointer|
|m_axi_ddrOUT_RFIFONUM  |   in|   11|       m_axi|                               ddrOUT|       pointer|
|m_axi_ddrOUT_RUSER     |   in|    1|       m_axi|                               ddrOUT|       pointer|
|m_axi_ddrOUT_RRESP     |   in|    2|       m_axi|                               ddrOUT|       pointer|
|m_axi_ddrOUT_BVALID    |   in|    1|       m_axi|                               ddrOUT|       pointer|
|m_axi_ddrOUT_BREADY    |  out|    1|       m_axi|                               ddrOUT|       pointer|
|m_axi_ddrOUT_BRESP     |   in|    2|       m_axi|                               ddrOUT|       pointer|
|m_axi_ddrOUT_BID       |   in|    1|       m_axi|                               ddrOUT|       pointer|
|m_axi_ddrOUT_BUSER     |   in|    1|       m_axi|                               ddrOUT|       pointer|
|g_out                  |   in|   64|     ap_none|                                g_out|        scalar|
|out_r_address0         |  out|    3|   ap_memory|                                out_r|         array|
|out_r_ce0              |  out|    1|   ap_memory|                                out_r|         array|
|out_r_q0               |   in|    8|   ap_memory|                                out_r|         array|
+-----------------------+-----+-----+------------+-------------------------------------+--------------+

