

================================================================
== Vitis HLS Report for 'action_diff_head_Pipeline_LOAD_NA'
================================================================
* Date:           Thu May 28 13:02:12 2026

* Version:        2024.1 (Build 5069499 on May 21 2024)
* Project:        action_diff_hls
* Solution:       sol1 (Vivado IP Flow Target)
* Product family: versalaicore
* Target device:  xcvc1902-vsva2197-2MP-e-S


================================================================
== Performance Estimates
================================================================
+ Timing: 
    * Summary: 
    +--------+---------+----------+------------+
    |  Clock |  Target | Estimated| Uncertainty|
    +--------+---------+----------+------------+
    |ap_clk  |  4.00 ns|  1.426 ns|     1.08 ns|
    +--------+---------+----------+------------+

+ Latency: 
    * Summary: 
    +---------+---------+-----------+-----------+-----+-----+-----------------------------------------------+
    |  Latency (cycles) |   Latency (absolute)  |  Interval |                    Pipeline                   |
    |   min   |   max   |    min    |    max    | min | max |                      Type                     |
    +---------+---------+-----------+-----------+-----+-----+-----------------------------------------------+
    |        9|        9|  36.000 ns|  36.000 ns|    8|    8|  loop auto-rewind stp(delay=0 clock cycles(s))|
    +---------+---------+-----------+-----------+-----+-----+-----------------------------------------------+

    + Detail: 
        * Instance: 
        N/A

        * Loop: 
        +-----------+---------+---------+----------+-----------+-----------+------+----------+
        |           |  Latency (cycles) | Iteration|  Initiation Interval  | Trip |          |
        | Loop Name |   min   |   max   |  Latency |  achieved |   target  | Count| Pipelined|
        +-----------+---------+---------+----------+-----------+-----------+------+----------+
        |- LOAD_NA  |        7|        7|         2|          1|          1|     7|       yes|
        +-----------+---------+---------+----------+-----------+-----------+------+----------+



================================================================
== Utilization Estimates
================================================================
* Summary: 
+-----------------+---------+------+---------+--------+-----+
|       Name      | BRAM_18K|  DSP |    FF   |   LUT  | URAM|
+-----------------+---------+------+---------+--------+-----+
|DSP              |        -|     -|        -|       -|    -|
|Expression       |        -|     -|        0|      11|    -|
|FIFO             |        -|     -|        -|       -|    -|
|Instance         |        -|     -|        -|       -|    -|
|Memory           |        -|     -|        -|       -|    -|
|Multiplexer      |        -|     -|        0|      40|    -|
|Register         |        -|     -|       65|       -|    -|
+-----------------+---------+------+---------+--------+-----+
|Total            |        0|     0|       65|      51|    0|
+-----------------+---------+------+---------+--------+-----+
|Available        |     1934|  1968|  1799680|  899840|  463|
+-----------------+---------+------+---------+--------+-----+
|Utilization (%)  |        0|     0|       ~0|      ~0|    0|
+-----------------+---------+------+---------+--------+-----+

+ Detail: 
    * Instance: 
    N/A

    * DSP: 
    N/A

    * Memory: 
    N/A

    * FIFO: 
    N/A

    * Expression: 
    +---------------------------+----------+----+---+----+------------+------------+
    |       Variable Name       | Operation| DSP| FF| LUT| Bitwidth P0| Bitwidth P1|
    +---------------------------+----------+----+---+----+------------+------------+
    |add_ln92_fu_186_p2         |         +|   0|  0|   6|           3|           1|
    |ap_block_pp0_stage0_01001  |       and|   0|  0|   2|           1|           1|
    |icmp_ln92_fu_192_p2        |      icmp|   0|  0|   1|           3|           2|
    |ap_enable_pp0              |       xor|   0|  0|   2|           1|           2|
    +---------------------------+----------+----+---+----+------------+------------+
    |Total                      |          |   0|  0|  11|           8|           6|
    +---------------------------+----------+----+---+----+------------+------------+

    * Multiplexer: 
    +-------------------------+----+-----------+-----+-----------+
    |           Name          | LUT| Input Size| Bits| Total Bits|
    +-------------------------+----+-----------+-----+-----------+
    |a_fu_70                  |   8|          2|    3|          6|
    |ap_done_int              |   8|          2|    1|          2|
    |ap_enable_reg_pp0_iter1  |   8|          2|    1|          2|
    |ap_sig_allocacmp_a_2     |   8|          2|    3|          6|
    |ddrIN_blk_n_R            |   8|          2|    1|          2|
    +-------------------------+----+-----------+-----+-----------+
    |Total                    |  40|         10|    9|         18|
    +-------------------------+----+-----------+-----+-----------+

    * Register: 
    +-------------------------+---+----+-----+-----------+
    |           Name          | FF| LUT| Bits| Const Bits|
    +-------------------------+---+----+-----+-----------+
    |a_2_reg_417              |  3|   0|    3|          0|
    |a_fu_70                  |  3|   0|    3|          0|
    |ap_CS_fsm                |  1|   0|    1|          0|
    |ap_done_reg              |  1|   0|    1|          0|
    |ap_enable_reg_pp0_iter1  |  1|   0|    1|          0|
    |empty_178_fu_78          |  8|   0|    8|          0|
    |empty_179_fu_82          |  8|   0|    8|          0|
    |empty_180_fu_86          |  8|   0|    8|          0|
    |empty_181_fu_90          |  8|   0|    8|          0|
    |empty_182_fu_94          |  8|   0|    8|          0|
    |empty_183_fu_98          |  8|   0|    8|          0|
    |empty_fu_74              |  8|   0|    8|          0|
    +-------------------------+---+----+-----+-----------+
    |Total                    | 65|   0|   65|          0|
    +-------------------------+---+----+-----+-----------+



================================================================
== Interface
================================================================
* Summary: 
+----------------------+-----+-----+------------+-----------------------------------+--------------+
|       RTL Ports      | Dir | Bits|  Protocol  |           Source Object           |    C Type    |
+----------------------+-----+-----+------------+-----------------------------------+--------------+
|ap_clk                |   in|    1|  ap_ctrl_hs|  action_diff_head_Pipeline_LOAD_NA|  return value|
|ap_rst                |   in|    1|  ap_ctrl_hs|  action_diff_head_Pipeline_LOAD_NA|  return value|
|ap_start              |   in|    1|  ap_ctrl_hs|  action_diff_head_Pipeline_LOAD_NA|  return value|
|ap_done               |  out|    1|  ap_ctrl_hs|  action_diff_head_Pipeline_LOAD_NA|  return value|
|ap_idle               |  out|    1|  ap_ctrl_hs|  action_diff_head_Pipeline_LOAD_NA|  return value|
|ap_ready              |  out|    1|  ap_ctrl_hs|  action_diff_head_Pipeline_LOAD_NA|  return value|
|m_axi_ddrIN_AWVALID   |  out|    1|       m_axi|                              ddrIN|       pointer|
|m_axi_ddrIN_AWREADY   |   in|    1|       m_axi|                              ddrIN|       pointer|
|m_axi_ddrIN_AWADDR    |  out|   64|       m_axi|                              ddrIN|       pointer|
|m_axi_ddrIN_AWID      |  out|    1|       m_axi|                              ddrIN|       pointer|
|m_axi_ddrIN_AWLEN     |  out|   32|       m_axi|                              ddrIN|       pointer|
|m_axi_ddrIN_AWSIZE    |  out|    3|       m_axi|                              ddrIN|       pointer|
|m_axi_ddrIN_AWBURST   |  out|    2|       m_axi|                              ddrIN|       pointer|
|m_axi_ddrIN_AWLOCK    |  out|    2|       m_axi|                              ddrIN|       pointer|
|m_axi_ddrIN_AWCACHE   |  out|    4|       m_axi|                              ddrIN|       pointer|
|m_axi_ddrIN_AWPROT    |  out|    3|       m_axi|                              ddrIN|       pointer|
|m_axi_ddrIN_AWQOS     |  out|    4|       m_axi|                              ddrIN|       pointer|
|m_axi_ddrIN_AWREGION  |  out|    4|       m_axi|                              ddrIN|       pointer|
|m_axi_ddrIN_AWUSER    |  out|    1|       m_axi|                              ddrIN|       pointer|
|m_axi_ddrIN_WVALID    |  out|    1|       m_axi|                              ddrIN|       pointer|
|m_axi_ddrIN_WREADY    |   in|    1|       m_axi|                              ddrIN|       pointer|
|m_axi_ddrIN_WDATA     |  out|    8|       m_axi|                              ddrIN|       pointer|
|m_axi_ddrIN_WSTRB     |  out|    1|       m_axi|                              ddrIN|       pointer|
|m_axi_ddrIN_WLAST     |  out|    1|       m_axi|                              ddrIN|       pointer|
|m_axi_ddrIN_WID       |  out|    1|       m_axi|                              ddrIN|       pointer|
|m_axi_ddrIN_WUSER     |  out|    1|       m_axi|                              ddrIN|       pointer|
|m_axi_ddrIN_ARVALID   |  out|    1|       m_axi|                              ddrIN|       pointer|
|m_axi_ddrIN_ARREADY   |   in|    1|       m_axi|                              ddrIN|       pointer|
|m_axi_ddrIN_ARADDR    |  out|   64|       m_axi|                              ddrIN|       pointer|
|m_axi_ddrIN_ARID      |  out|    1|       m_axi|                              ddrIN|       pointer|
|m_axi_ddrIN_ARLEN     |  out|   32|       m_axi|                              ddrIN|       pointer|
|m_axi_ddrIN_ARSIZE    |  out|    3|       m_axi|                              ddrIN|       pointer|
|m_axi_ddrIN_ARBURST   |  out|    2|       m_axi|                              ddrIN|       pointer|
|m_axi_ddrIN_ARLOCK    |  out|    2|       m_axi|                              ddrIN|       pointer|
|m_axi_ddrIN_ARCACHE   |  out|    4|       m_axi|                              ddrIN|       pointer|
|m_axi_ddrIN_ARPROT    |  out|    3|       m_axi|                              ddrIN|       pointer|
|m_axi_ddrIN_ARQOS     |  out|    4|       m_axi|                              ddrIN|       pointer|
|m_axi_ddrIN_ARREGION  |  out|    4|       m_axi|                              ddrIN|       pointer|
|m_axi_ddrIN_ARUSER    |  out|    1|       m_axi|                              ddrIN|       pointer|
|m_axi_ddrIN_RVALID    |   in|    1|       m_axi|                              ddrIN|       pointer|
|m_axi_ddrIN_RREADY    |  out|    1|       m_axi|                              ddrIN|       pointer|
|m_axi_ddrIN_RDATA     |   in|    8|       m_axi|                              ddrIN|       pointer|
|m_axi_ddrIN_RLAST     |   in|    1|       m_axi|                              ddrIN|       pointer|
|m_axi_ddrIN_RID       |   in|    1|       m_axi|                              ddrIN|       pointer|
|m_axi_ddrIN_RFIFONUM  |   in|   11|       m_axi|                              ddrIN|       pointer|
|m_axi_ddrIN_RUSER     |   in|    1|       m_axi|                              ddrIN|       pointer|
|m_axi_ddrIN_RRESP     |   in|    2|       m_axi|                              ddrIN|       pointer|
|m_axi_ddrIN_BVALID    |   in|    1|       m_axi|                              ddrIN|       pointer|
|m_axi_ddrIN_BREADY    |  out|    1|       m_axi|                              ddrIN|       pointer|
|m_axi_ddrIN_BRESP     |   in|    2|       m_axi|                              ddrIN|       pointer|
|m_axi_ddrIN_BID       |   in|    1|       m_axi|                              ddrIN|       pointer|
|m_axi_ddrIN_BUSER     |   in|    1|       m_axi|                              ddrIN|       pointer|
|g_noisy_action        |   in|   64|     ap_none|                     g_noisy_action|        scalar|
|p_out                 |  out|    8|      ap_vld|                              p_out|       pointer|
|p_out_ap_vld          |  out|    1|      ap_vld|                              p_out|       pointer|
|p_out1                |  out|    8|      ap_vld|                             p_out1|       pointer|
|p_out1_ap_vld         |  out|    1|      ap_vld|                             p_out1|       pointer|
|p_out2                |  out|    8|      ap_vld|                             p_out2|       pointer|
|p_out2_ap_vld         |  out|    1|      ap_vld|                             p_out2|       pointer|
|p_out3                |  out|    8|      ap_vld|                             p_out3|       pointer|
|p_out3_ap_vld         |  out|    1|      ap_vld|                             p_out3|       pointer|
|p_out4                |  out|    8|      ap_vld|                             p_out4|       pointer|
|p_out4_ap_vld         |  out|    1|      ap_vld|                             p_out4|       pointer|
|p_out5                |  out|    8|      ap_vld|                             p_out5|       pointer|
|p_out5_ap_vld         |  out|    1|      ap_vld|                             p_out5|       pointer|
|p_out6                |  out|    8|      ap_vld|                             p_out6|       pointer|
|p_out6_ap_vld         |  out|    1|      ap_vld|                             p_out6|       pointer|
+----------------------+-----+-----+------------+-----------------------------------+--------------+

