

================================================================
== Vitis HLS Report for 'action_diff_head_Pipeline_VITIS_LOOP_266_13'
================================================================
* Date:           Thu May 28 13:03:30 2026

* Version:        2024.1 (Build 5069499 on May 21 2024)
* Project:        action_diff_hls
* Solution:       sol1 (Vivado IP Flow Target)
* Product family: versalaicore
* Target device:  xcvc1902-vsva2197-2MP-e-S


================================================================
== Performance Estimates
================================================================
+ Timing: 
    * Summary: 
    +--------+---------+----------+------------+
    |  Clock |  Target | Estimated| Uncertainty|
    +--------+---------+----------+------------+
    |ap_clk  |  4.00 ns|  2.858 ns|     1.08 ns|
    +--------+---------+----------+------------+

+ Latency: 
    * Summary: 
    +---------+---------+-----------+-----------+-----+-----+-----------------------------------------------+
    |  Latency (cycles) |   Latency (absolute)  |  Interval |                    Pipeline                   |
    |   min   |   max   |    min    |    max    | min | max |                      Type                     |
    +---------+---------+-----------+-----------+-----+-----+-----------------------------------------------+
    |       14|       14|  56.000 ns|  56.000 ns|    9|    9|  loop auto-rewind stp(delay=0 clock cycles(s))|
    +---------+---------+-----------+-----------+-----+-----+-----------------------------------------------+

    + Detail: 
        * Instance: 
        N/A

        * Loop: 
        +---------------------+---------+---------+----------+-----------+-----------+------+----------+
        |                     |  Latency (cycles) | Iteration|  Initiation Interval  | Trip |          |
        |      Loop Name      |   min   |   max   |  Latency |  achieved |   target  | Count| Pipelined|
        +---------------------+---------+---------+----------+-----------+-----------+------+----------+
        |- VITIS_LOOP_266_13  |       12|       12|         6|          1|          1|     8|       yes|
        +---------------------+---------+---------+----------+-----------+-----------+------+----------+



================================================================
== Utilization Estimates
================================================================
* Summary: 
+-----------------+---------+------+---------+--------+-----+
|       Name      | BRAM_18K|  DSP |    FF   |   LUT  | URAM|
+-----------------+---------+------+---------+--------+-----+
|DSP              |        -|    32|        -|       -|    -|
|Expression       |        -|     -|        0|     621|    -|
|FIFO             |        -|     -|        -|       -|    -|
|Instance         |        -|     0|        0|    2720|    -|
|Memory           |        -|     -|        -|       -|    -|
|Multiplexer      |        -|     -|        0|      80|    -|
|Register         |        -|     -|      402|       2|    -|
+-----------------+---------+------+---------+--------+-----+
|Total            |        0|    32|      402|    3423|    0|
+-----------------+---------+------+---------+--------+-----+
|Available        |     1934|  1968|  1799680|  899840|  463|
+-----------------+---------+------+---------+--------+-----+
|Utilization (%)  |        0|     1|       ~0|      ~0|    0|
+-----------------+---------+------+---------+--------+-----+

+ Detail: 
    * Instance: 
    +------------------------+------------------+---------+----+---+----+-----+
    |        Instance        |      Module      | BRAM_18K| DSP| FF| LUT| URAM|
    +------------------------+------------------+---------+----+---+----+-----+
    |mul_8s_8s_16_1_1_U1610  |mul_8s_8s_16_1_1  |        0|   0|  0|  85|    0|
    |mul_8s_8s_16_1_1_U1611  |mul_8s_8s_16_1_1  |        0|   0|  0|  85|    0|
    |mul_8s_8s_16_1_1_U1612  |mul_8s_8s_16_1_1  |        0|   0|  0|  85|    0|
    |mul_8s_8s_16_1_1_U1613  |mul_8s_8s_16_1_1  |        0|   0|  0|  85|    0|
    |mul_8s_8s_16_1_1_U1614  |mul_8s_8s_16_1_1  |        0|   0|  0|  85|    0|
    |mul_8s_8s_16_1_1_U1615  |mul_8s_8s_16_1_1  |        0|   0|  0|  85|    0|
    |mul_8s_8s_16_1_1_U1616  |mul_8s_8s_16_1_1  |        0|   0|  0|  85|    0|
    |mul_8s_8s_16_1_1_U1617  |mul_8s_8s_16_1_1  |        0|   0|  0|  85|    0|
    |mul_8s_8s_16_1_1_U1618  |mul_8s_8s_16_1_1  |        0|   0|  0|  85|    0|
    |mul_8s_8s_16_1_1_U1619  |mul_8s_8s_16_1_1  |        0|   0|  0|  85|    0|
    |mul_8s_8s_16_1_1_U1620  |mul_8s_8s_16_1_1  |        0|   0|  0|  85|    0|
    |mul_8s_8s_16_1_1_U1621  |mul_8s_8s_16_1_1  |        0|   0|  0|  85|    0|
    |mul_8s_8s_16_1_1_U1622  |mul_8s_8s_16_1_1  |        0|   0|  0|  85|    0|
    |mul_8s_8s_16_1_1_U1623  |mul_8s_8s_16_1_1  |        0|   0|  0|  85|    0|
    |mul_8s_8s_16_1_1_U1624  |mul_8s_8s_16_1_1  |        0|   0|  0|  85|    0|
    |mul_8s_8s_16_1_1_U1625  |mul_8s_8s_16_1_1  |        0|   0|  0|  85|    0|
    |mul_8s_8s_16_1_1_U1626  |mul_8s_8s_16_1_1  |        0|   0|  0|  85|    0|
    |mul_8s_8s_16_1_1_U1627  |mul_8s_8s_16_1_1  |        0|   0|  0|  85|    0|
    |mul_8s_8s_16_1_1_U1628  |mul_8s_8s_16_1_1  |        0|   0|  0|  85|    0|
    |mul_8s_8s_16_1_1_U1629  |mul_8s_8s_16_1_1  |        0|   0|  0|  85|    0|
    |mul_8s_8s_16_1_1_U1630  |mul_8s_8s_16_1_1  |        0|   0|  0|  85|    0|
    |mul_8s_8s_16_1_1_U1631  |mul_8s_8s_16_1_1  |        0|   0|  0|  85|    0|
    |mul_8s_8s_16_1_1_U1632  |mul_8s_8s_16_1_1  |        0|   0|  0|  85|    0|
    |mul_8s_8s_16_1_1_U1633  |mul_8s_8s_16_1_1  |        0|   0|  0|  85|    0|
    |mul_8s_8s_16_1_1_U1634  |mul_8s_8s_16_1_1  |        0|   0|  0|  85|    0|
    |mul_8s_8s_16_1_1_U1635  |mul_8s_8s_16_1_1  |        0|   0|  0|  85|    0|
    |mul_8s_8s_16_1_1_U1636  |mul_8s_8s_16_1_1  |        0|   0|  0|  85|    0|
    |mul_8s_8s_16_1_1_U1637  |mul_8s_8s_16_1_1  |        0|   0|  0|  85|    0|
    |mul_8s_8s_16_1_1_U1638  |mul_8s_8s_16_1_1  |        0|   0|  0|  85|    0|
    |mul_8s_8s_16_1_1_U1639  |mul_8s_8s_16_1_1  |        0|   0|  0|  85|    0|
    |mul_8s_8s_16_1_1_U1640  |mul_8s_8s_16_1_1  |        0|   0|  0|  85|    0|
    |mul_8s_8s_16_1_1_U1641  |mul_8s_8s_16_1_1  |        0|   0|  0|  85|    0|
    +------------------------+------------------+---------+----+---+----+-----+
    |Total                   |                  |        0|   0|  0|2720|    0|
    +------------------------+------------------+---------+----+---+----+-----+

    * DSP: 
    +-----------------------------------+-----------------------------+--------------+
    |              Instance             |            Module           |  Expression  |
    +-----------------------------------+-----------------------------+--------------+
    |mac_muladd_8s_8s_16s_17_4_1_U1642  |mac_muladd_8s_8s_16s_17_4_1  |  i0 + i1 * i2|
    |mac_muladd_8s_8s_16s_17_4_1_U1643  |mac_muladd_8s_8s_16s_17_4_1  |  i0 + i1 * i2|
    |mac_muladd_8s_8s_16s_17_4_1_U1644  |mac_muladd_8s_8s_16s_17_4_1  |  i0 + i1 * i2|
    |mac_muladd_8s_8s_16s_17_4_1_U1645  |mac_muladd_8s_8s_16s_17_4_1  |  i0 + i1 * i2|
    |mac_muladd_8s_8s_16s_17_4_1_U1646  |mac_muladd_8s_8s_16s_17_4_1  |  i0 + i1 * i2|
    |mac_muladd_8s_8s_16s_17_4_1_U1647  |mac_muladd_8s_8s_16s_17_4_1  |  i0 + i1 * i2|
    |mac_muladd_8s_8s_16s_17_4_1_U1648  |mac_muladd_8s_8s_16s_17_4_1  |  i0 + i1 * i2|
    |mac_muladd_8s_8s_16s_17_4_1_U1649  |mac_muladd_8s_8s_16s_17_4_1  |  i0 + i1 * i2|
    |mac_muladd_8s_8s_16s_17_4_1_U1650  |mac_muladd_8s_8s_16s_17_4_1  |  i0 + i1 * i2|
    |mac_muladd_8s_8s_16s_17_4_1_U1651  |mac_muladd_8s_8s_16s_17_4_1  |  i0 + i1 * i2|
    |mac_muladd_8s_8s_16s_17_4_1_U1652  |mac_muladd_8s_8s_16s_17_4_1  |  i0 + i1 * i2|
    |mac_muladd_8s_8s_16s_17_4_1_U1653  |mac_muladd_8s_8s_16s_17_4_1  |  i0 + i1 * i2|
    |mac_muladd_8s_8s_16s_17_4_1_U1654  |mac_muladd_8s_8s_16s_17_4_1  |  i0 + i1 * i2|
    |mac_muladd_8s_8s_16s_17_4_1_U1655  |mac_muladd_8s_8s_16s_17_4_1  |  i0 + i1 * i2|
    |mac_muladd_8s_8s_16s_17_4_1_U1656  |mac_muladd_8s_8s_16s_17_4_1  |  i0 + i1 * i2|
    |mac_muladd_8s_8s_16s_17_4_1_U1657  |mac_muladd_8s_8s_16s_17_4_1  |  i0 + i1 * i2|
    |mac_muladd_8s_8s_16s_17_4_1_U1658  |mac_muladd_8s_8s_16s_17_4_1  |  i0 + i1 * i2|
    |mac_muladd_8s_8s_16s_17_4_1_U1659  |mac_muladd_8s_8s_16s_17_4_1  |  i0 + i1 * i2|
    |mac_muladd_8s_8s_16s_17_4_1_U1660  |mac_muladd_8s_8s_16s_17_4_1  |  i0 + i1 * i2|
    |mac_muladd_8s_8s_16s_17_4_1_U1661  |mac_muladd_8s_8s_16s_17_4_1  |  i0 + i1 * i2|
    |mac_muladd_8s_8s_16s_17_4_1_U1662  |mac_muladd_8s_8s_16s_17_4_1  |  i0 + i1 * i2|
    |mac_muladd_8s_8s_16s_17_4_1_U1663  |mac_muladd_8s_8s_16s_17_4_1  |  i0 + i1 * i2|
    |mac_muladd_8s_8s_16s_17_4_1_U1664  |mac_muladd_8s_8s_16s_17_4_1  |  i0 + i1 * i2|
    |mac_muladd_8s_8s_16s_17_4_1_U1665  |mac_muladd_8s_8s_16s_17_4_1  |  i0 + i1 * i2|
    |mac_muladd_8s_8s_16s_17_4_1_U1666  |mac_muladd_8s_8s_16s_17_4_1  |  i0 + i1 * i2|
    |mac_muladd_8s_8s_16s_17_4_1_U1667  |mac_muladd_8s_8s_16s_17_4_1  |  i0 + i1 * i2|
    |mac_muladd_8s_8s_16s_17_4_1_U1668  |mac_muladd_8s_8s_16s_17_4_1  |  i0 + i1 * i2|
    |mac_muladd_8s_8s_16s_17_4_1_U1669  |mac_muladd_8s_8s_16s_17_4_1  |  i0 + i1 * i2|
    |mac_muladd_8s_8s_16s_17_4_1_U1670  |mac_muladd_8s_8s_16s_17_4_1  |  i0 + i1 * i2|
    |mac_muladd_8s_8s_16s_17_4_1_U1671  |mac_muladd_8s_8s_16s_17_4_1  |  i0 + i1 * i2|
    |mac_muladd_8s_8s_16s_17_4_1_U1672  |mac_muladd_8s_8s_16s_17_4_1  |  i0 + i1 * i2|
    |mac_muladd_8s_8s_16s_17_4_1_U1673  |mac_muladd_8s_8s_16s_17_4_1  |  i0 + i1 * i2|
    +-----------------------------------+-----------------------------+--------------+

    * Memory: 
    N/A

    * FIFO: 
    N/A

    * Expression: 
    +-------------------------+----------+----+---+----+------------+------------+
    |      Variable Name      | Operation| DSP| FF| LUT| Bitwidth P0| Bitwidth P1|
    +-------------------------+----------+----+---+----+------------+------------+
    |acc_1_fu_4365_p2         |         +|   0|  0|  25|          25|          25|
    |add_ln266_fu_2025_p2     |         +|   0|  0|  10|          10|           7|
    |add_ln273_12_fu_4021_p2  |         +|   0|  0|  18|          18|          18|
    |add_ln273_13_fu_4031_p2  |         +|   0|  0|  19|          19|          19|
    |add_ln273_14_fu_4041_p2  |         +|   0|  0|  20|          20|          20|
    |add_ln273_17_fu_4053_p2  |         +|   0|  0|  18|          18|          18|
    |add_ln273_20_fu_4069_p2  |         +|   0|  0|  18|          18|          18|
    |add_ln273_21_fu_4079_p2  |         +|   0|  0|  19|          19|          19|
    |add_ln273_24_fu_4095_p2  |         +|   0|  0|  18|          18|          18|
    |add_ln273_27_fu_4111_p2  |         +|   0|  0|  18|          18|          18|
    |add_ln273_28_fu_4121_p2  |         +|   0|  0|  19|          19|          19|
    |add_ln273_29_fu_4131_p2  |         +|   0|  0|  20|          20|          20|
    |add_ln273_2_fu_3963_p2   |         +|   0|  0|  18|          18|          18|
    |add_ln273_30_fu_4329_p2  |         +|   0|  0|  21|          21|          21|
    |add_ln273_33_fu_4143_p2  |         +|   0|  0|  18|          18|          18|
    |add_ln273_36_fu_4159_p2  |         +|   0|  0|  18|          18|          18|
    |add_ln273_37_fu_4169_p2  |         +|   0|  0|  19|          19|          19|
    |add_ln273_40_fu_4185_p2  |         +|   0|  0|  18|          18|          18|
    |add_ln273_43_fu_4201_p2  |         +|   0|  0|  18|          18|          18|
    |add_ln273_44_fu_4211_p2  |         +|   0|  0|  19|          19|          19|
    |add_ln273_45_fu_4221_p2  |         +|   0|  0|  20|          20|          20|
    |add_ln273_48_fu_4233_p2  |         +|   0|  0|  18|          18|          18|
    |add_ln273_51_fu_4249_p2  |         +|   0|  0|  18|          18|          18|
    |add_ln273_52_fu_4259_p2  |         +|   0|  0|  19|          19|          19|
    |add_ln273_55_fu_4275_p2  |         +|   0|  0|  18|          18|          18|
    |add_ln273_58_fu_4291_p2  |         +|   0|  0|  18|          18|          18|
    |add_ln273_59_fu_4301_p2  |         +|   0|  0|  19|          19|          19|
    |add_ln273_5_fu_3979_p2   |         +|   0|  0|  18|          18|          18|
    |add_ln273_60_fu_4311_p2  |         +|   0|  0|  20|          20|          20|
    |add_ln273_61_fu_4345_p2  |         +|   0|  0|  21|          21|          21|
    |add_ln273_62_fu_4355_p2  |         +|   0|  0|  22|          22|          22|
    |add_ln273_6_fu_3989_p2   |         +|   0|  0|  19|          19|          19|
    |add_ln273_9_fu_4005_p2   |         +|   0|  0|  18|          18|          18|
    |ap_enable_pp0            |       xor|   0|  0|   2|           1|           2|
    +-------------------------+----------+----+---+----+------------+------------+
    |Total                    |          |   0|  0| 621|         620|         618|
    +-------------------------+----------+----+---+----+------------+------------+

    * Multiplexer: 
    +-------------------------+----+-----------+-----+-----------+
    |           Name          | LUT| Input Size| Bits| Total Bits|
    +-------------------------+----+-----------+-----+-----------+
    |acc_fu_300               |  32|          2|   25|         50|
    |ap_done_int              |   8|          2|    1|          2|
    |ap_enable_reg_pp0_iter1  |   8|          2|    1|          2|
    |ap_sig_allocacmp_f0_1    |  16|          2|   10|         20|
    |f0_fu_304                |  16|          2|   10|         20|
    +-------------------------+----+-----------+-----+-----------+
    |Total                    |  80|         10|   47|         94|
    +-------------------------+----+-----------+-----+-----------+

    * Register: 
    +-----------------------------------+----+----+-----+-----------+
    |                Name               | FF | LUT| Bits| Const Bits|
    +-----------------------------------+----+----+-----+-----------+
    |W_ffn2_10_load_reg_5635            |   8|   0|    8|          0|
    |W_ffn2_12_load_reg_5645            |   8|   0|    8|          0|
    |W_ffn2_14_load_reg_5655            |   8|   0|    8|          0|
    |W_ffn2_16_load_reg_5665            |   8|   0|    8|          0|
    |W_ffn2_18_load_reg_5675            |   8|   0|    8|          0|
    |W_ffn2_20_load_reg_5685            |   8|   0|    8|          0|
    |W_ffn2_22_load_reg_5695            |   8|   0|    8|          0|
    |W_ffn2_24_load_reg_5705            |   8|   0|    8|          0|
    |W_ffn2_26_load_reg_5715            |   8|   0|    8|          0|
    |W_ffn2_28_load_reg_5725            |   8|   0|    8|          0|
    |W_ffn2_2_load_reg_5595             |   8|   0|    8|          0|
    |W_ffn2_30_load_reg_5735            |   8|   0|    8|          0|
    |W_ffn2_32_load_reg_5745            |   8|   0|    8|          0|
    |W_ffn2_34_load_reg_5755            |   8|   0|    8|          0|
    |W_ffn2_36_load_reg_5765            |   8|   0|    8|          0|
    |W_ffn2_38_load_reg_5775            |   8|   0|    8|          0|
    |W_ffn2_40_load_reg_5785            |   8|   0|    8|          0|
    |W_ffn2_42_load_reg_5795            |   8|   0|    8|          0|
    |W_ffn2_44_load_reg_5805            |   8|   0|    8|          0|
    |W_ffn2_46_load_reg_5815            |   8|   0|    8|          0|
    |W_ffn2_48_load_reg_5825            |   8|   0|    8|          0|
    |W_ffn2_4_load_reg_5605             |   8|   0|    8|          0|
    |W_ffn2_50_load_reg_5835            |   8|   0|    8|          0|
    |W_ffn2_52_load_reg_5845            |   8|   0|    8|          0|
    |W_ffn2_54_load_reg_5855            |   8|   0|    8|          0|
    |W_ffn2_56_load_reg_5865            |   8|   0|    8|          0|
    |W_ffn2_58_load_reg_5875            |   8|   0|    8|          0|
    |W_ffn2_60_load_reg_5885            |   8|   0|    8|          0|
    |W_ffn2_62_load_reg_5895            |   8|   0|    8|          0|
    |W_ffn2_6_load_reg_5615             |   8|   0|    8|          0|
    |W_ffn2_8_load_reg_5625             |   8|   0|    8|          0|
    |W_ffn2_load_reg_5585               |   8|   0|    8|          0|
    |acc_fu_300                         |  25|   0|   25|          0|
    |add_ln273_14_reg_6060              |  20|   0|   20|          0|
    |add_ln273_29_reg_6065              |  20|   0|   20|          0|
    |add_ln273_45_reg_6070              |  20|   0|   20|          0|
    |add_ln273_60_reg_6075              |  20|   0|   20|          0|
    |ap_CS_fsm                          |   1|   0|    1|          0|
    |ap_done_reg                        |   1|   0|    1|          0|
    |ap_enable_reg_pp0_iter1            |   1|   0|    1|          0|
    |ap_enable_reg_pp0_iter2            |   1|   0|    1|          0|
    |ap_enable_reg_pp0_iter3            |   1|   0|    1|          0|
    |ap_enable_reg_pp0_iter4            |   1|   0|    1|          0|
    |ap_enable_reg_pp0_iter5            |   1|   0|    1|          0|
    |ap_loop_exit_ready_pp0_iter1_reg   |   1|   0|    1|          0|
    |ap_loop_exit_ready_pp0_iter2_reg   |   1|   0|    1|          0|
    |ap_loop_exit_ready_pp0_iter3_reg   |   1|   0|    1|          0|
    |ap_loop_exit_ready_pp0_iter4_reg   |   1|   0|    1|          0|
    |f0_fu_304                          |  10|   0|   10|          0|
    |tmp_reg_4704                       |   1|   0|    1|          0|
    |zext_ln265_reg_4708                |   3|   0|   64|         61|
    |zext_ln265_reg_4708_pp0_iter1_reg  |   3|   0|   64|         61|
    |zext_ln271_reg_4744                |  11|   0|   64|         53|
    |tmp_reg_4704                       |   2|   2|    1|          0|
    +-----------------------------------+----+----+-----+-----------+
    |Total                              | 402|   2|  576|        175|
    +-----------------------------------+----+----+-----+-----------+



================================================================
== Interface
================================================================
* Summary: 
+--------------------+-----+-----+------------+---------------------------------------------+--------------+
|      RTL Ports     | Dir | Bits|  Protocol  |                Source Object                |    C Type    |
+--------------------+-----+-----+------------+---------------------------------------------+--------------+
|ap_clk              |   in|    1|  ap_ctrl_hs|  action_diff_head_Pipeline_VITIS_LOOP_266_13|  return value|
|ap_rst              |   in|    1|  ap_ctrl_hs|  action_diff_head_Pipeline_VITIS_LOOP_266_13|  return value|
|ap_start            |   in|    1|  ap_ctrl_hs|  action_diff_head_Pipeline_VITIS_LOOP_266_13|  return value|
|ap_done             |  out|    1|  ap_ctrl_hs|  action_diff_head_Pipeline_VITIS_LOOP_266_13|  return value|
|ap_idle             |  out|    1|  ap_ctrl_hs|  action_diff_head_Pipeline_VITIS_LOOP_266_13|  return value|
|ap_ready            |  out|    1|  ap_ctrl_hs|  action_diff_head_Pipeline_VITIS_LOOP_266_13|  return value|
|zext_ln264          |   in|    8|     ap_none|                                   zext_ln264|        scalar|
|W_ffn2_address0     |  out|   11|   ap_memory|                                       W_ffn2|         array|
|W_ffn2_ce0          |  out|    1|   ap_memory|                                       W_ffn2|         array|
|W_ffn2_q0           |   in|    8|   ap_memory|                                       W_ffn2|         array|
|W_ffn2_1_address0   |  out|   11|   ap_memory|                                     W_ffn2_1|         array|
|W_ffn2_1_ce0        |  out|    1|   ap_memory|                                     W_ffn2_1|         array|
|W_ffn2_1_q0         |   in|    8|   ap_memory|                                     W_ffn2_1|         array|
|W_ffn2_2_address0   |  out|   11|   ap_memory|                                     W_ffn2_2|         array|
|W_ffn2_2_ce0        |  out|    1|   ap_memory|                                     W_ffn2_2|         array|
|W_ffn2_2_q0         |   in|    8|   ap_memory|                                     W_ffn2_2|         array|
|W_ffn2_3_address0   |  out|   11|   ap_memory|                                     W_ffn2_3|         array|
|W_ffn2_3_ce0        |  out|    1|   ap_memory|                                     W_ffn2_3|         array|
|W_ffn2_3_q0         |   in|    8|   ap_memory|                                     W_ffn2_3|         array|
|W_ffn2_4_address0   |  out|   11|   ap_memory|                                     W_ffn2_4|         array|
|W_ffn2_4_ce0        |  out|    1|   ap_memory|                                     W_ffn2_4|         array|
|W_ffn2_4_q0         |   in|    8|   ap_memory|                                     W_ffn2_4|         array|
|W_ffn2_5_address0   |  out|   11|   ap_memory|                                     W_ffn2_5|         array|
|W_ffn2_5_ce0        |  out|    1|   ap_memory|                                     W_ffn2_5|         array|
|W_ffn2_5_q0         |   in|    8|   ap_memory|                                     W_ffn2_5|         array|
|W_ffn2_6_address0   |  out|   11|   ap_memory|                                     W_ffn2_6|         array|
|W_ffn2_6_ce0        |  out|    1|   ap_memory|                                     W_ffn2_6|         array|
|W_ffn2_6_q0         |   in|    8|   ap_memory|                                     W_ffn2_6|         array|
|W_ffn2_7_address0   |  out|   11|   ap_memory|                                     W_ffn2_7|         array|
|W_ffn2_7_ce0        |  out|    1|   ap_memory|                                     W_ffn2_7|         array|
|W_ffn2_7_q0         |   in|    8|   ap_memory|                                     W_ffn2_7|         array|
|W_ffn2_8_address0   |  out|   11|   ap_memory|                                     W_ffn2_8|         array|
|W_ffn2_8_ce0        |  out|    1|   ap_memory|                                     W_ffn2_8|         array|
|W_ffn2_8_q0         |   in|    8|   ap_memory|                                     W_ffn2_8|         array|
|W_ffn2_9_address0   |  out|   11|   ap_memory|                                     W_ffn2_9|         array|
|W_ffn2_9_ce0        |  out|    1|   ap_memory|                                     W_ffn2_9|         array|
|W_ffn2_9_q0         |   in|    8|   ap_memory|                                     W_ffn2_9|         array|
|W_ffn2_10_address0  |  out|   11|   ap_memory|                                    W_ffn2_10|         array|
|W_ffn2_10_ce0       |  out|    1|   ap_memory|                                    W_ffn2_10|         array|
|W_ffn2_10_q0        |   in|    8|   ap_memory|                                    W_ffn2_10|         array|
|W_ffn2_11_address0  |  out|   11|   ap_memory|                                    W_ffn2_11|         array|
|W_ffn2_11_ce0       |  out|    1|   ap_memory|                                    W_ffn2_11|         array|
|W_ffn2_11_q0        |   in|    8|   ap_memory|                                    W_ffn2_11|         array|
|W_ffn2_12_address0  |  out|   11|   ap_memory|                                    W_ffn2_12|         array|
|W_ffn2_12_ce0       |  out|    1|   ap_memory|                                    W_ffn2_12|         array|
|W_ffn2_12_q0        |   in|    8|   ap_memory|                                    W_ffn2_12|         array|
|W_ffn2_13_address0  |  out|   11|   ap_memory|                                    W_ffn2_13|         array|
|W_ffn2_13_ce0       |  out|    1|   ap_memory|                                    W_ffn2_13|         array|
|W_ffn2_13_q0        |   in|    8|   ap_memory|                                    W_ffn2_13|         array|
|W_ffn2_14_address0  |  out|   11|   ap_memory|                                    W_ffn2_14|         array|
|W_ffn2_14_ce0       |  out|    1|   ap_memory|                                    W_ffn2_14|         array|
|W_ffn2_14_q0        |   in|    8|   ap_memory|                                    W_ffn2_14|         array|
|W_ffn2_15_address0  |  out|   11|   ap_memory|                                    W_ffn2_15|         array|
|W_ffn2_15_ce0       |  out|    1|   ap_memory|                                    W_ffn2_15|         array|
|W_ffn2_15_q0        |   in|    8|   ap_memory|                                    W_ffn2_15|         array|
|W_ffn2_16_address0  |  out|   11|   ap_memory|                                    W_ffn2_16|         array|
|W_ffn2_16_ce0       |  out|    1|   ap_memory|                                    W_ffn2_16|         array|
|W_ffn2_16_q0        |   in|    8|   ap_memory|                                    W_ffn2_16|         array|
|W_ffn2_17_address0  |  out|   11|   ap_memory|                                    W_ffn2_17|         array|
|W_ffn2_17_ce0       |  out|    1|   ap_memory|                                    W_ffn2_17|         array|
|W_ffn2_17_q0        |   in|    8|   ap_memory|                                    W_ffn2_17|         array|
|W_ffn2_18_address0  |  out|   11|   ap_memory|                                    W_ffn2_18|         array|
|W_ffn2_18_ce0       |  out|    1|   ap_memory|                                    W_ffn2_18|         array|
|W_ffn2_18_q0        |   in|    8|   ap_memory|                                    W_ffn2_18|         array|
|W_ffn2_19_address0  |  out|   11|   ap_memory|                                    W_ffn2_19|         array|
|W_ffn2_19_ce0       |  out|    1|   ap_memory|                                    W_ffn2_19|         array|
|W_ffn2_19_q0        |   in|    8|   ap_memory|                                    W_ffn2_19|         array|
|W_ffn2_20_address0  |  out|   11|   ap_memory|                                    W_ffn2_20|         array|
|W_ffn2_20_ce0       |  out|    1|   ap_memory|                                    W_ffn2_20|         array|
|W_ffn2_20_q0        |   in|    8|   ap_memory|                                    W_ffn2_20|         array|
|W_ffn2_21_address0  |  out|   11|   ap_memory|                                    W_ffn2_21|         array|
|W_ffn2_21_ce0       |  out|    1|   ap_memory|                                    W_ffn2_21|         array|
|W_ffn2_21_q0        |   in|    8|   ap_memory|                                    W_ffn2_21|         array|
|W_ffn2_22_address0  |  out|   11|   ap_memory|                                    W_ffn2_22|         array|
|W_ffn2_22_ce0       |  out|    1|   ap_memory|                                    W_ffn2_22|         array|
|W_ffn2_22_q0        |   in|    8|   ap_memory|                                    W_ffn2_22|         array|
|W_ffn2_23_address0  |  out|   11|   ap_memory|                                    W_ffn2_23|         array|
|W_ffn2_23_ce0       |  out|    1|   ap_memory|                                    W_ffn2_23|         array|
|W_ffn2_23_q0        |   in|    8|   ap_memory|                                    W_ffn2_23|         array|
|W_ffn2_24_address0  |  out|   11|   ap_memory|                                    W_ffn2_24|         array|
|W_ffn2_24_ce0       |  out|    1|   ap_memory|                                    W_ffn2_24|         array|
|W_ffn2_24_q0        |   in|    8|   ap_memory|                                    W_ffn2_24|         array|
|W_ffn2_25_address0  |  out|   11|   ap_memory|                                    W_ffn2_25|         array|
|W_ffn2_25_ce0       |  out|    1|   ap_memory|                                    W_ffn2_25|         array|
|W_ffn2_25_q0        |   in|    8|   ap_memory|                                    W_ffn2_25|         array|
|W_ffn2_26_address0  |  out|   11|   ap_memory|                                    W_ffn2_26|         array|
|W_ffn2_26_ce0       |  out|    1|   ap_memory|                                    W_ffn2_26|         array|
|W_ffn2_26_q0        |   in|    8|   ap_memory|                                    W_ffn2_26|         array|
|W_ffn2_27_address0  |  out|   11|   ap_memory|                                    W_ffn2_27|         array|
|W_ffn2_27_ce0       |  out|    1|   ap_memory|                                    W_ffn2_27|         array|
|W_ffn2_27_q0        |   in|    8|   ap_memory|                                    W_ffn2_27|         array|
|W_ffn2_28_address0  |  out|   11|   ap_memory|                                    W_ffn2_28|         array|
|W_ffn2_28_ce0       |  out|    1|   ap_memory|                                    W_ffn2_28|         array|
|W_ffn2_28_q0        |   in|    8|   ap_memory|                                    W_ffn2_28|         array|
|W_ffn2_29_address0  |  out|   11|   ap_memory|                                    W_ffn2_29|         array|
|W_ffn2_29_ce0       |  out|    1|   ap_memory|                                    W_ffn2_29|         array|
|W_ffn2_29_q0        |   in|    8|   ap_memory|                                    W_ffn2_29|         array|
|W_ffn2_30_address0  |  out|   11|   ap_memory|                                    W_ffn2_30|         array|
|W_ffn2_30_ce0       |  out|    1|   ap_memory|                                    W_ffn2_30|         array|
|W_ffn2_30_q0        |   in|    8|   ap_memory|                                    W_ffn2_30|         array|
|W_ffn2_31_address0  |  out|   11|   ap_memory|                                    W_ffn2_31|         array|
|W_ffn2_31_ce0       |  out|    1|   ap_memory|                                    W_ffn2_31|         array|
|W_ffn2_31_q0        |   in|    8|   ap_memory|                                    W_ffn2_31|         array|
|W_ffn2_32_address0  |  out|   11|   ap_memory|                                    W_ffn2_32|         array|
|W_ffn2_32_ce0       |  out|    1|   ap_memory|                                    W_ffn2_32|         array|
|W_ffn2_32_q0        |   in|    8|   ap_memory|                                    W_ffn2_32|         array|
|W_ffn2_33_address0  |  out|   11|   ap_memory|                                    W_ffn2_33|         array|
|W_ffn2_33_ce0       |  out|    1|   ap_memory|                                    W_ffn2_33|         array|
|W_ffn2_33_q0        |   in|    8|   ap_memory|                                    W_ffn2_33|         array|
|W_ffn2_34_address0  |  out|   11|   ap_memory|                                    W_ffn2_34|         array|
|W_ffn2_34_ce0       |  out|    1|   ap_memory|                                    W_ffn2_34|         array|
|W_ffn2_34_q0        |   in|    8|   ap_memory|                                    W_ffn2_34|         array|
|W_ffn2_35_address0  |  out|   11|   ap_memory|                                    W_ffn2_35|         array|
|W_ffn2_35_ce0       |  out|    1|   ap_memory|                                    W_ffn2_35|         array|
|W_ffn2_35_q0        |   in|    8|   ap_memory|                                    W_ffn2_35|         array|
|W_ffn2_36_address0  |  out|   11|   ap_memory|                                    W_ffn2_36|         array|
|W_ffn2_36_ce0       |  out|    1|   ap_memory|                                    W_ffn2_36|         array|
|W_ffn2_36_q0        |   in|    8|   ap_memory|                                    W_ffn2_36|         array|
|W_ffn2_37_address0  |  out|   11|   ap_memory|                                    W_ffn2_37|         array|
|W_ffn2_37_ce0       |  out|    1|   ap_memory|                                    W_ffn2_37|         array|
|W_ffn2_37_q0        |   in|    8|   ap_memory|                                    W_ffn2_37|         array|
|W_ffn2_38_address0  |  out|   11|   ap_memory|                                    W_ffn2_38|         array|
|W_ffn2_38_ce0       |  out|    1|   ap_memory|                                    W_ffn2_38|         array|
|W_ffn2_38_q0        |   in|    8|   ap_memory|                                    W_ffn2_38|         array|
|W_ffn2_39_address0  |  out|   11|   ap_memory|                                    W_ffn2_39|         array|
|W_ffn2_39_ce0       |  out|    1|   ap_memory|                                    W_ffn2_39|         array|
|W_ffn2_39_q0        |   in|    8|   ap_memory|                                    W_ffn2_39|         array|
|W_ffn2_40_address0  |  out|   11|   ap_memory|                                    W_ffn2_40|         array|
|W_ffn2_40_ce0       |  out|    1|   ap_memory|                                    W_ffn2_40|         array|
|W_ffn2_40_q0        |   in|    8|   ap_memory|                                    W_ffn2_40|         array|
|W_ffn2_41_address0  |  out|   11|   ap_memory|                                    W_ffn2_41|         array|
|W_ffn2_41_ce0       |  out|    1|   ap_memory|                                    W_ffn2_41|         array|
|W_ffn2_41_q0        |   in|    8|   ap_memory|                                    W_ffn2_41|         array|
|W_ffn2_42_address0  |  out|   11|   ap_memory|                                    W_ffn2_42|         array|
|W_ffn2_42_ce0       |  out|    1|   ap_memory|                                    W_ffn2_42|         array|
|W_ffn2_42_q0        |   in|    8|   ap_memory|                                    W_ffn2_42|         array|
|W_ffn2_43_address0  |  out|   11|   ap_memory|                                    W_ffn2_43|         array|
|W_ffn2_43_ce0       |  out|    1|   ap_memory|                                    W_ffn2_43|         array|
|W_ffn2_43_q0        |   in|    8|   ap_memory|                                    W_ffn2_43|         array|
|W_ffn2_44_address0  |  out|   11|   ap_memory|                                    W_ffn2_44|         array|
|W_ffn2_44_ce0       |  out|    1|   ap_memory|                                    W_ffn2_44|         array|
|W_ffn2_44_q0        |   in|    8|   ap_memory|                                    W_ffn2_44|         array|
|W_ffn2_45_address0  |  out|   11|   ap_memory|                                    W_ffn2_45|         array|
|W_ffn2_45_ce0       |  out|    1|   ap_memory|                                    W_ffn2_45|         array|
|W_ffn2_45_q0        |   in|    8|   ap_memory|                                    W_ffn2_45|         array|
|W_ffn2_46_address0  |  out|   11|   ap_memory|                                    W_ffn2_46|         array|
|W_ffn2_46_ce0       |  out|    1|   ap_memory|                                    W_ffn2_46|         array|
|W_ffn2_46_q0        |   in|    8|   ap_memory|                                    W_ffn2_46|         array|
|W_ffn2_47_address0  |  out|   11|   ap_memory|                                    W_ffn2_47|         array|
|W_ffn2_47_ce0       |  out|    1|   ap_memory|                                    W_ffn2_47|         array|
|W_ffn2_47_q0        |   in|    8|   ap_memory|                                    W_ffn2_47|         array|
|W_ffn2_48_address0  |  out|   11|   ap_memory|                                    W_ffn2_48|         array|
|W_ffn2_48_ce0       |  out|    1|   ap_memory|                                    W_ffn2_48|         array|
|W_ffn2_48_q0        |   in|    8|   ap_memory|                                    W_ffn2_48|         array|
|W_ffn2_49_address0  |  out|   11|   ap_memory|                                    W_ffn2_49|         array|
|W_ffn2_49_ce0       |  out|    1|   ap_memory|                                    W_ffn2_49|         array|
|W_ffn2_49_q0        |   in|    8|   ap_memory|                                    W_ffn2_49|         array|
|W_ffn2_50_address0  |  out|   11|   ap_memory|                                    W_ffn2_50|         array|
|W_ffn2_50_ce0       |  out|    1|   ap_memory|                                    W_ffn2_50|         array|
|W_ffn2_50_q0        |   in|    8|   ap_memory|                                    W_ffn2_50|         array|
|W_ffn2_51_address0  |  out|   11|   ap_memory|                                    W_ffn2_51|         array|
|W_ffn2_51_ce0       |  out|    1|   ap_memory|                                    W_ffn2_51|         array|
|W_ffn2_51_q0        |   in|    8|   ap_memory|                                    W_ffn2_51|         array|
|W_ffn2_52_address0  |  out|   11|   ap_memory|                                    W_ffn2_52|         array|
|W_ffn2_52_ce0       |  out|    1|   ap_memory|                                    W_ffn2_52|         array|
|W_ffn2_52_q0        |   in|    8|   ap_memory|                                    W_ffn2_52|         array|
|W_ffn2_53_address0  |  out|   11|   ap_memory|                                    W_ffn2_53|         array|
|W_ffn2_53_ce0       |  out|    1|   ap_memory|                                    W_ffn2_53|         array|
|W_ffn2_53_q0        |   in|    8|   ap_memory|                                    W_ffn2_53|         array|
|W_ffn2_54_address0  |  out|   11|   ap_memory|                                    W_ffn2_54|         array|
|W_ffn2_54_ce0       |  out|    1|   ap_memory|                                    W_ffn2_54|         array|
|W_ffn2_54_q0        |   in|    8|   ap_memory|                                    W_ffn2_54|         array|
|W_ffn2_55_address0  |  out|   11|   ap_memory|                                    W_ffn2_55|         array|
|W_ffn2_55_ce0       |  out|    1|   ap_memory|                                    W_ffn2_55|         array|
|W_ffn2_55_q0        |   in|    8|   ap_memory|                                    W_ffn2_55|         array|
|W_ffn2_56_address0  |  out|   11|   ap_memory|                                    W_ffn2_56|         array|
|W_ffn2_56_ce0       |  out|    1|   ap_memory|                                    W_ffn2_56|         array|
|W_ffn2_56_q0        |   in|    8|   ap_memory|                                    W_ffn2_56|         array|
|W_ffn2_57_address0  |  out|   11|   ap_memory|                                    W_ffn2_57|         array|
|W_ffn2_57_ce0       |  out|    1|   ap_memory|                                    W_ffn2_57|         array|
|W_ffn2_57_q0        |   in|    8|   ap_memory|                                    W_ffn2_57|         array|
|W_ffn2_58_address0  |  out|   11|   ap_memory|                                    W_ffn2_58|         array|
|W_ffn2_58_ce0       |  out|    1|   ap_memory|                                    W_ffn2_58|         array|
|W_ffn2_58_q0        |   in|    8|   ap_memory|                                    W_ffn2_58|         array|
|W_ffn2_59_address0  |  out|   11|   ap_memory|                                    W_ffn2_59|         array|
|W_ffn2_59_ce0       |  out|    1|   ap_memory|                                    W_ffn2_59|         array|
|W_ffn2_59_q0        |   in|    8|   ap_memory|                                    W_ffn2_59|         array|
|W_ffn2_60_address0  |  out|   11|   ap_memory|                                    W_ffn2_60|         array|
|W_ffn2_60_ce0       |  out|    1|   ap_memory|                                    W_ffn2_60|         array|
|W_ffn2_60_q0        |   in|    8|   ap_memory|                                    W_ffn2_60|         array|
|W_ffn2_61_address0  |  out|   11|   ap_memory|                                    W_ffn2_61|         array|
|W_ffn2_61_ce0       |  out|    1|   ap_memory|                                    W_ffn2_61|         array|
|W_ffn2_61_q0        |   in|    8|   ap_memory|                                    W_ffn2_61|         array|
|W_ffn2_62_address0  |  out|   11|   ap_memory|                                    W_ffn2_62|         array|
|W_ffn2_62_ce0       |  out|    1|   ap_memory|                                    W_ffn2_62|         array|
|W_ffn2_62_q0        |   in|    8|   ap_memory|                                    W_ffn2_62|         array|
|W_ffn2_63_address0  |  out|   11|   ap_memory|                                    W_ffn2_63|         array|
|W_ffn2_63_ce0       |  out|    1|   ap_memory|                                    W_ffn2_63|         array|
|W_ffn2_63_q0        |   in|    8|   ap_memory|                                    W_ffn2_63|         array|
|h_address0          |  out|    3|   ap_memory|                                            h|         array|
|h_ce0               |  out|    1|   ap_memory|                                            h|         array|
|h_q0                |   in|    8|   ap_memory|                                            h|         array|
|h_1_address0        |  out|    3|   ap_memory|                                          h_1|         array|
|h_1_ce0             |  out|    1|   ap_memory|                                          h_1|         array|
|h_1_q0              |   in|    8|   ap_memory|                                          h_1|         array|
|h_2_address0        |  out|    3|   ap_memory|                                          h_2|         array|
|h_2_ce0             |  out|    1|   ap_memory|                                          h_2|         array|
|h_2_q0              |   in|    8|   ap_memory|                                          h_2|         array|
|h_3_address0        |  out|    3|   ap_memory|                                          h_3|         array|
|h_3_ce0             |  out|    1|   ap_memory|                                          h_3|         array|
|h_3_q0              |   in|    8|   ap_memory|                                          h_3|         array|
|h_4_address0        |  out|    3|   ap_memory|                                          h_4|         array|
|h_4_ce0             |  out|    1|   ap_memory|                                          h_4|         array|
|h_4_q0              |   in|    8|   ap_memory|                                          h_4|         array|
|h_5_address0        |  out|    3|   ap_memory|                                          h_5|         array|
|h_5_ce0             |  out|    1|   ap_memory|                                          h_5|         array|
|h_5_q0              |   in|    8|   ap_memory|                                          h_5|         array|
|h_6_address0        |  out|    3|   ap_memory|                                          h_6|         array|
|h_6_ce0             |  out|    1|   ap_memory|                                          h_6|         array|
|h_6_q0              |   in|    8|   ap_memory|                                          h_6|         array|
|h_7_address0        |  out|    3|   ap_memory|                                          h_7|         array|
|h_7_ce0             |  out|    1|   ap_memory|                                          h_7|         array|
|h_7_q0              |   in|    8|   ap_memory|                                          h_7|         array|
|h_8_address0        |  out|    3|   ap_memory|                                          h_8|         array|
|h_8_ce0             |  out|    1|   ap_memory|                                          h_8|         array|
|h_8_q0              |   in|    8|   ap_memory|                                          h_8|         array|
|h_9_address0        |  out|    3|   ap_memory|                                          h_9|         array|
|h_9_ce0             |  out|    1|   ap_memory|                                          h_9|         array|
|h_9_q0              |   in|    8|   ap_memory|                                          h_9|         array|
|h_10_address0       |  out|    3|   ap_memory|                                         h_10|         array|
|h_10_ce0            |  out|    1|   ap_memory|                                         h_10|         array|
|h_10_q0             |   in|    8|   ap_memory|                                         h_10|         array|
|h_11_address0       |  out|    3|   ap_memory|                                         h_11|         array|
|h_11_ce0            |  out|    1|   ap_memory|                                         h_11|         array|
|h_11_q0             |   in|    8|   ap_memory|                                         h_11|         array|
|h_12_address0       |  out|    3|   ap_memory|                                         h_12|         array|
|h_12_ce0            |  out|    1|   ap_memory|                                         h_12|         array|
|h_12_q0             |   in|    8|   ap_memory|                                         h_12|         array|
|h_13_address0       |  out|    3|   ap_memory|                                         h_13|         array|
|h_13_ce0            |  out|    1|   ap_memory|                                         h_13|         array|
|h_13_q0             |   in|    8|   ap_memory|                                         h_13|         array|
|h_14_address0       |  out|    3|   ap_memory|                                         h_14|         array|
|h_14_ce0            |  out|    1|   ap_memory|                                         h_14|         array|
|h_14_q0             |   in|    8|   ap_memory|                                         h_14|         array|
|h_15_address0       |  out|    3|   ap_memory|                                         h_15|         array|
|h_15_ce0            |  out|    1|   ap_memory|                                         h_15|         array|
|h_15_q0             |   in|    8|   ap_memory|                                         h_15|         array|
|h_16_address0       |  out|    3|   ap_memory|                                         h_16|         array|
|h_16_ce0            |  out|    1|   ap_memory|                                         h_16|         array|
|h_16_q0             |   in|    8|   ap_memory|                                         h_16|         array|
|h_17_address0       |  out|    3|   ap_memory|                                         h_17|         array|
|h_17_ce0            |  out|    1|   ap_memory|                                         h_17|         array|
|h_17_q0             |   in|    8|   ap_memory|                                         h_17|         array|
|h_18_address0       |  out|    3|   ap_memory|                                         h_18|         array|
|h_18_ce0            |  out|    1|   ap_memory|                                         h_18|         array|
|h_18_q0             |   in|    8|   ap_memory|                                         h_18|         array|
|h_19_address0       |  out|    3|   ap_memory|                                         h_19|         array|
|h_19_ce0            |  out|    1|   ap_memory|                                         h_19|         array|
|h_19_q0             |   in|    8|   ap_memory|                                         h_19|         array|
|h_20_address0       |  out|    3|   ap_memory|                                         h_20|         array|
|h_20_ce0            |  out|    1|   ap_memory|                                         h_20|         array|
|h_20_q0             |   in|    8|   ap_memory|                                         h_20|         array|
|h_21_address0       |  out|    3|   ap_memory|                                         h_21|         array|
|h_21_ce0            |  out|    1|   ap_memory|                                         h_21|         array|
|h_21_q0             |   in|    8|   ap_memory|                                         h_21|         array|
|h_22_address0       |  out|    3|   ap_memory|                                         h_22|         array|
|h_22_ce0            |  out|    1|   ap_memory|                                         h_22|         array|
|h_22_q0             |   in|    8|   ap_memory|                                         h_22|         array|
|h_23_address0       |  out|    3|   ap_memory|                                         h_23|         array|
|h_23_ce0            |  out|    1|   ap_memory|                                         h_23|         array|
|h_23_q0             |   in|    8|   ap_memory|                                         h_23|         array|
|h_24_address0       |  out|    3|   ap_memory|                                         h_24|         array|
|h_24_ce0            |  out|    1|   ap_memory|                                         h_24|         array|
|h_24_q0             |   in|    8|   ap_memory|                                         h_24|         array|
|h_25_address0       |  out|    3|   ap_memory|                                         h_25|         array|
|h_25_ce0            |  out|    1|   ap_memory|                                         h_25|         array|
|h_25_q0             |   in|    8|   ap_memory|                                         h_25|         array|
|h_26_address0       |  out|    3|   ap_memory|                                         h_26|         array|
|h_26_ce0            |  out|    1|   ap_memory|                                         h_26|         array|
|h_26_q0             |   in|    8|   ap_memory|                                         h_26|         array|
|h_27_address0       |  out|    3|   ap_memory|                                         h_27|         array|
|h_27_ce0            |  out|    1|   ap_memory|                                         h_27|         array|
|h_27_q0             |   in|    8|   ap_memory|                                         h_27|         array|
|h_28_address0       |  out|    3|   ap_memory|                                         h_28|         array|
|h_28_ce0            |  out|    1|   ap_memory|                                         h_28|         array|
|h_28_q0             |   in|    8|   ap_memory|                                         h_28|         array|
|h_29_address0       |  out|    3|   ap_memory|                                         h_29|         array|
|h_29_ce0            |  out|    1|   ap_memory|                                         h_29|         array|
|h_29_q0             |   in|    8|   ap_memory|                                         h_29|         array|
|h_30_address0       |  out|    3|   ap_memory|                                         h_30|         array|
|h_30_ce0            |  out|    1|   ap_memory|                                         h_30|         array|
|h_30_q0             |   in|    8|   ap_memory|                                         h_30|         array|
|h_31_address0       |  out|    3|   ap_memory|                                         h_31|         array|
|h_31_ce0            |  out|    1|   ap_memory|                                         h_31|         array|
|h_31_q0             |   in|    8|   ap_memory|                                         h_31|         array|
|h_32_address0       |  out|    3|   ap_memory|                                         h_32|         array|
|h_32_ce0            |  out|    1|   ap_memory|                                         h_32|         array|
|h_32_q0             |   in|    8|   ap_memory|                                         h_32|         array|
|h_33_address0       |  out|    3|   ap_memory|                                         h_33|         array|
|h_33_ce0            |  out|    1|   ap_memory|                                         h_33|         array|
|h_33_q0             |   in|    8|   ap_memory|                                         h_33|         array|
|h_34_address0       |  out|    3|   ap_memory|                                         h_34|         array|
|h_34_ce0            |  out|    1|   ap_memory|                                         h_34|         array|
|h_34_q0             |   in|    8|   ap_memory|                                         h_34|         array|
|h_35_address0       |  out|    3|   ap_memory|                                         h_35|         array|
|h_35_ce0            |  out|    1|   ap_memory|                                         h_35|         array|
|h_35_q0             |   in|    8|   ap_memory|                                         h_35|         array|
|h_36_address0       |  out|    3|   ap_memory|                                         h_36|         array|
|h_36_ce0            |  out|    1|   ap_memory|                                         h_36|         array|
|h_36_q0             |   in|    8|   ap_memory|                                         h_36|         array|
|h_37_address0       |  out|    3|   ap_memory|                                         h_37|         array|
|h_37_ce0            |  out|    1|   ap_memory|                                         h_37|         array|
|h_37_q0             |   in|    8|   ap_memory|                                         h_37|         array|
|h_38_address0       |  out|    3|   ap_memory|                                         h_38|         array|
|h_38_ce0            |  out|    1|   ap_memory|                                         h_38|         array|
|h_38_q0             |   in|    8|   ap_memory|                                         h_38|         array|
|h_39_address0       |  out|    3|   ap_memory|                                         h_39|         array|
|h_39_ce0            |  out|    1|   ap_memory|                                         h_39|         array|
|h_39_q0             |   in|    8|   ap_memory|                                         h_39|         array|
|h_40_address0       |  out|    3|   ap_memory|                                         h_40|         array|
|h_40_ce0            |  out|    1|   ap_memory|                                         h_40|         array|
|h_40_q0             |   in|    8|   ap_memory|                                         h_40|         array|
|h_41_address0       |  out|    3|   ap_memory|                                         h_41|         array|
|h_41_ce0            |  out|    1|   ap_memory|                                         h_41|         array|
|h_41_q0             |   in|    8|   ap_memory|                                         h_41|         array|
|h_42_address0       |  out|    3|   ap_memory|                                         h_42|         array|
|h_42_ce0            |  out|    1|   ap_memory|                                         h_42|         array|
|h_42_q0             |   in|    8|   ap_memory|                                         h_42|         array|
|h_43_address0       |  out|    3|   ap_memory|                                         h_43|         array|
|h_43_ce0            |  out|    1|   ap_memory|                                         h_43|         array|
|h_43_q0             |   in|    8|   ap_memory|                                         h_43|         array|
|h_44_address0       |  out|    3|   ap_memory|                                         h_44|         array|
|h_44_ce0            |  out|    1|   ap_memory|                                         h_44|         array|
|h_44_q0             |   in|    8|   ap_memory|                                         h_44|         array|
|h_45_address0       |  out|    3|   ap_memory|                                         h_45|         array|
|h_45_ce0            |  out|    1|   ap_memory|                                         h_45|         array|
|h_45_q0             |   in|    8|   ap_memory|                                         h_45|         array|
|h_46_address0       |  out|    3|   ap_memory|                                         h_46|         array|
|h_46_ce0            |  out|    1|   ap_memory|                                         h_46|         array|
|h_46_q0             |   in|    8|   ap_memory|                                         h_46|         array|
|h_47_address0       |  out|    3|   ap_memory|                                         h_47|         array|
|h_47_ce0            |  out|    1|   ap_memory|                                         h_47|         array|
|h_47_q0             |   in|    8|   ap_memory|                                         h_47|         array|
|h_48_address0       |  out|    3|   ap_memory|                                         h_48|         array|
|h_48_ce0            |  out|    1|   ap_memory|                                         h_48|         array|
|h_48_q0             |   in|    8|   ap_memory|                                         h_48|         array|
|h_49_address0       |  out|    3|   ap_memory|                                         h_49|         array|
|h_49_ce0            |  out|    1|   ap_memory|                                         h_49|         array|
|h_49_q0             |   in|    8|   ap_memory|                                         h_49|         array|
|h_50_address0       |  out|    3|   ap_memory|                                         h_50|         array|
|h_50_ce0            |  out|    1|   ap_memory|                                         h_50|         array|
|h_50_q0             |   in|    8|   ap_memory|                                         h_50|         array|
|h_51_address0       |  out|    3|   ap_memory|                                         h_51|         array|
|h_51_ce0            |  out|    1|   ap_memory|                                         h_51|         array|
|h_51_q0             |   in|    8|   ap_memory|                                         h_51|         array|
|h_52_address0       |  out|    3|   ap_memory|                                         h_52|         array|
|h_52_ce0            |  out|    1|   ap_memory|                                         h_52|         array|
|h_52_q0             |   in|    8|   ap_memory|                                         h_52|         array|
|h_53_address0       |  out|    3|   ap_memory|                                         h_53|         array|
|h_53_ce0            |  out|    1|   ap_memory|                                         h_53|         array|
|h_53_q0             |   in|    8|   ap_memory|                                         h_53|         array|
|h_54_address0       |  out|    3|   ap_memory|                                         h_54|         array|
|h_54_ce0            |  out|    1|   ap_memory|                                         h_54|         array|
|h_54_q0             |   in|    8|   ap_memory|                                         h_54|         array|
|h_55_address0       |  out|    3|   ap_memory|                                         h_55|         array|
|h_55_ce0            |  out|    1|   ap_memory|                                         h_55|         array|
|h_55_q0             |   in|    8|   ap_memory|                                         h_55|         array|
|h_56_address0       |  out|    3|   ap_memory|                                         h_56|         array|
|h_56_ce0            |  out|    1|   ap_memory|                                         h_56|         array|
|h_56_q0             |   in|    8|   ap_memory|                                         h_56|         array|
|h_57_address0       |  out|    3|   ap_memory|                                         h_57|         array|
|h_57_ce0            |  out|    1|   ap_memory|                                         h_57|         array|
|h_57_q0             |   in|    8|   ap_memory|                                         h_57|         array|
|h_58_address0       |  out|    3|   ap_memory|                                         h_58|         array|
|h_58_ce0            |  out|    1|   ap_memory|                                         h_58|         array|
|h_58_q0             |   in|    8|   ap_memory|                                         h_58|         array|
|h_59_address0       |  out|    3|   ap_memory|                                         h_59|         array|
|h_59_ce0            |  out|    1|   ap_memory|                                         h_59|         array|
|h_59_q0             |   in|    8|   ap_memory|                                         h_59|         array|
|h_60_address0       |  out|    3|   ap_memory|                                         h_60|         array|
|h_60_ce0            |  out|    1|   ap_memory|                                         h_60|         array|
|h_60_q0             |   in|    8|   ap_memory|                                         h_60|         array|
|h_61_address0       |  out|    3|   ap_memory|                                         h_61|         array|
|h_61_ce0            |  out|    1|   ap_memory|                                         h_61|         array|
|h_61_q0             |   in|    8|   ap_memory|                                         h_61|         array|
|h_62_address0       |  out|    3|   ap_memory|                                         h_62|         array|
|h_62_ce0            |  out|    1|   ap_memory|                                         h_62|         array|
|h_62_q0             |   in|    8|   ap_memory|                                         h_62|         array|
|h_63_address0       |  out|    3|   ap_memory|                                         h_63|         array|
|h_63_ce0            |  out|    1|   ap_memory|                                         h_63|         array|
|h_63_q0             |   in|    8|   ap_memory|                                         h_63|         array|
|acc_6_out           |  out|   25|      ap_vld|                                    acc_6_out|       pointer|
|acc_6_out_ap_vld    |  out|    1|      ap_vld|                                    acc_6_out|       pointer|
+--------------------+-----+-----+------------+---------------------------------------------+--------------+

