

================================================================
== Vitis HLS Report for 'action_diff_head_Pipeline_VITIS_LOOP_246_11'
================================================================
* Date:           Thu May 28 13:03:11 2026

* Version:        2024.1 (Build 5069499 on May 21 2024)
* Project:        action_diff_hls
* Solution:       sol1 (Vivado IP Flow Target)
* Product family: versalaicore
* Target device:  xcvc1902-vsva2197-2MP-e-S


================================================================
== Performance Estimates
================================================================
+ Timing: 
    * Summary: 
    +--------+---------+----------+------------+
    |  Clock |  Target | Estimated| Uncertainty|
    +--------+---------+----------+------------+
    |ap_clk  |  4.00 ns|  2.849 ns|     1.08 ns|
    +--------+---------+----------+------------+

+ Latency: 
    * Summary: 
    +---------+---------+-----------+-----------+-----+-----+-----------------------------------------------+
    |  Latency (cycles) |   Latency (absolute)  |  Interval |                    Pipeline                   |
    |   min   |   max   |    min    |    max    | min | max |                      Type                     |
    +---------+---------+-----------+-----------+-----+-----+-----------------------------------------------+
    |       10|       10|  40.000 ns|  40.000 ns|    5|    5|  loop auto-rewind stp(delay=0 clock cycles(s))|
    +---------+---------+-----------+-----------+-----+-----+-----------------------------------------------+

    + Detail: 
        * Instance: 
        N/A

        * Loop: 
        +---------------------+---------+---------+----------+-----------+-----------+------+----------+
        |                     |  Latency (cycles) | Iteration|  Initiation Interval  | Trip |          |
        |      Loop Name      |   min   |   max   |  Latency |  achieved |   target  | Count| Pipelined|
        +---------------------+---------+---------+----------+-----------+-----------+------+----------+
        |- VITIS_LOOP_246_11  |        8|        8|         6|          1|          1|     4|       yes|
        +---------------------+---------+---------+----------+-----------+-----------+------+----------+



================================================================
== Utilization Estimates
================================================================
* Summary: 
+-----------------+---------+------+---------+--------+-----+
|       Name      | BRAM_18K|  DSP |    FF   |   LUT  | URAM|
+-----------------+---------+------+---------+--------+-----+
|DSP              |        -|    32|        -|       -|    -|
|Expression       |        -|     -|        0|     619|    -|
|FIFO             |        -|     -|        -|       -|    -|
|Instance         |        -|     0|        0|    2720|    -|
|Memory           |        -|     -|        -|       -|    -|
|Multiplexer      |        -|     -|        0|      80|    -|
|Register         |        -|     -|      398|       2|    -|
+-----------------+---------+------+---------+--------+-----+
|Total            |        0|    32|      398|    3421|    0|
+-----------------+---------+------+---------+--------+-----+
|Available        |     1934|  1968|  1799680|  899840|  463|
+-----------------+---------+------+---------+--------+-----+
|Utilization (%)  |        0|     1|       ~0|      ~0|    0|
+-----------------+---------+------+---------+--------+-----+

+ Detail: 
    * Instance: 
    +------------------------+------------------+---------+----+---+----+-----+
    |        Instance        |      Module      | BRAM_18K| DSP| FF| LUT| URAM|
    +------------------------+------------------+---------+----+---+----+-----+
    |mul_8s_8s_16_1_1_U1416  |mul_8s_8s_16_1_1  |        0|   0|  0|  85|    0|
    |mul_8s_8s_16_1_1_U1417  |mul_8s_8s_16_1_1  |        0|   0|  0|  85|    0|
    |mul_8s_8s_16_1_1_U1418  |mul_8s_8s_16_1_1  |        0|   0|  0|  85|    0|
    |mul_8s_8s_16_1_1_U1419  |mul_8s_8s_16_1_1  |        0|   0|  0|  85|    0|
    |mul_8s_8s_16_1_1_U1420  |mul_8s_8s_16_1_1  |        0|   0|  0|  85|    0|
    |mul_8s_8s_16_1_1_U1421  |mul_8s_8s_16_1_1  |        0|   0|  0|  85|    0|
    |mul_8s_8s_16_1_1_U1422  |mul_8s_8s_16_1_1  |        0|   0|  0|  85|    0|
    |mul_8s_8s_16_1_1_U1423  |mul_8s_8s_16_1_1  |        0|   0|  0|  85|    0|
    |mul_8s_8s_16_1_1_U1424  |mul_8s_8s_16_1_1  |        0|   0|  0|  85|    0|
    |mul_8s_8s_16_1_1_U1425  |mul_8s_8s_16_1_1  |        0|   0|  0|  85|    0|
    |mul_8s_8s_16_1_1_U1426  |mul_8s_8s_16_1_1  |        0|   0|  0|  85|    0|
    |mul_8s_8s_16_1_1_U1427  |mul_8s_8s_16_1_1  |        0|   0|  0|  85|    0|
    |mul_8s_8s_16_1_1_U1428  |mul_8s_8s_16_1_1  |        0|   0|  0|  85|    0|
    |mul_8s_8s_16_1_1_U1429  |mul_8s_8s_16_1_1  |        0|   0|  0|  85|    0|
    |mul_8s_8s_16_1_1_U1430  |mul_8s_8s_16_1_1  |        0|   0|  0|  85|    0|
    |mul_8s_8s_16_1_1_U1431  |mul_8s_8s_16_1_1  |        0|   0|  0|  85|    0|
    |mul_8s_8s_16_1_1_U1432  |mul_8s_8s_16_1_1  |        0|   0|  0|  85|    0|
    |mul_8s_8s_16_1_1_U1433  |mul_8s_8s_16_1_1  |        0|   0|  0|  85|    0|
    |mul_8s_8s_16_1_1_U1434  |mul_8s_8s_16_1_1  |        0|   0|  0|  85|    0|
    |mul_8s_8s_16_1_1_U1435  |mul_8s_8s_16_1_1  |        0|   0|  0|  85|    0|
    |mul_8s_8s_16_1_1_U1436  |mul_8s_8s_16_1_1  |        0|   0|  0|  85|    0|
    |mul_8s_8s_16_1_1_U1437  |mul_8s_8s_16_1_1  |        0|   0|  0|  85|    0|
    |mul_8s_8s_16_1_1_U1438  |mul_8s_8s_16_1_1  |        0|   0|  0|  85|    0|
    |mul_8s_8s_16_1_1_U1439  |mul_8s_8s_16_1_1  |        0|   0|  0|  85|    0|
    |mul_8s_8s_16_1_1_U1440  |mul_8s_8s_16_1_1  |        0|   0|  0|  85|    0|
    |mul_8s_8s_16_1_1_U1441  |mul_8s_8s_16_1_1  |        0|   0|  0|  85|    0|
    |mul_8s_8s_16_1_1_U1442  |mul_8s_8s_16_1_1  |        0|   0|  0|  85|    0|
    |mul_8s_8s_16_1_1_U1443  |mul_8s_8s_16_1_1  |        0|   0|  0|  85|    0|
    |mul_8s_8s_16_1_1_U1444  |mul_8s_8s_16_1_1  |        0|   0|  0|  85|    0|
    |mul_8s_8s_16_1_1_U1445  |mul_8s_8s_16_1_1  |        0|   0|  0|  85|    0|
    |mul_8s_8s_16_1_1_U1446  |mul_8s_8s_16_1_1  |        0|   0|  0|  85|    0|
    |mul_8s_8s_16_1_1_U1447  |mul_8s_8s_16_1_1  |        0|   0|  0|  85|    0|
    +------------------------+------------------+---------+----+---+----+-----+
    |Total                   |                  |        0|   0|  0|2720|    0|
    +------------------------+------------------+---------+----+---+----+-----+

    * DSP: 
    +-----------------------------------+-----------------------------+--------------+
    |              Instance             |            Module           |  Expression  |
    +-----------------------------------+-----------------------------+--------------+
    |mac_muladd_8s_8s_16s_17_4_1_U1448  |mac_muladd_8s_8s_16s_17_4_1  |  i0 + i1 * i2|
    |mac_muladd_8s_8s_16s_17_4_1_U1449  |mac_muladd_8s_8s_16s_17_4_1  |  i0 + i1 * i2|
    |mac_muladd_8s_8s_16s_17_4_1_U1450  |mac_muladd_8s_8s_16s_17_4_1  |  i0 + i1 * i2|
    |mac_muladd_8s_8s_16s_17_4_1_U1451  |mac_muladd_8s_8s_16s_17_4_1  |  i0 + i1 * i2|
    |mac_muladd_8s_8s_16s_17_4_1_U1452  |mac_muladd_8s_8s_16s_17_4_1  |  i0 + i1 * i2|
    |mac_muladd_8s_8s_16s_17_4_1_U1453  |mac_muladd_8s_8s_16s_17_4_1  |  i0 + i1 * i2|
    |mac_muladd_8s_8s_16s_17_4_1_U1454  |mac_muladd_8s_8s_16s_17_4_1  |  i0 + i1 * i2|
    |mac_muladd_8s_8s_16s_17_4_1_U1455  |mac_muladd_8s_8s_16s_17_4_1  |  i0 + i1 * i2|
    |mac_muladd_8s_8s_16s_17_4_1_U1456  |mac_muladd_8s_8s_16s_17_4_1  |  i0 + i1 * i2|
    |mac_muladd_8s_8s_16s_17_4_1_U1457  |mac_muladd_8s_8s_16s_17_4_1  |  i0 + i1 * i2|
    |mac_muladd_8s_8s_16s_17_4_1_U1458  |mac_muladd_8s_8s_16s_17_4_1  |  i0 + i1 * i2|
    |mac_muladd_8s_8s_16s_17_4_1_U1459  |mac_muladd_8s_8s_16s_17_4_1  |  i0 + i1 * i2|
    |mac_muladd_8s_8s_16s_17_4_1_U1460  |mac_muladd_8s_8s_16s_17_4_1  |  i0 + i1 * i2|
    |mac_muladd_8s_8s_16s_17_4_1_U1461  |mac_muladd_8s_8s_16s_17_4_1  |  i0 + i1 * i2|
    |mac_muladd_8s_8s_16s_17_4_1_U1462  |mac_muladd_8s_8s_16s_17_4_1  |  i0 + i1 * i2|
    |mac_muladd_8s_8s_16s_17_4_1_U1463  |mac_muladd_8s_8s_16s_17_4_1  |  i0 + i1 * i2|
    |mac_muladd_8s_8s_16s_17_4_1_U1464  |mac_muladd_8s_8s_16s_17_4_1  |  i0 + i1 * i2|
    |mac_muladd_8s_8s_16s_17_4_1_U1465  |mac_muladd_8s_8s_16s_17_4_1  |  i0 + i1 * i2|
    |mac_muladd_8s_8s_16s_17_4_1_U1466  |mac_muladd_8s_8s_16s_17_4_1  |  i0 + i1 * i2|
    |mac_muladd_8s_8s_16s_17_4_1_U1467  |mac_muladd_8s_8s_16s_17_4_1  |  i0 + i1 * i2|
    |mac_muladd_8s_8s_16s_17_4_1_U1468  |mac_muladd_8s_8s_16s_17_4_1  |  i0 + i1 * i2|
    |mac_muladd_8s_8s_16s_17_4_1_U1469  |mac_muladd_8s_8s_16s_17_4_1  |  i0 + i1 * i2|
    |mac_muladd_8s_8s_16s_17_4_1_U1470  |mac_muladd_8s_8s_16s_17_4_1  |  i0 + i1 * i2|
    |mac_muladd_8s_8s_16s_17_4_1_U1471  |mac_muladd_8s_8s_16s_17_4_1  |  i0 + i1 * i2|
    |mac_muladd_8s_8s_16s_17_4_1_U1472  |mac_muladd_8s_8s_16s_17_4_1  |  i0 + i1 * i2|
    |mac_muladd_8s_8s_16s_17_4_1_U1473  |mac_muladd_8s_8s_16s_17_4_1  |  i0 + i1 * i2|
    |mac_muladd_8s_8s_16s_17_4_1_U1474  |mac_muladd_8s_8s_16s_17_4_1  |  i0 + i1 * i2|
    |mac_muladd_8s_8s_16s_17_4_1_U1475  |mac_muladd_8s_8s_16s_17_4_1  |  i0 + i1 * i2|
    |mac_muladd_8s_8s_16s_17_4_1_U1476  |mac_muladd_8s_8s_16s_17_4_1  |  i0 + i1 * i2|
    |mac_muladd_8s_8s_16s_17_4_1_U1477  |mac_muladd_8s_8s_16s_17_4_1  |  i0 + i1 * i2|
    |mac_muladd_8s_8s_16s_17_4_1_U1478  |mac_muladd_8s_8s_16s_17_4_1  |  i0 + i1 * i2|
    |mac_muladd_8s_8s_16s_17_4_1_U1479  |mac_muladd_8s_8s_16s_17_4_1  |  i0 + i1 * i2|
    +-----------------------------------+-----------------------------+--------------+

    * Memory: 
    N/A

    * FIFO: 
    N/A

    * Expression: 
    +-------------------------+----------+----+---+----+------------+------------+
    |      Variable Name      | Operation| DSP| FF| LUT| Bitwidth P0| Bitwidth P1|
    +-------------------------+----------+----+---+----+------------+------------+
    |acc_2_fu_4365_p2         |         +|   0|  0|  24|          24|          24|
    |add_ln246_fu_2025_p2     |         +|   0|  0|   9|           9|           7|
    |add_ln253_12_fu_4021_p2  |         +|   0|  0|  18|          18|          18|
    |add_ln253_13_fu_4031_p2  |         +|   0|  0|  19|          19|          19|
    |add_ln253_14_fu_4041_p2  |         +|   0|  0|  20|          20|          20|
    |add_ln253_17_fu_4053_p2  |         +|   0|  0|  18|          18|          18|
    |add_ln253_20_fu_4069_p2  |         +|   0|  0|  18|          18|          18|
    |add_ln253_21_fu_4079_p2  |         +|   0|  0|  19|          19|          19|
    |add_ln253_24_fu_4095_p2  |         +|   0|  0|  18|          18|          18|
    |add_ln253_27_fu_4111_p2  |         +|   0|  0|  18|          18|          18|
    |add_ln253_28_fu_4121_p2  |         +|   0|  0|  19|          19|          19|
    |add_ln253_29_fu_4131_p2  |         +|   0|  0|  20|          20|          20|
    |add_ln253_2_fu_3963_p2   |         +|   0|  0|  18|          18|          18|
    |add_ln253_30_fu_4329_p2  |         +|   0|  0|  21|          21|          21|
    |add_ln253_33_fu_4143_p2  |         +|   0|  0|  18|          18|          18|
    |add_ln253_36_fu_4159_p2  |         +|   0|  0|  18|          18|          18|
    |add_ln253_37_fu_4169_p2  |         +|   0|  0|  19|          19|          19|
    |add_ln253_40_fu_4185_p2  |         +|   0|  0|  18|          18|          18|
    |add_ln253_43_fu_4201_p2  |         +|   0|  0|  18|          18|          18|
    |add_ln253_44_fu_4211_p2  |         +|   0|  0|  19|          19|          19|
    |add_ln253_45_fu_4221_p2  |         +|   0|  0|  20|          20|          20|
    |add_ln253_48_fu_4233_p2  |         +|   0|  0|  18|          18|          18|
    |add_ln253_51_fu_4249_p2  |         +|   0|  0|  18|          18|          18|
    |add_ln253_52_fu_4259_p2  |         +|   0|  0|  19|          19|          19|
    |add_ln253_55_fu_4275_p2  |         +|   0|  0|  18|          18|          18|
    |add_ln253_58_fu_4291_p2  |         +|   0|  0|  18|          18|          18|
    |add_ln253_59_fu_4301_p2  |         +|   0|  0|  19|          19|          19|
    |add_ln253_5_fu_3979_p2   |         +|   0|  0|  18|          18|          18|
    |add_ln253_60_fu_4311_p2  |         +|   0|  0|  20|          20|          20|
    |add_ln253_61_fu_4345_p2  |         +|   0|  0|  21|          21|          21|
    |add_ln253_62_fu_4355_p2  |         +|   0|  0|  22|          22|          22|
    |add_ln253_6_fu_3989_p2   |         +|   0|  0|  19|          19|          19|
    |add_ln253_9_fu_4005_p2   |         +|   0|  0|  18|          18|          18|
    |ap_enable_pp0            |       xor|   0|  0|   2|           1|           2|
    +-------------------------+----------+----+---+----+------------+------------+
    |Total                    |          |   0|  0| 619|         618|         617|
    +-------------------------+----------+----+---+----+------------+------------+

    * Multiplexer: 
    +-------------------------+----+-----------+-----+-----------+
    |           Name          | LUT| Input Size| Bits| Total Bits|
    +-------------------------+----+-----------+-----+-----------+
    |acc_fu_300               |  32|          2|   24|         48|
    |ap_done_int              |   8|          2|    1|          2|
    |ap_enable_reg_pp0_iter1  |   8|          2|    1|          2|
    |ap_sig_allocacmp_c0_1    |  16|          2|    9|         18|
    |c0_fu_304                |  16|          2|    9|         18|
    +-------------------------+----+-----------+-----+-----------+
    |Total                    |  80|         10|   44|         88|
    +-------------------------+----+-----------+-----+-----------+

    * Register: 
    +-----------------------------------+----+----+-----+-----------+
    |                Name               | FF | LUT| Bits| Const Bits|
    +-----------------------------------+----+----+-----+-----------+
    |W_ffn1_10_load_reg_5635            |   8|   0|    8|          0|
    |W_ffn1_12_load_reg_5645            |   8|   0|    8|          0|
    |W_ffn1_14_load_reg_5655            |   8|   0|    8|          0|
    |W_ffn1_16_load_reg_5665            |   8|   0|    8|          0|
    |W_ffn1_18_load_reg_5675            |   8|   0|    8|          0|
    |W_ffn1_20_load_reg_5685            |   8|   0|    8|          0|
    |W_ffn1_22_load_reg_5695            |   8|   0|    8|          0|
    |W_ffn1_24_load_reg_5705            |   8|   0|    8|          0|
    |W_ffn1_26_load_reg_5715            |   8|   0|    8|          0|
    |W_ffn1_28_load_reg_5725            |   8|   0|    8|          0|
    |W_ffn1_2_load_reg_5595             |   8|   0|    8|          0|
    |W_ffn1_30_load_reg_5735            |   8|   0|    8|          0|
    |W_ffn1_32_load_reg_5745            |   8|   0|    8|          0|
    |W_ffn1_34_load_reg_5755            |   8|   0|    8|          0|
    |W_ffn1_36_load_reg_5765            |   8|   0|    8|          0|
    |W_ffn1_38_load_reg_5775            |   8|   0|    8|          0|
    |W_ffn1_40_load_reg_5785            |   8|   0|    8|          0|
    |W_ffn1_42_load_reg_5795            |   8|   0|    8|          0|
    |W_ffn1_44_load_reg_5805            |   8|   0|    8|          0|
    |W_ffn1_46_load_reg_5815            |   8|   0|    8|          0|
    |W_ffn1_48_load_reg_5825            |   8|   0|    8|          0|
    |W_ffn1_4_load_reg_5605             |   8|   0|    8|          0|
    |W_ffn1_50_load_reg_5835            |   8|   0|    8|          0|
    |W_ffn1_52_load_reg_5845            |   8|   0|    8|          0|
    |W_ffn1_54_load_reg_5855            |   8|   0|    8|          0|
    |W_ffn1_56_load_reg_5865            |   8|   0|    8|          0|
    |W_ffn1_58_load_reg_5875            |   8|   0|    8|          0|
    |W_ffn1_60_load_reg_5885            |   8|   0|    8|          0|
    |W_ffn1_62_load_reg_5895            |   8|   0|    8|          0|
    |W_ffn1_6_load_reg_5615             |   8|   0|    8|          0|
    |W_ffn1_8_load_reg_5625             |   8|   0|    8|          0|
    |W_ffn1_load_reg_5585               |   8|   0|    8|          0|
    |acc_fu_300                         |  24|   0|   24|          0|
    |add_ln253_14_reg_6060              |  20|   0|   20|          0|
    |add_ln253_29_reg_6065              |  20|   0|   20|          0|
    |add_ln253_45_reg_6070              |  20|   0|   20|          0|
    |add_ln253_60_reg_6075              |  20|   0|   20|          0|
    |ap_CS_fsm                          |   1|   0|    1|          0|
    |ap_done_reg                        |   1|   0|    1|          0|
    |ap_enable_reg_pp0_iter1            |   1|   0|    1|          0|
    |ap_enable_reg_pp0_iter2            |   1|   0|    1|          0|
    |ap_enable_reg_pp0_iter3            |   1|   0|    1|          0|
    |ap_enable_reg_pp0_iter4            |   1|   0|    1|          0|
    |ap_enable_reg_pp0_iter5            |   1|   0|    1|          0|
    |ap_loop_exit_ready_pp0_iter1_reg   |   1|   0|    1|          0|
    |ap_loop_exit_ready_pp0_iter2_reg   |   1|   0|    1|          0|
    |ap_loop_exit_ready_pp0_iter3_reg   |   1|   0|    1|          0|
    |ap_loop_exit_ready_pp0_iter4_reg   |   1|   0|    1|          0|
    |c0_fu_304                          |   9|   0|    9|          0|
    |tmp_reg_4704                       |   1|   0|    1|          0|
    |zext_ln245_reg_4708                |   2|   0|   64|         62|
    |zext_ln245_reg_4708_pp0_iter1_reg  |   2|   0|   64|         62|
    |zext_ln251_reg_4744                |  11|   0|   64|         53|
    |tmp_reg_4704                       |   2|   2|    1|          0|
    +-----------------------------------+----+----+-----+-----------+
    |Total                              | 398|   2|  574|        177|
    +-----------------------------------+----+----+-----+-----------+



================================================================
== Interface
================================================================
* Summary: 
+--------------------+-----+-----+------------+---------------------------------------------+--------------+
|      RTL Ports     | Dir | Bits|  Protocol  |                Source Object                |    C Type    |
+--------------------+-----+-----+------------+---------------------------------------------+--------------+
|ap_clk              |   in|    1|  ap_ctrl_hs|  action_diff_head_Pipeline_VITIS_LOOP_246_11|  return value|
|ap_rst              |   in|    1|  ap_ctrl_hs|  action_diff_head_Pipeline_VITIS_LOOP_246_11|  return value|
|ap_start            |   in|    1|  ap_ctrl_hs|  action_diff_head_Pipeline_VITIS_LOOP_246_11|  return value|
|ap_done             |  out|    1|  ap_ctrl_hs|  action_diff_head_Pipeline_VITIS_LOOP_246_11|  return value|
|ap_idle             |  out|    1|  ap_ctrl_hs|  action_diff_head_Pipeline_VITIS_LOOP_246_11|  return value|
|ap_ready            |  out|    1|  ap_ctrl_hs|  action_diff_head_Pipeline_VITIS_LOOP_246_11|  return value|
|zext_ln244          |   in|    9|     ap_none|                                   zext_ln244|        scalar|
|W_ffn1_address0     |  out|   11|   ap_memory|                                       W_ffn1|         array|
|W_ffn1_ce0          |  out|    1|   ap_memory|                                       W_ffn1|         array|
|W_ffn1_q0           |   in|    8|   ap_memory|                                       W_ffn1|         array|
|W_ffn1_1_address0   |  out|   11|   ap_memory|                                     W_ffn1_1|         array|
|W_ffn1_1_ce0        |  out|    1|   ap_memory|                                     W_ffn1_1|         array|
|W_ffn1_1_q0         |   in|    8|   ap_memory|                                     W_ffn1_1|         array|
|W_ffn1_2_address0   |  out|   11|   ap_memory|                                     W_ffn1_2|         array|
|W_ffn1_2_ce0        |  out|    1|   ap_memory|                                     W_ffn1_2|         array|
|W_ffn1_2_q0         |   in|    8|   ap_memory|                                     W_ffn1_2|         array|
|W_ffn1_3_address0   |  out|   11|   ap_memory|                                     W_ffn1_3|         array|
|W_ffn1_3_ce0        |  out|    1|   ap_memory|                                     W_ffn1_3|         array|
|W_ffn1_3_q0         |   in|    8|   ap_memory|                                     W_ffn1_3|         array|
|W_ffn1_4_address0   |  out|   11|   ap_memory|                                     W_ffn1_4|         array|
|W_ffn1_4_ce0        |  out|    1|   ap_memory|                                     W_ffn1_4|         array|
|W_ffn1_4_q0         |   in|    8|   ap_memory|                                     W_ffn1_4|         array|
|W_ffn1_5_address0   |  out|   11|   ap_memory|                                     W_ffn1_5|         array|
|W_ffn1_5_ce0        |  out|    1|   ap_memory|                                     W_ffn1_5|         array|
|W_ffn1_5_q0         |   in|    8|   ap_memory|                                     W_ffn1_5|         array|
|W_ffn1_6_address0   |  out|   11|   ap_memory|                                     W_ffn1_6|         array|
|W_ffn1_6_ce0        |  out|    1|   ap_memory|                                     W_ffn1_6|         array|
|W_ffn1_6_q0         |   in|    8|   ap_memory|                                     W_ffn1_6|         array|
|W_ffn1_7_address0   |  out|   11|   ap_memory|                                     W_ffn1_7|         array|
|W_ffn1_7_ce0        |  out|    1|   ap_memory|                                     W_ffn1_7|         array|
|W_ffn1_7_q0         |   in|    8|   ap_memory|                                     W_ffn1_7|         array|
|W_ffn1_8_address0   |  out|   11|   ap_memory|                                     W_ffn1_8|         array|
|W_ffn1_8_ce0        |  out|    1|   ap_memory|                                     W_ffn1_8|         array|
|W_ffn1_8_q0         |   in|    8|   ap_memory|                                     W_ffn1_8|         array|
|W_ffn1_9_address0   |  out|   11|   ap_memory|                                     W_ffn1_9|         array|
|W_ffn1_9_ce0        |  out|    1|   ap_memory|                                     W_ffn1_9|         array|
|W_ffn1_9_q0         |   in|    8|   ap_memory|                                     W_ffn1_9|         array|
|W_ffn1_10_address0  |  out|   11|   ap_memory|                                    W_ffn1_10|         array|
|W_ffn1_10_ce0       |  out|    1|   ap_memory|                                    W_ffn1_10|         array|
|W_ffn1_10_q0        |   in|    8|   ap_memory|                                    W_ffn1_10|         array|
|W_ffn1_11_address0  |  out|   11|   ap_memory|                                    W_ffn1_11|         array|
|W_ffn1_11_ce0       |  out|    1|   ap_memory|                                    W_ffn1_11|         array|
|W_ffn1_11_q0        |   in|    8|   ap_memory|                                    W_ffn1_11|         array|
|W_ffn1_12_address0  |  out|   11|   ap_memory|                                    W_ffn1_12|         array|
|W_ffn1_12_ce0       |  out|    1|   ap_memory|                                    W_ffn1_12|         array|
|W_ffn1_12_q0        |   in|    8|   ap_memory|                                    W_ffn1_12|         array|
|W_ffn1_13_address0  |  out|   11|   ap_memory|                                    W_ffn1_13|         array|
|W_ffn1_13_ce0       |  out|    1|   ap_memory|                                    W_ffn1_13|         array|
|W_ffn1_13_q0        |   in|    8|   ap_memory|                                    W_ffn1_13|         array|
|W_ffn1_14_address0  |  out|   11|   ap_memory|                                    W_ffn1_14|         array|
|W_ffn1_14_ce0       |  out|    1|   ap_memory|                                    W_ffn1_14|         array|
|W_ffn1_14_q0        |   in|    8|   ap_memory|                                    W_ffn1_14|         array|
|W_ffn1_15_address0  |  out|   11|   ap_memory|                                    W_ffn1_15|         array|
|W_ffn1_15_ce0       |  out|    1|   ap_memory|                                    W_ffn1_15|         array|
|W_ffn1_15_q0        |   in|    8|   ap_memory|                                    W_ffn1_15|         array|
|W_ffn1_16_address0  |  out|   11|   ap_memory|                                    W_ffn1_16|         array|
|W_ffn1_16_ce0       |  out|    1|   ap_memory|                                    W_ffn1_16|         array|
|W_ffn1_16_q0        |   in|    8|   ap_memory|                                    W_ffn1_16|         array|
|W_ffn1_17_address0  |  out|   11|   ap_memory|                                    W_ffn1_17|         array|
|W_ffn1_17_ce0       |  out|    1|   ap_memory|                                    W_ffn1_17|         array|
|W_ffn1_17_q0        |   in|    8|   ap_memory|                                    W_ffn1_17|         array|
|W_ffn1_18_address0  |  out|   11|   ap_memory|                                    W_ffn1_18|         array|
|W_ffn1_18_ce0       |  out|    1|   ap_memory|                                    W_ffn1_18|         array|
|W_ffn1_18_q0        |   in|    8|   ap_memory|                                    W_ffn1_18|         array|
|W_ffn1_19_address0  |  out|   11|   ap_memory|                                    W_ffn1_19|         array|
|W_ffn1_19_ce0       |  out|    1|   ap_memory|                                    W_ffn1_19|         array|
|W_ffn1_19_q0        |   in|    8|   ap_memory|                                    W_ffn1_19|         array|
|W_ffn1_20_address0  |  out|   11|   ap_memory|                                    W_ffn1_20|         array|
|W_ffn1_20_ce0       |  out|    1|   ap_memory|                                    W_ffn1_20|         array|
|W_ffn1_20_q0        |   in|    8|   ap_memory|                                    W_ffn1_20|         array|
|W_ffn1_21_address0  |  out|   11|   ap_memory|                                    W_ffn1_21|         array|
|W_ffn1_21_ce0       |  out|    1|   ap_memory|                                    W_ffn1_21|         array|
|W_ffn1_21_q0        |   in|    8|   ap_memory|                                    W_ffn1_21|         array|
|W_ffn1_22_address0  |  out|   11|   ap_memory|                                    W_ffn1_22|         array|
|W_ffn1_22_ce0       |  out|    1|   ap_memory|                                    W_ffn1_22|         array|
|W_ffn1_22_q0        |   in|    8|   ap_memory|                                    W_ffn1_22|         array|
|W_ffn1_23_address0  |  out|   11|   ap_memory|                                    W_ffn1_23|         array|
|W_ffn1_23_ce0       |  out|    1|   ap_memory|                                    W_ffn1_23|         array|
|W_ffn1_23_q0        |   in|    8|   ap_memory|                                    W_ffn1_23|         array|
|W_ffn1_24_address0  |  out|   11|   ap_memory|                                    W_ffn1_24|         array|
|W_ffn1_24_ce0       |  out|    1|   ap_memory|                                    W_ffn1_24|         array|
|W_ffn1_24_q0        |   in|    8|   ap_memory|                                    W_ffn1_24|         array|
|W_ffn1_25_address0  |  out|   11|   ap_memory|                                    W_ffn1_25|         array|
|W_ffn1_25_ce0       |  out|    1|   ap_memory|                                    W_ffn1_25|         array|
|W_ffn1_25_q0        |   in|    8|   ap_memory|                                    W_ffn1_25|         array|
|W_ffn1_26_address0  |  out|   11|   ap_memory|                                    W_ffn1_26|         array|
|W_ffn1_26_ce0       |  out|    1|   ap_memory|                                    W_ffn1_26|         array|
|W_ffn1_26_q0        |   in|    8|   ap_memory|                                    W_ffn1_26|         array|
|W_ffn1_27_address0  |  out|   11|   ap_memory|                                    W_ffn1_27|         array|
|W_ffn1_27_ce0       |  out|    1|   ap_memory|                                    W_ffn1_27|         array|
|W_ffn1_27_q0        |   in|    8|   ap_memory|                                    W_ffn1_27|         array|
|W_ffn1_28_address0  |  out|   11|   ap_memory|                                    W_ffn1_28|         array|
|W_ffn1_28_ce0       |  out|    1|   ap_memory|                                    W_ffn1_28|         array|
|W_ffn1_28_q0        |   in|    8|   ap_memory|                                    W_ffn1_28|         array|
|W_ffn1_29_address0  |  out|   11|   ap_memory|                                    W_ffn1_29|         array|
|W_ffn1_29_ce0       |  out|    1|   ap_memory|                                    W_ffn1_29|         array|
|W_ffn1_29_q0        |   in|    8|   ap_memory|                                    W_ffn1_29|         array|
|W_ffn1_30_address0  |  out|   11|   ap_memory|                                    W_ffn1_30|         array|
|W_ffn1_30_ce0       |  out|    1|   ap_memory|                                    W_ffn1_30|         array|
|W_ffn1_30_q0        |   in|    8|   ap_memory|                                    W_ffn1_30|         array|
|W_ffn1_31_address0  |  out|   11|   ap_memory|                                    W_ffn1_31|         array|
|W_ffn1_31_ce0       |  out|    1|   ap_memory|                                    W_ffn1_31|         array|
|W_ffn1_31_q0        |   in|    8|   ap_memory|                                    W_ffn1_31|         array|
|W_ffn1_32_address0  |  out|   11|   ap_memory|                                    W_ffn1_32|         array|
|W_ffn1_32_ce0       |  out|    1|   ap_memory|                                    W_ffn1_32|         array|
|W_ffn1_32_q0        |   in|    8|   ap_memory|                                    W_ffn1_32|         array|
|W_ffn1_33_address0  |  out|   11|   ap_memory|                                    W_ffn1_33|         array|
|W_ffn1_33_ce0       |  out|    1|   ap_memory|                                    W_ffn1_33|         array|
|W_ffn1_33_q0        |   in|    8|   ap_memory|                                    W_ffn1_33|         array|
|W_ffn1_34_address0  |  out|   11|   ap_memory|                                    W_ffn1_34|         array|
|W_ffn1_34_ce0       |  out|    1|   ap_memory|                                    W_ffn1_34|         array|
|W_ffn1_34_q0        |   in|    8|   ap_memory|                                    W_ffn1_34|         array|
|W_ffn1_35_address0  |  out|   11|   ap_memory|                                    W_ffn1_35|         array|
|W_ffn1_35_ce0       |  out|    1|   ap_memory|                                    W_ffn1_35|         array|
|W_ffn1_35_q0        |   in|    8|   ap_memory|                                    W_ffn1_35|         array|
|W_ffn1_36_address0  |  out|   11|   ap_memory|                                    W_ffn1_36|         array|
|W_ffn1_36_ce0       |  out|    1|   ap_memory|                                    W_ffn1_36|         array|
|W_ffn1_36_q0        |   in|    8|   ap_memory|                                    W_ffn1_36|         array|
|W_ffn1_37_address0  |  out|   11|   ap_memory|                                    W_ffn1_37|         array|
|W_ffn1_37_ce0       |  out|    1|   ap_memory|                                    W_ffn1_37|         array|
|W_ffn1_37_q0        |   in|    8|   ap_memory|                                    W_ffn1_37|         array|
|W_ffn1_38_address0  |  out|   11|   ap_memory|                                    W_ffn1_38|         array|
|W_ffn1_38_ce0       |  out|    1|   ap_memory|                                    W_ffn1_38|         array|
|W_ffn1_38_q0        |   in|    8|   ap_memory|                                    W_ffn1_38|         array|
|W_ffn1_39_address0  |  out|   11|   ap_memory|                                    W_ffn1_39|         array|
|W_ffn1_39_ce0       |  out|    1|   ap_memory|                                    W_ffn1_39|         array|
|W_ffn1_39_q0        |   in|    8|   ap_memory|                                    W_ffn1_39|         array|
|W_ffn1_40_address0  |  out|   11|   ap_memory|                                    W_ffn1_40|         array|
|W_ffn1_40_ce0       |  out|    1|   ap_memory|                                    W_ffn1_40|         array|
|W_ffn1_40_q0        |   in|    8|   ap_memory|                                    W_ffn1_40|         array|
|W_ffn1_41_address0  |  out|   11|   ap_memory|                                    W_ffn1_41|         array|
|W_ffn1_41_ce0       |  out|    1|   ap_memory|                                    W_ffn1_41|         array|
|W_ffn1_41_q0        |   in|    8|   ap_memory|                                    W_ffn1_41|         array|
|W_ffn1_42_address0  |  out|   11|   ap_memory|                                    W_ffn1_42|         array|
|W_ffn1_42_ce0       |  out|    1|   ap_memory|                                    W_ffn1_42|         array|
|W_ffn1_42_q0        |   in|    8|   ap_memory|                                    W_ffn1_42|         array|
|W_ffn1_43_address0  |  out|   11|   ap_memory|                                    W_ffn1_43|         array|
|W_ffn1_43_ce0       |  out|    1|   ap_memory|                                    W_ffn1_43|         array|
|W_ffn1_43_q0        |   in|    8|   ap_memory|                                    W_ffn1_43|         array|
|W_ffn1_44_address0  |  out|   11|   ap_memory|                                    W_ffn1_44|         array|
|W_ffn1_44_ce0       |  out|    1|   ap_memory|                                    W_ffn1_44|         array|
|W_ffn1_44_q0        |   in|    8|   ap_memory|                                    W_ffn1_44|         array|
|W_ffn1_45_address0  |  out|   11|   ap_memory|                                    W_ffn1_45|         array|
|W_ffn1_45_ce0       |  out|    1|   ap_memory|                                    W_ffn1_45|         array|
|W_ffn1_45_q0        |   in|    8|   ap_memory|                                    W_ffn1_45|         array|
|W_ffn1_46_address0  |  out|   11|   ap_memory|                                    W_ffn1_46|         array|
|W_ffn1_46_ce0       |  out|    1|   ap_memory|                                    W_ffn1_46|         array|
|W_ffn1_46_q0        |   in|    8|   ap_memory|                                    W_ffn1_46|         array|
|W_ffn1_47_address0  |  out|   11|   ap_memory|                                    W_ffn1_47|         array|
|W_ffn1_47_ce0       |  out|    1|   ap_memory|                                    W_ffn1_47|         array|
|W_ffn1_47_q0        |   in|    8|   ap_memory|                                    W_ffn1_47|         array|
|W_ffn1_48_address0  |  out|   11|   ap_memory|                                    W_ffn1_48|         array|
|W_ffn1_48_ce0       |  out|    1|   ap_memory|                                    W_ffn1_48|         array|
|W_ffn1_48_q0        |   in|    8|   ap_memory|                                    W_ffn1_48|         array|
|W_ffn1_49_address0  |  out|   11|   ap_memory|                                    W_ffn1_49|         array|
|W_ffn1_49_ce0       |  out|    1|   ap_memory|                                    W_ffn1_49|         array|
|W_ffn1_49_q0        |   in|    8|   ap_memory|                                    W_ffn1_49|         array|
|W_ffn1_50_address0  |  out|   11|   ap_memory|                                    W_ffn1_50|         array|
|W_ffn1_50_ce0       |  out|    1|   ap_memory|                                    W_ffn1_50|         array|
|W_ffn1_50_q0        |   in|    8|   ap_memory|                                    W_ffn1_50|         array|
|W_ffn1_51_address0  |  out|   11|   ap_memory|                                    W_ffn1_51|         array|
|W_ffn1_51_ce0       |  out|    1|   ap_memory|                                    W_ffn1_51|         array|
|W_ffn1_51_q0        |   in|    8|   ap_memory|                                    W_ffn1_51|         array|
|W_ffn1_52_address0  |  out|   11|   ap_memory|                                    W_ffn1_52|         array|
|W_ffn1_52_ce0       |  out|    1|   ap_memory|                                    W_ffn1_52|         array|
|W_ffn1_52_q0        |   in|    8|   ap_memory|                                    W_ffn1_52|         array|
|W_ffn1_53_address0  |  out|   11|   ap_memory|                                    W_ffn1_53|         array|
|W_ffn1_53_ce0       |  out|    1|   ap_memory|                                    W_ffn1_53|         array|
|W_ffn1_53_q0        |   in|    8|   ap_memory|                                    W_ffn1_53|         array|
|W_ffn1_54_address0  |  out|   11|   ap_memory|                                    W_ffn1_54|         array|
|W_ffn1_54_ce0       |  out|    1|   ap_memory|                                    W_ffn1_54|         array|
|W_ffn1_54_q0        |   in|    8|   ap_memory|                                    W_ffn1_54|         array|
|W_ffn1_55_address0  |  out|   11|   ap_memory|                                    W_ffn1_55|         array|
|W_ffn1_55_ce0       |  out|    1|   ap_memory|                                    W_ffn1_55|         array|
|W_ffn1_55_q0        |   in|    8|   ap_memory|                                    W_ffn1_55|         array|
|W_ffn1_56_address0  |  out|   11|   ap_memory|                                    W_ffn1_56|         array|
|W_ffn1_56_ce0       |  out|    1|   ap_memory|                                    W_ffn1_56|         array|
|W_ffn1_56_q0        |   in|    8|   ap_memory|                                    W_ffn1_56|         array|
|W_ffn1_57_address0  |  out|   11|   ap_memory|                                    W_ffn1_57|         array|
|W_ffn1_57_ce0       |  out|    1|   ap_memory|                                    W_ffn1_57|         array|
|W_ffn1_57_q0        |   in|    8|   ap_memory|                                    W_ffn1_57|         array|
|W_ffn1_58_address0  |  out|   11|   ap_memory|                                    W_ffn1_58|         array|
|W_ffn1_58_ce0       |  out|    1|   ap_memory|                                    W_ffn1_58|         array|
|W_ffn1_58_q0        |   in|    8|   ap_memory|                                    W_ffn1_58|         array|
|W_ffn1_59_address0  |  out|   11|   ap_memory|                                    W_ffn1_59|         array|
|W_ffn1_59_ce0       |  out|    1|   ap_memory|                                    W_ffn1_59|         array|
|W_ffn1_59_q0        |   in|    8|   ap_memory|                                    W_ffn1_59|         array|
|W_ffn1_60_address0  |  out|   11|   ap_memory|                                    W_ffn1_60|         array|
|W_ffn1_60_ce0       |  out|    1|   ap_memory|                                    W_ffn1_60|         array|
|W_ffn1_60_q0        |   in|    8|   ap_memory|                                    W_ffn1_60|         array|
|W_ffn1_61_address0  |  out|   11|   ap_memory|                                    W_ffn1_61|         array|
|W_ffn1_61_ce0       |  out|    1|   ap_memory|                                    W_ffn1_61|         array|
|W_ffn1_61_q0        |   in|    8|   ap_memory|                                    W_ffn1_61|         array|
|W_ffn1_62_address0  |  out|   11|   ap_memory|                                    W_ffn1_62|         array|
|W_ffn1_62_ce0       |  out|    1|   ap_memory|                                    W_ffn1_62|         array|
|W_ffn1_62_q0        |   in|    8|   ap_memory|                                    W_ffn1_62|         array|
|W_ffn1_63_address0  |  out|   11|   ap_memory|                                    W_ffn1_63|         array|
|W_ffn1_63_ce0       |  out|    1|   ap_memory|                                    W_ffn1_63|         array|
|W_ffn1_63_q0        |   in|    8|   ap_memory|                                    W_ffn1_63|         array|
|attn_o_address0     |  out|    2|   ap_memory|                                       attn_o|         array|
|attn_o_ce0          |  out|    1|   ap_memory|                                       attn_o|         array|
|attn_o_q0           |   in|    8|   ap_memory|                                       attn_o|         array|
|attn_o_1_address0   |  out|    2|   ap_memory|                                     attn_o_1|         array|
|attn_o_1_ce0        |  out|    1|   ap_memory|                                     attn_o_1|         array|
|attn_o_1_q0         |   in|    8|   ap_memory|                                     attn_o_1|         array|
|attn_o_2_address0   |  out|    2|   ap_memory|                                     attn_o_2|         array|
|attn_o_2_ce0        |  out|    1|   ap_memory|                                     attn_o_2|         array|
|attn_o_2_q0         |   in|    8|   ap_memory|                                     attn_o_2|         array|
|attn_o_3_address0   |  out|    2|   ap_memory|                                     attn_o_3|         array|
|attn_o_3_ce0        |  out|    1|   ap_memory|                                     attn_o_3|         array|
|attn_o_3_q0         |   in|    8|   ap_memory|                                     attn_o_3|         array|
|attn_o_4_address0   |  out|    2|   ap_memory|                                     attn_o_4|         array|
|attn_o_4_ce0        |  out|    1|   ap_memory|                                     attn_o_4|         array|
|attn_o_4_q0         |   in|    8|   ap_memory|                                     attn_o_4|         array|
|attn_o_5_address0   |  out|    2|   ap_memory|                                     attn_o_5|         array|
|attn_o_5_ce0        |  out|    1|   ap_memory|                                     attn_o_5|         array|
|attn_o_5_q0         |   in|    8|   ap_memory|                                     attn_o_5|         array|
|attn_o_6_address0   |  out|    2|   ap_memory|                                     attn_o_6|         array|
|attn_o_6_ce0        |  out|    1|   ap_memory|                                     attn_o_6|         array|
|attn_o_6_q0         |   in|    8|   ap_memory|                                     attn_o_6|         array|
|attn_o_7_address0   |  out|    2|   ap_memory|                                     attn_o_7|         array|
|attn_o_7_ce0        |  out|    1|   ap_memory|                                     attn_o_7|         array|
|attn_o_7_q0         |   in|    8|   ap_memory|                                     attn_o_7|         array|
|attn_o_8_address0   |  out|    2|   ap_memory|                                     attn_o_8|         array|
|attn_o_8_ce0        |  out|    1|   ap_memory|                                     attn_o_8|         array|
|attn_o_8_q0         |   in|    8|   ap_memory|                                     attn_o_8|         array|
|attn_o_9_address0   |  out|    2|   ap_memory|                                     attn_o_9|         array|
|attn_o_9_ce0        |  out|    1|   ap_memory|                                     attn_o_9|         array|
|attn_o_9_q0         |   in|    8|   ap_memory|                                     attn_o_9|         array|
|attn_o_10_address0  |  out|    2|   ap_memory|                                    attn_o_10|         array|
|attn_o_10_ce0       |  out|    1|   ap_memory|                                    attn_o_10|         array|
|attn_o_10_q0        |   in|    8|   ap_memory|                                    attn_o_10|         array|
|attn_o_11_address0  |  out|    2|   ap_memory|                                    attn_o_11|         array|
|attn_o_11_ce0       |  out|    1|   ap_memory|                                    attn_o_11|         array|
|attn_o_11_q0        |   in|    8|   ap_memory|                                    attn_o_11|         array|
|attn_o_12_address0  |  out|    2|   ap_memory|                                    attn_o_12|         array|
|attn_o_12_ce0       |  out|    1|   ap_memory|                                    attn_o_12|         array|
|attn_o_12_q0        |   in|    8|   ap_memory|                                    attn_o_12|         array|
|attn_o_13_address0  |  out|    2|   ap_memory|                                    attn_o_13|         array|
|attn_o_13_ce0       |  out|    1|   ap_memory|                                    attn_o_13|         array|
|attn_o_13_q0        |   in|    8|   ap_memory|                                    attn_o_13|         array|
|attn_o_14_address0  |  out|    2|   ap_memory|                                    attn_o_14|         array|
|attn_o_14_ce0       |  out|    1|   ap_memory|                                    attn_o_14|         array|
|attn_o_14_q0        |   in|    8|   ap_memory|                                    attn_o_14|         array|
|attn_o_15_address0  |  out|    2|   ap_memory|                                    attn_o_15|         array|
|attn_o_15_ce0       |  out|    1|   ap_memory|                                    attn_o_15|         array|
|attn_o_15_q0        |   in|    8|   ap_memory|                                    attn_o_15|         array|
|attn_o_16_address0  |  out|    2|   ap_memory|                                    attn_o_16|         array|
|attn_o_16_ce0       |  out|    1|   ap_memory|                                    attn_o_16|         array|
|attn_o_16_q0        |   in|    8|   ap_memory|                                    attn_o_16|         array|
|attn_o_17_address0  |  out|    2|   ap_memory|                                    attn_o_17|         array|
|attn_o_17_ce0       |  out|    1|   ap_memory|                                    attn_o_17|         array|
|attn_o_17_q0        |   in|    8|   ap_memory|                                    attn_o_17|         array|
|attn_o_18_address0  |  out|    2|   ap_memory|                                    attn_o_18|         array|
|attn_o_18_ce0       |  out|    1|   ap_memory|                                    attn_o_18|         array|
|attn_o_18_q0        |   in|    8|   ap_memory|                                    attn_o_18|         array|
|attn_o_19_address0  |  out|    2|   ap_memory|                                    attn_o_19|         array|
|attn_o_19_ce0       |  out|    1|   ap_memory|                                    attn_o_19|         array|
|attn_o_19_q0        |   in|    8|   ap_memory|                                    attn_o_19|         array|
|attn_o_20_address0  |  out|    2|   ap_memory|                                    attn_o_20|         array|
|attn_o_20_ce0       |  out|    1|   ap_memory|                                    attn_o_20|         array|
|attn_o_20_q0        |   in|    8|   ap_memory|                                    attn_o_20|         array|
|attn_o_21_address0  |  out|    2|   ap_memory|                                    attn_o_21|         array|
|attn_o_21_ce0       |  out|    1|   ap_memory|                                    attn_o_21|         array|
|attn_o_21_q0        |   in|    8|   ap_memory|                                    attn_o_21|         array|
|attn_o_22_address0  |  out|    2|   ap_memory|                                    attn_o_22|         array|
|attn_o_22_ce0       |  out|    1|   ap_memory|                                    attn_o_22|         array|
|attn_o_22_q0        |   in|    8|   ap_memory|                                    attn_o_22|         array|
|attn_o_23_address0  |  out|    2|   ap_memory|                                    attn_o_23|         array|
|attn_o_23_ce0       |  out|    1|   ap_memory|                                    attn_o_23|         array|
|attn_o_23_q0        |   in|    8|   ap_memory|                                    attn_o_23|         array|
|attn_o_24_address0  |  out|    2|   ap_memory|                                    attn_o_24|         array|
|attn_o_24_ce0       |  out|    1|   ap_memory|                                    attn_o_24|         array|
|attn_o_24_q0        |   in|    8|   ap_memory|                                    attn_o_24|         array|
|attn_o_25_address0  |  out|    2|   ap_memory|                                    attn_o_25|         array|
|attn_o_25_ce0       |  out|    1|   ap_memory|                                    attn_o_25|         array|
|attn_o_25_q0        |   in|    8|   ap_memory|                                    attn_o_25|         array|
|attn_o_26_address0  |  out|    2|   ap_memory|                                    attn_o_26|         array|
|attn_o_26_ce0       |  out|    1|   ap_memory|                                    attn_o_26|         array|
|attn_o_26_q0        |   in|    8|   ap_memory|                                    attn_o_26|         array|
|attn_o_27_address0  |  out|    2|   ap_memory|                                    attn_o_27|         array|
|attn_o_27_ce0       |  out|    1|   ap_memory|                                    attn_o_27|         array|
|attn_o_27_q0        |   in|    8|   ap_memory|                                    attn_o_27|         array|
|attn_o_28_address0  |  out|    2|   ap_memory|                                    attn_o_28|         array|
|attn_o_28_ce0       |  out|    1|   ap_memory|                                    attn_o_28|         array|
|attn_o_28_q0        |   in|    8|   ap_memory|                                    attn_o_28|         array|
|attn_o_29_address0  |  out|    2|   ap_memory|                                    attn_o_29|         array|
|attn_o_29_ce0       |  out|    1|   ap_memory|                                    attn_o_29|         array|
|attn_o_29_q0        |   in|    8|   ap_memory|                                    attn_o_29|         array|
|attn_o_30_address0  |  out|    2|   ap_memory|                                    attn_o_30|         array|
|attn_o_30_ce0       |  out|    1|   ap_memory|                                    attn_o_30|         array|
|attn_o_30_q0        |   in|    8|   ap_memory|                                    attn_o_30|         array|
|attn_o_31_address0  |  out|    2|   ap_memory|                                    attn_o_31|         array|
|attn_o_31_ce0       |  out|    1|   ap_memory|                                    attn_o_31|         array|
|attn_o_31_q0        |   in|    8|   ap_memory|                                    attn_o_31|         array|
|attn_o_32_address0  |  out|    2|   ap_memory|                                    attn_o_32|         array|
|attn_o_32_ce0       |  out|    1|   ap_memory|                                    attn_o_32|         array|
|attn_o_32_q0        |   in|    8|   ap_memory|                                    attn_o_32|         array|
|attn_o_33_address0  |  out|    2|   ap_memory|                                    attn_o_33|         array|
|attn_o_33_ce0       |  out|    1|   ap_memory|                                    attn_o_33|         array|
|attn_o_33_q0        |   in|    8|   ap_memory|                                    attn_o_33|         array|
|attn_o_34_address0  |  out|    2|   ap_memory|                                    attn_o_34|         array|
|attn_o_34_ce0       |  out|    1|   ap_memory|                                    attn_o_34|         array|
|attn_o_34_q0        |   in|    8|   ap_memory|                                    attn_o_34|         array|
|attn_o_35_address0  |  out|    2|   ap_memory|                                    attn_o_35|         array|
|attn_o_35_ce0       |  out|    1|   ap_memory|                                    attn_o_35|         array|
|attn_o_35_q0        |   in|    8|   ap_memory|                                    attn_o_35|         array|
|attn_o_36_address0  |  out|    2|   ap_memory|                                    attn_o_36|         array|
|attn_o_36_ce0       |  out|    1|   ap_memory|                                    attn_o_36|         array|
|attn_o_36_q0        |   in|    8|   ap_memory|                                    attn_o_36|         array|
|attn_o_37_address0  |  out|    2|   ap_memory|                                    attn_o_37|         array|
|attn_o_37_ce0       |  out|    1|   ap_memory|                                    attn_o_37|         array|
|attn_o_37_q0        |   in|    8|   ap_memory|                                    attn_o_37|         array|
|attn_o_38_address0  |  out|    2|   ap_memory|                                    attn_o_38|         array|
|attn_o_38_ce0       |  out|    1|   ap_memory|                                    attn_o_38|         array|
|attn_o_38_q0        |   in|    8|   ap_memory|                                    attn_o_38|         array|
|attn_o_39_address0  |  out|    2|   ap_memory|                                    attn_o_39|         array|
|attn_o_39_ce0       |  out|    1|   ap_memory|                                    attn_o_39|         array|
|attn_o_39_q0        |   in|    8|   ap_memory|                                    attn_o_39|         array|
|attn_o_40_address0  |  out|    2|   ap_memory|                                    attn_o_40|         array|
|attn_o_40_ce0       |  out|    1|   ap_memory|                                    attn_o_40|         array|
|attn_o_40_q0        |   in|    8|   ap_memory|                                    attn_o_40|         array|
|attn_o_41_address0  |  out|    2|   ap_memory|                                    attn_o_41|         array|
|attn_o_41_ce0       |  out|    1|   ap_memory|                                    attn_o_41|         array|
|attn_o_41_q0        |   in|    8|   ap_memory|                                    attn_o_41|         array|
|attn_o_42_address0  |  out|    2|   ap_memory|                                    attn_o_42|         array|
|attn_o_42_ce0       |  out|    1|   ap_memory|                                    attn_o_42|         array|
|attn_o_42_q0        |   in|    8|   ap_memory|                                    attn_o_42|         array|
|attn_o_43_address0  |  out|    2|   ap_memory|                                    attn_o_43|         array|
|attn_o_43_ce0       |  out|    1|   ap_memory|                                    attn_o_43|         array|
|attn_o_43_q0        |   in|    8|   ap_memory|                                    attn_o_43|         array|
|attn_o_44_address0  |  out|    2|   ap_memory|                                    attn_o_44|         array|
|attn_o_44_ce0       |  out|    1|   ap_memory|                                    attn_o_44|         array|
|attn_o_44_q0        |   in|    8|   ap_memory|                                    attn_o_44|         array|
|attn_o_45_address0  |  out|    2|   ap_memory|                                    attn_o_45|         array|
|attn_o_45_ce0       |  out|    1|   ap_memory|                                    attn_o_45|         array|
|attn_o_45_q0        |   in|    8|   ap_memory|                                    attn_o_45|         array|
|attn_o_46_address0  |  out|    2|   ap_memory|                                    attn_o_46|         array|
|attn_o_46_ce0       |  out|    1|   ap_memory|                                    attn_o_46|         array|
|attn_o_46_q0        |   in|    8|   ap_memory|                                    attn_o_46|         array|
|attn_o_47_address0  |  out|    2|   ap_memory|                                    attn_o_47|         array|
|attn_o_47_ce0       |  out|    1|   ap_memory|                                    attn_o_47|         array|
|attn_o_47_q0        |   in|    8|   ap_memory|                                    attn_o_47|         array|
|attn_o_48_address0  |  out|    2|   ap_memory|                                    attn_o_48|         array|
|attn_o_48_ce0       |  out|    1|   ap_memory|                                    attn_o_48|         array|
|attn_o_48_q0        |   in|    8|   ap_memory|                                    attn_o_48|         array|
|attn_o_49_address0  |  out|    2|   ap_memory|                                    attn_o_49|         array|
|attn_o_49_ce0       |  out|    1|   ap_memory|                                    attn_o_49|         array|
|attn_o_49_q0        |   in|    8|   ap_memory|                                    attn_o_49|         array|
|attn_o_50_address0  |  out|    2|   ap_memory|                                    attn_o_50|         array|
|attn_o_50_ce0       |  out|    1|   ap_memory|                                    attn_o_50|         array|
|attn_o_50_q0        |   in|    8|   ap_memory|                                    attn_o_50|         array|
|attn_o_51_address0  |  out|    2|   ap_memory|                                    attn_o_51|         array|
|attn_o_51_ce0       |  out|    1|   ap_memory|                                    attn_o_51|         array|
|attn_o_51_q0        |   in|    8|   ap_memory|                                    attn_o_51|         array|
|attn_o_52_address0  |  out|    2|   ap_memory|                                    attn_o_52|         array|
|attn_o_52_ce0       |  out|    1|   ap_memory|                                    attn_o_52|         array|
|attn_o_52_q0        |   in|    8|   ap_memory|                                    attn_o_52|         array|
|attn_o_53_address0  |  out|    2|   ap_memory|                                    attn_o_53|         array|
|attn_o_53_ce0       |  out|    1|   ap_memory|                                    attn_o_53|         array|
|attn_o_53_q0        |   in|    8|   ap_memory|                                    attn_o_53|         array|
|attn_o_54_address0  |  out|    2|   ap_memory|                                    attn_o_54|         array|
|attn_o_54_ce0       |  out|    1|   ap_memory|                                    attn_o_54|         array|
|attn_o_54_q0        |   in|    8|   ap_memory|                                    attn_o_54|         array|
|attn_o_55_address0  |  out|    2|   ap_memory|                                    attn_o_55|         array|
|attn_o_55_ce0       |  out|    1|   ap_memory|                                    attn_o_55|         array|
|attn_o_55_q0        |   in|    8|   ap_memory|                                    attn_o_55|         array|
|attn_o_56_address0  |  out|    2|   ap_memory|                                    attn_o_56|         array|
|attn_o_56_ce0       |  out|    1|   ap_memory|                                    attn_o_56|         array|
|attn_o_56_q0        |   in|    8|   ap_memory|                                    attn_o_56|         array|
|attn_o_57_address0  |  out|    2|   ap_memory|                                    attn_o_57|         array|
|attn_o_57_ce0       |  out|    1|   ap_memory|                                    attn_o_57|         array|
|attn_o_57_q0        |   in|    8|   ap_memory|                                    attn_o_57|         array|
|attn_o_58_address0  |  out|    2|   ap_memory|                                    attn_o_58|         array|
|attn_o_58_ce0       |  out|    1|   ap_memory|                                    attn_o_58|         array|
|attn_o_58_q0        |   in|    8|   ap_memory|                                    attn_o_58|         array|
|attn_o_59_address0  |  out|    2|   ap_memory|                                    attn_o_59|         array|
|attn_o_59_ce0       |  out|    1|   ap_memory|                                    attn_o_59|         array|
|attn_o_59_q0        |   in|    8|   ap_memory|                                    attn_o_59|         array|
|attn_o_60_address0  |  out|    2|   ap_memory|                                    attn_o_60|         array|
|attn_o_60_ce0       |  out|    1|   ap_memory|                                    attn_o_60|         array|
|attn_o_60_q0        |   in|    8|   ap_memory|                                    attn_o_60|         array|
|attn_o_61_address0  |  out|    2|   ap_memory|                                    attn_o_61|         array|
|attn_o_61_ce0       |  out|    1|   ap_memory|                                    attn_o_61|         array|
|attn_o_61_q0        |   in|    8|   ap_memory|                                    attn_o_61|         array|
|attn_o_62_address0  |  out|    2|   ap_memory|                                    attn_o_62|         array|
|attn_o_62_ce0       |  out|    1|   ap_memory|                                    attn_o_62|         array|
|attn_o_62_q0        |   in|    8|   ap_memory|                                    attn_o_62|         array|
|attn_o_63_address0  |  out|    2|   ap_memory|                                    attn_o_63|         array|
|attn_o_63_ce0       |  out|    1|   ap_memory|                                    attn_o_63|         array|
|attn_o_63_q0        |   in|    8|   ap_memory|                                    attn_o_63|         array|
|acc_4_out           |  out|   24|      ap_vld|                                    acc_4_out|       pointer|
|acc_4_out_ap_vld    |  out|    1|      ap_vld|                                    acc_4_out|       pointer|
+--------------------+-----+-----+------------+---------------------------------------------+--------------+

