

================================================================
== Vitis HLS Report for 'action_diff_head_Pipeline_LOAD_CTX_N_VITIS_LOOP_88_1'
================================================================
* Date:           Thu May 28 13:02:11 2026

* Version:        2024.1 (Build 5069499 on May 21 2024)
* Project:        action_diff_hls
* Solution:       sol1 (Vivado IP Flow Target)
* Product family: versalaicore
* Target device:  xcvc1902-vsva2197-2MP-e-S


================================================================
== Performance Estimates
================================================================
+ Timing: 
    * Summary: 
    +--------+---------+----------+------------+
    |  Clock |  Target | Estimated| Uncertainty|
    +--------+---------+----------+------------+
    |ap_clk  |  4.00 ns|  1.993 ns|     1.08 ns|
    +--------+---------+----------+------------+

+ Latency: 
    * Summary: 
    +---------+---------+----------+----------+-------+-------+-----------------------------------------------+
    |  Latency (cycles) |  Latency (absolute) |    Interval   |                    Pipeline                   |
    |   min   |   max   |    min   |    max   |  min  |  max  |                      Type                     |
    +---------+---------+----------+----------+-------+-------+-----------------------------------------------+
    |    65538|    65538|  0.262 ms|  0.262 ms|  65537|  65537|  loop auto-rewind stp(delay=0 clock cycles(s))|
    +---------+---------+----------+----------+-------+-------+-----------------------------------------------+

    + Detail: 
        * Instance: 
        N/A

        * Loop: 
        +------------------------------+---------+---------+----------+-----------+-----------+-------+----------+
        |                              |  Latency (cycles) | Iteration|  Initiation Interval  |  Trip |          |
        |           Loop Name          |   min   |   max   |  Latency |  achieved |   target  | Count | Pipelined|
        +------------------------------+---------+---------+----------+-----------+-----------+-------+----------+
        |- LOAD_CTX_N_VITIS_LOOP_88_1  |    65536|    65536|         2|          1|          1|  65536|       yes|
        +------------------------------+---------+---------+----------+-----------+-----------+-------+----------+



================================================================
== Utilization Estimates
================================================================
* Summary: 
+-----------------+---------+------+---------+--------+-----+
|       Name      | BRAM_18K|  DSP |    FF   |   LUT  | URAM|
+-----------------+---------+------+---------+--------+-----+
|DSP              |        -|     -|        -|       -|    -|
|Expression       |        -|     -|        0|      66|    -|
|FIFO             |        -|     -|        -|       -|    -|
|Instance         |        -|     -|        -|       -|    -|
|Memory           |        -|     -|        -|       -|    -|
|Multiplexer      |        -|     -|        0|     120|    -|
|Register         |        -|     -|       38|       -|    -|
+-----------------+---------+------+---------+--------+-----+
|Total            |        0|     0|       38|     186|    0|
+-----------------+---------+------+---------+--------+-----+
|Available        |     1934|  1968|  1799680|  899840|  463|
+-----------------+---------+------+---------+--------+-----+
|Utilization (%)  |        0|     0|       ~0|      ~0|    0|
+-----------------+---------+------+---------+--------+-----+

+ Detail: 
    * Instance: 
    N/A

    * DSP: 
    N/A

    * Memory: 
    N/A

    * FIFO: 
    N/A

    * Expression: 
    +---------------------------+----------+----+---+----+------------+------------+
    |       Variable Name       | Operation| DSP| FF| LUT| Bitwidth P0| Bitwidth P1|
    +---------------------------+----------+----+---+----+------------+------------+
    |add_ln88_1_fu_1707_p2      |         +|   0|  0|   9|           9|           1|
    |add_ln88_2_fu_1285_p2      |         +|   0|  0|  17|          17|           1|
    |add_ln88_fu_1327_p2        |         +|   0|  0|   9|           9|           1|
    |ap_block_pp0_stage0_11001  |       and|   0|  0|   2|           1|           1|
    |icmp_ln88_1_fu_1333_p2     |      icmp|   0|  0|   4|           9|          10|
    |icmp_ln88_fu_1291_p2       |      icmp|   0|  0|   7|          17|          18|
    |select_ln88_1_fu_1347_p3   |    select|   0|  0|   8|           1|           9|
    |select_ln88_fu_1339_p3     |    select|   0|  0|   8|           1|           1|
    |ap_enable_pp0              |       xor|   0|  0|   2|           1|           2|
    +---------------------------+----------+----+---+----+------------+------------+
    |Total                      |          |   0|  0|  66|          65|          44|
    +---------------------------+----------+----+---+----+------------+------------+

    * Multiplexer: 
    +--------------------------------------+----+-----------+-----+-----------+
    |                 Name                 | LUT| Input Size| Bits| Total Bits|
    +--------------------------------------+----+-----------+-----+-----------+
    |ap_done_int                           |   8|          2|    1|          2|
    |ap_enable_reg_pp0_iter1               |   8|          2|    1|          2|
    |ap_sig_allocacmp_indvar_flatten_load  |  32|          2|   17|         34|
    |c_fu_318                              |  16|          2|    9|         18|
    |ddrCTX_blk_n_R                        |   8|          2|    1|          2|
    |indvar_flatten_fu_326                 |  32|          2|   17|         34|
    |n_fu_322                              |  16|          2|    9|         18|
    +--------------------------------------+----+-----------+-----+-----------+
    |Total                                 | 120|         14|   55|        110|
    +--------------------------------------+----+-----------+-----+-----------+

    * Register: 
    +-------------------------+----+----+-----+-----------+
    |           Name          | FF | LUT| Bits| Const Bits|
    +-------------------------+----+----+-----+-----------+
    |ap_CS_fsm                |   1|   0|    1|          0|
    |ap_done_reg              |   1|   0|    1|          0|
    |ap_enable_reg_pp0_iter1  |   1|   0|    1|          0|
    |c_fu_318                 |   9|   0|    9|          0|
    |indvar_flatten_fu_326    |  17|   0|   17|          0|
    |n_fu_322                 |   9|   0|    9|          0|
    +-------------------------+----+----+-----+-----------+
    |Total                    |  38|   0|   38|          0|
    +-------------------------+----+----+-----+-----------+



================================================================
== Interface
================================================================
* Summary: 
+-----------------------+-----+-----+------------+------------------------------------------------------+--------------+
|       RTL Ports       | Dir | Bits|  Protocol  |                     Source Object                    |    C Type    |
+-----------------------+-----+-----+------------+------------------------------------------------------+--------------+
|ap_clk                 |   in|    1|  ap_ctrl_hs|  action_diff_head_Pipeline_LOAD_CTX_N_VITIS_LOOP_88_1|  return value|
|ap_rst                 |   in|    1|  ap_ctrl_hs|  action_diff_head_Pipeline_LOAD_CTX_N_VITIS_LOOP_88_1|  return value|
|ap_start               |   in|    1|  ap_ctrl_hs|  action_diff_head_Pipeline_LOAD_CTX_N_VITIS_LOOP_88_1|  return value|
|ap_done                |  out|    1|  ap_ctrl_hs|  action_diff_head_Pipeline_LOAD_CTX_N_VITIS_LOOP_88_1|  return value|
|ap_idle                |  out|    1|  ap_ctrl_hs|  action_diff_head_Pipeline_LOAD_CTX_N_VITIS_LOOP_88_1|  return value|
|ap_ready               |  out|    1|  ap_ctrl_hs|  action_diff_head_Pipeline_LOAD_CTX_N_VITIS_LOOP_88_1|  return value|
|m_axi_ddrCTX_AWVALID   |  out|    1|       m_axi|                                                ddrCTX|       pointer|
|m_axi_ddrCTX_AWREADY   |   in|    1|       m_axi|                                                ddrCTX|       pointer|
|m_axi_ddrCTX_AWADDR    |  out|   64|       m_axi|                                                ddrCTX|       pointer|
|m_axi_ddrCTX_AWID      |  out|    1|       m_axi|                                                ddrCTX|       pointer|
|m_axi_ddrCTX_AWLEN     |  out|   32|       m_axi|                                                ddrCTX|       pointer|
|m_axi_ddrCTX_AWSIZE    |  out|    3|       m_axi|                                                ddrCTX|       pointer|
|m_axi_ddrCTX_AWBURST   |  out|    2|       m_axi|                                                ddrCTX|       pointer|
|m_axi_ddrCTX_AWLOCK    |  out|    2|       m_axi|                                                ddrCTX|       pointer|
|m_axi_ddrCTX_AWCACHE   |  out|    4|       m_axi|                                                ddrCTX|       pointer|
|m_axi_ddrCTX_AWPROT    |  out|    3|       m_axi|                                                ddrCTX|       pointer|
|m_axi_ddrCTX_AWQOS     |  out|    4|       m_axi|                                                ddrCTX|       pointer|
|m_axi_ddrCTX_AWREGION  |  out|    4|       m_axi|                                                ddrCTX|       pointer|
|m_axi_ddrCTX_AWUSER    |  out|    1|       m_axi|                                                ddrCTX|       pointer|
|m_axi_ddrCTX_WVALID    |  out|    1|       m_axi|                                                ddrCTX|       pointer|
|m_axi_ddrCTX_WREADY    |   in|    1|       m_axi|                                                ddrCTX|       pointer|
|m_axi_ddrCTX_WDATA     |  out|    8|       m_axi|                                                ddrCTX|       pointer|
|m_axi_ddrCTX_WSTRB     |  out|    1|       m_axi|                                                ddrCTX|       pointer|
|m_axi_ddrCTX_WLAST     |  out|    1|       m_axi|                                                ddrCTX|       pointer|
|m_axi_ddrCTX_WID       |  out|    1|       m_axi|                                                ddrCTX|       pointer|
|m_axi_ddrCTX_WUSER     |  out|    1|       m_axi|                                                ddrCTX|       pointer|
|m_axi_ddrCTX_ARVALID   |  out|    1|       m_axi|                                                ddrCTX|       pointer|
|m_axi_ddrCTX_ARREADY   |   in|    1|       m_axi|                                                ddrCTX|       pointer|
|m_axi_ddrCTX_ARADDR    |  out|   64|       m_axi|                                                ddrCTX|       pointer|
|m_axi_ddrCTX_ARID      |  out|    1|       m_axi|                                                ddrCTX|       pointer|
|m_axi_ddrCTX_ARLEN     |  out|   32|       m_axi|                                                ddrCTX|       pointer|
|m_axi_ddrCTX_ARSIZE    |  out|    3|       m_axi|                                                ddrCTX|       pointer|
|m_axi_ddrCTX_ARBURST   |  out|    2|       m_axi|                                                ddrCTX|       pointer|
|m_axi_ddrCTX_ARLOCK    |  out|    2|       m_axi|                                                ddrCTX|       pointer|
|m_axi_ddrCTX_ARCACHE   |  out|    4|       m_axi|                                                ddrCTX|       pointer|
|m_axi_ddrCTX_ARPROT    |  out|    3|       m_axi|                                                ddrCTX|       pointer|
|m_axi_ddrCTX_ARQOS     |  out|    4|       m_axi|                                                ddrCTX|       pointer|
|m_axi_ddrCTX_ARREGION  |  out|    4|       m_axi|                                                ddrCTX|       pointer|
|m_axi_ddrCTX_ARUSER    |  out|    1|       m_axi|                                                ddrCTX|       pointer|
|m_axi_ddrCTX_RVALID    |   in|    1|       m_axi|                                                ddrCTX|       pointer|
|m_axi_ddrCTX_RREADY    |  out|    1|       m_axi|                                                ddrCTX|       pointer|
|m_axi_ddrCTX_RDATA     |   in|    8|       m_axi|                                                ddrCTX|       pointer|
|m_axi_ddrCTX_RLAST     |   in|    1|       m_axi|                                                ddrCTX|       pointer|
|m_axi_ddrCTX_RID       |   in|    1|       m_axi|                                                ddrCTX|       pointer|
|m_axi_ddrCTX_RFIFONUM  |   in|   15|       m_axi|                                                ddrCTX|       pointer|
|m_axi_ddrCTX_RUSER     |   in|    1|       m_axi|                                                ddrCTX|       pointer|
|m_axi_ddrCTX_RRESP     |   in|    2|       m_axi|                                                ddrCTX|       pointer|
|m_axi_ddrCTX_BVALID    |   in|    1|       m_axi|                                                ddrCTX|       pointer|
|m_axi_ddrCTX_BREADY    |  out|    1|       m_axi|                                                ddrCTX|       pointer|
|m_axi_ddrCTX_BRESP     |   in|    2|       m_axi|                                                ddrCTX|       pointer|
|m_axi_ddrCTX_BID       |   in|    1|       m_axi|                                                ddrCTX|       pointer|
|m_axi_ddrCTX_BUSER     |   in|    1|       m_axi|                                                ddrCTX|       pointer|
|g_context              |   in|   64|     ap_none|                                             g_context|        scalar|
|context_r_address0     |  out|   10|   ap_memory|                                             context_r|         array|
|context_r_ce0          |  out|    1|   ap_memory|                                             context_r|         array|
|context_r_we0          |  out|    1|   ap_memory|                                             context_r|         array|
|context_r_d0           |  out|    8|   ap_memory|                                             context_r|         array|
|context_1_address0     |  out|   10|   ap_memory|                                             context_1|         array|
|context_1_ce0          |  out|    1|   ap_memory|                                             context_1|         array|
|context_1_we0          |  out|    1|   ap_memory|                                             context_1|         array|
|context_1_d0           |  out|    8|   ap_memory|                                             context_1|         array|
|context_2_address0     |  out|   10|   ap_memory|                                             context_2|         array|
|context_2_ce0          |  out|    1|   ap_memory|                                             context_2|         array|
|context_2_we0          |  out|    1|   ap_memory|                                             context_2|         array|
|context_2_d0           |  out|    8|   ap_memory|                                             context_2|         array|
|context_3_address0     |  out|   10|   ap_memory|                                             context_3|         array|
|context_3_ce0          |  out|    1|   ap_memory|                                             context_3|         array|
|context_3_we0          |  out|    1|   ap_memory|                                             context_3|         array|
|context_3_d0           |  out|    8|   ap_memory|                                             context_3|         array|
|context_4_address0     |  out|   10|   ap_memory|                                             context_4|         array|
|context_4_ce0          |  out|    1|   ap_memory|                                             context_4|         array|
|context_4_we0          |  out|    1|   ap_memory|                                             context_4|         array|
|context_4_d0           |  out|    8|   ap_memory|                                             context_4|         array|
|context_5_address0     |  out|   10|   ap_memory|                                             context_5|         array|
|context_5_ce0          |  out|    1|   ap_memory|                                             context_5|         array|
|context_5_we0          |  out|    1|   ap_memory|                                             context_5|         array|
|context_5_d0           |  out|    8|   ap_memory|                                             context_5|         array|
|context_6_address0     |  out|   10|   ap_memory|                                             context_6|         array|
|context_6_ce0          |  out|    1|   ap_memory|                                             context_6|         array|
|context_6_we0          |  out|    1|   ap_memory|                                             context_6|         array|
|context_6_d0           |  out|    8|   ap_memory|                                             context_6|         array|
|context_7_address0     |  out|   10|   ap_memory|                                             context_7|         array|
|context_7_ce0          |  out|    1|   ap_memory|                                             context_7|         array|
|context_7_we0          |  out|    1|   ap_memory|                                             context_7|         array|
|context_7_d0           |  out|    8|   ap_memory|                                             context_7|         array|
|context_8_address0     |  out|   10|   ap_memory|                                             context_8|         array|
|context_8_ce0          |  out|    1|   ap_memory|                                             context_8|         array|
|context_8_we0          |  out|    1|   ap_memory|                                             context_8|         array|
|context_8_d0           |  out|    8|   ap_memory|                                             context_8|         array|
|context_9_address0     |  out|   10|   ap_memory|                                             context_9|         array|
|context_9_ce0          |  out|    1|   ap_memory|                                             context_9|         array|
|context_9_we0          |  out|    1|   ap_memory|                                             context_9|         array|
|context_9_d0           |  out|    8|   ap_memory|                                             context_9|         array|
|context_10_address0    |  out|   10|   ap_memory|                                            context_10|         array|
|context_10_ce0         |  out|    1|   ap_memory|                                            context_10|         array|
|context_10_we0         |  out|    1|   ap_memory|                                            context_10|         array|
|context_10_d0          |  out|    8|   ap_memory|                                            context_10|         array|
|context_11_address0    |  out|   10|   ap_memory|                                            context_11|         array|
|context_11_ce0         |  out|    1|   ap_memory|                                            context_11|         array|
|context_11_we0         |  out|    1|   ap_memory|                                            context_11|         array|
|context_11_d0          |  out|    8|   ap_memory|                                            context_11|         array|
|context_12_address0    |  out|   10|   ap_memory|                                            context_12|         array|
|context_12_ce0         |  out|    1|   ap_memory|                                            context_12|         array|
|context_12_we0         |  out|    1|   ap_memory|                                            context_12|         array|
|context_12_d0          |  out|    8|   ap_memory|                                            context_12|         array|
|context_13_address0    |  out|   10|   ap_memory|                                            context_13|         array|
|context_13_ce0         |  out|    1|   ap_memory|                                            context_13|         array|
|context_13_we0         |  out|    1|   ap_memory|                                            context_13|         array|
|context_13_d0          |  out|    8|   ap_memory|                                            context_13|         array|
|context_14_address0    |  out|   10|   ap_memory|                                            context_14|         array|
|context_14_ce0         |  out|    1|   ap_memory|                                            context_14|         array|
|context_14_we0         |  out|    1|   ap_memory|                                            context_14|         array|
|context_14_d0          |  out|    8|   ap_memory|                                            context_14|         array|
|context_15_address0    |  out|   10|   ap_memory|                                            context_15|         array|
|context_15_ce0         |  out|    1|   ap_memory|                                            context_15|         array|
|context_15_we0         |  out|    1|   ap_memory|                                            context_15|         array|
|context_15_d0          |  out|    8|   ap_memory|                                            context_15|         array|
|context_16_address0    |  out|   10|   ap_memory|                                            context_16|         array|
|context_16_ce0         |  out|    1|   ap_memory|                                            context_16|         array|
|context_16_we0         |  out|    1|   ap_memory|                                            context_16|         array|
|context_16_d0          |  out|    8|   ap_memory|                                            context_16|         array|
|context_17_address0    |  out|   10|   ap_memory|                                            context_17|         array|
|context_17_ce0         |  out|    1|   ap_memory|                                            context_17|         array|
|context_17_we0         |  out|    1|   ap_memory|                                            context_17|         array|
|context_17_d0          |  out|    8|   ap_memory|                                            context_17|         array|
|context_18_address0    |  out|   10|   ap_memory|                                            context_18|         array|
|context_18_ce0         |  out|    1|   ap_memory|                                            context_18|         array|
|context_18_we0         |  out|    1|   ap_memory|                                            context_18|         array|
|context_18_d0          |  out|    8|   ap_memory|                                            context_18|         array|
|context_19_address0    |  out|   10|   ap_memory|                                            context_19|         array|
|context_19_ce0         |  out|    1|   ap_memory|                                            context_19|         array|
|context_19_we0         |  out|    1|   ap_memory|                                            context_19|         array|
|context_19_d0          |  out|    8|   ap_memory|                                            context_19|         array|
|context_20_address0    |  out|   10|   ap_memory|                                            context_20|         array|
|context_20_ce0         |  out|    1|   ap_memory|                                            context_20|         array|
|context_20_we0         |  out|    1|   ap_memory|                                            context_20|         array|
|context_20_d0          |  out|    8|   ap_memory|                                            context_20|         array|
|context_21_address0    |  out|   10|   ap_memory|                                            context_21|         array|
|context_21_ce0         |  out|    1|   ap_memory|                                            context_21|         array|
|context_21_we0         |  out|    1|   ap_memory|                                            context_21|         array|
|context_21_d0          |  out|    8|   ap_memory|                                            context_21|         array|
|context_22_address0    |  out|   10|   ap_memory|                                            context_22|         array|
|context_22_ce0         |  out|    1|   ap_memory|                                            context_22|         array|
|context_22_we0         |  out|    1|   ap_memory|                                            context_22|         array|
|context_22_d0          |  out|    8|   ap_memory|                                            context_22|         array|
|context_23_address0    |  out|   10|   ap_memory|                                            context_23|         array|
|context_23_ce0         |  out|    1|   ap_memory|                                            context_23|         array|
|context_23_we0         |  out|    1|   ap_memory|                                            context_23|         array|
|context_23_d0          |  out|    8|   ap_memory|                                            context_23|         array|
|context_24_address0    |  out|   10|   ap_memory|                                            context_24|         array|
|context_24_ce0         |  out|    1|   ap_memory|                                            context_24|         array|
|context_24_we0         |  out|    1|   ap_memory|                                            context_24|         array|
|context_24_d0          |  out|    8|   ap_memory|                                            context_24|         array|
|context_25_address0    |  out|   10|   ap_memory|                                            context_25|         array|
|context_25_ce0         |  out|    1|   ap_memory|                                            context_25|         array|
|context_25_we0         |  out|    1|   ap_memory|                                            context_25|         array|
|context_25_d0          |  out|    8|   ap_memory|                                            context_25|         array|
|context_26_address0    |  out|   10|   ap_memory|                                            context_26|         array|
|context_26_ce0         |  out|    1|   ap_memory|                                            context_26|         array|
|context_26_we0         |  out|    1|   ap_memory|                                            context_26|         array|
|context_26_d0          |  out|    8|   ap_memory|                                            context_26|         array|
|context_27_address0    |  out|   10|   ap_memory|                                            context_27|         array|
|context_27_ce0         |  out|    1|   ap_memory|                                            context_27|         array|
|context_27_we0         |  out|    1|   ap_memory|                                            context_27|         array|
|context_27_d0          |  out|    8|   ap_memory|                                            context_27|         array|
|context_28_address0    |  out|   10|   ap_memory|                                            context_28|         array|
|context_28_ce0         |  out|    1|   ap_memory|                                            context_28|         array|
|context_28_we0         |  out|    1|   ap_memory|                                            context_28|         array|
|context_28_d0          |  out|    8|   ap_memory|                                            context_28|         array|
|context_29_address0    |  out|   10|   ap_memory|                                            context_29|         array|
|context_29_ce0         |  out|    1|   ap_memory|                                            context_29|         array|
|context_29_we0         |  out|    1|   ap_memory|                                            context_29|         array|
|context_29_d0          |  out|    8|   ap_memory|                                            context_29|         array|
|context_30_address0    |  out|   10|   ap_memory|                                            context_30|         array|
|context_30_ce0         |  out|    1|   ap_memory|                                            context_30|         array|
|context_30_we0         |  out|    1|   ap_memory|                                            context_30|         array|
|context_30_d0          |  out|    8|   ap_memory|                                            context_30|         array|
|context_31_address0    |  out|   10|   ap_memory|                                            context_31|         array|
|context_31_ce0         |  out|    1|   ap_memory|                                            context_31|         array|
|context_31_we0         |  out|    1|   ap_memory|                                            context_31|         array|
|context_31_d0          |  out|    8|   ap_memory|                                            context_31|         array|
|context_32_address0    |  out|   10|   ap_memory|                                            context_32|         array|
|context_32_ce0         |  out|    1|   ap_memory|                                            context_32|         array|
|context_32_we0         |  out|    1|   ap_memory|                                            context_32|         array|
|context_32_d0          |  out|    8|   ap_memory|                                            context_32|         array|
|context_33_address0    |  out|   10|   ap_memory|                                            context_33|         array|
|context_33_ce0         |  out|    1|   ap_memory|                                            context_33|         array|
|context_33_we0         |  out|    1|   ap_memory|                                            context_33|         array|
|context_33_d0          |  out|    8|   ap_memory|                                            context_33|         array|
|context_34_address0    |  out|   10|   ap_memory|                                            context_34|         array|
|context_34_ce0         |  out|    1|   ap_memory|                                            context_34|         array|
|context_34_we0         |  out|    1|   ap_memory|                                            context_34|         array|
|context_34_d0          |  out|    8|   ap_memory|                                            context_34|         array|
|context_35_address0    |  out|   10|   ap_memory|                                            context_35|         array|
|context_35_ce0         |  out|    1|   ap_memory|                                            context_35|         array|
|context_35_we0         |  out|    1|   ap_memory|                                            context_35|         array|
|context_35_d0          |  out|    8|   ap_memory|                                            context_35|         array|
|context_36_address0    |  out|   10|   ap_memory|                                            context_36|         array|
|context_36_ce0         |  out|    1|   ap_memory|                                            context_36|         array|
|context_36_we0         |  out|    1|   ap_memory|                                            context_36|         array|
|context_36_d0          |  out|    8|   ap_memory|                                            context_36|         array|
|context_37_address0    |  out|   10|   ap_memory|                                            context_37|         array|
|context_37_ce0         |  out|    1|   ap_memory|                                            context_37|         array|
|context_37_we0         |  out|    1|   ap_memory|                                            context_37|         array|
|context_37_d0          |  out|    8|   ap_memory|                                            context_37|         array|
|context_38_address0    |  out|   10|   ap_memory|                                            context_38|         array|
|context_38_ce0         |  out|    1|   ap_memory|                                            context_38|         array|
|context_38_we0         |  out|    1|   ap_memory|                                            context_38|         array|
|context_38_d0          |  out|    8|   ap_memory|                                            context_38|         array|
|context_39_address0    |  out|   10|   ap_memory|                                            context_39|         array|
|context_39_ce0         |  out|    1|   ap_memory|                                            context_39|         array|
|context_39_we0         |  out|    1|   ap_memory|                                            context_39|         array|
|context_39_d0          |  out|    8|   ap_memory|                                            context_39|         array|
|context_40_address0    |  out|   10|   ap_memory|                                            context_40|         array|
|context_40_ce0         |  out|    1|   ap_memory|                                            context_40|         array|
|context_40_we0         |  out|    1|   ap_memory|                                            context_40|         array|
|context_40_d0          |  out|    8|   ap_memory|                                            context_40|         array|
|context_41_address0    |  out|   10|   ap_memory|                                            context_41|         array|
|context_41_ce0         |  out|    1|   ap_memory|                                            context_41|         array|
|context_41_we0         |  out|    1|   ap_memory|                                            context_41|         array|
|context_41_d0          |  out|    8|   ap_memory|                                            context_41|         array|
|context_42_address0    |  out|   10|   ap_memory|                                            context_42|         array|
|context_42_ce0         |  out|    1|   ap_memory|                                            context_42|         array|
|context_42_we0         |  out|    1|   ap_memory|                                            context_42|         array|
|context_42_d0          |  out|    8|   ap_memory|                                            context_42|         array|
|context_43_address0    |  out|   10|   ap_memory|                                            context_43|         array|
|context_43_ce0         |  out|    1|   ap_memory|                                            context_43|         array|
|context_43_we0         |  out|    1|   ap_memory|                                            context_43|         array|
|context_43_d0          |  out|    8|   ap_memory|                                            context_43|         array|
|context_44_address0    |  out|   10|   ap_memory|                                            context_44|         array|
|context_44_ce0         |  out|    1|   ap_memory|                                            context_44|         array|
|context_44_we0         |  out|    1|   ap_memory|                                            context_44|         array|
|context_44_d0          |  out|    8|   ap_memory|                                            context_44|         array|
|context_45_address0    |  out|   10|   ap_memory|                                            context_45|         array|
|context_45_ce0         |  out|    1|   ap_memory|                                            context_45|         array|
|context_45_we0         |  out|    1|   ap_memory|                                            context_45|         array|
|context_45_d0          |  out|    8|   ap_memory|                                            context_45|         array|
|context_46_address0    |  out|   10|   ap_memory|                                            context_46|         array|
|context_46_ce0         |  out|    1|   ap_memory|                                            context_46|         array|
|context_46_we0         |  out|    1|   ap_memory|                                            context_46|         array|
|context_46_d0          |  out|    8|   ap_memory|                                            context_46|         array|
|context_47_address0    |  out|   10|   ap_memory|                                            context_47|         array|
|context_47_ce0         |  out|    1|   ap_memory|                                            context_47|         array|
|context_47_we0         |  out|    1|   ap_memory|                                            context_47|         array|
|context_47_d0          |  out|    8|   ap_memory|                                            context_47|         array|
|context_48_address0    |  out|   10|   ap_memory|                                            context_48|         array|
|context_48_ce0         |  out|    1|   ap_memory|                                            context_48|         array|
|context_48_we0         |  out|    1|   ap_memory|                                            context_48|         array|
|context_48_d0          |  out|    8|   ap_memory|                                            context_48|         array|
|context_49_address0    |  out|   10|   ap_memory|                                            context_49|         array|
|context_49_ce0         |  out|    1|   ap_memory|                                            context_49|         array|
|context_49_we0         |  out|    1|   ap_memory|                                            context_49|         array|
|context_49_d0          |  out|    8|   ap_memory|                                            context_49|         array|
|context_50_address0    |  out|   10|   ap_memory|                                            context_50|         array|
|context_50_ce0         |  out|    1|   ap_memory|                                            context_50|         array|
|context_50_we0         |  out|    1|   ap_memory|                                            context_50|         array|
|context_50_d0          |  out|    8|   ap_memory|                                            context_50|         array|
|context_51_address0    |  out|   10|   ap_memory|                                            context_51|         array|
|context_51_ce0         |  out|    1|   ap_memory|                                            context_51|         array|
|context_51_we0         |  out|    1|   ap_memory|                                            context_51|         array|
|context_51_d0          |  out|    8|   ap_memory|                                            context_51|         array|
|context_52_address0    |  out|   10|   ap_memory|                                            context_52|         array|
|context_52_ce0         |  out|    1|   ap_memory|                                            context_52|         array|
|context_52_we0         |  out|    1|   ap_memory|                                            context_52|         array|
|context_52_d0          |  out|    8|   ap_memory|                                            context_52|         array|
|context_53_address0    |  out|   10|   ap_memory|                                            context_53|         array|
|context_53_ce0         |  out|    1|   ap_memory|                                            context_53|         array|
|context_53_we0         |  out|    1|   ap_memory|                                            context_53|         array|
|context_53_d0          |  out|    8|   ap_memory|                                            context_53|         array|
|context_54_address0    |  out|   10|   ap_memory|                                            context_54|         array|
|context_54_ce0         |  out|    1|   ap_memory|                                            context_54|         array|
|context_54_we0         |  out|    1|   ap_memory|                                            context_54|         array|
|context_54_d0          |  out|    8|   ap_memory|                                            context_54|         array|
|context_55_address0    |  out|   10|   ap_memory|                                            context_55|         array|
|context_55_ce0         |  out|    1|   ap_memory|                                            context_55|         array|
|context_55_we0         |  out|    1|   ap_memory|                                            context_55|         array|
|context_55_d0          |  out|    8|   ap_memory|                                            context_55|         array|
|context_56_address0    |  out|   10|   ap_memory|                                            context_56|         array|
|context_56_ce0         |  out|    1|   ap_memory|                                            context_56|         array|
|context_56_we0         |  out|    1|   ap_memory|                                            context_56|         array|
|context_56_d0          |  out|    8|   ap_memory|                                            context_56|         array|
|context_57_address0    |  out|   10|   ap_memory|                                            context_57|         array|
|context_57_ce0         |  out|    1|   ap_memory|                                            context_57|         array|
|context_57_we0         |  out|    1|   ap_memory|                                            context_57|         array|
|context_57_d0          |  out|    8|   ap_memory|                                            context_57|         array|
|context_58_address0    |  out|   10|   ap_memory|                                            context_58|         array|
|context_58_ce0         |  out|    1|   ap_memory|                                            context_58|         array|
|context_58_we0         |  out|    1|   ap_memory|                                            context_58|         array|
|context_58_d0          |  out|    8|   ap_memory|                                            context_58|         array|
|context_59_address0    |  out|   10|   ap_memory|                                            context_59|         array|
|context_59_ce0         |  out|    1|   ap_memory|                                            context_59|         array|
|context_59_we0         |  out|    1|   ap_memory|                                            context_59|         array|
|context_59_d0          |  out|    8|   ap_memory|                                            context_59|         array|
|context_60_address0    |  out|   10|   ap_memory|                                            context_60|         array|
|context_60_ce0         |  out|    1|   ap_memory|                                            context_60|         array|
|context_60_we0         |  out|    1|   ap_memory|                                            context_60|         array|
|context_60_d0          |  out|    8|   ap_memory|                                            context_60|         array|
|context_61_address0    |  out|   10|   ap_memory|                                            context_61|         array|
|context_61_ce0         |  out|    1|   ap_memory|                                            context_61|         array|
|context_61_we0         |  out|    1|   ap_memory|                                            context_61|         array|
|context_61_d0          |  out|    8|   ap_memory|                                            context_61|         array|
|context_62_address0    |  out|   10|   ap_memory|                                            context_62|         array|
|context_62_ce0         |  out|    1|   ap_memory|                                            context_62|         array|
|context_62_we0         |  out|    1|   ap_memory|                                            context_62|         array|
|context_62_d0          |  out|    8|   ap_memory|                                            context_62|         array|
|context_63_address0    |  out|   10|   ap_memory|                                            context_63|         array|
|context_63_ce0         |  out|    1|   ap_memory|                                            context_63|         array|
|context_63_we0         |  out|    1|   ap_memory|                                            context_63|         array|
|context_63_d0          |  out|    8|   ap_memory|                                            context_63|         array|
+-----------------------+-----+-----+------------+------------------------------------------------------+--------------+

