

================================================================
== Vitis HLS Report for 'vit_encoder_12layer_Pipeline_STORE_OUT_VITIS_LOOP_103_7'
================================================================
* Date:           Wed May 27 13:27:30 2026

* Version:        2024.1 (Build 5069499 on May 21 2024)
* Project:        vit_enc_hls
* Solution:       sol1 (Vivado IP Flow Target)
* Product family: versalaicore
* Target device:  xcvc1902-vsva2197-2MP-e-S


================================================================
== Performance Estimates
================================================================
+ Timing: 
    * Summary: 
    +--------+---------+----------+------------+
    |  Clock |  Target | Estimated| Uncertainty|
    +--------+---------+----------+------------+
    |ap_clk  |  4.00 ns|  2.886 ns|     1.08 ns|
    +--------+---------+----------+------------+

+ Latency: 
    * Summary: 
    +---------+---------+----------+----------+-------+-------+-----------------------------------------------+
    |  Latency (cycles) |  Latency (absolute) |    Interval   |                    Pipeline                   |
    |   min   |   max   |    min   |    max   |  min  |  max  |                      Type                     |
    +---------+---------+----------+----------+-------+-------+-----------------------------------------------+
    |    98307|    98307|  0.393 ms|  0.393 ms|  98305|  98305|  loop auto-rewind stp(delay=0 clock cycles(s))|
    +---------+---------+----------+----------+-------+-------+-----------------------------------------------+

    + Detail: 
        * Instance: 
        N/A

        * Loop: 
        +------------------------------+---------+---------+----------+-----------+-----------+-------+----------+
        |                              |  Latency (cycles) | Iteration|  Initiation Interval  |  Trip |          |
        |           Loop Name          |   min   |   max   |  Latency |  achieved |   target  | Count | Pipelined|
        +------------------------------+---------+---------+----------+-----------+-----------+-------+----------+
        |- STORE_OUT_VITIS_LOOP_103_7  |    98305|    98305|         3|          1|          1|  98304|       yes|
        +------------------------------+---------+---------+----------+-----------+-----------+-------+----------+



================================================================
== Utilization Estimates
================================================================
* Summary: 
+-----------------+---------+------+---------+--------+-----+
|       Name      | BRAM_18K|  DSP |    FF   |   LUT  | URAM|
+-----------------+---------+------+---------+--------+-----+
|DSP              |        -|     -|        -|       -|    -|
|Expression       |        -|     -|        0|     127|    -|
|FIFO             |        -|     -|        -|       -|    -|
|Instance         |        -|     -|        0|       8|    -|
|Memory           |        -|     -|        -|       -|    -|
|Multiplexer      |        -|     -|        0|      96|    -|
|Register         |        -|     -|       60|       -|    -|
+-----------------+---------+------+---------+--------+-----+
|Total            |        0|     0|       60|     231|    0|
+-----------------+---------+------+---------+--------+-----+
|Available        |     1934|  1968|  1799680|  899840|  463|
+-----------------+---------+------+---------+--------+-----+
|Utilization (%)  |        0|     0|       ~0|      ~0|    0|
+-----------------+---------+------+---------+--------+-----+

+ Detail: 
    * Instance: 
    +--------------------------+---------------------+---------+----+---+----+-----+
    |         Instance         |        Module       | BRAM_18K| DSP| FF| LUT| URAM|
    +--------------------------+---------------------+---------+----+---+----+-----+
    |sparsemux_9_2_8_1_1_U264  |sparsemux_9_2_8_1_1  |        0|   0|  0|   8|    0|
    +--------------------------+---------------------+---------+----+---+----+-----+
    |Total                     |                     |        0|   0|  0|   8|    0|
    +--------------------------+---------------------+---------+----+---+----+-----+

    * DSP: 
    N/A

    * Memory: 
    N/A

    * FIFO: 
    N/A

    * Expression: 
    +---------------------------+----------+----+---+----+------------+------------+
    |       Variable Name       | Operation| DSP| FF| LUT| Bitwidth P0| Bitwidth P1|
    +---------------------------+----------+----+---+----+------------+------------+
    |add_ln103_1_fu_325_p2      |         +|   0|  0|   9|           9|           1|
    |add_ln103_2_fu_214_p2      |         +|   0|  0|  17|          17|           1|
    |add_ln103_fu_243_p2        |         +|   0|  0|   9|           9|           1|
    |add_ln105_fu_319_p2        |         +|   0|  0|  31|          15|          15|
    |sub_ln103_fu_295_p2        |         -|   0|  0|  31|          15|          15|
    |ap_block_pp0_stage0_11001  |       and|   0|  0|   2|           1|           1|
    |icmp_ln103_1_fu_249_p2     |      icmp|   0|  0|   3|           9|           9|
    |icmp_ln103_fu_220_p2       |      icmp|   0|  0|   7|          17|          17|
    |select_ln103_1_fu_263_p3   |    select|   0|  0|   8|           1|           9|
    |select_ln103_fu_255_p3     |    select|   0|  0|   8|           1|           1|
    |ap_enable_pp0              |       xor|   0|  0|   2|           1|           2|
    +---------------------------+----------+----+---+----+------------+------------+
    |Total                      |          |   0|  0| 127|          95|          72|
    +---------------------------+----------+----+---+----+------------+------------+

    * Multiplexer: 
    +-------------------------+----+-----------+-----+-----------+
    |           Name          | LUT| Input Size| Bits| Total Bits|
    +-------------------------+----+-----------+-----+-----------+
    |ap_done_int              |   8|          2|    1|          2|
    |ap_enable_reg_pp0_iter1  |   8|          2|    1|          2|
    |ap_enable_reg_pp0_iter2  |   8|          2|    1|          2|
    |d_fu_92                  |  16|          2|    9|         18|
    |ddrOUT_blk_n_W           |   8|          2|    1|          2|
    |indvar_flatten41_fu_100  |  32|          2|   17|         34|
    |p_1_fu_96                |  16|          2|    9|         18|
    +-------------------------+----+-----------+-----+-----------+
    |Total                    |  96|         14|   39|         78|
    +-------------------------+----+-----------+-----+-----------+

    * Register: 
    +-----------------------------------+----+----+-----+-----------+
    |                Name               | FF | LUT| Bits| Const Bits|
    +-----------------------------------+----+----+-----+-----------+
    |add_ln105_reg_467                  |  15|   0|   15|          0|
    |ap_CS_fsm                          |   1|   0|    1|          0|
    |ap_done_reg                        |   1|   0|    1|          0|
    |ap_enable_reg_pp0_iter1            |   1|   0|    1|          0|
    |ap_enable_reg_pp0_iter2            |   1|   0|    1|          0|
    |ap_enable_reg_pp0_iter3            |   1|   0|    1|          0|
    |ap_loop_exit_ready_pp0_iter2_reg   |   1|   0|    1|          0|
    |d_fu_92                            |   9|   0|    9|          0|
    |indvar_flatten41_fu_100            |  17|   0|   17|          0|
    |p_1_fu_96                          |   9|   0|    9|          0|
    |trunc_ln103_reg_462                |   2|   0|    2|          0|
    |trunc_ln103_reg_462_pp0_iter2_reg  |   2|   0|    2|          0|
    +-----------------------------------+----+----+-----+-----------+
    |Total                              |  60|   0|   60|          0|
    +-----------------------------------+----+----+-----+-----------+



================================================================
== Interface
================================================================
* Summary: 
+--------------------------------------------------------------------------------+-----+-----+------------+-----------------------------------------------------------------------+--------------+
|                                    RTL Ports                                   | Dir | Bits|  Protocol  |                             Source Object                             |    C Type    |
+--------------------------------------------------------------------------------+-----+-----+------------+-----------------------------------------------------------------------+--------------+
|ap_clk                                                                          |   in|    1|  ap_ctrl_hs|                vit_encoder_12layer_Pipeline_STORE_OUT_VITIS_LOOP_103_7|  return value|
|ap_rst                                                                          |   in|    1|  ap_ctrl_hs|                vit_encoder_12layer_Pipeline_STORE_OUT_VITIS_LOOP_103_7|  return value|
|ap_start                                                                        |   in|    1|  ap_ctrl_hs|                vit_encoder_12layer_Pipeline_STORE_OUT_VITIS_LOOP_103_7|  return value|
|ap_done                                                                         |  out|    1|  ap_ctrl_hs|                vit_encoder_12layer_Pipeline_STORE_OUT_VITIS_LOOP_103_7|  return value|
|ap_idle                                                                         |  out|    1|  ap_ctrl_hs|                vit_encoder_12layer_Pipeline_STORE_OUT_VITIS_LOOP_103_7|  return value|
|ap_ready                                                                        |  out|    1|  ap_ctrl_hs|                vit_encoder_12layer_Pipeline_STORE_OUT_VITIS_LOOP_103_7|  return value|
|m_axi_ddrOUT_AWVALID                                                            |  out|    1|       m_axi|                                                                 ddrOUT|       pointer|
|m_axi_ddrOUT_AWREADY                                                            |   in|    1|       m_axi|                                                                 ddrOUT|       pointer|
|m_axi_ddrOUT_AWADDR                                                             |  out|   64|       m_axi|                                                                 ddrOUT|       pointer|
|m_axi_ddrOUT_AWID                                                               |  out|    1|       m_axi|                                                                 ddrOUT|       pointer|
|m_axi_ddrOUT_AWLEN                                                              |  out|   32|       m_axi|                                                                 ddrOUT|       pointer|
|m_axi_ddrOUT_AWSIZE                                                             |  out|    3|       m_axi|                                                                 ddrOUT|       pointer|
|m_axi_ddrOUT_AWBURST                                                            |  out|    2|       m_axi|                                                                 ddrOUT|       pointer|
|m_axi_ddrOUT_AWLOCK                                                             |  out|    2|       m_axi|                                                                 ddrOUT|       pointer|
|m_axi_ddrOUT_AWCACHE                                                            |  out|    4|       m_axi|                                                                 ddrOUT|       pointer|
|m_axi_ddrOUT_AWPROT                                                             |  out|    3|       m_axi|                                                                 ddrOUT|       pointer|
|m_axi_ddrOUT_AWQOS                                                              |  out|    4|       m_axi|                                                                 ddrOUT|       pointer|
|m_axi_ddrOUT_AWREGION                                                           |  out|    4|       m_axi|                                                                 ddrOUT|       pointer|
|m_axi_ddrOUT_AWUSER                                                             |  out|    1|       m_axi|                                                                 ddrOUT|       pointer|
|m_axi_ddrOUT_WVALID                                                             |  out|    1|       m_axi|                                                                 ddrOUT|       pointer|
|m_axi_ddrOUT_WREADY                                                             |   in|    1|       m_axi|                                                                 ddrOUT|       pointer|
|m_axi_ddrOUT_WDATA                                                              |  out|    8|       m_axi|                                                                 ddrOUT|       pointer|
|m_axi_ddrOUT_WSTRB                                                              |  out|    1|       m_axi|                                                                 ddrOUT|       pointer|
|m_axi_ddrOUT_WLAST                                                              |  out|    1|       m_axi|                                                                 ddrOUT|       pointer|
|m_axi_ddrOUT_WID                                                                |  out|    1|       m_axi|                                                                 ddrOUT|       pointer|
|m_axi_ddrOUT_WUSER                                                              |  out|    1|       m_axi|                                                                 ddrOUT|       pointer|
|m_axi_ddrOUT_ARVALID                                                            |  out|    1|       m_axi|                                                                 ddrOUT|       pointer|
|m_axi_ddrOUT_ARREADY                                                            |   in|    1|       m_axi|                                                                 ddrOUT|       pointer|
|m_axi_ddrOUT_ARADDR                                                             |  out|   64|       m_axi|                                                                 ddrOUT|       pointer|
|m_axi_ddrOUT_ARID                                                               |  out|    1|       m_axi|                                                                 ddrOUT|       pointer|
|m_axi_ddrOUT_ARLEN                                                              |  out|   32|       m_axi|                                                                 ddrOUT|       pointer|
|m_axi_ddrOUT_ARSIZE                                                             |  out|    3|       m_axi|                                                                 ddrOUT|       pointer|
|m_axi_ddrOUT_ARBURST                                                            |  out|    2|       m_axi|                                                                 ddrOUT|       pointer|
|m_axi_ddrOUT_ARLOCK                                                             |  out|    2|       m_axi|                                                                 ddrOUT|       pointer|
|m_axi_ddrOUT_ARCACHE                                                            |  out|    4|       m_axi|                                                                 ddrOUT|       pointer|
|m_axi_ddrOUT_ARPROT                                                             |  out|    3|       m_axi|                                                                 ddrOUT|       pointer|
|m_axi_ddrOUT_ARQOS                                                              |  out|    4|       m_axi|                                                                 ddrOUT|       pointer|
|m_axi_ddrOUT_ARREGION                                                           |  out|    4|       m_axi|                                                                 ddrOUT|       pointer|
|m_axi_ddrOUT_ARUSER                                                             |  out|    1|       m_axi|                                                                 ddrOUT|       pointer|
|m_axi_ddrOUT_RVALID                                                             |   in|    1|       m_axi|                                                                 ddrOUT|       pointer|
|m_axi_ddrOUT_RREADY                                                             |  out|    1|       m_axi|                                                                 ddrOUT|       pointer|
|m_axi_ddrOUT_RDATA                                                              |   in|    8|       m_axi|                                                                 ddrOUT|       pointer|
|m_axi_ddrOUT_RLAST                                                              |   in|    1|       m_axi|                                                                 ddrOUT|       pointer|
|m_axi_ddrOUT_RID                                                                |   in|    1|       m_axi|                                                                 ddrOUT|       pointer|
|m_axi_ddrOUT_RFIFONUM                                                           |   in|   11|       m_axi|                                                                 ddrOUT|       pointer|
|m_axi_ddrOUT_RUSER                                                              |   in|    1|       m_axi|                                                                 ddrOUT|       pointer|
|m_axi_ddrOUT_RRESP                                                              |   in|    2|       m_axi|                                                                 ddrOUT|       pointer|
|m_axi_ddrOUT_BVALID                                                             |   in|    1|       m_axi|                                                                 ddrOUT|       pointer|
|m_axi_ddrOUT_BREADY                                                             |  out|    1|       m_axi|                                                                 ddrOUT|       pointer|
|m_axi_ddrOUT_BRESP                                                              |   in|    2|       m_axi|                                                                 ddrOUT|       pointer|
|m_axi_ddrOUT_BID                                                                |   in|    1|       m_axi|                                                                 ddrOUT|       pointer|
|m_axi_ddrOUT_BUSER                                                              |   in|    1|       m_axi|                                                                 ddrOUT|       pointer|
|g_out                                                                           |   in|   64|     ap_none|                                                                  g_out|        scalar|
|vit_encoder_12layer_signed_char_const_384_signed_char_const_384_115_3_address0  |  out|   15|   ap_memory|  vit_encoder_12layer_signed_char_const_384_signed_char_const_384_115_3|         array|
|vit_encoder_12layer_signed_char_const_384_signed_char_const_384_115_3_ce0       |  out|    1|   ap_memory|  vit_encoder_12layer_signed_char_const_384_signed_char_const_384_115_3|         array|
|vit_encoder_12layer_signed_char_const_384_signed_char_const_384_115_3_q0        |   in|    8|   ap_memory|  vit_encoder_12layer_signed_char_const_384_signed_char_const_384_115_3|         array|
|vit_encoder_12layer_signed_char_const_384_signed_char_const_384_115_2_address0  |  out|   15|   ap_memory|  vit_encoder_12layer_signed_char_const_384_signed_char_const_384_115_2|         array|
|vit_encoder_12layer_signed_char_const_384_signed_char_const_384_115_2_ce0       |  out|    1|   ap_memory|  vit_encoder_12layer_signed_char_const_384_signed_char_const_384_115_2|         array|
|vit_encoder_12layer_signed_char_const_384_signed_char_const_384_115_2_q0        |   in|    8|   ap_memory|  vit_encoder_12layer_signed_char_const_384_signed_char_const_384_115_2|         array|
|vit_encoder_12layer_signed_char_const_384_signed_char_const_384_115_1_address0  |  out|   15|   ap_memory|  vit_encoder_12layer_signed_char_const_384_signed_char_const_384_115_1|         array|
|vit_encoder_12layer_signed_char_const_384_signed_char_const_384_115_1_ce0       |  out|    1|   ap_memory|  vit_encoder_12layer_signed_char_const_384_signed_char_const_384_115_1|         array|
|vit_encoder_12layer_signed_char_const_384_signed_char_const_384_115_1_q0        |   in|    8|   ap_memory|  vit_encoder_12layer_signed_char_const_384_signed_char_const_384_115_1|         array|
|vit_encoder_12layer_signed_char_const_384_signed_char_const_384_115_address0    |  out|   15|   ap_memory|    vit_encoder_12layer_signed_char_const_384_signed_char_const_384_115|         array|
|vit_encoder_12layer_signed_char_const_384_signed_char_const_384_115_ce0         |  out|    1|   ap_memory|    vit_encoder_12layer_signed_char_const_384_signed_char_const_384_115|         array|
|vit_encoder_12layer_signed_char_const_384_signed_char_const_384_115_q0          |   in|    8|   ap_memory|    vit_encoder_12layer_signed_char_const_384_signed_char_const_384_115|         array|
+--------------------------------------------------------------------------------+-----+-----+------------+-----------------------------------------------------------------------+--------------+

