

================================================================
== Vitis HLS Report for 'vit_transformer_layer_Pipeline_ATTN_O_I_ATTN_O_TILE_ATTN_O_J'
================================================================
* Date:           Wed May 27 13:26:27 2026

* Version:        2024.1 (Build 5069499 on May 21 2024)
* Project:        vit_enc_hls
* Solution:       sol1 (Vivado IP Flow Target)
* Product family: versalaicore
* Target device:  xcvc1902-vsva2197-2MP-e-S


================================================================
== Performance Estimates
================================================================
+ Timing: 
    * Summary: 
    +--------+---------+----------+------------+
    |  Clock |  Target | Estimated| Uncertainty|
    +--------+---------+----------+------------+
    |ap_clk  |  4.00 ns|  2.878 ns|     1.08 ns|
    +--------+---------+----------+------------+

+ Latency: 
    * Summary: 
    +---------+---------+-----------+-----------+---------+---------+-----------------------------------------------+
    |  Latency (cycles) |   Latency (absolute)  |      Interval     |                    Pipeline                   |
    |   min   |   max   |    min    |    max    |   min   |   max   |                      Type                     |
    +---------+---------+-----------+-----------+---------+---------+-----------------------------------------------+
    |  3145735|  3145735|  12.583 ms|  12.583 ms|  3145729|  3145729|  loop auto-rewind stp(delay=0 clock cycles(s))|
    +---------+---------+-----------+-----------+---------+---------+-----------------------------------------------+

    + Detail: 
        * Instance: 
        N/A

        * Loop: 
        +---------------------------------+---------+---------+----------+-----------+-----------+---------+----------+
        |                                 |  Latency (cycles) | Iteration|  Initiation Interval  |   Trip  |          |
        |            Loop Name            |   min   |   max   |  Latency |  achieved |   target  |  Count  | Pipelined|
        +---------------------------------+---------+---------+----------+-----------+-----------+---------+----------+
        |- ATTN_O_I_ATTN_O_TILE_ATTN_O_J  |  3145733|  3145733|         7|          1|          1|  3145728|       yes|
        +---------------------------------+---------+---------+----------+-----------+-----------+---------+----------+



================================================================
== Utilization Estimates
================================================================
* Summary: 
+-----------------+---------+------+---------+--------+-----+
|       Name      | BRAM_18K|  DSP |    FF   |   LUT  | URAM|
+-----------------+---------+------+---------+--------+-----+
|DSP              |        -|     8|        -|       -|    -|
|Expression       |        -|     -|        0|     873|    -|
|FIFO             |        -|     -|        -|       -|    -|
|Instance         |        -|     -|        -|       -|    -|
|Memory           |        -|     -|        -|       -|    -|
|Multiplexer      |        -|     -|        0|     656|    -|
|Register         |        -|     -|      386|      12|    -|
+-----------------+---------+------+---------+--------+-----+
|Total            |        0|     8|      386|    1541|    0|
+-----------------+---------+------+---------+--------+-----+
|Available        |     1934|  1968|  1799680|  899840|  463|
+-----------------+---------+------+---------+--------+-----+
|Utilization (%)  |        0|    ~0|       ~0|      ~0|    0|
+-----------------+---------+------+---------+--------+-----+

+ Detail: 
    * Instance: 
    N/A

    * DSP: 
    +-------------------------------------+--------------------------------+--------------+
    |               Instance              |             Module             |  Expression  |
    +-------------------------------------+--------------------------------+--------------+
    |mac_muladd_16s_16s_32ns_32_4_1_U107  |mac_muladd_16s_16s_32ns_32_4_1  |  i0 * i1 + i2|
    |mac_muladd_16s_16s_32ns_32_4_1_U108  |mac_muladd_16s_16s_32ns_32_4_1  |  i0 * i1 + i2|
    |mac_muladd_16s_16s_32ns_32_4_1_U109  |mac_muladd_16s_16s_32ns_32_4_1  |  i0 * i1 + i2|
    |mac_muladd_16s_16s_32ns_32_4_1_U110  |mac_muladd_16s_16s_32ns_32_4_1  |  i0 * i1 + i2|
    |mac_muladd_16s_16s_32ns_32_4_1_U111  |mac_muladd_16s_16s_32ns_32_4_1  |  i0 * i1 + i2|
    |mac_muladd_16s_16s_32ns_32_4_1_U112  |mac_muladd_16s_16s_32ns_32_4_1  |  i0 * i1 + i2|
    |mac_muladd_16s_16s_32ns_32_4_1_U113  |mac_muladd_16s_16s_32ns_32_4_1  |  i0 * i1 + i2|
    |mac_muladd_16s_16s_32ns_32_4_1_U114  |mac_muladd_16s_16s_32ns_32_4_1  |  i0 * i1 + i2|
    +-------------------------------------+--------------------------------+--------------+

    * Memory: 
    N/A

    * FIFO: 
    N/A

    * Expression: 
    +---------------------------+----------+----+---+----+------------+------------+
    |       Variable Name       | Operation| DSP| FF| LUT| Bitwidth P0| Bitwidth P1|
    +---------------------------+----------+----+---+----+------------+------------+
    |add_ln127_1_fu_553_p2      |         +|   0|  0|  22|          22|           1|
    |add_ln127_fu_733_p2        |         +|   0|  0|   9|           9|           1|
    |add_ln129_1_fu_677_p2      |         +|   0|  0|  15|          15|           1|
    |add_ln129_fu_627_p2        |         +|   0|  0|   9|           9|           4|
    |add_ln136_fu_665_p2        |         +|   0|  0|   9|           9|           1|
    |add_ln138_fu_855_p2        |         +|   0|  0|  16|          16|          16|
    |add_ln141_8_fu_837_p2      |         +|   0|  0|  33|          16|          16|
    |add_ln141_9_fu_831_p2      |         +|   0|  0|  33|          16|          16|
    |add_ln146_fu_791_p2        |         +|   0|  0|  29|          14|          14|
    |empty_53_fu_800_p2         |         +|   0|  0|   8|           8|           7|
    |sub_ln129_fu_782_p2        |         -|   0|  0|  29|          14|          14|
    |and_ln127_fu_621_p2        |       and|   0|  0|   2|           1|           1|
    |icmp_ln127_fu_559_p2       |      icmp|   0|  0|   9|          22|          22|
    |icmp_ln129_fu_595_p2       |      icmp|   0|  0|   6|          15|          14|
    |icmp_ln136_1_fu_671_p2     |      icmp|   0|  0|   4|           9|          10|
    |icmp_ln136_fu_615_p2       |      icmp|   0|  0|   4|           9|          10|
    |icmp_ln20_10_fu_1401_p2    |      icmp|   0|  0|   8|          17|          17|
    |icmp_ln20_11_fu_1457_p2    |      icmp|   0|  0|   1|           2|           1|
    |icmp_ln20_12_fu_1463_p2    |      icmp|   0|  0|   8|          17|          17|
    |icmp_ln20_13_fu_1519_p2    |      icmp|   0|  0|   1|           2|           1|
    |icmp_ln20_14_fu_1525_p2    |      icmp|   0|  0|   8|          17|          17|
    |icmp_ln20_15_fu_1581_p2    |      icmp|   0|  0|   1|           2|           1|
    |icmp_ln20_16_fu_1587_p2    |      icmp|   0|  0|   8|          17|          17|
    |icmp_ln20_2_fu_1153_p2     |      icmp|   0|  0|   8|          17|          17|
    |icmp_ln20_3_fu_1209_p2     |      icmp|   0|  0|   1|           2|           1|
    |icmp_ln20_4_fu_1215_p2     |      icmp|   0|  0|   8|          17|          17|
    |icmp_ln20_5_fu_1271_p2     |      icmp|   0|  0|   1|           2|           1|
    |icmp_ln20_6_fu_1277_p2     |      icmp|   0|  0|   8|          17|          17|
    |icmp_ln20_7_fu_1333_p2     |      icmp|   0|  0|   1|           2|           1|
    |icmp_ln20_8_fu_1339_p2     |      icmp|   0|  0|   8|          17|          17|
    |icmp_ln20_9_fu_1395_p2     |      icmp|   0|  0|   1|           2|           1|
    |icmp_ln20_fu_1147_p2       |      icmp|   0|  0|   1|           2|           1|
    |empty_52_fu_633_p2         |        or|   0|  0|   2|           1|           1|
    |or_ln20_1_fu_1238_p2       |        or|   0|  0|   2|           1|           1|
    |or_ln20_2_fu_1300_p2       |        or|   0|  0|   2|           1|           1|
    |or_ln20_3_fu_1362_p2       |        or|   0|  0|   2|           1|           1|
    |or_ln20_4_fu_1424_p2       |        or|   0|  0|   2|           1|           1|
    |or_ln20_5_fu_1486_p2       |        or|   0|  0|   2|           1|           1|
    |or_ln20_6_fu_1548_p2       |        or|   0|  0|   2|           1|           1|
    |or_ln20_7_fu_1610_p2       |        or|   0|  0|   2|           1|           1|
    |or_ln20_fu_1176_p2         |        or|   0|  0|   2|           1|           1|
    |grp_fu_1769_p2             |    select|   0|  0|  30|           1|           1|
    |grp_fu_1782_p2             |    select|   0|  0|  30|           1|           1|
    |grp_fu_1795_p2             |    select|   0|  0|  30|           1|           1|
    |grp_fu_1808_p2             |    select|   0|  0|  30|           1|           1|
    |grp_fu_1821_p2             |    select|   0|  0|  30|           1|           1|
    |grp_fu_1834_p2             |    select|   0|  0|  30|           1|           1|
    |grp_fu_1847_p2             |    select|   0|  0|  30|           1|           1|
    |grp_fu_1860_p2             |    select|   0|  0|  30|           1|           1|
    |j_5_mid2_fu_639_p3         |    select|   0|  0|   8|           1|           1|
    |select_ln127_1_fu_739_p3   |    select|   0|  0|   8|           1|           9|
    |select_ln127_fu_601_p3     |    select|   0|  0|   8|           1|           1|
    |select_ln129_1_fu_683_p3   |    select|   0|  0|  14|           1|           1|
    |select_ln129_fu_647_p3     |    select|   0|  0|   8|           1|           9|
    |select_ln20_10_fu_1430_p3  |    select|   0|  0|  16|           1|          16|
    |select_ln20_11_fu_1478_p3  |    select|   0|  0|  16|           1|          15|
    |select_ln20_12_fu_1492_p3  |    select|   0|  0|  16|           1|          16|
    |select_ln20_13_fu_1540_p3  |    select|   0|  0|  16|           1|          15|
    |select_ln20_14_fu_1554_p3  |    select|   0|  0|  16|           1|          16|
    |select_ln20_15_fu_1602_p3  |    select|   0|  0|  16|           1|          15|
    |select_ln20_16_fu_1616_p3  |    select|   0|  0|  16|           1|          16|
    |select_ln20_2_fu_1182_p3   |    select|   0|  0|  16|           1|          16|
    |select_ln20_3_fu_1230_p3   |    select|   0|  0|  16|           1|          15|
    |select_ln20_4_fu_1244_p3   |    select|   0|  0|  16|           1|          16|
    |select_ln20_5_fu_1292_p3   |    select|   0|  0|  16|           1|          15|
    |select_ln20_6_fu_1306_p3   |    select|   0|  0|  16|           1|          16|
    |select_ln20_7_fu_1354_p3   |    select|   0|  0|  16|           1|          15|
    |select_ln20_8_fu_1368_p3   |    select|   0|  0|  16|           1|          16|
    |select_ln20_9_fu_1416_p3   |    select|   0|  0|  16|           1|          15|
    |select_ln20_fu_1168_p3     |    select|   0|  0|  16|           1|          15|
    |ap_enable_pp0              |       xor|   0|  0|   2|           1|           2|
    |xor_ln127_fu_609_p2        |       xor|   0|  0|   2|           1|           2|
    +---------------------------+----------+----+---+----+------------+------------+
    |Total                      |          |   0|  0| 873|         396|         582|
    +---------------------------+----------+----+---+----+------------+------------+

    * Multiplexer: 
    +----------------------------------------+----+-----------+-----+-----------+
    |                  Name                  | LUT| Input Size| Bits| Total Bits|
    +----------------------------------------+----+-----------+-----+-----------+
    |ap_done_int                             |   8|          2|    1|          2|
    |ap_enable_reg_pp0_iter2                 |   8|          2|    1|          2|
    |ap_sig_allocacmp_indvar_flatten48_load  |  32|          2|   22|         44|
    |ap_sig_allocacmp_p_load                 |  32|          2|   32|         64|
    |ap_sig_allocacmp_p_load19               |  32|          2|   32|         64|
    |ap_sig_allocacmp_p_load20               |  32|          2|   32|         64|
    |ap_sig_allocacmp_p_load21               |  32|          2|   32|         64|
    |ap_sig_allocacmp_p_load22               |  32|          2|   32|         64|
    |ap_sig_allocacmp_p_load23               |  32|          2|   32|         64|
    |ap_sig_allocacmp_p_load24               |  32|          2|   32|         64|
    |ap_sig_allocacmp_p_load25               |  32|          2|   32|         64|
    |d0_fu_154                               |  16|          2|    9|         18|
    |empty_45_fu_122                         |  32|          2|   32|         64|
    |empty_46_fu_126                         |  32|          2|   32|         64|
    |empty_47_fu_130                         |  32|          2|   32|         64|
    |empty_48_fu_134                         |  32|          2|   32|         64|
    |empty_49_fu_138                         |  32|          2|   32|         64|
    |empty_50_fu_142                         |  32|          2|   32|         64|
    |empty_51_fu_146                         |  32|          2|   32|         64|
    |empty_fu_118                            |  32|          2|   32|         64|
    |i_fu_162                                |  16|          2|    9|         18|
    |indvar_flatten27_fu_158                 |  16|          2|   15|         30|
    |indvar_flatten48_fu_166                 |  32|          2|   22|         44|
    |j_fu_150                                |  16|          2|    9|         18|
    +----------------------------------------+----+-----------+-----+-----------+
    |Total                                   | 656|         48|  600|       1200|
    +----------------------------------------+----+-----------+-----+-----------+

    * Register: 
    +----------------------------------+----+----+-----+-----------+
    |               Name               | FF | LUT| Bits| Const Bits|
    +----------------------------------+----+----+-----+-----------+
    |add_ln146_reg_2041                |  14|   0|   14|          0|
    |ap_CS_fsm                         |   1|   0|    1|          0|
    |ap_done_reg                       |   1|   0|    1|          0|
    |ap_enable_reg_pp0_iter1           |   1|   0|    1|          0|
    |ap_enable_reg_pp0_iter2           |   1|   0|    1|          0|
    |ap_enable_reg_pp0_iter3           |   1|   0|    1|          0|
    |ap_enable_reg_pp0_iter4           |   1|   0|    1|          0|
    |ap_enable_reg_pp0_iter5           |   1|   0|    1|          0|
    |ap_enable_reg_pp0_iter6           |   1|   0|    1|          0|
    |ap_loop_exit_ready_pp0_iter1_reg  |   1|   0|    1|          0|
    |ap_loop_exit_ready_pp0_iter2_reg  |   1|   0|    1|          0|
    |ap_loop_exit_ready_pp0_iter3_reg  |   1|   0|    1|          0|
    |ap_loop_exit_ready_pp0_iter4_reg  |   1|   0|    1|          0|
    |ap_loop_exit_ready_pp0_iter5_reg  |   1|   0|    1|          0|
    |d0_fu_154                         |   9|   0|    9|          0|
    |empty_45_fu_122                   |  32|   0|   32|          0|
    |empty_46_fu_126                   |  32|   0|   32|          0|
    |empty_47_fu_130                   |  32|   0|   32|          0|
    |empty_48_fu_134                   |  32|   0|   32|          0|
    |empty_49_fu_138                   |  32|   0|   32|          0|
    |empty_50_fu_142                   |  32|   0|   32|          0|
    |empty_51_fu_146                   |  32|   0|   32|          0|
    |empty_52_reg_2012                 |   1|   0|    1|          0|
    |empty_fu_118                      |  32|   0|   32|          0|
    |i_fu_162                          |   9|   0|    9|          0|
    |icmp_ln127_reg_2003               |   1|   0|    1|          0|
    |icmp_ln129_reg_2007               |   1|   0|    1|          0|
    |icmp_ln136_1_reg_2037             |   1|   0|    1|          0|
    |indvar_flatten27_fu_158           |  15|   0|   15|          0|
    |indvar_flatten48_fu_166           |  22|   0|   22|          0|
    |j_5_mid2_reg_2024                 |   9|   0|    9|          0|
    |j_fu_150                          |   9|   0|    9|          0|
    |lshr_ln3_reg_2031                 |   6|   0|    6|          0|
    |add_ln146_reg_2041                |  16|   8|   14|          0|
    |empty_52_reg_2012                 |   2|   2|    1|          0|
    |icmp_ln136_1_reg_2037             |   2|   2|    1|          0|
    +----------------------------------+----+----+-----+-----------+
    |Total                             | 386|  12|  382|          0|
    +----------------------------------+----+----+-----+-----------+



================================================================
== Interface
================================================================
* Summary: 
+-------------------+-----+-----+------------+--------------------------------------------------------------+--------------+
|     RTL Ports     | Dir | Bits|  Protocol  |                         Source Object                        |    C Type    |
+-------------------+-----+-----+------------+--------------------------------------------------------------+--------------+
|ap_clk             |   in|    1|  ap_ctrl_hs|  vit_transformer_layer_Pipeline_ATTN_O_I_ATTN_O_TILE_ATTN_O_J|  return value|
|ap_rst             |   in|    1|  ap_ctrl_hs|  vit_transformer_layer_Pipeline_ATTN_O_I_ATTN_O_TILE_ATTN_O_J|  return value|
|ap_start           |   in|    1|  ap_ctrl_hs|  vit_transformer_layer_Pipeline_ATTN_O_I_ATTN_O_TILE_ATTN_O_J|  return value|
|ap_done            |  out|    1|  ap_ctrl_hs|  vit_transformer_layer_Pipeline_ATTN_O_I_ATTN_O_TILE_ATTN_O_J|  return value|
|ap_idle            |  out|    1|  ap_ctrl_hs|  vit_transformer_layer_Pipeline_ATTN_O_I_ATTN_O_TILE_ATTN_O_J|  return value|
|ap_ready           |  out|    1|  ap_ctrl_hs|  vit_transformer_layer_Pipeline_ATTN_O_I_ATTN_O_TILE_ATTN_O_J|  return value|
|attn_o_address0    |  out|   14|   ap_memory|                                                        attn_o|         array|
|attn_o_ce0         |  out|    1|   ap_memory|                                                        attn_o|         array|
|attn_o_we0         |  out|    1|   ap_memory|                                                        attn_o|         array|
|attn_o_d0          |  out|   16|   ap_memory|                                                        attn_o|         array|
|attn_o_1_address0  |  out|   14|   ap_memory|                                                      attn_o_1|         array|
|attn_o_1_ce0       |  out|    1|   ap_memory|                                                      attn_o_1|         array|
|attn_o_1_we0       |  out|    1|   ap_memory|                                                      attn_o_1|         array|
|attn_o_1_d0        |  out|   16|   ap_memory|                                                      attn_o_1|         array|
|attn_o_2_address0  |  out|   14|   ap_memory|                                                      attn_o_2|         array|
|attn_o_2_ce0       |  out|    1|   ap_memory|                                                      attn_o_2|         array|
|attn_o_2_we0       |  out|    1|   ap_memory|                                                      attn_o_2|         array|
|attn_o_2_d0        |  out|   16|   ap_memory|                                                      attn_o_2|         array|
|attn_o_3_address0  |  out|   14|   ap_memory|                                                      attn_o_3|         array|
|attn_o_3_ce0       |  out|    1|   ap_memory|                                                      attn_o_3|         array|
|attn_o_3_we0       |  out|    1|   ap_memory|                                                      attn_o_3|         array|
|attn_o_3_d0        |  out|   16|   ap_memory|                                                      attn_o_3|         array|
|attn_o_4_address0  |  out|   14|   ap_memory|                                                      attn_o_4|         array|
|attn_o_4_ce0       |  out|    1|   ap_memory|                                                      attn_o_4|         array|
|attn_o_4_we0       |  out|    1|   ap_memory|                                                      attn_o_4|         array|
|attn_o_4_d0        |  out|   16|   ap_memory|                                                      attn_o_4|         array|
|attn_o_5_address0  |  out|   14|   ap_memory|                                                      attn_o_5|         array|
|attn_o_5_ce0       |  out|    1|   ap_memory|                                                      attn_o_5|         array|
|attn_o_5_we0       |  out|    1|   ap_memory|                                                      attn_o_5|         array|
|attn_o_5_d0        |  out|   16|   ap_memory|                                                      attn_o_5|         array|
|attn_o_6_address0  |  out|   14|   ap_memory|                                                      attn_o_6|         array|
|attn_o_6_ce0       |  out|    1|   ap_memory|                                                      attn_o_6|         array|
|attn_o_6_we0       |  out|    1|   ap_memory|                                                      attn_o_6|         array|
|attn_o_6_d0        |  out|   16|   ap_memory|                                                      attn_o_6|         array|
|attn_o_7_address0  |  out|   14|   ap_memory|                                                      attn_o_7|         array|
|attn_o_7_ce0       |  out|    1|   ap_memory|                                                      attn_o_7|         array|
|attn_o_7_we0       |  out|    1|   ap_memory|                                                      attn_o_7|         array|
|attn_o_7_d0        |  out|   16|   ap_memory|                                                      attn_o_7|         array|
|qkv_address0       |  out|   16|   ap_memory|                                                           qkv|         array|
|qkv_ce0            |  out|    1|   ap_memory|                                                           qkv|         array|
|qkv_q0             |   in|   16|   ap_memory|                                                           qkv|         array|
|qkv_1_address0     |  out|   16|   ap_memory|                                                         qkv_1|         array|
|qkv_1_ce0          |  out|    1|   ap_memory|                                                         qkv_1|         array|
|qkv_1_q0           |   in|   16|   ap_memory|                                                         qkv_1|         array|
|qkv_2_address0     |  out|   16|   ap_memory|                                                         qkv_2|         array|
|qkv_2_ce0          |  out|    1|   ap_memory|                                                         qkv_2|         array|
|qkv_2_q0           |   in|   16|   ap_memory|                                                         qkv_2|         array|
|qkv_3_address0     |  out|   16|   ap_memory|                                                         qkv_3|         array|
|qkv_3_ce0          |  out|    1|   ap_memory|                                                         qkv_3|         array|
|qkv_3_q0           |   in|   16|   ap_memory|                                                         qkv_3|         array|
|qkv_4_address0     |  out|   16|   ap_memory|                                                         qkv_4|         array|
|qkv_4_ce0          |  out|    1|   ap_memory|                                                         qkv_4|         array|
|qkv_4_q0           |   in|   16|   ap_memory|                                                         qkv_4|         array|
|qkv_5_address0     |  out|   16|   ap_memory|                                                         qkv_5|         array|
|qkv_5_ce0          |  out|    1|   ap_memory|                                                         qkv_5|         array|
|qkv_5_q0           |   in|   16|   ap_memory|                                                         qkv_5|         array|
|qkv_6_address0     |  out|   16|   ap_memory|                                                         qkv_6|         array|
|qkv_6_ce0          |  out|    1|   ap_memory|                                                         qkv_6|         array|
|qkv_6_q0           |   in|   16|   ap_memory|                                                         qkv_6|         array|
|qkv_7_address0     |  out|   16|   ap_memory|                                                         qkv_7|         array|
|qkv_7_ce0          |  out|    1|   ap_memory|                                                         qkv_7|         array|
|qkv_7_q0           |   in|   16|   ap_memory|                                                         qkv_7|         array|
|attn_w_address0    |  out|   16|   ap_memory|                                                        attn_w|         array|
|attn_w_ce0         |  out|    1|   ap_memory|                                                        attn_w|         array|
|attn_w_q0          |   in|   16|   ap_memory|                                                        attn_w|         array|
+-------------------+-----+-----+------------+--------------------------------------------------------------+--------------+

