

================================================================
== Vitis HLS Report for 'vit_encoder_12layer_Pipeline_LOAD_WF1_VITIS_LOOP_78_4'
================================================================
* Date:           Wed May 27 13:26:13 2026

* Version:        2024.1 (Build 5069499 on May 21 2024)
* Project:        vit_enc_hls
* Solution:       sol1 (Vivado IP Flow Target)
* Product family: versalaicore
* Target device:  xcvc1902-vsva2197-2MP-e-S


================================================================
== Performance Estimates
================================================================
+ Timing: 
    * Summary: 
    +--------+---------+----------+------------+
    |  Clock |  Target | Estimated| Uncertainty|
    +--------+---------+----------+------------+
    |ap_clk  |  4.00 ns|  2.848 ns|     1.08 ns|
    +--------+---------+----------+------------+

+ Latency: 
    * Summary: 
    +---------+---------+----------+----------+--------+--------+-----------------------------------------------+
    |  Latency (cycles) |  Latency (absolute) |     Interval    |                    Pipeline                   |
    |   min   |   max   |    min   |    max   |   min  |   max  |                      Type                     |
    +---------+---------+----------+----------+--------+--------+-----------------------------------------------+
    |   589826|   589826|  2.359 ms|  2.359 ms|  589825|  589825|  loop auto-rewind stp(delay=0 clock cycles(s))|
    +---------+---------+----------+----------+--------+--------+-----------------------------------------------+

    + Detail: 
        * Instance: 
        N/A

        * Loop: 
        +----------------------------+---------+---------+----------+-----------+-----------+--------+----------+
        |                            |  Latency (cycles) | Iteration|  Initiation Interval  |  Trip  |          |
        |          Loop Name         |   min   |   max   |  Latency |  achieved |   target  |  Count | Pipelined|
        +----------------------------+---------+---------+----------+-----------+-----------+--------+----------+
        |- LOAD_WF1_VITIS_LOOP_78_4  |   589824|   589824|         2|          1|          1|  589824|       yes|
        +----------------------------+---------+---------+----------+-----------+-----------+--------+----------+



================================================================
== Utilization Estimates
================================================================
* Summary: 
+-----------------+---------+------+---------+--------+-----+
|       Name      | BRAM_18K|  DSP |    FF   |   LUT  | URAM|
+-----------------+---------+------+---------+--------+-----+
|DSP              |        -|     -|        -|       -|    -|
|Expression       |        -|     -|        0|     144|    -|
|FIFO             |        -|     -|        -|       -|    -|
|Instance         |        -|     -|        -|       -|    -|
|Memory           |        -|     -|        -|       -|    -|
|Multiplexer      |        -|     -|        0|     120|    -|
|Register         |        -|     -|       43|       -|    -|
+-----------------+---------+------+---------+--------+-----+
|Total            |        0|     0|       43|     264|    0|
+-----------------+---------+------+---------+--------+-----+
|Available        |     1934|  1968|  1799680|  899840|  463|
+-----------------+---------+------+---------+--------+-----+
|Utilization (%)  |        0|     0|       ~0|      ~0|    0|
+-----------------+---------+------+---------+--------+-----+

+ Detail: 
    * Instance: 
    N/A

    * DSP: 
    N/A

    * Memory: 
    N/A

    * FIFO: 
    N/A

    * Expression: 
    +---------------------------+----------+----+---+----+------------+------------+
    |       Variable Name       | Operation| DSP| FF| LUT| Bitwidth P0| Bitwidth P1|
    +---------------------------+----------+----+---+----+------------+------------+
    |add_ln78_1_fu_449_p2       |         +|   0|  0|  11|          11|           1|
    |add_ln78_2_fu_283_p2       |         +|   0|  0|  20|          20|           1|
    |add_ln78_fu_325_p2         |         +|   0|  0|   9|           9|           1|
    |add_ln80_fu_397_p2         |         +|   0|  0|  35|          17|          17|
    |sub_ln80_fu_387_p2         |         -|   0|  0|  35|          17|          17|
    |ap_block_pp0_stage0_11001  |       and|   0|  0|   2|           1|           1|
    |icmp_ln78_1_fu_331_p2      |      icmp|   0|  0|   4|          11|          11|
    |icmp_ln78_fu_289_p2        |      icmp|   0|  0|   8|          20|          20|
    |select_ln78_4_fu_345_p3    |    select|   0|  0|   8|           1|           9|
    |select_ln78_fu_337_p3      |    select|   0|  0|  10|           1|           1|
    |ap_enable_pp0              |       xor|   0|  0|   2|           1|           2|
    +---------------------------+----------+----+---+----+------------+------------+
    |Total                      |          |   0|  0| 144|         109|          81|
    +---------------------------+----------+----+---+----+------------+------------+

    * Multiplexer: 
    +----------------------------------------+----+-----------+-----+-----------+
    |                  Name                  | LUT| Input Size| Bits| Total Bits|
    +----------------------------------------+----+-----------+-----+-----------+
    |ap_done_int                             |   8|          2|    1|          2|
    |ap_enable_reg_pp0_iter1                 |   8|          2|    1|          2|
    |ap_sig_allocacmp_indvar_flatten20_load  |  32|          2|   20|         40|
    |d_fu_104                                |  16|          2|    9|         18|
    |ddrW2_blk_n_R                           |   8|          2|    1|          2|
    |indvar_flatten20_fu_108                 |  32|          2|   20|         40|
    |j_fu_100                                |  16|          2|   11|         22|
    +----------------------------------------+----+-----------+-----+-----------+
    |Total                                   | 120|         14|   63|        126|
    +----------------------------------------+----+-----------+-----+-----------+

    * Register: 
    +-------------------------+----+----+-----+-----------+
    |           Name          | FF | LUT| Bits| Const Bits|
    +-------------------------+----+----+-----+-----------+
    |ap_CS_fsm                |   1|   0|    1|          0|
    |ap_done_reg              |   1|   0|    1|          0|
    |ap_enable_reg_pp0_iter1  |   1|   0|    1|          0|
    |d_fu_104                 |   9|   0|    9|          0|
    |indvar_flatten20_fu_108  |  20|   0|   20|          0|
    |j_fu_100                 |  11|   0|   11|          0|
    +-------------------------+----+----+-----+-----------+
    |Total                    |  43|   0|   43|          0|
    +-------------------------+----+----+-----+-----------+



================================================================
== Interface
================================================================
* Summary: 
+-------------------------+-----+-----+------------+-------------------------------------------------------+--------------+
|        RTL Ports        | Dir | Bits|  Protocol  |                     Source Object                     |    C Type    |
+-------------------------+-----+-----+------------+-------------------------------------------------------+--------------+
|ap_clk                   |   in|    1|  ap_ctrl_hs|  vit_encoder_12layer_Pipeline_LOAD_WF1_VITIS_LOOP_78_4|  return value|
|ap_rst                   |   in|    1|  ap_ctrl_hs|  vit_encoder_12layer_Pipeline_LOAD_WF1_VITIS_LOOP_78_4|  return value|
|ap_start                 |   in|    1|  ap_ctrl_hs|  vit_encoder_12layer_Pipeline_LOAD_WF1_VITIS_LOOP_78_4|  return value|
|ap_done                  |  out|    1|  ap_ctrl_hs|  vit_encoder_12layer_Pipeline_LOAD_WF1_VITIS_LOOP_78_4|  return value|
|ap_idle                  |  out|    1|  ap_ctrl_hs|  vit_encoder_12layer_Pipeline_LOAD_WF1_VITIS_LOOP_78_4|  return value|
|ap_ready                 |  out|    1|  ap_ctrl_hs|  vit_encoder_12layer_Pipeline_LOAD_WF1_VITIS_LOOP_78_4|  return value|
|m_axi_ddrW2_AWVALID      |  out|    1|       m_axi|                                                  ddrW2|       pointer|
|m_axi_ddrW2_AWREADY      |   in|    1|       m_axi|                                                  ddrW2|       pointer|
|m_axi_ddrW2_AWADDR       |  out|   64|       m_axi|                                                  ddrW2|       pointer|
|m_axi_ddrW2_AWID         |  out|    1|       m_axi|                                                  ddrW2|       pointer|
|m_axi_ddrW2_AWLEN        |  out|   32|       m_axi|                                                  ddrW2|       pointer|
|m_axi_ddrW2_AWSIZE       |  out|    3|       m_axi|                                                  ddrW2|       pointer|
|m_axi_ddrW2_AWBURST      |  out|    2|       m_axi|                                                  ddrW2|       pointer|
|m_axi_ddrW2_AWLOCK       |  out|    2|       m_axi|                                                  ddrW2|       pointer|
|m_axi_ddrW2_AWCACHE      |  out|    4|       m_axi|                                                  ddrW2|       pointer|
|m_axi_ddrW2_AWPROT       |  out|    3|       m_axi|                                                  ddrW2|       pointer|
|m_axi_ddrW2_AWQOS        |  out|    4|       m_axi|                                                  ddrW2|       pointer|
|m_axi_ddrW2_AWREGION     |  out|    4|       m_axi|                                                  ddrW2|       pointer|
|m_axi_ddrW2_AWUSER       |  out|    1|       m_axi|                                                  ddrW2|       pointer|
|m_axi_ddrW2_WVALID       |  out|    1|       m_axi|                                                  ddrW2|       pointer|
|m_axi_ddrW2_WREADY       |   in|    1|       m_axi|                                                  ddrW2|       pointer|
|m_axi_ddrW2_WDATA        |  out|    8|       m_axi|                                                  ddrW2|       pointer|
|m_axi_ddrW2_WSTRB        |  out|    1|       m_axi|                                                  ddrW2|       pointer|
|m_axi_ddrW2_WLAST        |  out|    1|       m_axi|                                                  ddrW2|       pointer|
|m_axi_ddrW2_WID          |  out|    1|       m_axi|                                                  ddrW2|       pointer|
|m_axi_ddrW2_WUSER        |  out|    1|       m_axi|                                                  ddrW2|       pointer|
|m_axi_ddrW2_ARVALID      |  out|    1|       m_axi|                                                  ddrW2|       pointer|
|m_axi_ddrW2_ARREADY      |   in|    1|       m_axi|                                                  ddrW2|       pointer|
|m_axi_ddrW2_ARADDR       |  out|   64|       m_axi|                                                  ddrW2|       pointer|
|m_axi_ddrW2_ARID         |  out|    1|       m_axi|                                                  ddrW2|       pointer|
|m_axi_ddrW2_ARLEN        |  out|   32|       m_axi|                                                  ddrW2|       pointer|
|m_axi_ddrW2_ARSIZE       |  out|    3|       m_axi|                                                  ddrW2|       pointer|
|m_axi_ddrW2_ARBURST      |  out|    2|       m_axi|                                                  ddrW2|       pointer|
|m_axi_ddrW2_ARLOCK       |  out|    2|       m_axi|                                                  ddrW2|       pointer|
|m_axi_ddrW2_ARCACHE      |  out|    4|       m_axi|                                                  ddrW2|       pointer|
|m_axi_ddrW2_ARPROT       |  out|    3|       m_axi|                                                  ddrW2|       pointer|
|m_axi_ddrW2_ARQOS        |  out|    4|       m_axi|                                                  ddrW2|       pointer|
|m_axi_ddrW2_ARREGION     |  out|    4|       m_axi|                                                  ddrW2|       pointer|
|m_axi_ddrW2_ARUSER       |  out|    1|       m_axi|                                                  ddrW2|       pointer|
|m_axi_ddrW2_RVALID       |   in|    1|       m_axi|                                                  ddrW2|       pointer|
|m_axi_ddrW2_RREADY       |  out|    1|       m_axi|                                                  ddrW2|       pointer|
|m_axi_ddrW2_RDATA        |   in|    8|       m_axi|                                                  ddrW2|       pointer|
|m_axi_ddrW2_RLAST        |   in|    1|       m_axi|                                                  ddrW2|       pointer|
|m_axi_ddrW2_RID          |   in|    1|       m_axi|                                                  ddrW2|       pointer|
|m_axi_ddrW2_RFIFONUM     |   in|   15|       m_axi|                                                  ddrW2|       pointer|
|m_axi_ddrW2_RUSER        |   in|    1|       m_axi|                                                  ddrW2|       pointer|
|m_axi_ddrW2_RRESP        |   in|    2|       m_axi|                                                  ddrW2|       pointer|
|m_axi_ddrW2_BVALID       |   in|    1|       m_axi|                                                  ddrW2|       pointer|
|m_axi_ddrW2_BREADY       |  out|    1|       m_axi|                                                  ddrW2|       pointer|
|m_axi_ddrW2_BRESP        |   in|    2|       m_axi|                                                  ddrW2|       pointer|
|m_axi_ddrW2_BID          |   in|    1|       m_axi|                                                  ddrW2|       pointer|
|m_axi_ddrW2_BUSER        |   in|    1|       m_axi|                                                  ddrW2|       pointer|
|add_ln70_2               |   in|   64|     ap_none|                                             add_ln70_2|        scalar|
|W_ffn1_local_address0    |  out|   17|   ap_memory|                                           W_ffn1_local|         array|
|W_ffn1_local_ce0         |  out|    1|   ap_memory|                                           W_ffn1_local|         array|
|W_ffn1_local_we0         |  out|    1|   ap_memory|                                           W_ffn1_local|         array|
|W_ffn1_local_d0          |  out|    8|   ap_memory|                                           W_ffn1_local|         array|
|W_ffn1_local_1_address0  |  out|   17|   ap_memory|                                         W_ffn1_local_1|         array|
|W_ffn1_local_1_ce0       |  out|    1|   ap_memory|                                         W_ffn1_local_1|         array|
|W_ffn1_local_1_we0       |  out|    1|   ap_memory|                                         W_ffn1_local_1|         array|
|W_ffn1_local_1_d0        |  out|    8|   ap_memory|                                         W_ffn1_local_1|         array|
|W_ffn1_local_2_address0  |  out|   17|   ap_memory|                                         W_ffn1_local_2|         array|
|W_ffn1_local_2_ce0       |  out|    1|   ap_memory|                                         W_ffn1_local_2|         array|
|W_ffn1_local_2_we0       |  out|    1|   ap_memory|                                         W_ffn1_local_2|         array|
|W_ffn1_local_2_d0        |  out|    8|   ap_memory|                                         W_ffn1_local_2|         array|
|W_ffn1_local_3_address0  |  out|   17|   ap_memory|                                         W_ffn1_local_3|         array|
|W_ffn1_local_3_ce0       |  out|    1|   ap_memory|                                         W_ffn1_local_3|         array|
|W_ffn1_local_3_we0       |  out|    1|   ap_memory|                                         W_ffn1_local_3|         array|
|W_ffn1_local_3_d0        |  out|    8|   ap_memory|                                         W_ffn1_local_3|         array|
|W_ffn1_local_4_address0  |  out|   17|   ap_memory|                                         W_ffn1_local_4|         array|
|W_ffn1_local_4_ce0       |  out|    1|   ap_memory|                                         W_ffn1_local_4|         array|
|W_ffn1_local_4_we0       |  out|    1|   ap_memory|                                         W_ffn1_local_4|         array|
|W_ffn1_local_4_d0        |  out|    8|   ap_memory|                                         W_ffn1_local_4|         array|
|W_ffn1_local_5_address0  |  out|   17|   ap_memory|                                         W_ffn1_local_5|         array|
|W_ffn1_local_5_ce0       |  out|    1|   ap_memory|                                         W_ffn1_local_5|         array|
|W_ffn1_local_5_we0       |  out|    1|   ap_memory|                                         W_ffn1_local_5|         array|
|W_ffn1_local_5_d0        |  out|    8|   ap_memory|                                         W_ffn1_local_5|         array|
|W_ffn1_local_6_address0  |  out|   17|   ap_memory|                                         W_ffn1_local_6|         array|
|W_ffn1_local_6_ce0       |  out|    1|   ap_memory|                                         W_ffn1_local_6|         array|
|W_ffn1_local_6_we0       |  out|    1|   ap_memory|                                         W_ffn1_local_6|         array|
|W_ffn1_local_6_d0        |  out|    8|   ap_memory|                                         W_ffn1_local_6|         array|
|W_ffn1_local_7_address0  |  out|   17|   ap_memory|                                         W_ffn1_local_7|         array|
|W_ffn1_local_7_ce0       |  out|    1|   ap_memory|                                         W_ffn1_local_7|         array|
|W_ffn1_local_7_we0       |  out|    1|   ap_memory|                                         W_ffn1_local_7|         array|
|W_ffn1_local_7_d0        |  out|    8|   ap_memory|                                         W_ffn1_local_7|         array|
+-------------------------+-----+-----+------------+-------------------------------------------------------+--------------+

