

================================================================
== Vitis HLS Report for 'vit_transformer_layer_Pipeline_SM_MAX'
================================================================
* Date:           Wed May 27 13:26:24 2026

* Version:        2024.1 (Build 5069499 on May 21 2024)
* Project:        vit_enc_hls
* Solution:       sol1 (Vivado IP Flow Target)
* Product family: versalaicore
* Target device:  xcvc1902-vsva2197-2MP-e-S


================================================================
== Performance Estimates
================================================================
+ Timing: 
    * Summary: 
    +--------+---------+----------+------------+
    |  Clock |  Target | Estimated| Uncertainty|
    +--------+---------+----------+------------+
    |ap_clk  |  4.00 ns|  2.628 ns|     1.08 ns|
    +--------+---------+----------+------------+

+ Latency: 
    * Summary: 
    +---------+---------+----------+----------+-----+-----+-----------------------------------------------+
    |  Latency (cycles) |  Latency (absolute) |  Interval |                    Pipeline                   |
    |   min   |   max   |    min   |    max   | min | max |                      Type                     |
    +---------+---------+----------+----------+-----+-----+-----------------------------------------------+
    |      257|      257|  1.028 us|  1.028 us|  256|  256|  loop auto-rewind stp(delay=0 clock cycles(s))|
    +---------+---------+----------+----------+-----+-----+-----------------------------------------------+

    + Detail: 
        * Instance: 
        N/A

        * Loop: 
        +----------+---------+---------+----------+-----------+-----------+------+----------+
        |          |  Latency (cycles) | Iteration|  Initiation Interval  | Trip |          |
        | Loop Name|   min   |   max   |  Latency |  achieved |   target  | Count| Pipelined|
        +----------+---------+---------+----------+-----------+-----------+------+----------+
        |- SM_MAX  |      255|      255|         2|          1|          1|   255|       yes|
        +----------+---------+---------+----------+-----------+-----------+------+----------+



================================================================
== Utilization Estimates
================================================================
* Summary: 
+-----------------+---------+------+---------+--------+-----+
|       Name      | BRAM_18K|  DSP |    FF   |   LUT  | URAM|
+-----------------+---------+------+---------+--------+-----+
|DSP              |        -|     -|        -|       -|    -|
|Expression       |        -|     -|        0|      55|    -|
|FIFO             |        -|     -|        -|       -|    -|
|Instance         |        -|     -|        -|       -|    -|
|Memory           |        -|     -|        -|       -|    -|
|Multiplexer      |        -|     -|        0|      64|    -|
|Register         |        -|     -|       28|       -|    -|
+-----------------+---------+------+---------+--------+-----+
|Total            |        0|     0|       28|     119|    0|
+-----------------+---------+------+---------+--------+-----+
|Available        |     1934|  1968|  1799680|  899840|  463|
+-----------------+---------+------+---------+--------+-----+
|Utilization (%)  |        0|     0|       ~0|      ~0|    0|
+-----------------+---------+------+---------+--------+-----+

+ Detail: 
    * Instance: 
    N/A

    * DSP: 
    N/A

    * Memory: 
    N/A

    * FIFO: 
    N/A

    * Expression: 
    +----------------------+----------+----+---+----+------------+------------+
    |     Variable Name    | Operation| DSP| FF| LUT| Bitwidth P0| Bitwidth P1|
    +----------------------+----------+----+---+----+------------+------------+
    |add_ln101_fu_114_p2   |         +|   0|  0|   9|           9|           1|
    |add_ln103_fu_124_p2   |         +|   0|  0|  16|          16|          16|
    |icmp_ln101_fu_108_p2  |      icmp|   0|  0|   4|           9|          10|
    |icmp_ln103_fu_157_p2  |      icmp|   0|  0|   8|          16|          16|
    |m_2_fu_163_p3         |    select|   0|  0|  16|           1|          16|
    |ap_enable_pp0         |       xor|   0|  0|   2|           1|           2|
    +----------------------+----------+----+---+----+------------+------------+
    |Total                 |          |   0|  0|  55|          52|          61|
    +----------------------+----------+----+---+----+------------+------------+

    * Multiplexer: 
    +-------------------------+----+-----------+-----+-----------+
    |           Name          | LUT| Input Size| Bits| Total Bits|
    +-------------------------+----+-----------+-----+-----------+
    |ap_done_int              |   8|          2|    1|          2|
    |ap_enable_reg_pp0_iter1  |   8|          2|    1|          2|
    |ap_sig_allocacmp_j       |  16|          2|    9|         18|
    |j_2_fu_38                |  16|          2|    9|         18|
    |m_1_fu_34                |  16|          2|   16|         32|
    +-------------------------+----+-----------+-----+-----------+
    |Total                    |  64|         10|   36|         72|
    +-------------------------+----+-----------+-----+-----------+

    * Register: 
    +-------------------------+----+----+-----+-----------+
    |           Name          | FF | LUT| Bits| Const Bits|
    +-------------------------+----+----+-----+-----------+
    |ap_CS_fsm                |   1|   0|    1|          0|
    |ap_done_reg              |   1|   0|    1|          0|
    |ap_enable_reg_pp0_iter1  |   1|   0|    1|          0|
    |j_2_fu_38                |   9|   0|    9|          0|
    |m_1_fu_34                |  16|   0|   16|          0|
    +-------------------------+----+----+-----+-----------+
    |Total                    |  28|   0|   28|          0|
    +-------------------------+----+----+-----+-----------+



================================================================
== Interface
================================================================
* Summary: 
+-----------------+-----+-----+------------+---------------------------------------+--------------+
|    RTL Ports    | Dir | Bits|  Protocol  |             Source Object             |    C Type    |
+-----------------+-----+-----+------------+---------------------------------------+--------------+
|ap_clk           |   in|    1|  ap_ctrl_hs|  vit_transformer_layer_Pipeline_SM_MAX|  return value|
|ap_rst           |   in|    1|  ap_ctrl_hs|  vit_transformer_layer_Pipeline_SM_MAX|  return value|
|ap_start         |   in|    1|  ap_ctrl_hs|  vit_transformer_layer_Pipeline_SM_MAX|  return value|
|ap_done          |  out|    1|  ap_ctrl_hs|  vit_transformer_layer_Pipeline_SM_MAX|  return value|
|ap_idle          |  out|    1|  ap_ctrl_hs|  vit_transformer_layer_Pipeline_SM_MAX|  return value|
|ap_ready         |  out|    1|  ap_ctrl_hs|  vit_transformer_layer_Pipeline_SM_MAX|  return value|
|m                |   in|   16|     ap_none|                                      m|        scalar|
|zext_ln100       |   in|   16|     ap_none|                             zext_ln100|        scalar|
|scores_address0  |  out|   16|   ap_memory|                                 scores|         array|
|scores_ce0       |  out|    1|   ap_memory|                                 scores|         array|
|scores_q0        |   in|   16|   ap_memory|                                 scores|         array|
|m_1_out          |  out|   16|      ap_vld|                                m_1_out|       pointer|
|m_1_out_ap_vld   |  out|    1|      ap_vld|                                m_1_out|       pointer|
+-----------------+-----+-----+------------+---------------------------------------+--------------+

