

================================================================
== Vitis HLS Report for 'vit_transformer_layer_Pipeline_SCORES_I_SCORES_J_SCORES_K'
================================================================
* Date:           Wed May 27 13:26:19 2026

* Version:        2024.1 (Build 5069499 on May 21 2024)
* Project:        vit_enc_hls
* Solution:       sol1 (Vivado IP Flow Target)
* Product family: versalaicore
* Target device:  xcvc1902-vsva2197-2MP-e-S


================================================================
== Performance Estimates
================================================================
+ Timing: 
    * Summary: 
    +--------+---------+----------+------------+
    |  Clock |  Target | Estimated| Uncertainty|
    +--------+---------+----------+------------+
    |ap_clk  |  4.00 ns|  2.902 ns|     1.08 ns|
    +--------+---------+----------+------------+

+ Latency: 
    * Summary: 
    +---------+---------+-----------+-----------+---------+---------+-----------------------------------------------+
    |  Latency (cycles) |   Latency (absolute)  |      Interval     |                    Pipeline                   |
    |   min   |   max   |    min    |    max    |   min   |   max   |                      Type                     |
    +---------+---------+-----------+-----------+---------+---------+-----------------------------------------------+
    |  3145735|  3145735|  12.583 ms|  12.583 ms|  3145729|  3145729|  loop auto-rewind stp(delay=0 clock cycles(s))|
    +---------+---------+-----------+-----------+---------+---------+-----------------------------------------------+

    + Detail: 
        * Instance: 
        N/A

        * Loop: 
        +------------------------------+---------+---------+----------+-----------+-----------+---------+----------+
        |                              |  Latency (cycles) | Iteration|  Initiation Interval  |   Trip  |          |
        |           Loop Name          |   min   |   max   |  Latency |  achieved |   target  |  Count  | Pipelined|
        +------------------------------+---------+---------+----------+-----------+-----------+---------+----------+
        |- SCORES_I_SCORES_J_SCORES_K  |  3145733|  3145733|         7|          1|          1|  3145728|       yes|
        +------------------------------+---------+---------+----------+-----------+-----------+---------+----------+



================================================================
== Utilization Estimates
================================================================
* Summary: 
+-----------------+---------+------+---------+--------+-----+
|       Name      | BRAM_18K|  DSP |    FF   |   LUT  | URAM|
+-----------------+---------+------+---------+--------+-----+
|DSP              |        -|     4|        -|       -|    -|
|Expression       |        -|     -|        0|     608|    -|
|FIFO             |        -|     -|        -|       -|    -|
|Instance         |        -|     4|        0|       0|    -|
|Memory           |        -|     -|        -|       -|    -|
|Multiplexer      |        -|     -|        0|     152|    -|
|Register         |        -|     -|      400|      14|    -|
+-----------------+---------+------+---------+--------+-----+
|Total            |        0|     8|      400|     774|    0|
+-----------------+---------+------+---------+--------+-----+
|Available        |     1934|  1968|  1799680|  899840|  463|
+-----------------+---------+------+---------+--------+-----+
|Utilization (%)  |        0|    ~0|       ~0|      ~0|    0|
+-----------------+---------+------+---------+--------+-----+

+ Detail: 
    * Instance: 
    +------------------------+--------------------+---------+----+---+----+-----+
    |        Instance        |       Module       | BRAM_18K| DSP| FF| LUT| URAM|
    +------------------------+--------------------+---------+----+---+----+-----+
    |mul_16s_16s_32_1_1_U72  |mul_16s_16s_32_1_1  |        0|   1|  0|   0|    0|
    |mul_16s_16s_32_1_1_U73  |mul_16s_16s_32_1_1  |        0|   1|  0|   0|    0|
    |mul_16s_16s_32_1_1_U74  |mul_16s_16s_32_1_1  |        0|   1|  0|   0|    0|
    |mul_16s_16s_32_1_1_U75  |mul_16s_16s_32_1_1  |        0|   1|  0|   0|    0|
    +------------------------+--------------------+---------+----+---+----+-----+
    |Total                   |                    |        0|   4|  0|   0|    0|
    +------------------------+--------------------+---------+----+---+----+-----+

    * DSP: 
    +-----------------------------------+-------------------------------+--------------+
    |              Instance             |             Module            |  Expression  |
    +-----------------------------------+-------------------------------+--------------+
    |mac_muladd_16s_16s_32s_32_4_1_U76  |mac_muladd_16s_16s_32s_32_4_1  |  i0 + i1 * i2|
    |mac_muladd_16s_16s_32s_32_4_1_U77  |mac_muladd_16s_16s_32s_32_4_1  |  i0 + i1 * i2|
    |mac_muladd_16s_16s_32s_32_4_1_U78  |mac_muladd_16s_16s_32s_32_4_1  |  i0 + i1 * i2|
    |mac_muladd_16s_16s_32s_32_4_1_U79  |mac_muladd_16s_16s_32s_32_4_1  |  i0 + i1 * i2|
    +-----------------------------------+-------------------------------+--------------+

    * Memory: 
    N/A

    * FIFO: 
    N/A

    * Expression: 
    +--------------------------+----------+----+---+----+------------+------------+
    |       Variable Name      | Operation| DSP| FF| LUT| Bitwidth P0| Bitwidth P1|
    +--------------------------+----------+----+---+----+------------+------------+
    |acc_1_fu_963_p2           |         +|   0|  0|  65|          32|          32|
    |add_ln78_1_fu_413_p2      |         +|   0|  0|  22|          22|           1|
    |add_ln78_fu_443_p2        |         +|   0|  0|   9|           9|           1|
    |add_ln79_1_fu_539_p2      |         +|   0|  0|  15|          15|           1|
    |add_ln79_fu_495_p2        |         +|   0|  0|   9|           9|           1|
    |add_ln81_fu_527_p2        |         +|   0|  0|   9|           9|           4|
    |add_ln86_1_fu_680_p2      |         +|   0|  0|  33|          16|          16|
    |add_ln86_fu_697_p2        |         +|   0|  0|   8|           7|           6|
    |add_ln87_fu_707_p2        |         +|   0|  0|  33|          16|          16|
    |add_ln89_2_fu_949_p2      |         +|   0|  0|  32|          32|          32|
    |add_ln89_5_fu_953_p2      |         +|   0|  0|  32|          32|          32|
    |add_ln89_6_fu_957_p2      |         +|   0|  0|  65|          32|          32|
    |add_ln91_1_fu_631_p2      |         +|   0|  0|  33|          16|          16|
    |add_ln91_2_fu_665_p2      |         +|   0|  0|  33|          16|          16|
    |add_ln91_fu_671_p2        |         +|   0|  0|  16|          16|          16|
    |icmp_ln20_1_fu_1011_p2    |      icmp|   0|  0|  12|          24|          17|
    |icmp_ln20_fu_989_p2       |      icmp|   0|  0|   5|           9|           1|
    |icmp_ln78_fu_419_p2       |      icmp|   0|  0|   9|          22|          22|
    |icmp_ln79_fu_449_p2       |      icmp|   0|  0|   6|          15|          14|
    |icmp_ln81_1_fu_533_p2     |      icmp|   0|  0|   5|           9|           9|
    |icmp_ln81_fu_471_p2       |      icmp|   0|  0|   5|           9|           9|
    |or_ln20_fu_1032_p2        |        or|   0|  0|   2|           1|           1|
    |or_ln78_fu_477_p2         |        or|   0|  0|   2|           1|           1|
    |acc_2_mid2_fu_942_p3      |    select|   0|  0|  30|           1|          32|
    |k0_1_mid2_fu_501_p3       |    select|   0|  0|   8|           1|           9|
    |select_ln20_1_fu_1037_p3  |    select|   0|  0|  16|           1|          16|
    |select_ln20_fu_1025_p3    |    select|   0|  0|  16|           1|          15|
    |select_ln78_1_fu_463_p3   |    select|   0|  0|   8|           1|           1|
    |select_ln78_2_fu_935_p3   |    select|   0|  0|  30|           1|           1|
    |select_ln78_3_fu_483_p3   |    select|   0|  0|   8|           1|           9|
    |select_ln78_fu_455_p3     |    select|   0|  0|   8|           1|           1|
    |select_ln79_1_fu_545_p3   |    select|   0|  0|  14|           1|           1|
    |select_ln79_fu_509_p3     |    select|   0|  0|   8|           1|           9|
    |ap_enable_pp0             |       xor|   0|  0|   2|           1|           2|
    +--------------------------+----------+----+---+----+------------+------------+
    |Total                     |          |   0|  0| 608|         380|         392|
    +--------------------------+----------+----+---+----+------------+------------+

    * Multiplexer: 
    +-------------------------+----+-----------+-----+-----------+
    |           Name          | LUT| Input Size| Bits| Total Bits|
    +-------------------------+----+-----------+-----+-----------+
    |acc_fu_92                |  32|          2|   32|         64|
    |ap_done_int              |   8|          2|    1|          2|
    |ap_enable_reg_pp0_iter1  |   8|          2|    1|          2|
    |ap_enable_reg_pp0_iter2  |   8|          2|    1|          2|
    |i_fu_108                 |  16|          2|    9|         18|
    |indvar_flatten13_fu_112  |  32|          2|   22|         44|
    |indvar_flatten_fu_104    |  16|          2|   15|         30|
    |j_1_fu_100               |  16|          2|    9|         18|
    |k0_fu_96                 |  16|          2|    9|         18|
    +-------------------------+----+-----------+-----+-----------+
    |Total                    | 152|         18|   99|        198|
    +-------------------------+----+-----------+-----+-----------+

    * Register: 
    +----------------------------------+----+----+-----+-----------+
    |               Name               | FF | LUT| Bits| Const Bits|
    +----------------------------------+----+----+-----+-----------+
    |acc_1_reg_1393                    |  32|   0|   32|          0|
    |acc_fu_92                         |  32|   0|   32|          0|
    |add_ln91_reg_1192                 |  16|   0|   16|          0|
    |ap_CS_fsm                         |   1|   0|    1|          0|
    |ap_done_reg                       |   1|   0|    1|          0|
    |ap_enable_reg_pp0_iter1           |   1|   0|    1|          0|
    |ap_enable_reg_pp0_iter2           |   1|   0|    1|          0|
    |ap_enable_reg_pp0_iter3           |   1|   0|    1|          0|
    |ap_enable_reg_pp0_iter4           |   1|   0|    1|          0|
    |ap_enable_reg_pp0_iter5           |   1|   0|    1|          0|
    |ap_enable_reg_pp0_iter6           |   1|   0|    1|          0|
    |ap_enable_reg_pp0_iter7           |   1|   0|    1|          0|
    |ap_loop_exit_ready_pp0_iter2_reg  |   1|   0|    1|          0|
    |ap_loop_exit_ready_pp0_iter3_reg  |   1|   0|    1|          0|
    |ap_loop_exit_ready_pp0_iter4_reg  |   1|   0|    1|          0|
    |ap_loop_exit_ready_pp0_iter5_reg  |   1|   0|    1|          0|
    |ap_loop_exit_ready_pp0_iter6_reg  |   1|   0|    1|          0|
    |i_fu_108                          |   9|   0|    9|          0|
    |icmp_ln20_reg_1403                |   1|   0|    1|          0|
    |icmp_ln79_reg_1154                |   1|   0|    1|          0|
    |icmp_ln81_1_reg_1188              |   1|   0|    1|          0|
    |indvar_flatten13_fu_112           |  22|   0|   22|          0|
    |indvar_flatten_fu_104             |  15|   0|   15|          0|
    |j_1_fu_100                        |   9|   0|    9|          0|
    |k0_fu_96                          |   9|   0|    9|          0|
    |lshr_ln_reg_1182                  |   6|   0|    6|          0|
    |or_ln78_reg_1159                  |   1|   0|    1|          0|
    |qkv_2_load_1_reg_1348             |  16|   0|   16|          0|
    |qkv_2_load_reg_1343               |  16|   0|   16|          0|
    |qkv_4_load_1_reg_1358             |  16|   0|   16|          0|
    |qkv_4_load_reg_1353               |  16|   0|   16|          0|
    |qkv_6_load_1_reg_1368             |  16|   0|   16|          0|
    |qkv_6_load_reg_1363               |  16|   0|   16|          0|
    |qkv_load_1_reg_1338               |  16|   0|   16|          0|
    |qkv_load_reg_1333                 |  16|   0|   16|          0|
    |select_ln78_3_reg_1164            |   9|   0|    9|          0|
    |select_ln79_reg_1175              |   9|   0|    9|          0|
    |trunc_ln79_reg_1170               |   8|   0|    8|          0|
    |trunc_ln_reg_1398                 |  24|   0|   24|          0|
    |zext_ln86_1_reg_1197              |  16|   0|   64|         48|
    |zext_ln87_2_reg_1225              |  16|   0|   64|         48|
    |add_ln91_reg_1192                 |  16|   8|   16|          0|
    |icmp_ln79_reg_1154                |   2|   2|    1|          0|
    |icmp_ln81_1_reg_1188              |   2|   2|    1|          0|
    |or_ln78_reg_1159                  |   2|   2|    1|          0|
    +----------------------------------+----+----+-----+-----------+
    |Total                             | 400|  14|  493|         96|
    +----------------------------------+----+----+-----+-----------+



================================================================
== Interface
================================================================
* Summary: 
+-----------------+-----+-----+------------+-----------------------------------------------------------+--------------+
|    RTL Ports    | Dir | Bits|  Protocol  |                       Source Object                       |    C Type    |
+-----------------+-----+-----+------------+-----------------------------------------------------------+--------------+
|ap_clk           |   in|    1|  ap_ctrl_hs|  vit_transformer_layer_Pipeline_SCORES_I_SCORES_J_SCORES_K|  return value|
|ap_rst           |   in|    1|  ap_ctrl_hs|  vit_transformer_layer_Pipeline_SCORES_I_SCORES_J_SCORES_K|  return value|
|ap_start         |   in|    1|  ap_ctrl_hs|  vit_transformer_layer_Pipeline_SCORES_I_SCORES_J_SCORES_K|  return value|
|ap_done          |  out|    1|  ap_ctrl_hs|  vit_transformer_layer_Pipeline_SCORES_I_SCORES_J_SCORES_K|  return value|
|ap_idle          |  out|    1|  ap_ctrl_hs|  vit_transformer_layer_Pipeline_SCORES_I_SCORES_J_SCORES_K|  return value|
|ap_ready         |  out|    1|  ap_ctrl_hs|  vit_transformer_layer_Pipeline_SCORES_I_SCORES_J_SCORES_K|  return value|
|scores_address0  |  out|   16|   ap_memory|                                                     scores|         array|
|scores_ce0       |  out|    1|   ap_memory|                                                     scores|         array|
|scores_we0       |  out|    1|   ap_memory|                                                     scores|         array|
|scores_d0        |  out|   16|   ap_memory|                                                     scores|         array|
|qkv_address0     |  out|   16|   ap_memory|                                                        qkv|         array|
|qkv_ce0          |  out|    1|   ap_memory|                                                        qkv|         array|
|qkv_q0           |   in|   16|   ap_memory|                                                        qkv|         array|
|qkv_address1     |  out|   16|   ap_memory|                                                        qkv|         array|
|qkv_ce1          |  out|    1|   ap_memory|                                                        qkv|         array|
|qkv_q1           |   in|   16|   ap_memory|                                                        qkv|         array|
|qkv_1_address0   |  out|   16|   ap_memory|                                                      qkv_1|         array|
|qkv_1_ce0        |  out|    1|   ap_memory|                                                      qkv_1|         array|
|qkv_1_q0         |   in|   16|   ap_memory|                                                      qkv_1|         array|
|qkv_1_address1   |  out|   16|   ap_memory|                                                      qkv_1|         array|
|qkv_1_ce1        |  out|    1|   ap_memory|                                                      qkv_1|         array|
|qkv_1_q1         |   in|   16|   ap_memory|                                                      qkv_1|         array|
|qkv_2_address0   |  out|   16|   ap_memory|                                                      qkv_2|         array|
|qkv_2_ce0        |  out|    1|   ap_memory|                                                      qkv_2|         array|
|qkv_2_q0         |   in|   16|   ap_memory|                                                      qkv_2|         array|
|qkv_2_address1   |  out|   16|   ap_memory|                                                      qkv_2|         array|
|qkv_2_ce1        |  out|    1|   ap_memory|                                                      qkv_2|         array|
|qkv_2_q1         |   in|   16|   ap_memory|                                                      qkv_2|         array|
|qkv_3_address0   |  out|   16|   ap_memory|                                                      qkv_3|         array|
|qkv_3_ce0        |  out|    1|   ap_memory|                                                      qkv_3|         array|
|qkv_3_q0         |   in|   16|   ap_memory|                                                      qkv_3|         array|
|qkv_3_address1   |  out|   16|   ap_memory|                                                      qkv_3|         array|
|qkv_3_ce1        |  out|    1|   ap_memory|                                                      qkv_3|         array|
|qkv_3_q1         |   in|   16|   ap_memory|                                                      qkv_3|         array|
|qkv_4_address0   |  out|   16|   ap_memory|                                                      qkv_4|         array|
|qkv_4_ce0        |  out|    1|   ap_memory|                                                      qkv_4|         array|
|qkv_4_q0         |   in|   16|   ap_memory|                                                      qkv_4|         array|
|qkv_4_address1   |  out|   16|   ap_memory|                                                      qkv_4|         array|
|qkv_4_ce1        |  out|    1|   ap_memory|                                                      qkv_4|         array|
|qkv_4_q1         |   in|   16|   ap_memory|                                                      qkv_4|         array|
|qkv_5_address0   |  out|   16|   ap_memory|                                                      qkv_5|         array|
|qkv_5_ce0        |  out|    1|   ap_memory|                                                      qkv_5|         array|
|qkv_5_q0         |   in|   16|   ap_memory|                                                      qkv_5|         array|
|qkv_5_address1   |  out|   16|   ap_memory|                                                      qkv_5|         array|
|qkv_5_ce1        |  out|    1|   ap_memory|                                                      qkv_5|         array|
|qkv_5_q1         |   in|   16|   ap_memory|                                                      qkv_5|         array|
|qkv_6_address0   |  out|   16|   ap_memory|                                                      qkv_6|         array|
|qkv_6_ce0        |  out|    1|   ap_memory|                                                      qkv_6|         array|
|qkv_6_q0         |   in|   16|   ap_memory|                                                      qkv_6|         array|
|qkv_6_address1   |  out|   16|   ap_memory|                                                      qkv_6|         array|
|qkv_6_ce1        |  out|    1|   ap_memory|                                                      qkv_6|         array|
|qkv_6_q1         |   in|   16|   ap_memory|                                                      qkv_6|         array|
|qkv_7_address0   |  out|   16|   ap_memory|                                                      qkv_7|         array|
|qkv_7_ce0        |  out|    1|   ap_memory|                                                      qkv_7|         array|
|qkv_7_q0         |   in|   16|   ap_memory|                                                      qkv_7|         array|
|qkv_7_address1   |  out|   16|   ap_memory|                                                      qkv_7|         array|
|qkv_7_ce1        |  out|    1|   ap_memory|                                                      qkv_7|         array|
|qkv_7_q1         |   in|   16|   ap_memory|                                                      qkv_7|         array|
+-----------------+-----+-----+------------+-----------------------------------------------------------+--------------+

