

================================================================
== Vitis HLS Report for 'vit_transformer_layer_Pipeline_FFN1_K'
================================================================
* Date:           Wed May 27 13:26:36 2026

* Version:        2024.1 (Build 5069499 on May 21 2024)
* Project:        vit_enc_hls
* Solution:       sol1 (Vivado IP Flow Target)
* Product family: versalaicore
* Target device:  xcvc1902-vsva2197-2MP-e-S


================================================================
== Performance Estimates
================================================================
+ Timing: 
    * Summary: 
    +--------+---------+----------+------------+
    |  Clock |  Target | Estimated| Uncertainty|
    +--------+---------+----------+------------+
    |ap_clk  |  4.00 ns|  2.385 ns|     1.08 ns|
    +--------+---------+----------+------------+

+ Latency: 
    * Summary: 
    +---------+---------+----------+----------+-----+-----+-----------------------------------------------+
    |  Latency (cycles) |  Latency (absolute) |  Interval |                    Pipeline                   |
    |   min   |   max   |    min   |    max   | min | max |                      Type                     |
    +---------+---------+----------+----------+-----+-----+-----------------------------------------------+
    |       54|       54|  0.216 us|  0.216 us|   49|   49|  loop auto-rewind stp(delay=0 clock cycles(s))|
    +---------+---------+----------+----------+-----+-----+-----------------------------------------------+

    + Detail: 
        * Instance: 
        N/A

        * Loop: 
        +----------+---------+---------+----------+-----------+-----------+------+----------+
        |          |  Latency (cycles) | Iteration|  Initiation Interval  | Trip |          |
        | Loop Name|   min   |   max   |  Latency |  achieved |   target  | Count| Pipelined|
        +----------+---------+---------+----------+-----------+-----------+------+----------+
        |- FFN1_K  |       52|       52|         6|          1|          1|    48|       yes|
        +----------+---------+---------+----------+-----------+-----------+------+----------+



================================================================
== Utilization Estimates
================================================================
* Summary: 
+-----------------+---------+------+---------+--------+-----+
|       Name      | BRAM_18K|  DSP |    FF   |   LUT  | URAM|
+-----------------+---------+------+---------+--------+-----+
|DSP              |        -|     4|        -|       -|    -|
|Expression       |        -|     -|        0|     179|    -|
|FIFO             |        -|     -|        -|       -|    -|
|Instance         |        -|     0|        0|     340|    -|
|Memory           |        -|     -|        -|       -|    -|
|Multiplexer      |        -|     -|        0|      80|    -|
|Register         |        -|     -|      161|       2|    -|
+-----------------+---------+------+---------+--------+-----+
|Total            |        0|     4|      161|     601|    0|
+-----------------+---------+------+---------+--------+-----+
|Available        |     1934|  1968|  1799680|  899840|  463|
+-----------------+---------+------+---------+--------+-----+
|Utilization (%)  |        0|    ~0|       ~0|      ~0|    0|
+-----------------+---------+------+---------+--------+-----+

+ Detail: 
    * Instance: 
    +-----------------------+------------------+---------+----+---+----+-----+
    |        Instance       |      Module      | BRAM_18K| DSP| FF| LUT| URAM|
    +-----------------------+------------------+---------+----+---+----+-----+
    |mul_8s_8s_16_1_1_U162  |mul_8s_8s_16_1_1  |        0|   0|  0|  85|    0|
    |mul_8s_8s_16_1_1_U163  |mul_8s_8s_16_1_1  |        0|   0|  0|  85|    0|
    |mul_8s_8s_16_1_1_U164  |mul_8s_8s_16_1_1  |        0|   0|  0|  85|    0|
    |mul_8s_8s_16_1_1_U165  |mul_8s_8s_16_1_1  |        0|   0|  0|  85|    0|
    +-----------------------+------------------+---------+----+---+----+-----+
    |Total                  |                  |        0|   0|  0| 340|    0|
    +-----------------------+------------------+---------+----+---+----+-----+

    * DSP: 
    +----------------------------------+-----------------------------+--------------+
    |             Instance             |            Module           |  Expression  |
    +----------------------------------+-----------------------------+--------------+
    |mac_muladd_8s_8s_16s_17_4_1_U166  |mac_muladd_8s_8s_16s_17_4_1  |  i0 + i1 * i2|
    |mac_muladd_8s_8s_16s_17_4_1_U167  |mac_muladd_8s_8s_16s_17_4_1  |  i0 + i1 * i2|
    |mac_muladd_8s_8s_16s_17_4_1_U168  |mac_muladd_8s_8s_16s_17_4_1  |  i0 + i1 * i2|
    |mac_muladd_8s_8s_16s_17_4_1_U169  |mac_muladd_8s_8s_16s_17_4_1  |  i0 + i1 * i2|
    +----------------------------------+-----------------------------+--------------+

    * Memory: 
    N/A

    * FIFO: 
    N/A

    * Expression: 
    +-----------------------+----------+----+---+----+------------+------------+
    |     Variable Name     | Operation| DSP| FF| LUT| Bitwidth P0| Bitwidth P1|
    +-----------------------+----------+----+---+----+------------+------------+
    |acc_5_fu_718_p2        |         +|   0|  0|  24|          24|          24|
    |add_ln178_fu_361_p2    |         +|   0|  0|   9|           9|           4|
    |add_ln183_1_fu_421_p2  |         +|   0|  0|  14|          14|          14|
    |add_ln183_fu_407_p2    |         +|   0|  0|  35|          17|          17|
    |add_ln185_2_fu_677_p2  |         +|   0|  0|  18|          18|          18|
    |add_ln185_5_fu_693_p2  |         +|   0|  0|  18|          18|          18|
    |add_ln185_6_fu_703_p2  |         +|   0|  0|  19|          19|          19|
    |sub_ln183_fu_401_p2    |         -|   0|  0|  35|          17|          17|
    |icmp_ln178_fu_355_p2   |      icmp|   0|  0|   5|           9|           9|
    |ap_enable_pp0          |       xor|   0|  0|   2|           1|           2|
    +-----------------------+----------+----+---+----+------------+------------+
    |Total                  |          |   0|  0| 179|         146|         142|
    +-----------------------+----------+----+---+----+------------+------------+

    * Multiplexer: 
    +-------------------------+----+-----------+-----+-----------+
    |           Name          | LUT| Input Size| Bits| Total Bits|
    +-------------------------+----+-----------+-----+-----------+
    |acc_fu_82                |  32|          2|   24|         48|
    |ap_done_int              |   8|          2|    1|          2|
    |ap_enable_reg_pp0_iter1  |   8|          2|    1|          2|
    |ap_sig_allocacmp_k0_3    |  16|          2|    9|         18|
    |k0_fu_86                 |  16|          2|    9|         18|
    +-------------------------+----+-----------+-----+-----------+
    |Total                    |  80|         10|   44|         88|
    +-------------------------+----+-----------+-----+-----------+

    * Register: 
    +----------------------------------+----+----+-----+-----------+
    |               Name               | FF | LUT| Bits| Const Bits|
    +----------------------------------+----+----+-----+-----------+
    |W_ffn1_0_load_reg_950             |   8|   0|    8|          0|
    |W_ffn1_2_load_reg_960             |   8|   0|    8|          0|
    |W_ffn1_4_load_reg_970             |   8|   0|    8|          0|
    |W_ffn1_6_load_reg_980             |   8|   0|    8|          0|
    |acc_fu_82                         |  24|   0|   24|          0|
    |add_ln185_6_reg_1005              |  19|   0|   19|          0|
    |ap_CS_fsm                         |   1|   0|    1|          0|
    |ap_done_reg                       |   1|   0|    1|          0|
    |ap_enable_reg_pp0_iter1           |   1|   0|    1|          0|
    |ap_enable_reg_pp0_iter2           |   1|   0|    1|          0|
    |ap_enable_reg_pp0_iter3           |   1|   0|    1|          0|
    |ap_enable_reg_pp0_iter4           |   1|   0|    1|          0|
    |ap_enable_reg_pp0_iter5           |   1|   0|    1|          0|
    |ap_loop_exit_ready_pp0_iter1_reg  |   1|   0|    1|          0|
    |ap_loop_exit_ready_pp0_iter2_reg  |   1|   0|    1|          0|
    |ap_loop_exit_ready_pp0_iter3_reg  |   1|   0|    1|          0|
    |ap_loop_exit_ready_pp0_iter4_reg  |   1|   0|    1|          0|
    |icmp_ln178_reg_805                |   1|   0|    1|          0|
    |k0_fu_86                          |   9|   0|    9|          0|
    |mha_out_2_load_reg_955            |   8|   0|    8|          0|
    |mha_out_4_load_reg_965            |   8|   0|    8|          0|
    |mha_out_6_load_reg_975            |   8|   0|    8|          0|
    |mha_out_load_reg_945              |   8|   0|    8|          0|
    |zext_ln183_2_reg_809              |  17|   0|   64|         47|
    |zext_ln183_3_reg_837              |  14|   0|   64|         50|
    |icmp_ln178_reg_805                |   2|   2|    1|          0|
    +----------------------------------+----+----+-----+-----------+
    |Total                             | 161|   2|  257|         97|
    +----------------------------------+----+----+-----+-----------+



================================================================
== Interface
================================================================
* Summary: 
+--------------------+-----+-----+------------+---------------------------------------+--------------+
|      RTL Ports     | Dir | Bits|  Protocol  |             Source Object             |    C Type    |
+--------------------+-----+-----+------------+---------------------------------------+--------------+
|ap_clk              |   in|    1|  ap_ctrl_hs|  vit_transformer_layer_Pipeline_FFN1_K|  return value|
|ap_rst              |   in|    1|  ap_ctrl_hs|  vit_transformer_layer_Pipeline_FFN1_K|  return value|
|ap_start            |   in|    1|  ap_ctrl_hs|  vit_transformer_layer_Pipeline_FFN1_K|  return value|
|ap_done             |  out|    1|  ap_ctrl_hs|  vit_transformer_layer_Pipeline_FFN1_K|  return value|
|ap_idle             |  out|    1|  ap_ctrl_hs|  vit_transformer_layer_Pipeline_FFN1_K|  return value|
|ap_ready            |  out|    1|  ap_ctrl_hs|  vit_transformer_layer_Pipeline_FFN1_K|  return value|
|zext_ln176          |   in|   11|     ap_none|                             zext_ln176|        scalar|
|W_ffn1_0_address0   |  out|   17|   ap_memory|                               W_ffn1_0|         array|
|W_ffn1_0_ce0        |  out|    1|   ap_memory|                               W_ffn1_0|         array|
|W_ffn1_0_q0         |   in|    8|   ap_memory|                               W_ffn1_0|         array|
|W_ffn1_1_address0   |  out|   17|   ap_memory|                               W_ffn1_1|         array|
|W_ffn1_1_ce0        |  out|    1|   ap_memory|                               W_ffn1_1|         array|
|W_ffn1_1_q0         |   in|    8|   ap_memory|                               W_ffn1_1|         array|
|W_ffn1_2_address0   |  out|   17|   ap_memory|                               W_ffn1_2|         array|
|W_ffn1_2_ce0        |  out|    1|   ap_memory|                               W_ffn1_2|         array|
|W_ffn1_2_q0         |   in|    8|   ap_memory|                               W_ffn1_2|         array|
|W_ffn1_3_address0   |  out|   17|   ap_memory|                               W_ffn1_3|         array|
|W_ffn1_3_ce0        |  out|    1|   ap_memory|                               W_ffn1_3|         array|
|W_ffn1_3_q0         |   in|    8|   ap_memory|                               W_ffn1_3|         array|
|W_ffn1_4_address0   |  out|   17|   ap_memory|                               W_ffn1_4|         array|
|W_ffn1_4_ce0        |  out|    1|   ap_memory|                               W_ffn1_4|         array|
|W_ffn1_4_q0         |   in|    8|   ap_memory|                               W_ffn1_4|         array|
|W_ffn1_5_address0   |  out|   17|   ap_memory|                               W_ffn1_5|         array|
|W_ffn1_5_ce0        |  out|    1|   ap_memory|                               W_ffn1_5|         array|
|W_ffn1_5_q0         |   in|    8|   ap_memory|                               W_ffn1_5|         array|
|W_ffn1_6_address0   |  out|   17|   ap_memory|                               W_ffn1_6|         array|
|W_ffn1_6_ce0        |  out|    1|   ap_memory|                               W_ffn1_6|         array|
|W_ffn1_6_q0         |   in|    8|   ap_memory|                               W_ffn1_6|         array|
|W_ffn1_7_address0   |  out|   17|   ap_memory|                               W_ffn1_7|         array|
|W_ffn1_7_ce0        |  out|    1|   ap_memory|                               W_ffn1_7|         array|
|W_ffn1_7_q0         |   in|    8|   ap_memory|                               W_ffn1_7|         array|
|mul_ln183_8         |   in|   14|     ap_none|                            mul_ln183_8|        scalar|
|mha_out_address0    |  out|   14|   ap_memory|                                mha_out|         array|
|mha_out_ce0         |  out|    1|   ap_memory|                                mha_out|         array|
|mha_out_q0          |   in|    8|   ap_memory|                                mha_out|         array|
|mha_out_1_address0  |  out|   14|   ap_memory|                              mha_out_1|         array|
|mha_out_1_ce0       |  out|    1|   ap_memory|                              mha_out_1|         array|
|mha_out_1_q0        |   in|    8|   ap_memory|                              mha_out_1|         array|
|mha_out_2_address0  |  out|   14|   ap_memory|                              mha_out_2|         array|
|mha_out_2_ce0       |  out|    1|   ap_memory|                              mha_out_2|         array|
|mha_out_2_q0        |   in|    8|   ap_memory|                              mha_out_2|         array|
|mha_out_3_address0  |  out|   14|   ap_memory|                              mha_out_3|         array|
|mha_out_3_ce0       |  out|    1|   ap_memory|                              mha_out_3|         array|
|mha_out_3_q0        |   in|    8|   ap_memory|                              mha_out_3|         array|
|mha_out_4_address0  |  out|   14|   ap_memory|                              mha_out_4|         array|
|mha_out_4_ce0       |  out|    1|   ap_memory|                              mha_out_4|         array|
|mha_out_4_q0        |   in|    8|   ap_memory|                              mha_out_4|         array|
|mha_out_5_address0  |  out|   14|   ap_memory|                              mha_out_5|         array|
|mha_out_5_ce0       |  out|    1|   ap_memory|                              mha_out_5|         array|
|mha_out_5_q0        |   in|    8|   ap_memory|                              mha_out_5|         array|
|mha_out_6_address0  |  out|   14|   ap_memory|                              mha_out_6|         array|
|mha_out_6_ce0       |  out|    1|   ap_memory|                              mha_out_6|         array|
|mha_out_6_q0        |   in|    8|   ap_memory|                              mha_out_6|         array|
|mha_out_7_address0  |  out|   14|   ap_memory|                              mha_out_7|         array|
|mha_out_7_ce0       |  out|    1|   ap_memory|                              mha_out_7|         array|
|mha_out_7_q0        |   in|    8|   ap_memory|                              mha_out_7|         array|
|acc_6_out           |  out|   24|      ap_vld|                              acc_6_out|       pointer|
|acc_6_out_ap_vld    |  out|    1|      ap_vld|                              acc_6_out|       pointer|
+--------------------+-----+-----+------------+---------------------------------------+--------------+

