

================================================================
== Synthesis Summary Report of 'vit_encoder_12layer'
================================================================
+ General Information: 
    * Date:           Wed May 20 10:27:27 2026
    * Version:        2024.1 (Build 5069499 on May 21 2024)
    * Project:        vit_enc_hls
    * Solution:       sol1 (Vivado IP Flow Target)
    * Product family: versalaicore
    * Target device:  xcvc1902-vsva2197-2MP-e-S
    

+ Performance & Resource Estimates: 
    
    PS: '+' for module; 'o' for loop; '*' for dataflow
    +-------------------------------------------------------------------+------+------+-----------+-----------+----------+-----------+----------+----------+---------+---------+------------+------------+----------+
    |                              Modules                              | Issue|      |  Latency  |  Latency  | Iteration|           |   Trip   |          |         |         |            |            |          |
    |                              & Loops                              | Type | Slack|  (cycles) |    (ns)   |  Latency |  Interval |   Count  | Pipelined|  BRAM   |   DSP   |     FF     |     LUT    |   URAM   |
    +-------------------------------------------------------------------+------+------+-----------+-----------+----------+-----------+----------+----------+---------+---------+------------+------------+----------+
    |+ vit_encoder_12layer                                              |     -|  0.02|  862636461|  3.451e+09|         -|  862636462|         -|        no|  1 (~0%)|  36 (1%)|  4255 (~0%)|   9398 (1%)|  79 (17%)|
    | + vit_encoder_12layer_Pipeline_LOAD_P_LOAD_D                      |     -|  0.07|      98307|  3.932e+05|         -|      98307|         -|        no|        -|        -|    57 (~0%)|   307 (~0%)|         -|
    |  o LOAD_P_LOAD_D                                                  |     -|  2.92|      98305|  3.932e+05|         3|          1|     98304|       yes|        -|        -|           -|           -|         -|
    | + vit_encoder_12layer_Pipeline_STORE_P_STORE_D                    |     -|  0.61|      98307|  3.932e+05|         -|      98307|         -|        no|        -|        -|    94 (~0%)|   291 (~0%)|         -|
    |  o STORE_P_STORE_D                                                |     -|  2.92|      98305|  3.932e+05|         3|          1|     98304|       yes|        -|        -|           -|           -|         -|
    | o LAYER_LOOP                                                      |     -|  2.92|  862439844|  3.450e+09|  71869987|          -|        12|        no|        -|        -|           -|           -|         -|
    |  + vit_transformer_layer                                          |     -|  0.02|   71771676|  2.871e+08|         -|   71771676|         -|        no|  1 (~0%)|  36 (1%)|  4028 (~0%)|  8025 (~0%)|  72 (15%)|
    |   + vit_transformer_layer_Pipeline_SCORES_I_SCORES_J_SCORES_K     |     -|  0.02|    3145735|  1.258e+07|         -|    3145735|         -|        no|        -|  8 (~0%)|   400 (~0%)|   774 (~0%)|         -|
    |    o SCORES_I_SCORES_J_SCORES_K                                   |     -|  2.92|    3145733|  1.258e+07|         7|          1|   3145728|       yes|        -|        -|           -|           -|         -|
    |   + vit_transformer_layer_Pipeline_ATTN_O_I_ATTN_O_TILE_ATTN_O_J  |     -|  0.04|    3145735|  1.258e+07|         -|    3145735|         -|        no|        -|  8 (~0%)|   386 (~0%)|  1541 (~0%)|         -|
    |    o ATTN_O_I_ATTN_O_TILE_ATTN_O_J                                |     -|  2.92|    3145733|  1.258e+07|         7|          1|   3145728|       yes|        -|        -|           -|           -|         -|
    |   + vit_transformer_layer_Pipeline_FFN2_I_FFN2_J_FFN2_K           |     -|  0.10|   18874375|  7.550e+07|         -|   18874375|         -|        no|        -|  4 (~0%)|   311 (~0%)|  1030 (~0%)|         -|
    |    o FFN2_I_FFN2_J_FFN2_K                                         |     -|  2.92|   18874373|  7.550e+07|         7|          1|  18874368|       yes|        -|        -|           -|           -|         -|
    |   o QKV_I                                                         |     -|  2.92|   17400320|  6.960e+07|     67970|          -|       256|        no|        -|        -|           -|           -|         -|
    |    o QKV_J                                                        |     -|  2.92|      67968|  2.719e+05|        59|          -|      1152|        no|        -|        -|           -|           -|         -|
    |     + vit_transformer_layer_Pipeline_QKV_K                        |     -|  0.32|         55|    220.000|         -|         55|         -|        no|        -|  4 (~0%)|   202 (~0%)|   639 (~0%)|         -|
    |      o QKV_K                                                      |     -|  2.92|         53|    212.000|         7|          1|        48|       yes|        -|        -|           -|           -|         -|
    |   o SOFTMAX_I                                                     |     -|  2.92|     204800|  8.192e+05|       800|          -|       256|        no|        -|        -|           -|           -|         -|
    |    + vit_transformer_layer_Pipeline_SM_MAX                        |     -|  0.29|        257|  1.028e+03|         -|        257|         -|        no|        -|        -|    28 (~0%)|   119 (~0%)|         -|
    |     o SM_MAX                                                      |     -|  2.92|        255|  1.020e+03|         2|          1|       255|       yes|        -|        -|           -|           -|         -|
    |    + vit_transformer_layer_Pipeline_SM_SHIFT                      |     -|  0.21|        259|  1.036e+03|         -|        259|         -|        no|        -|        -|    91 (~0%)|   195 (~0%)|         -|
    |     o SM_SHIFT                                                    |     -|  2.92|        257|  1.028e+03|         3|          1|       256|       yes|        -|        -|           -|           -|         -|
    |    + vit_transformer_layer_Pipeline_SM_NORM                       |     -|  0.15|        276|  1.104e+03|         -|        276|         -|        no|        -|        -|  1895 (~0%)|  1301 (~0%)|         -|
    |     o SM_NORM                                                     |     -|  2.92|        274|  1.096e+03|        20|          1|       256|       yes|        -|        -|           -|           -|         -|
    |   o OUT_I                                                         |     -|  2.92|    5800448|  2.320e+07|     22658|          -|       256|        no|        -|        -|           -|           -|         -|
    |    o OUT_J                                                        |     -|  2.92|      22656|  9.062e+04|        59|          -|       384|        no|        -|        -|           -|           -|         -|
    |     + vit_transformer_layer_Pipeline_OUT_K                        |     -|  0.07|         55|    220.000|         -|         55|         -|        no|        -|  8 (~0%)|   227 (~0%)|   307 (~0%)|         -|
    |      o OUT_K                                                      |     -|  2.92|         53|    212.000|         7|          1|        48|       yes|        -|        -|           -|           -|         -|
    |   o FFN1_I                                                        |     -|  2.92|   23200256|  9.280e+07|     90626|          -|       256|        no|        -|        -|           -|           -|         -|
    |    o FFN1_J                                                       |     -|  2.92|      90624|  3.625e+05|        59|          -|      1536|        no|        -|        -|           -|           -|         -|
    |     + vit_transformer_layer_Pipeline_FFN1_K                       |     -|  0.32|         55|    220.000|         -|         55|         -|        no|        -|  4 (~0%)|   183 (~0%)|   623 (~0%)|         -|
    |      o FFN1_K                                                     |     -|  2.92|         53|    212.000|         7|          1|        48|       yes|        -|        -|           -|           -|         -|
    |  + vit_encoder_12layer_Pipeline_COPY_P_COPY_D                     |     -|  0.07|      98307|  3.932e+05|         -|      98307|         -|        no|        -|        -|    57 (~0%)|   307 (~0%)|         -|
    |   o COPY_P_COPY_D                                                 |     -|  2.92|      98305|  3.932e+05|         3|          1|     98304|       yes|        -|        -|           -|           -|         -|
    +-------------------------------------------------------------------+------+------+-----------+-----------+----------+-----------+----------+----------+---------+---------+------------+------------+----------+


================================================================
== HW Interfaces
================================================================
* AP_MEMORY
+-----------------------+-----------+----------+
| Port                  | Direction | Bitwidth |
+-----------------------+-----------+----------+
| W_ffn1_all_0_address0 | out       | 20       |
| W_ffn1_all_0_q0       | in        | 8        |
| W_ffn1_all_1_address0 | out       | 20       |
| W_ffn1_all_1_q0       | in        | 8        |
| W_ffn1_all_2_address0 | out       | 20       |
| W_ffn1_all_2_q0       | in        | 8        |
| W_ffn1_all_3_address0 | out       | 20       |
| W_ffn1_all_3_q0       | in        | 8        |
| W_ffn1_all_4_address0 | out       | 20       |
| W_ffn1_all_4_q0       | in        | 8        |
| W_ffn1_all_5_address0 | out       | 20       |
| W_ffn1_all_5_q0       | in        | 8        |
| W_ffn1_all_6_address0 | out       | 20       |
| W_ffn1_all_6_q0       | in        | 8        |
| W_ffn1_all_7_address0 | out       | 20       |
| W_ffn1_all_7_q0       | in        | 8        |
| W_ffn2_all_0_address0 | out       | 20       |
| W_ffn2_all_0_q0       | in        | 8        |
| W_ffn2_all_1_address0 | out       | 20       |
| W_ffn2_all_1_q0       | in        | 8        |
| W_ffn2_all_2_address0 | out       | 20       |
| W_ffn2_all_2_q0       | in        | 8        |
| W_ffn2_all_3_address0 | out       | 20       |
| W_ffn2_all_3_q0       | in        | 8        |
| W_ffn2_all_4_address0 | out       | 20       |
| W_ffn2_all_4_q0       | in        | 8        |
| W_ffn2_all_5_address0 | out       | 20       |
| W_ffn2_all_5_q0       | in        | 8        |
| W_ffn2_all_6_address0 | out       | 20       |
| W_ffn2_all_6_q0       | in        | 8        |
| W_ffn2_all_7_address0 | out       | 20       |
| W_ffn2_all_7_q0       | in        | 8        |
| W_out_all_0_address0  | out       | 18       |
| W_out_all_0_q0        | in        | 8        |
| W_out_all_1_address0  | out       | 18       |
| W_out_all_1_q0        | in        | 8        |
| W_out_all_2_address0  | out       | 18       |
| W_out_all_2_q0        | in        | 8        |
| W_out_all_3_address0  | out       | 18       |
| W_out_all_3_q0        | in        | 8        |
| W_out_all_4_address0  | out       | 18       |
| W_out_all_4_q0        | in        | 8        |
| W_out_all_5_address0  | out       | 18       |
| W_out_all_5_q0        | in        | 8        |
| W_out_all_6_address0  | out       | 18       |
| W_out_all_6_q0        | in        | 8        |
| W_out_all_7_address0  | out       | 18       |
| W_out_all_7_q0        | in        | 8        |
| W_qkv_all_0_address0  | out       | 20       |
| W_qkv_all_0_q0        | in        | 8        |
| W_qkv_all_1_address0  | out       | 20       |
| W_qkv_all_1_q0        | in        | 8        |
| W_qkv_all_2_address0  | out       | 20       |
| W_qkv_all_2_q0        | in        | 8        |
| W_qkv_all_3_address0  | out       | 20       |
| W_qkv_all_3_q0        | in        | 8        |
| W_qkv_all_4_address0  | out       | 20       |
| W_qkv_all_4_q0        | in        | 8        |
| W_qkv_all_5_address0  | out       | 20       |
| W_qkv_all_5_q0        | in        | 8        |
| W_qkv_all_6_address0  | out       | 20       |
| W_qkv_all_6_q0        | in        | 8        |
| W_qkv_all_7_address0  | out       | 20       |
| W_qkv_all_7_q0        | in        | 8        |
| out_r_address0        | out       | 17       |
| out_r_d0              | out       | 8        |
| x_address0            | out       | 17       |
| x_q0                  | in        | 8        |
+-----------------------+-----------+----------+

* TOP LEVEL CONTROL
+-----------+------------+-----------------------------------+
| Interface | Type       | Ports                             |
+-----------+------------+-----------------------------------+
| ap_clk    | clock      | ap_clk                            |
| ap_rst    | reset      | ap_rst                            |
| ap_ctrl   | ap_ctrl_hs | ap_done ap_idle ap_ready ap_start |
+-----------+------------+-----------------------------------+


================================================================
== SW I/O Information
================================================================
* Top Function Arguments
+------------+-----------+---------------------+
| Argument   | Direction | Datatype            |
+------------+-----------+---------------------+
| x          | in        | signed char const * |
| W_qkv_all  | in        | signed char const * |
| W_out_all  | in        | signed char const * |
| W_ffn1_all | in        | signed char const * |
| W_ffn2_all | in        | signed char const * |
| out        | out       | signed char*        |
+------------+-----------+---------------------+

* SW-to-HW Mapping
+------------+-----------------------+---------+----------+
| Argument   | HW Interface          | HW Type | HW Usage |
+------------+-----------------------+---------+----------+
| x          | x_address0            | port    | offset   |
| x          | x_ce0                 | port    |          |
| x          | x_q0                  | port    |          |
| W_qkv_all  | W_qkv_all_0_address0  | port    | offset   |
| W_qkv_all  | W_qkv_all_0_ce0       | port    |          |
| W_qkv_all  | W_qkv_all_0_q0        | port    |          |
| W_qkv_all  | W_qkv_all_1_address0  | port    | offset   |
| W_qkv_all  | W_qkv_all_1_ce0       | port    |          |
| W_qkv_all  | W_qkv_all_1_q0        | port    |          |
| W_qkv_all  | W_qkv_all_2_address0  | port    | offset   |
| W_qkv_all  | W_qkv_all_2_ce0       | port    |          |
| W_qkv_all  | W_qkv_all_2_q0        | port    |          |
| W_qkv_all  | W_qkv_all_3_address0  | port    | offset   |
| W_qkv_all  | W_qkv_all_3_ce0       | port    |          |
| W_qkv_all  | W_qkv_all_3_q0        | port    |          |
| W_qkv_all  | W_qkv_all_4_address0  | port    | offset   |
| W_qkv_all  | W_qkv_all_4_ce0       | port    |          |
| W_qkv_all  | W_qkv_all_4_q0        | port    |          |
| W_qkv_all  | W_qkv_all_5_address0  | port    | offset   |
| W_qkv_all  | W_qkv_all_5_ce0       | port    |          |
| W_qkv_all  | W_qkv_all_5_q0        | port    |          |
| W_qkv_all  | W_qkv_all_6_address0  | port    | offset   |
| W_qkv_all  | W_qkv_all_6_ce0       | port    |          |
| W_qkv_all  | W_qkv_all_6_q0        | port    |          |
| W_qkv_all  | W_qkv_all_7_address0  | port    | offset   |
| W_qkv_all  | W_qkv_all_7_ce0       | port    |          |
| W_qkv_all  | W_qkv_all_7_q0        | port    |          |
| W_out_all  | W_out_all_0_address0  | port    | offset   |
| W_out_all  | W_out_all_0_ce0       | port    |          |
| W_out_all  | W_out_all_0_q0        | port    |          |
| W_out_all  | W_out_all_1_address0  | port    | offset   |
| W_out_all  | W_out_all_1_ce0       | port    |          |
| W_out_all  | W_out_all_1_q0        | port    |          |
| W_out_all  | W_out_all_2_address0  | port    | offset   |
| W_out_all  | W_out_all_2_ce0       | port    |          |
| W_out_all  | W_out_all_2_q0        | port    |          |
| W_out_all  | W_out_all_3_address0  | port    | offset   |
| W_out_all  | W_out_all_3_ce0       | port    |          |
| W_out_all  | W_out_all_3_q0        | port    |          |
| W_out_all  | W_out_all_4_address0  | port    | offset   |
| W_out_all  | W_out_all_4_ce0       | port    |          |
| W_out_all  | W_out_all_4_q0        | port    |          |
| W_out_all  | W_out_all_5_address0  | port    | offset   |
| W_out_all  | W_out_all_5_ce0       | port    |          |
| W_out_all  | W_out_all_5_q0        | port    |          |
| W_out_all  | W_out_all_6_address0  | port    | offset   |
| W_out_all  | W_out_all_6_ce0       | port    |          |
| W_out_all  | W_out_all_6_q0        | port    |          |
| W_out_all  | W_out_all_7_address0  | port    | offset   |
| W_out_all  | W_out_all_7_ce0       | port    |          |
| W_out_all  | W_out_all_7_q0        | port    |          |
| W_ffn1_all | W_ffn1_all_0_address0 | port    | offset   |
| W_ffn1_all | W_ffn1_all_0_ce0      | port    |          |
| W_ffn1_all | W_ffn1_all_0_q0       | port    |          |
| W_ffn1_all | W_ffn1_all_1_address0 | port    | offset   |
| W_ffn1_all | W_ffn1_all_1_ce0      | port    |          |
| W_ffn1_all | W_ffn1_all_1_q0       | port    |          |
| W_ffn1_all | W_ffn1_all_2_address0 | port    | offset   |
| W_ffn1_all | W_ffn1_all_2_ce0      | port    |          |
| W_ffn1_all | W_ffn1_all_2_q0       | port    |          |
| W_ffn1_all | W_ffn1_all_3_address0 | port    | offset   |
| W_ffn1_all | W_ffn1_all_3_ce0      | port    |          |
| W_ffn1_all | W_ffn1_all_3_q0       | port    |          |
| W_ffn1_all | W_ffn1_all_4_address0 | port    | offset   |
| W_ffn1_all | W_ffn1_all_4_ce0      | port    |          |
| W_ffn1_all | W_ffn1_all_4_q0       | port    |          |
| W_ffn1_all | W_ffn1_all_5_address0 | port    | offset   |
| W_ffn1_all | W_ffn1_all_5_ce0      | port    |          |
| W_ffn1_all | W_ffn1_all_5_q0       | port    |          |
| W_ffn1_all | W_ffn1_all_6_address0 | port    | offset   |
| W_ffn1_all | W_ffn1_all_6_ce0      | port    |          |
| W_ffn1_all | W_ffn1_all_6_q0       | port    |          |
| W_ffn1_all | W_ffn1_all_7_address0 | port    | offset   |
| W_ffn1_all | W_ffn1_all_7_ce0      | port    |          |
| W_ffn1_all | W_ffn1_all_7_q0       | port    |          |
| W_ffn2_all | W_ffn2_all_0_address0 | port    | offset   |
| W_ffn2_all | W_ffn2_all_0_ce0      | port    |          |
| W_ffn2_all | W_ffn2_all_0_q0       | port    |          |
| W_ffn2_all | W_ffn2_all_1_address0 | port    | offset   |
| W_ffn2_all | W_ffn2_all_1_ce0      | port    |          |
| W_ffn2_all | W_ffn2_all_1_q0       | port    |          |
| W_ffn2_all | W_ffn2_all_2_address0 | port    | offset   |
| W_ffn2_all | W_ffn2_all_2_ce0      | port    |          |
| W_ffn2_all | W_ffn2_all_2_q0       | port    |          |
| W_ffn2_all | W_ffn2_all_3_address0 | port    | offset   |
| W_ffn2_all | W_ffn2_all_3_ce0      | port    |          |
| W_ffn2_all | W_ffn2_all_3_q0       | port    |          |
| W_ffn2_all | W_ffn2_all_4_address0 | port    | offset   |
| W_ffn2_all | W_ffn2_all_4_ce0      | port    |          |
| W_ffn2_all | W_ffn2_all_4_q0       | port    |          |
| W_ffn2_all | W_ffn2_all_5_address0 | port    | offset   |
| W_ffn2_all | W_ffn2_all_5_ce0      | port    |          |
| W_ffn2_all | W_ffn2_all_5_q0       | port    |          |
| W_ffn2_all | W_ffn2_all_6_address0 | port    | offset   |
| W_ffn2_all | W_ffn2_all_6_ce0      | port    |          |
| W_ffn2_all | W_ffn2_all_6_q0       | port    |          |
| W_ffn2_all | W_ffn2_all_7_address0 | port    | offset   |
| W_ffn2_all | W_ffn2_all_7_ce0      | port    |          |
| W_ffn2_all | W_ffn2_all_7_q0       | port    |          |
| out        | out_r_address0        | port    | offset   |
| out        | out_r_ce0             | port    |          |
| out        | out_r_we0             | port    |          |
| out        | out_r_d0              | port    |          |
+------------+-----------------------+---------+----------+


================================================================
== Bind Op Report
================================================================
+------------------------------------------------------------------+-----+--------+----------------+-----------+--------------------------+---------+
| Name                                                             | DSP | Pragma | Variable       | Op        | Impl                     | Latency |
+------------------------------------------------------------------+-----+--------+----------------+-----------+--------------------------+---------+
| + vit_encoder_12layer                                            | 36  |        |                |           |                          |         |
|   add_ln48_fu_264_p2                                             |     |        | add_ln48       | add       | fabric                   | 0       |
|   icmp_ln48_fu_270_p2                                            |     |        | icmp_ln48      | seteq     | auto                     | 0       |
|  + vit_encoder_12layer_Pipeline_LOAD_P_LOAD_D                    | 0   |        |                |           |                          |         |
|    add_ln40_1_fu_197_p2                                          |     |        | add_ln40_1     | add       | fabric                   | 0       |
|    icmp_ln40_fu_203_p2                                           |     |        | icmp_ln40      | seteq     | auto                     | 0       |
|    add_ln40_fu_233_p2                                            |     |        | add_ln40       | add       | fabric                   | 0       |
|    icmp_ln41_fu_239_p2                                           |     |        | icmp_ln41      | seteq     | auto                     | 0       |
|    select_ln40_fu_245_p3                                         |     |        | select_ln40    | select    | auto_sel                 | 0       |
|    select_ln40_1_fu_253_p3                                       |     |        | select_ln40_1  | select    | auto_sel                 | 0       |
|    add_ln41_fu_364_p2                                            |     |        | add_ln41       | add       | fabric                   | 0       |
|  + vit_transformer_layer                                         | 36  |        |                |           |                          |         |
|    sub_ln67_fu_992_p2                                            |     |        | sub_ln67       | sub       | fabric                   | 0       |
|    sub_ln203_fu_1010_p2                                          |     |        | sub_ln203      | sub       | fabric                   | 0       |
|    add_ln59_fu_1027_p2                                           |     |        | add_ln59       | add       | fabric                   | 0       |
|    icmp_ln59_fu_1033_p2                                          |     |        | icmp_ln59      | seteq     | auto                     | 0       |
|    sub_ln67_1_fu_1063_p2                                         |     |        | sub_ln67_1     | sub       | fabric                   | 0       |
|    add_ln71_1_fu_1089_p2                                         |     |        | add_ln71_1     | add       | fabric                   | 0       |
|    add_ln60_fu_1103_p2                                           |     |        | add_ln60       | add       | fabric                   | 0       |
|    icmp_ln60_fu_1109_p2                                          |     |        | icmp_ln60      | seteq     | auto                     | 0       |
|    add_ln71_fu_1133_p2                                           |     |        | add_ln71       | add       | fabric                   | 0       |
|    add_ln98_fu_1219_p2                                           |     |        | add_ln98       | add       | fabric                   | 0       |
|    icmp_ln98_fu_1225_p2                                          |     |        | icmp_ln98      | seteq     | auto                     | 0       |
|    cmp144_fu_1286_p2                                             |     |        | cmp144         | setgt     | auto                     | 0       |
|    add_ln155_fu_1296_p2                                          |     |        | add_ln155      | add       | fabric                   | 0       |
|    icmp_ln155_fu_1302_p2                                         |     |        | icmp_ln155     | seteq     | auto                     | 0       |
|    sub_ln163_fu_1332_p2                                          |     |        | sub_ln163      | sub       | fabric                   | 0       |
|    add_ln156_fu_1346_p2                                          |     |        | add_ln156      | add       | fabric                   | 0       |
|    icmp_ln156_fu_1352_p2                                         |     |        | icmp_ln156     | seteq     | auto                     | 0       |
|    add_ln167_fu_1376_p2                                          |     |        | add_ln167      | add       | fabric                   | 0       |
|    icmp_ln19_fu_1425_p2                                          |     |        | icmp_ln19      | setgt     | auto                     | 0       |
|    icmp_ln19_1_fu_1431_p2                                        |     |        | icmp_ln19_1    | setlt     | auto                     | 0       |
|    select_ln19_fu_1447_p3                                        |     |        | select_ln19    | select    | auto_sel                 | 0       |
|    or_ln19_fu_1455_p2                                            |     |        | or_ln19        | or        | auto                     | 0       |
|    select_ln19_1_fu_1461_p3                                      |     |        | select_ln19_1  | select    | auto_sel                 | 0       |
|    add_ln175_fu_1513_p2                                          |     |        | add_ln175      | add       | fabric                   | 0       |
|    icmp_ln175_fu_1519_p2                                         |     |        | icmp_ln175     | seteq     | auto                     | 0       |
|    sub_ln183_fu_1549_p2                                          |     |        | sub_ln183      | sub       | fabric                   | 0       |
|    sub_ln187_fu_1575_p2                                          |     |        | sub_ln187      | sub       | fabric                   | 0       |
|    add_ln176_fu_1581_p2                                          |     |        | add_ln176      | add       | fabric                   | 0       |
|    icmp_ln176_fu_1587_p2                                         |     |        | icmp_ln176     | seteq     | auto                     | 0       |
|    add_ln187_fu_1611_p2                                          |     |        | add_ln187      | add       | fabric                   | 0       |
|    icmp_ln187_fu_1640_p2                                         |     |        | icmp_ln187     | setgt     | auto                     | 0       |
|    icmp_ln19_2_fu_1656_p2                                        |     |        | icmp_ln19_2    | setne     | auto                     | 0       |
|    select_ln19_2_fu_1672_p3                                      |     |        | select_ln19_2  | select    | auto_sel                 | 0       |
|    select_ln187_fu_1680_p3                                       |     |        | select_ln187   | select    | auto_sel                 | 0       |
|   + vit_transformer_layer_Pipeline_SCORES_I_SCORES_J_SCORES_K    | 8   |        |                |           |                          |         |
|     add_ln78_1_fu_413_p2                                         |     |        | add_ln78_1     | add       | fabric                   | 0       |
|     icmp_ln78_fu_419_p2                                          |     |        | icmp_ln78      | seteq     | auto                     | 0       |
|     add_ln78_fu_443_p2                                           |     |        | add_ln78       | add       | fabric                   | 0       |
|     icmp_ln79_fu_449_p2                                          |     |        | icmp_ln79      | seteq     | auto                     | 0       |
|     select_ln78_fu_455_p3                                        |     |        | select_ln78    | select    | auto_sel                 | 0       |
|     select_ln78_1_fu_463_p3                                      |     |        | select_ln78_1  | select    | auto_sel                 | 0       |
|     select_ln78_2_fu_935_p3                                      |     |        | select_ln78_2  | select    | auto_sel                 | 0       |
|     icmp_ln81_fu_471_p2                                          |     |        | icmp_ln81      | setlt     | auto                     | 0       |
|     or_ln78_fu_477_p2                                            |     |        | or_ln78        | or        | auto                     | 0       |
|     select_ln78_3_fu_483_p3                                      |     |        | select_ln78_3  | select    | auto_sel                 | 0       |
|     add_ln79_fu_495_p2                                           |     |        | add_ln79       | add       | fabric                   | 0       |
|     k0_1_mid2_fu_501_p3                                          |     |        | k0_1_mid2      | select    | auto_sel                 | 0       |
|     acc_2_mid2_fu_942_p3                                         |     |        | acc_2_mid2     | select    | auto_sel                 | 0       |
|     select_ln79_fu_509_p3                                        |     |        | select_ln79    | select    | auto_sel                 | 0       |
|     add_ln91_fu_671_p2                                           |     |        | add_ln91       | add       | fabric                   | 0       |
|     add_ln86_fu_697_p2                                           |     |        | add_ln86       | add       | fabric                   | 0       |
|     mac_muladd_16s_16s_32s_32_4_1_U36                            | 1   |        | mul_ln89       | mul       | dsp_slice                | 3       |
|     mac_muladd_16s_16s_32s_32_4_1_U37                            | 1   |        | mul_ln89_1     | mul       | dsp_slice                | 3       |
|     mul_16s_16s_32_1_1_U32                                       | 1   |        | mul_ln89_2     | mul       | auto                     | 0       |
|     mul_16s_16s_32_1_1_U33                                       | 1   |        | mul_ln89_3     | mul       | auto                     | 0       |
|     mul_16s_16s_32_1_1_U34                                       | 1   |        | mul_ln89_4     | mul       | auto                     | 0       |
|     mac_muladd_16s_16s_32s_32_4_1_U38                            | 1   |        | mul_ln89_5     | mul       | dsp_slice                | 3       |
|     mul_16s_16s_32_1_1_U35                                       | 1   |        | mul_ln89_6     | mul       | auto                     | 0       |
|     mac_muladd_16s_16s_32s_32_4_1_U39                            | 1   |        | mul_ln89_7     | mul       | dsp_slice                | 3       |
|     mac_muladd_16s_16s_32s_32_4_1_U36                            | 1   |        | add_ln89       | add       | dsp_slice                | 3       |
|     mac_muladd_16s_16s_32s_32_4_1_U38                            | 1   |        | add_ln89_1     | add       | dsp_slice                | 3       |
|     add_ln89_2_fu_949_p2                                         |     |        | add_ln89_2     | add       | fabric                   | 0       |
|     mac_muladd_16s_16s_32s_32_4_1_U39                            | 1   |        | add_ln89_3     | add       | dsp_slice                | 3       |
|     mac_muladd_16s_16s_32s_32_4_1_U37                            | 1   |        | add_ln89_4     | add       | dsp_slice                | 3       |
|     add_ln89_5_fu_953_p2                                         |     |        | add_ln89_5     | add       | fabric                   | 0       |
|     add_ln81_fu_527_p2                                           |     |        | add_ln81       | add       | fabric                   | 0       |
|     icmp_ln81_1_fu_533_p2                                        |     |        | icmp_ln81_1    | setlt     | auto                     | 0       |
|     icmp_ln20_fu_989_p2                                          |     |        | icmp_ln20      | setgt     | auto                     | 0       |
|     icmp_ln20_1_fu_1011_p2                                       |     |        | icmp_ln20_1    | setlt     | auto                     | 0       |
|     select_ln20_fu_1025_p3                                       |     |        | select_ln20    | select    | auto_sel                 | 0       |
|     or_ln20_fu_1032_p2                                           |     |        | or_ln20        | or        | auto                     | 0       |
|     select_ln20_1_fu_1037_p3                                     |     |        | select_ln20_1  | select    | auto_sel                 | 0       |
|     add_ln79_1_fu_539_p2                                         |     |        | add_ln79_1     | add       | fabric                   | 0       |
|     select_ln79_1_fu_545_p3                                      |     |        | select_ln79_1  | select    | auto_sel                 | 0       |
|   + vit_transformer_layer_Pipeline_QKV_K                         | 4   |        |                |           |                          |         |
|     icmp_ln62_fu_371_p2                                          |     |        | icmp_ln62      | setlt     | auto                     | 0       |
|     add_ln62_fu_377_p2                                           |     |        | add_ln62       | add       | fabric                   | 0       |
|     add_ln67_fu_408_p2                                           |     |        | add_ln67       | add       | fabric                   | 0       |
|     add_ln67_1_fu_432_p2                                         |     |        | add_ln67_1     | add       | fabric                   | 0       |
|     add_ln67_3_fu_504_p2                                         |     |        | add_ln67_3     | add       | fabric                   | 0       |
|     mac_muladd_8s_8s_16s_17_4_1_U10                              | 1   |        | mul_ln69       | mul       | dsp_slice                | 3       |
|     mac_muladd_8s_8s_16s_17_4_1_U10                              | 1   |        | sext_ln69_1    | sext      | dsp_slice                | 3       |
|     mac_muladd_8s_8s_16s_17_4_1_U11                              | 1   |        | mul_ln69_1     | mul       | dsp_slice                | 3       |
|     mac_muladd_8s_8s_16s_17_4_1_U11                              | 1   |        | sext_ln69_2    | sext      | dsp_slice                | 3       |
|     mul_8s_8s_16_1_1_U6                                          |     |        | mul_ln69_2     | mul       | auto                     | 0       |
|     mul_8s_8s_16_1_1_U7                                          |     |        | mul_ln69_3     | mul       | auto                     | 0       |
|     mul_8s_8s_16_1_1_U8                                          |     |        | mul_ln69_4     | mul       | auto                     | 0       |
|     mac_muladd_8s_8s_16s_17_4_1_U12                              | 1   |        | mul_ln69_5     | mul       | dsp_slice                | 3       |
|     mac_muladd_8s_8s_16s_17_4_1_U12                              | 1   |        | sext_ln69_6    | sext      | dsp_slice                | 3       |
|     mul_8s_8s_16_1_1_U9                                          |     |        | mul_ln69_6     | mul       | auto                     | 0       |
|     mac_muladd_8s_8s_16s_17_4_1_U13                              | 1   |        | mul_ln69_7     | mul       | dsp_slice                | 3       |
|     mac_muladd_8s_8s_16s_17_4_1_U13                              | 1   |        | sext_ln69_8    | sext      | dsp_slice                | 3       |
|     mac_muladd_8s_8s_16s_17_4_1_U10                              | 1   |        | add_ln69       | add       | dsp_slice                | 3       |
|     mac_muladd_8s_8s_16s_17_4_1_U12                              | 1   |        | add_ln69_1     | add       | dsp_slice                | 3       |
|     add_ln69_2_fu_729_p2                                         |     |        | add_ln69_2     | add       | fabric                   | 0       |
|     mac_muladd_8s_8s_16s_17_4_1_U13                              | 1   |        | add_ln69_3     | add       | dsp_slice                | 3       |
|     mac_muladd_8s_8s_16s_17_4_1_U11                              | 1   |        | add_ln69_4     | add       | dsp_slice                | 3       |
|     add_ln69_5_fu_745_p2                                         |     |        | add_ln69_5     | add       | fabric                   | 0       |
|     add_ln69_6_fu_755_p2                                         |     |        | add_ln69_6     | add       | fabric                   | 0       |
|     acc_2_fu_770_p2                                              |     |        | acc_2          | add       | fabric                   | 0       |
|   + vit_transformer_layer_Pipeline_ATTN_O_I_ATTN_O_TILE_ATTN_O_J | 8   |        |                |           |                          |         |
|     add_ln127_1_fu_553_p2                                        |     |        | add_ln127_1    | add       | fabric                   | 0       |
|     icmp_ln127_fu_559_p2                                         |     |        | icmp_ln127     | seteq     | auto                     | 0       |
|     add_ln127_fu_733_p2                                          |     |        | add_ln127      | add       | fabric                   | 0       |
|     icmp_ln129_fu_595_p2                                         |     |        | icmp_ln129     | seteq     | auto                     | 0       |
|     select_ln127_fu_601_p3                                       |     |        | select_ln127   | select    | auto_sel                 | 0       |
|     xor_ln127_fu_609_p2                                          |     |        | xor_ln127      | xor       | auto                     | 0       |
|     icmp_ln136_fu_615_p2                                         |     |        | icmp_ln136     | seteq     | auto                     | 0       |
|     and_ln127_fu_621_p2                                          |     |        | and_ln127      | and       | auto                     | 0       |
|     select_ln127_1_fu_739_p3                                     |     |        | select_ln127_1 | select    | auto_sel                 | 0       |
|     add_ln129_fu_627_p2                                          |     |        | add_ln129      | add       | fabric                   | 0       |
|     empty_37_fu_633_p2                                           |     |        | empty_37       | or        | auto                     | 0       |
|     j_5_mid2_fu_639_p3                                           |     |        | j_5_mid2       | select    | auto_sel                 | 0       |
|     grp_fu_1860_p2                                               |     |        | p_mid2         | select    | auto_sel                 | 0       |
|     grp_fu_1847_p2                                               |     |        | p_mid220       | select    | auto_sel                 | 0       |
|     grp_fu_1834_p2                                               |     |        | p_mid221       | select    | auto_sel                 | 0       |
|     grp_fu_1821_p2                                               |     |        | p_mid222       | select    | auto_sel                 | 0       |
|     grp_fu_1808_p2                                               |     |        | p_mid223       | select    | auto_sel                 | 0       |
|     grp_fu_1795_p2                                               |     |        | p_mid224       | select    | auto_sel                 | 0       |
|     grp_fu_1782_p2                                               |     |        | p_mid225       | select    | auto_sel                 | 0       |
|     grp_fu_1769_p2                                               |     |        | p_mid226       | select    | auto_sel                 | 0       |
|     select_ln129_fu_647_p3                                       |     |        | select_ln129   | select    | auto_sel                 | 0       |
|     empty_38_fu_800_p2                                           |     |        | empty_38       | add       | fabric                   | 0       |
|     add_ln138_fu_855_p2                                          |     |        | add_ln138      | add       | fabric                   | 0       |
|     mac_muladd_16s_16s_32ns_32_4_1_U67                           | 1   |        | mul_ln141      | mul       | dsp_slice                | 3       |
|     mac_muladd_16s_16s_32ns_32_4_1_U67                           | 1   |        | add_ln141      | add       | dsp_slice                | 3       |
|     mac_muladd_16s_16s_32ns_32_4_1_U68                           | 1   |        | mul_ln141_1    | mul       | dsp_slice                | 3       |
|     mac_muladd_16s_16s_32ns_32_4_1_U68                           | 1   |        | add_ln141_1    | add       | dsp_slice                | 3       |
|     mac_muladd_16s_16s_32ns_32_4_1_U69                           | 1   |        | mul_ln141_2    | mul       | dsp_slice                | 3       |
|     mac_muladd_16s_16s_32ns_32_4_1_U69                           | 1   |        | add_ln141_2    | add       | dsp_slice                | 3       |
|     mac_muladd_16s_16s_32ns_32_4_1_U70                           | 1   |        | mul_ln141_3    | mul       | dsp_slice                | 3       |
|     mac_muladd_16s_16s_32ns_32_4_1_U70                           | 1   |        | add_ln141_3    | add       | dsp_slice                | 3       |
|     mac_muladd_16s_16s_32ns_32_4_1_U71                           | 1   |        | mul_ln141_4    | mul       | dsp_slice                | 3       |
|     mac_muladd_16s_16s_32ns_32_4_1_U71                           | 1   |        | add_ln141_4    | add       | dsp_slice                | 3       |
|     mac_muladd_16s_16s_32ns_32_4_1_U72                           | 1   |        | mul_ln141_5    | mul       | dsp_slice                | 3       |
|     mac_muladd_16s_16s_32ns_32_4_1_U72                           | 1   |        | add_ln141_5    | add       | dsp_slice                | 3       |
|     mac_muladd_16s_16s_32ns_32_4_1_U73                           | 1   |        | mul_ln141_6    | mul       | dsp_slice                | 3       |
|     mac_muladd_16s_16s_32ns_32_4_1_U73                           | 1   |        | add_ln141_6    | add       | dsp_slice                | 3       |
|     mac_muladd_16s_16s_32ns_32_4_1_U74                           | 1   |        | mul_ln141_7    | mul       | dsp_slice                | 3       |
|     mac_muladd_16s_16s_32ns_32_4_1_U74                           | 1   |        | add_ln141_7    | add       | dsp_slice                | 3       |
|     add_ln136_fu_665_p2                                          |     |        | add_ln136      | add       | fabric                   | 0       |
|     icmp_ln136_1_fu_671_p2                                       |     |        | icmp_ln136_1   | seteq     | auto                     | 0       |
|     icmp_ln20_fu_1147_p2                                         |     |        | icmp_ln20      | seteq     | auto                     | 0       |
|     icmp_ln20_2_fu_1153_p2                                       |     |        | icmp_ln20_2    | setlt     | auto                     | 0       |
|     select_ln20_fu_1168_p3                                       |     |        | select_ln20    | select    | auto_sel                 | 0       |
|     or_ln20_fu_1176_p2                                           |     |        | or_ln20        | or        | auto                     | 0       |
|     select_ln20_2_fu_1182_p3                                     |     |        | select_ln20_2  | select    | auto_sel                 | 0       |
|     icmp_ln20_3_fu_1209_p2                                       |     |        | icmp_ln20_3    | seteq     | auto                     | 0       |
|     icmp_ln20_4_fu_1215_p2                                       |     |        | icmp_ln20_4    | setlt     | auto                     | 0       |
|     select_ln20_3_fu_1230_p3                                     |     |        | select_ln20_3  | select    | auto_sel                 | 0       |
|     or_ln20_1_fu_1238_p2                                         |     |        | or_ln20_1      | or        | auto                     | 0       |
|     select_ln20_4_fu_1244_p3                                     |     |        | select_ln20_4  | select    | auto_sel                 | 0       |
|     icmp_ln20_5_fu_1271_p2                                       |     |        | icmp_ln20_5    | seteq     | auto                     | 0       |
|     icmp_ln20_6_fu_1277_p2                                       |     |        | icmp_ln20_6    | setlt     | auto                     | 0       |
|     select_ln20_5_fu_1292_p3                                     |     |        | select_ln20_5  | select    | auto_sel                 | 0       |
|     or_ln20_2_fu_1300_p2                                         |     |        | or_ln20_2      | or        | auto                     | 0       |
|     select_ln20_6_fu_1306_p3                                     |     |        | select_ln20_6  | select    | auto_sel                 | 0       |
|     icmp_ln20_7_fu_1333_p2                                       |     |        | icmp_ln20_7    | seteq     | auto                     | 0       |
|     icmp_ln20_8_fu_1339_p2                                       |     |        | icmp_ln20_8    | setlt     | auto                     | 0       |
|     select_ln20_7_fu_1354_p3                                     |     |        | select_ln20_7  | select    | auto_sel                 | 0       |
|     or_ln20_3_fu_1362_p2                                         |     |        | or_ln20_3      | or        | auto                     | 0       |
|     select_ln20_8_fu_1368_p3                                     |     |        | select_ln20_8  | select    | auto_sel                 | 0       |
|     icmp_ln20_9_fu_1395_p2                                       |     |        | icmp_ln20_9    | seteq     | auto                     | 0       |
|     icmp_ln20_10_fu_1401_p2                                      |     |        | icmp_ln20_10   | setlt     | auto                     | 0       |
|     select_ln20_9_fu_1416_p3                                     |     |        | select_ln20_9  | select    | auto_sel                 | 0       |
|     or_ln20_4_fu_1424_p2                                         |     |        | or_ln20_4      | or        | auto                     | 0       |
|     select_ln20_10_fu_1430_p3                                    |     |        | select_ln20_10 | select    | auto_sel                 | 0       |
|     icmp_ln20_11_fu_1457_p2                                      |     |        | icmp_ln20_11   | seteq     | auto                     | 0       |
|     icmp_ln20_12_fu_1463_p2                                      |     |        | icmp_ln20_12   | setlt     | auto                     | 0       |
|     select_ln20_11_fu_1478_p3                                    |     |        | select_ln20_11 | select    | auto_sel                 | 0       |
|     or_ln20_5_fu_1486_p2                                         |     |        | or_ln20_5      | or        | auto                     | 0       |
|     select_ln20_12_fu_1492_p3                                    |     |        | select_ln20_12 | select    | auto_sel                 | 0       |
|     icmp_ln20_13_fu_1519_p2                                      |     |        | icmp_ln20_13   | seteq     | auto                     | 0       |
|     icmp_ln20_14_fu_1525_p2                                      |     |        | icmp_ln20_14   | setlt     | auto                     | 0       |
|     select_ln20_13_fu_1540_p3                                    |     |        | select_ln20_13 | select    | auto_sel                 | 0       |
|     or_ln20_6_fu_1548_p2                                         |     |        | or_ln20_6      | or        | auto                     | 0       |
|     select_ln20_14_fu_1554_p3                                    |     |        | select_ln20_14 | select    | auto_sel                 | 0       |
|     icmp_ln20_15_fu_1581_p2                                      |     |        | icmp_ln20_15   | seteq     | auto                     | 0       |
|     icmp_ln20_16_fu_1587_p2                                      |     |        | icmp_ln20_16   | setlt     | auto                     | 0       |
|     select_ln20_15_fu_1602_p3                                    |     |        | select_ln20_15 | select    | auto_sel                 | 0       |
|     or_ln20_7_fu_1610_p2                                         |     |        | or_ln20_7      | or        | auto                     | 0       |
|     select_ln20_16_fu_1616_p3                                    |     |        | select_ln20_16 | select    | auto_sel                 | 0       |
|     add_ln129_1_fu_677_p2                                        |     |        | add_ln129_1    | add       | fabric                   | 0       |
|     select_ln129_1_fu_683_p3                                     |     |        | select_ln129_1 | select    | auto_sel                 | 0       |
|   + vit_transformer_layer_Pipeline_SM_MAX                        | 0   |        |                |           |                          |         |
|     icmp_ln101_fu_108_p2                                         |     |        | icmp_ln101     | seteq     | auto                     | 0       |
|     add_ln101_fu_114_p2                                          |     |        | add_ln101      | add       | fabric                   | 0       |
|     add_ln103_fu_124_p2                                          |     |        | add_ln103      | add       | fabric                   | 0       |
|     icmp_ln103_fu_157_p2                                         |     |        | icmp_ln103     | setgt     | auto                     | 0       |
|     m_2_fu_163_p3                                                |     |        | m_2            | select    | auto_sel                 | 0       |
|   + vit_transformer_layer_Pipeline_SM_SHIFT                      | 0   |        |                |           |                          |         |
|     add_ln108_fu_137_p2                                          |     |        | add_ln108      | add       | fabric                   | 0       |
|     icmp_ln108_fu_143_p2                                         |     |        | icmp_ln108     | seteq     | auto                     | 0       |
|     add_ln110_fu_153_p2                                          |     |        | add_ln110      | add       | fabric                   | 0       |
|     sub_neg_fu_184_p2                                            |     |        | sub_neg        | sub       | fabric                   | 0       |
|     diff_fu_193_p2                                               |     |        | diff           | add       | fabric                   | 0       |
|     icmp_ln111_fu_199_p2                                         |     |        | icmp_ln111     | setgt     | auto                     | 0       |
|     s_fu_219_p3                                                  |     |        | s              | select    | auto_sel                 | 0       |
|     sum_1_fu_238_p2                                              |     |        | sum_1          | add       | fabric                   | 0       |
|   + vit_transformer_layer_Pipeline_SM_NORM                       | 0   |        |                |           |                          |         |
|     add_ln116_fu_134_p2                                          |     |        | add_ln116      | add       | fabric                   | 0       |
|     icmp_ln116_fu_140_p2                                         |     |        | icmp_ln116     | seteq     | auto                     | 0       |
|     add_ln118_fu_193_p2                                          |     |        | add_ln118      | add       | fabric                   | 0       |
|     grp_fu_185_p0                                                |     |        | sub_ln118      | sub       | fabric                   | 0       |
|     sdiv_31ns_24s_16_19_1_U60                                    |     |        | sdiv_ln118     | sdiv      | vivado_divider           | 18      |
|   + vit_transformer_layer_Pipeline_OUT_K                         | 8   |        |                |           |                          |         |
|     icmp_ln158_fu_371_p2                                         |     |        | icmp_ln158     | setlt     | auto                     | 0       |
|     add_ln158_fu_377_p2                                          |     |        | add_ln158      | add       | fabric                   | 0       |
|     add_ln163_fu_411_p2                                          |     |        | add_ln163      | add       | fabric                   | 0       |
|     add_ln163_2_fu_459_p2                                        |     |        | add_ln163_2    | add       | fabric                   | 0       |
|     mac_muladd_16s_8s_24s_25_4_1_U97                             | 1   |        | mul_ln165      | mul       | dsp_slice                | 3       |
|     mac_muladd_16s_8s_24s_25_4_1_U97                             | 1   |        | sext_ln165_1   | sext      | dsp_slice                | 3       |
|     mac_muladd_16s_8s_24s_25_4_1_U98                             | 1   |        | mul_ln165_1    | mul       | dsp_slice                | 3       |
|     mac_muladd_16s_8s_24s_25_4_1_U98                             | 1   |        | sext_ln165_2   | sext      | dsp_slice                | 3       |
|     mul_16s_8s_24_1_1_U93                                        | 1   |        | mul_ln165_2    | mul       | auto                     | 0       |
|     mul_16s_8s_24_1_1_U94                                        | 1   |        | mul_ln165_3    | mul       | auto                     | 0       |
|     mul_16s_8s_24_1_1_U95                                        | 1   |        | mul_ln165_4    | mul       | auto                     | 0       |
|     mac_muladd_16s_8s_24s_25_4_1_U99                             | 1   |        | mul_ln165_5    | mul       | dsp_slice                | 3       |
|     mac_muladd_16s_8s_24s_25_4_1_U99                             | 1   |        | sext_ln165_6   | sext      | dsp_slice                | 3       |
|     mul_16s_8s_24_1_1_U96                                        | 1   |        | mul_ln165_6    | mul       | auto                     | 0       |
|     mac_muladd_16s_8s_24s_25_4_1_U100                            | 1   |        | mul_ln165_7    | mul       | dsp_slice                | 3       |
|     mac_muladd_16s_8s_24s_25_4_1_U100                            | 1   |        | sext_ln165_8   | sext      | dsp_slice                | 3       |
|     mac_muladd_16s_8s_24s_25_4_1_U97                             | 1   |        | add_ln165      | add       | dsp_slice                | 3       |
|     mac_muladd_16s_8s_24s_25_4_1_U99                             | 1   |        | add_ln165_1    | add       | dsp_slice                | 3       |
|     add_ln165_2_fu_702_p2                                        |     |        | add_ln165_2    | add       | fabric                   | 0       |
|     mac_muladd_16s_8s_24s_25_4_1_U100                            | 1   |        | add_ln165_3    | add       | dsp_slice                | 3       |
|     mac_muladd_16s_8s_24s_25_4_1_U98                             | 1   |        | add_ln165_4    | add       | dsp_slice                | 3       |
|     add_ln165_5_fu_718_p2                                        |     |        | add_ln165_5    | add       | fabric                   | 0       |
|     add_ln165_6_fu_728_p2                                        |     |        | add_ln165_6    | add       | fabric                   | 0       |
|     acc_3_fu_743_p2                                              |     |        | acc_3          | add       | fabric                   | 0       |
|   + vit_transformer_layer_Pipeline_FFN2_I_FFN2_J_FFN2_K          | 4   |        |                |           |                          |         |
|     add_ln195_1_fu_465_p2                                        |     |        | add_ln195_1    | add       | fabric                   | 0       |
|     icmp_ln195_fu_471_p2                                         |     |        | icmp_ln195     | seteq     | auto                     | 0       |
|     add_ln195_fu_629_p2                                          |     |        | add_ln195      | add       | fabric                   | 0       |
|     icmp_ln196_fu_489_p2                                         |     |        | icmp_ln196     | seteq     | auto                     | 0       |
|     select_ln195_fu_495_p3                                       |     |        | select_ln195   | select    | auto_sel                 | 0       |
|     select_ln195_1_fu_503_p3                                     |     |        | select_ln195_1 | select    | auto_sel                 | 0       |
|     select_ln195_2_fu_1068_p3                                    |     |        | select_ln195_2 | select    | auto_sel                 | 0       |
|     icmp_ln198_fu_511_p2                                         |     |        | icmp_ln198     | setlt     | auto                     | 0       |
|     or_ln195_fu_517_p2                                           |     |        | or_ln195       | or        | auto                     | 0       |
|     select_ln195_3_fu_635_p3                                     |     |        | select_ln195_3 | select    | auto_sel                 | 0       |
|     add_ln196_fu_523_p2                                          |     |        | add_ln196      | add       | fabric                   | 0       |
|     k0_4_mid2_fu_529_p3                                          |     |        | k0_4_mid2      | select    | auto_sel                 | 0       |
|     acc_8_mid2_fu_1075_p3                                        |     |        | acc_8_mid2     | select    | auto_sel                 | 0       |
|     select_ln196_fu_537_p3                                       |     |        | select_ln196   | select    | auto_sel                 | 0       |
|     add_ln203_fu_720_p2                                          |     |        | add_ln203      | add       | fabric                   | 0       |
|     mac_muladd_8s_7ns_15s_16_4_1_U155                            | 1   |        | mul_ln205      | mul       | dsp_slice                | 3       |
|     mac_muladd_8s_7ns_15s_16_4_1_U155                            | 1   |        | sext_ln205_1   | sext      | dsp_slice                | 3       |
|     mac_muladd_8s_7ns_15s_16_4_1_U156                            | 1   |        | mul_ln205_1    | mul       | dsp_slice                | 3       |
|     mac_muladd_8s_7ns_15s_16_4_1_U156                            | 1   |        | sext_ln205_2   | sext      | dsp_slice                | 3       |
|     mul_8s_7ns_15_1_1_U151                                       |     |        | mul_ln205_2    | mul       | auto                     | 0       |
|     mul_8s_7ns_15_1_1_U152                                       |     |        | mul_ln205_3    | mul       | auto                     | 0       |
|     mul_8s_7ns_15_1_1_U153                                       |     |        | mul_ln205_4    | mul       | auto                     | 0       |
|     mac_muladd_8s_7ns_15s_16_4_1_U157                            | 1   |        | mul_ln205_5    | mul       | dsp_slice                | 3       |
|     mac_muladd_8s_7ns_15s_16_4_1_U157                            | 1   |        | sext_ln205_6   | sext      | dsp_slice                | 3       |
|     mul_8s_7ns_15_1_1_U154                                       |     |        | mul_ln205_6    | mul       | auto                     | 0       |
|     mac_muladd_8s_7ns_15s_16_4_1_U158                            | 1   |        | mul_ln205_7    | mul       | dsp_slice                | 3       |
|     mac_muladd_8s_7ns_15s_16_4_1_U158                            | 1   |        | sext_ln205_8   | sext      | dsp_slice                | 3       |
|     mac_muladd_8s_7ns_15s_16_4_1_U155                            | 1   |        | add_ln205      | add       | dsp_slice                | 3       |
|     mac_muladd_8s_7ns_15s_16_4_1_U157                            | 1   |        | add_ln205_1    | add       | dsp_slice                | 3       |
|     add_ln205_2_fu_1030_p2                                       |     |        | add_ln205_2    | add       | fabric                   | 0       |
|     mac_muladd_8s_7ns_15s_16_4_1_U158                            | 1   |        | add_ln205_3    | add       | dsp_slice                | 3       |
|     mac_muladd_8s_7ns_15s_16_4_1_U156                            | 1   |        | add_ln205_4    | add       | dsp_slice                | 3       |
|     add_ln205_5_fu_1046_p2                                       |     |        | add_ln205_5    | add       | fabric                   | 0       |
|     add_ln205_6_fu_1056_p2                                       |     |        | add_ln205_6    | add       | fabric                   | 0       |
|     acc_4_fu_1089_p2                                             |     |        | acc_4          | add       | fabric                   | 0       |
|     add_ln198_fu_555_p2                                          |     |        | add_ln198      | add       | fabric                   | 0       |
|     icmp_ln198_1_fu_815_p2                                       |     |        | icmp_ln198_1   | setlt     | auto                     | 0       |
|     icmp_ln19_fu_1115_p2                                         |     |        | icmp_ln19      | setgt     | auto                     | 0       |
|     icmp_ln19_1_fu_1121_p2                                       |     |        | icmp_ln19_1    | setlt     | auto                     | 0       |
|     select_ln19_fu_1137_p3                                       |     |        | select_ln19    | select    | auto_sel                 | 0       |
|     or_ln19_fu_1145_p2                                           |     |        | or_ln19        | or        | auto                     | 0       |
|     select_ln19_1_fu_1151_p3                                     |     |        | select_ln19_1  | select    | auto_sel                 | 0       |
|     add_ln196_1_fu_561_p2                                        |     |        | add_ln196_1    | add       | fabric                   | 0       |
|     select_ln196_1_fu_567_p3                                     |     |        | select_ln196_1 | select    | auto_sel                 | 0       |
|   + vit_transformer_layer_Pipeline_FFN1_K                        | 4   |        |                |           |                          |         |
|     icmp_ln178_fu_373_p2                                         |     |        | icmp_ln178     | setlt     | auto                     | 0       |
|     add_ln178_fu_379_p2                                          |     |        | add_ln178      | add       | fabric                   | 0       |
|     add_ln183_fu_413_p2                                          |     |        | add_ln183      | add       | fabric                   | 0       |
|     add_ln183_2_fu_461_p2                                        |     |        | add_ln183_2    | add       | fabric                   | 0       |
|     mac_muladd_8s_8s_16s_17_4_1_U127                             | 1   |        | mul_ln183      | mul       | dsp_slice                | 3       |
|     mac_muladd_8s_8s_16s_17_4_1_U127                             | 1   |        | sext_ln183_16  | sext      | dsp_slice                | 3       |
|     mul_8s_8s_16_1_1_U123                                        |     |        | mul_ln183_1    | mul       | auto                     | 0       |
|     mul_8s_8s_16_1_1_U124                                        |     |        | mul_ln183_2    | mul       | auto                     | 0       |
|     mul_8s_8s_16_1_1_U125                                        |     |        | mul_ln183_3    | mul       | auto                     | 0       |
|     mac_muladd_8s_8s_16s_17_4_1_U128                             | 1   |        | mul_ln183_4    | mul       | dsp_slice                | 3       |
|     mac_muladd_8s_8s_16s_17_4_1_U128                             | 1   |        | sext_ln183_20  | sext      | dsp_slice                | 3       |
|     mac_muladd_8s_8s_16s_17_4_1_U129                             | 1   |        | mul_ln183_5    | mul       | dsp_slice                | 3       |
|     mac_muladd_8s_8s_16s_17_4_1_U129                             | 1   |        | sext_ln183_21  | sext      | dsp_slice                | 3       |
|     mac_muladd_8s_8s_16s_17_4_1_U130                             | 1   |        | mul_ln183_6    | mul       | dsp_slice                | 3       |
|     mac_muladd_8s_8s_16s_17_4_1_U130                             | 1   |        | sext_ln183_22  | sext      | dsp_slice                | 3       |
|     mul_8s_8s_16_1_1_U126                                        |     |        | mul_ln183_7    | mul       | auto                     | 0       |
|     mac_muladd_8s_8s_16s_17_4_1_U130                             | 1   |        | add_ln185      | add       | dsp_slice                | 3       |
|     mac_muladd_8s_8s_16s_17_4_1_U128                             | 1   |        | add_ln185_1    | add       | dsp_slice                | 3       |
|     add_ln185_2_fu_704_p2                                        |     |        | add_ln185_2    | add       | fabric                   | 0       |
|     mac_muladd_8s_8s_16s_17_4_1_U129                             | 1   |        | add_ln185_3    | add       | dsp_slice                | 3       |
|     mac_muladd_8s_8s_16s_17_4_1_U127                             | 1   |        | add_ln185_4    | add       | dsp_slice                | 3       |
|     add_ln185_5_fu_720_p2                                        |     |        | add_ln185_5    | add       | fabric                   | 0       |
|     add_ln185_6_fu_730_p2                                        |     |        | add_ln185_6    | add       | fabric                   | 0       |
|     acc_5_fu_745_p2                                              |     |        | acc_5          | add       | fabric                   | 0       |
|  + vit_encoder_12layer_Pipeline_STORE_P_STORE_D                  | 0   |        |                |           |                          |         |
|    add_ln67_4_fu_195_p2                                          |     |        | add_ln67_4     | add       | fabric                   | 0       |
|    icmp_ln67_fu_201_p2                                           |     |        | icmp_ln67      | seteq     | auto                     | 0       |
|    add_ln67_fu_219_p2                                            |     |        | add_ln67       | add       | fabric                   | 0       |
|    icmp_ln68_fu_225_p2                                           |     |        | icmp_ln68      | seteq     | auto                     | 0       |
|    select_ln67_fu_231_p3                                         |     |        | select_ln67    | select    | auto_sel                 | 0       |
|    select_ln67_1_fu_239_p3                                       |     |        | select_ln67_1  | select    | auto_sel                 | 0       |
|    sparsemux_9_2_8_1_1_U228                                      |     |        | tmp            | sparsemux | compactencoding_dontcare | 0       |
|    add_ln68_fu_341_p2                                            |     |        | add_ln68       | add       | fabric                   | 0       |
|  + vit_encoder_12layer_Pipeline_COPY_P_COPY_D                    | 0   |        |                |           |                          |         |
|    add_ln58_1_fu_191_p2                                          |     |        | add_ln58_1     | add       | fabric                   | 0       |
|    icmp_ln58_fu_197_p2                                           |     |        | icmp_ln58      | seteq     | auto                     | 0       |
|    add_ln58_fu_227_p2                                            |     |        | add_ln58       | add       | fabric                   | 0       |
|    icmp_ln59_fu_233_p2                                           |     |        | icmp_ln59      | seteq     | auto                     | 0       |
|    select_ln58_fu_239_p3                                         |     |        | select_ln58    | select    | auto_sel                 | 0       |
|    select_ln58_1_fu_247_p3                                       |     |        | select_ln58_1  | select    | auto_sel                 | 0       |
|    add_ln59_fu_358_p2                                            |     |        | add_ln59       | add       | fabric                   | 0       |
+------------------------------------------------------------------+-----+--------+----------------+-----------+--------------------------+---------+


================================================================
== Storage Report
================================================================
+---------------------------------------------------------------------------+---------------+------+------+------+--------+-----------------------------------------------------------------------+------+---------+------------------+
| Name                                                                      | Usage         | Type | BRAM | URAM | Pragma | Variable                                                              | Impl | Latency | Bitwidth, Depth, |
|                                                                           |               |      |      |      |        |                                                                       |      |         | Banks            |
+---------------------------------------------------------------------------+---------------+------+------+------+--------+-----------------------------------------------------------------------+------+---------+------------------+
| + vit_encoder_12layer                                                     |               |      | 1    | 79   |        |                                                                       |      |         |                  |
|   vit_encoder_12layer_signed_char_const_384_signed_char_const_384_115_3_U | ram_s2p       |      |      | 1    |        | vit_encoder_12layer_signed_char_const_384_signed_char_const_384_115_3 | auto | 1       | 8, 24576, 1      |
|   vit_encoder_12layer_signed_char_const_384_signed_char_const_384_115_2_U | ram_s2p       |      |      | 1    |        | vit_encoder_12layer_signed_char_const_384_signed_char_const_384_115_2 | auto | 1       | 8, 24576, 1      |
|   vit_encoder_12layer_signed_char_const_384_signed_char_const_384_115_1_U | ram_s2p       |      |      | 1    |        | vit_encoder_12layer_signed_char_const_384_signed_char_const_384_115_1 | auto | 1       | 8, 24576, 1      |
|   vit_encoder_12layer_signed_char_const_384_signed_char_const_384_115_U   | ram_s2p       |      |      | 1    |        | vit_encoder_12layer_signed_char_const_384_signed_char_const_384_115   | auto | 1       | 8, 24576, 1      |
|   buf_out_U                                                               | ram_1p        |      |      | 3    |        | buf_out                                                               | auto | 1       | 8, 98304, 1      |
|  + vit_transformer_layer                                                  |               |      | 1    | 72   |        |                                                                       |      |         |                  |
|    qkv_U                                                                  | ram_s2p array |      |      | 4    |        | qkv                                                                   | auto | 1       | 16, 36864, 1     |
|    qkv_1_U                                                                | ram_s2p array |      |      | 4    |        | qkv_1                                                                 | auto | 1       | 16, 36864, 1     |
|    qkv_2_U                                                                | ram_s2p array |      |      | 4    |        | qkv_2                                                                 | auto | 1       | 16, 36864, 1     |
|    qkv_3_U                                                                | ram_s2p array |      |      | 4    |        | qkv_3                                                                 | auto | 1       | 16, 36864, 1     |
|    qkv_4_U                                                                | ram_s2p array |      |      | 4    |        | qkv_4                                                                 | auto | 1       | 16, 36864, 1     |
|    qkv_5_U                                                                | ram_s2p array |      |      | 4    |        | qkv_5                                                                 | auto | 1       | 16, 36864, 1     |
|    qkv_6_U                                                                | ram_s2p array |      |      | 4    |        | qkv_6                                                                 | auto | 1       | 16, 36864, 1     |
|    qkv_7_U                                                                | ram_s2p array |      |      | 4    |        | qkv_7                                                                 | auto | 1       | 16, 36864, 1     |
|    scores_U                                                               | ram_1p array  |      |      | 4    |        | scores                                                                | auto | 1       | 16, 65536, 1     |
|    attn_w_U                                                               | ram_1p array  |      |      | 4    |        | attn_w                                                                | auto | 1       | 16, 65536, 1     |
|    attn_o_U                                                               | ram_1p array  |      |      | 1    |        | attn_o                                                                | auto | 1       | 16, 12288, 1     |
|    attn_o_1_U                                                             | ram_1p array  |      |      | 1    |        | attn_o_1                                                              | auto | 1       | 16, 12288, 1     |
|    attn_o_2_U                                                             | ram_1p array  |      |      | 1    |        | attn_o_2                                                              | auto | 1       | 16, 12288, 1     |
|    attn_o_3_U                                                             | ram_1p array  |      |      | 1    |        | attn_o_3                                                              | auto | 1       | 16, 12288, 1     |
|    attn_o_4_U                                                             | ram_1p array  |      |      | 1    |        | attn_o_4                                                              | auto | 1       | 16, 12288, 1     |
|    attn_o_5_U                                                             | ram_1p array  |      |      | 1    |        | attn_o_5                                                              | auto | 1       | 16, 12288, 1     |
|    attn_o_6_U                                                             | ram_1p array  |      |      | 1    |        | attn_o_6                                                              | auto | 1       | 16, 12288, 1     |
|    attn_o_7_U                                                             | ram_1p array  |      |      | 1    |        | attn_o_7                                                              | auto | 1       | 16, 12288, 1     |
|    mha_out_U                                                              | ram_1p array  |      |      | 1    |        | mha_out                                                               | auto | 1       | 8, 12288, 1      |
|    mha_out_1_U                                                            | ram_1p array  |      |      | 1    |        | mha_out_1                                                             | auto | 1       | 8, 12288, 1      |
|    mha_out_2_U                                                            | ram_1p array  |      |      | 1    |        | mha_out_2                                                             | auto | 1       | 8, 12288, 1      |
|    mha_out_3_U                                                            | ram_1p array  |      |      | 1    |        | mha_out_3                                                             | auto | 1       | 8, 12288, 1      |
|    mha_out_4_U                                                            | ram_1p array  |      |      | 1    |        | mha_out_4                                                             | auto | 1       | 8, 12288, 1      |
|    mha_out_5_U                                                            | ram_1p array  |      |      | 1    |        | mha_out_5                                                             | auto | 1       | 8, 12288, 1      |
|    mha_out_6_U                                                            | ram_1p array  |      |      | 1    |        | mha_out_6                                                             | auto | 1       | 8, 12288, 1      |
|    mha_out_7_U                                                            | ram_1p array  |      |      | 1    |        | mha_out_7                                                             | auto | 1       | 8, 12288, 1      |
|    ffn_h_U                                                                | ram_1p array  |      |      | 2    |        | ffn_h                                                                 | auto | 1       | 7, 49152, 1      |
|    ffn_h_1_U                                                              | ram_1p array  |      |      | 2    |        | ffn_h_1                                                               | auto | 1       | 7, 49152, 1      |
|    ffn_h_2_U                                                              | ram_1p array  |      |      | 2    |        | ffn_h_2                                                               | auto | 1       | 7, 49152, 1      |
|    ffn_h_3_U                                                              | ram_1p array  |      |      | 2    |        | ffn_h_3                                                               | auto | 1       | 7, 49152, 1      |
|    ffn_h_4_U                                                              | ram_1p array  |      |      | 2    |        | ffn_h_4                                                               | auto | 1       | 7, 49152, 1      |
|    ffn_h_5_U                                                              | ram_1p array  |      |      | 2    |        | ffn_h_5                                                               | auto | 1       | 7, 49152, 1      |
|    ffn_h_6_U                                                              | ram_1p array  |      |      | 2    |        | ffn_h_6                                                               | auto | 1       | 7, 49152, 1      |
|    ffn_h_7_U                                                              | ram_1p array  |      |      | 2    |        | ffn_h_7                                                               | auto | 1       | 7, 49152, 1      |
|    shifted_U                                                              | ram_1p array  |      | 1    |      |        | shifted                                                               | auto | 1       | 16, 256, 1       |
+---------------------------------------------------------------------------+---------------+------+------+------+--------+-----------------------------------------------------------------------+------+---------+------------------+


================================================================
== Pragma Report
================================================================
* Valid Pragma Syntax
+-----------------+----------------------------------------+----------------------------------------------------------------+
| Type            | Options                                | Location                                                       |
+-----------------+----------------------------------------+----------------------------------------------------------------+
| interface       | ap_ctrl_hs port=return                 | vit_encoder_12layer.cpp:32 in vit_encoder_12layer, return      |
| pipeline        | II=1                                   | vit_encoder_12layer.cpp:42 in vit_encoder_12layer              |
| pipeline        | II=1                                   | vit_encoder_12layer.cpp:60 in vit_encoder_12layer              |
| pipeline        | II=1                                   | vit_encoder_12layer.cpp:69 in vit_encoder_12layer              |
| inline          | off                                    | vit_transformer_layer.cpp:33 in vit_transformer_layer          |
| array_partition | variable=qkv cyclic factor=8 dim=2     | vit_transformer_layer.cpp:37 in vit_transformer_layer, qkv     |
| array_partition | variable=attn_o cyclic factor=8 dim=2  | vit_transformer_layer.cpp:45 in vit_transformer_layer, attn_o  |
| array_partition | variable=mha_out cyclic factor=8 dim=2 | vit_transformer_layer.cpp:49 in vit_transformer_layer, mha_out |
| array_partition | variable=ffn_h cyclic factor=8 dim=2   | vit_transformer_layer.cpp:54 in vit_transformer_layer, ffn_h   |
| array_partition | variable=W_qkv cyclic factor=8 dim=1   | vit_transformer_layer.cpp:58 in vit_transformer_layer, W_qkv   |
| pipeline        | II=1                                   | vit_transformer_layer.cpp:63 in vit_transformer_layer          |
| unroll          |                                        | vit_transformer_layer.cpp:66 in vit_transformer_layer          |
| pipeline        | II=1                                   | vit_transformer_layer.cpp:82 in vit_transformer_layer          |
| unroll          |                                        | vit_transformer_layer.cpp:85 in vit_transformer_layer          |
| pipeline        | II=1                                   | vit_transformer_layer.cpp:102 in vit_transformer_layer         |
| pipeline        | II=1                                   | vit_transformer_layer.cpp:109 in vit_transformer_layer         |
| pipeline        | II=1                                   | vit_transformer_layer.cpp:117 in vit_transformer_layer         |
| array_partition | variable=acc_t complete                | vit_transformer_layer.cpp:131 in vit_transformer_layer, acc_t  |
| unroll          |                                        | vit_transformer_layer.cpp:133 in vit_transformer_layer         |
| pipeline        | II=1                                   | vit_transformer_layer.cpp:137 in vit_transformer_layer         |
| unroll          |                                        | vit_transformer_layer.cpp:140 in vit_transformer_layer         |
| unroll          |                                        | vit_transformer_layer.cpp:145 in vit_transformer_layer         |
| array_partition | variable=W_out cyclic factor=8 dim=1   | vit_transformer_layer.cpp:154 in vit_transformer_layer, W_out  |
| pipeline        | II=1                                   | vit_transformer_layer.cpp:159 in vit_transformer_layer         |
| unroll          |                                        | vit_transformer_layer.cpp:162 in vit_transformer_layer         |
| array_partition | variable=W_ffn1 cyclic factor=8 dim=1  | vit_transformer_layer.cpp:174 in vit_transformer_layer, W_ffn1 |
| pipeline        | II=1                                   | vit_transformer_layer.cpp:179 in vit_transformer_layer         |
| unroll          |                                        | vit_transformer_layer.cpp:182 in vit_transformer_layer         |
| array_partition | variable=W_ffn2 cyclic factor=8 dim=1  | vit_transformer_layer.cpp:194 in vit_transformer_layer, W_ffn2 |
| pipeline        | II=1                                   | vit_transformer_layer.cpp:199 in vit_transformer_layer         |
| unroll          |                                        | vit_transformer_layer.cpp:202 in vit_transformer_layer         |
+-----------------+----------------------------------------+----------------------------------------------------------------+

* Inferred Pragmas
+---------------------------------------+-----------------+------------------------------------------------------------------------------------------------------------------------------------+------------------------------------------------------------------------------------------------------------------------------------------------------------------------------------------------------------------------------------------------------------+
| Source Pragma                         | Inferred Pragma | Options                                                                                                                            | Location                                                                                                                                                                                                                                                   |
+---------------------------------------+-----------------+------------------------------------------------------------------------------------------------------------------------------------+------------------------------------------------------------------------------------------------------------------------------------------------------------------------------------------------------------------------------------------------------------+
| pipeline vit_transformer_layer.cpp:63 | array_partition | dim=2 type=cyclic factor=4 variable=_ZZ19vit_encoder_12layerPA384_KaPA384_A1152_S_PA384_S0_PA384_A1536_S_PA1536_S0_PA384_aE6buf_in | variable vit_encoder_12layer(signed char const (*) [384], signed char const (*) [384][1152], signed char const (*) [384][384], signed char const (*) [384][1536], signed char const (*) [1536][384], signed char (*) [384])::buf_in in vit_encoder_12layer |
+---------------------------------------+-----------------+------------------------------------------------------------------------------------------------------------------------------------+------------------------------------------------------------------------------------------------------------------------------------------------------------------------------------------------------------------------------------------------------------+


