
****** Vitis HLS - High-Level Synthesis from C, C++ and OpenCL v2024.1 (64-bit)
  **** SW Build 5069499 on May 21 2024
  **** IP Build 5075265 on Wed May 22 21:45:21 MDT 2024
  **** SharedData Build 5076995 on Wed May 22 18:29:18 MDT 2024
  **** Start of session at: Wed May 20 17:38:45 2026
    ** Copyright 1986-2022 Xilinx, Inc. All Rights Reserved.
    ** Copyright 2022-2024 Advanced Micro Devices, Inc. All Rights Reserved.

source E:/Applaction/Xilinx/Vitis_HLS/2024.1/scripts/vitis_hls/hls.tcl -notrace
INFO: [HLS 200-10] For user 'jielu' on host 'yizhidianlu' (Windows NT_amd64 version 10.0) on Wed May 20 17:38:52 +0800 2026
INFO: [HLS 200-10] In directory 'C:/Users/jielu/Desktop/Workspace/FPGA-VLA/runs/T0035'
WARNING: [HLS 200-2053] The vitis_hls executable is deprecated. Consider using vitis-run --mode hls --tcl
Sourcing Tcl script 'run_hls.tcl'
INFO: [HLS 200-1510] Running: open_project hbm_tiler_hls -reset 
INFO: [HLS 200-10] Creating and opening project 'C:/Users/jielu/Desktop/Workspace/FPGA-VLA/runs/T0035/hbm_tiler_hls'.
INFO: [HLS 200-1510] Running: set_top hbm_weight_tiler 
INFO: [HLS 200-1510] Running: add_files hbm_weight_tiler.cpp -cflags -std=c++14 -I. 
INFO: [HLS 200-10] Adding design file 'hbm_weight_tiler.cpp' to the project
INFO: [HLS 200-1510] Running: add_files -tb hbm_weight_tiler_tb.cpp -cflags -std=c++14 -I. 
INFO: [HLS 200-10] Adding test bench file 'hbm_weight_tiler_tb.cpp' to the project
INFO: [HLS 200-1510] Running: open_solution sol1 -flow_target vivado 
INFO: [HLS 200-10] Creating and opening solution 'C:/Users/jielu/Desktop/Workspace/FPGA-VLA/runs/T0035/hbm_tiler_hls/sol1'.
INFO: [HLS 200-1505] Using flow_target 'vivado'
Resolution: For help on HLS 200-1505 see docs.xilinx.com/access/sources/dita/topic?Doc_Version=2024.1%20English&url=ug1448-hls-guidance&resourceid=200-1505.html
INFO: [HLS 200-1510] Running: set_part xcvc1902-vsva2197-2MP-e-S 
INFO: [HLS 200-1611] Setting target device to 'xcvc1902-vsva2197-2MP-e-S'
INFO: [HLS 200-1510] Running: create_clock -period 4.0 -name default 
INFO: [SYN 201-201] Setting up clock 'default' with a period of 4ns.
INFO: [HLS 200-1510] Running: csim_design 
INFO: [SIM 211-2] *************** CSIM start ***************
INFO: [SIM 211-4] CSIM will launch CLANG as the compiler.
INFO: [HLS 200-2036] Building debug C Simulation binaries
   Compiling ../../../../hbm_weight_tiler_tb.cpp in debug mode
   Compiling ../../../../hbm_weight_tiler.cpp in debug mode
   Generating csim.exe
running hbm_weight_tiler...
tiles=16 elems_per_tile=65536
mismatches=0/1048576
PASS
INFO [HLS SIM]: The maximum depth reached by any hls::stream() instance in the design is 65536
INFO: [SIM 211-1] CSim done with 0 errors.
INFO: [SIM 211-3] *************** CSIM finish ***************
INFO: [HLS 200-2161] Finished Command csim_design Elapsed time: 00:00:08; Allocated memory: 1.035 MB.
INFO: [HLS 200-1510] Running: csynth_design 
INFO: [HLS 200-111] Finished File checks and directory preparation: CPU user time: 0 seconds. CPU system time: 1 seconds. Elapsed time: 0.173 seconds; current allocated memory: 257.293 MB.
INFO: [HLS 200-10] Analyzing design file 'hbm_weight_tiler.cpp' ... 
INFO: [HLS 200-111] Finished Source Code Analysis and Preprocessing: CPU user time: 0 seconds. CPU system time: 0 seconds. Elapsed time: 5.399 seconds; current allocated memory: 259.195 MB.
INFO: [HLS 200-777] Using interface defaults for 'Vivado' flow target.
INFO: [HLS 200-1995] There were 80 instructions in the design after the 'Compile/Link' phase of compilation. See the Design Size Report for more details: C:/Users/jielu/Desktop/Workspace/FPGA-VLA/runs/T0035/hbm_tiler_hls/sol1/syn/report/csynth_design_size.rpt
INFO: [HLS 200-1995] There were 56 instructions in the design after the 'Unroll/Inline (step 1)' phase of compilation. See the Design Size Report for more details: C:/Users/jielu/Desktop/Workspace/FPGA-VLA/runs/T0035/hbm_tiler_hls/sol1/syn/report/csynth_design_size.rpt
INFO: [HLS 200-1995] There were 50 instructions in the design after the 'Unroll/Inline (step 2)' phase of compilation. See the Design Size Report for more details: C:/Users/jielu/Desktop/Workspace/FPGA-VLA/runs/T0035/hbm_tiler_hls/sol1/syn/report/csynth_design_size.rpt
INFO: [HLS 200-1995] There were 48 instructions in the design after the 'Unroll/Inline (step 3)' phase of compilation. See the Design Size Report for more details: C:/Users/jielu/Desktop/Workspace/FPGA-VLA/runs/T0035/hbm_tiler_hls/sol1/syn/report/csynth_design_size.rpt
INFO: [HLS 200-1995] There were 48 instructions in the design after the 'Unroll/Inline (step 4)' phase of compilation. See the Design Size Report for more details: C:/Users/jielu/Desktop/Workspace/FPGA-VLA/runs/T0035/hbm_tiler_hls/sol1/syn/report/csynth_design_size.rpt
INFO: [HLS 200-1995] There were 44 instructions in the design after the 'Array/Struct (step 1)' phase of compilation. See the Design Size Report for more details: C:/Users/jielu/Desktop/Workspace/FPGA-VLA/runs/T0035/hbm_tiler_hls/sol1/syn/report/csynth_design_size.rpt
INFO: [HLS 200-1995] There were 44 instructions in the design after the 'Array/Struct (step 2)' phase of compilation. See the Design Size Report for more details: C:/Users/jielu/Desktop/Workspace/FPGA-VLA/runs/T0035/hbm_tiler_hls/sol1/syn/report/csynth_design_size.rpt
INFO: [HLS 200-1995] There were 44 instructions in the design after the 'Array/Struct (step 3)' phase of compilation. See the Design Size Report for more details: C:/Users/jielu/Desktop/Workspace/FPGA-VLA/runs/T0035/hbm_tiler_hls/sol1/syn/report/csynth_design_size.rpt
INFO: [HLS 200-1995] There were 44 instructions in the design after the 'Array/Struct (step 4)' phase of compilation. See the Design Size Report for more details: C:/Users/jielu/Desktop/Workspace/FPGA-VLA/runs/T0035/hbm_tiler_hls/sol1/syn/report/csynth_design_size.rpt
INFO: [HLS 200-1995] There were 47 instructions in the design after the 'Array/Struct (step 5)' phase of compilation. See the Design Size Report for more details: C:/Users/jielu/Desktop/Workspace/FPGA-VLA/runs/T0035/hbm_tiler_hls/sol1/syn/report/csynth_design_size.rpt
INFO: [HLS 200-1995] There were 47 instructions in the design after the 'Performance (step 1)' phase of compilation. See the Design Size Report for more details: C:/Users/jielu/Desktop/Workspace/FPGA-VLA/runs/T0035/hbm_tiler_hls/sol1/syn/report/csynth_design_size.rpt
INFO: [HLS 200-1995] There were 47 instructions in the design after the 'Performance (step 2)' phase of compilation. See the Design Size Report for more details: C:/Users/jielu/Desktop/Workspace/FPGA-VLA/runs/T0035/hbm_tiler_hls/sol1/syn/report/csynth_design_size.rpt
INFO: [HLS 200-1995] There were 47 instructions in the design after the 'Performance (step 3)' phase of compilation. See the Design Size Report for more details: C:/Users/jielu/Desktop/Workspace/FPGA-VLA/runs/T0035/hbm_tiler_hls/sol1/syn/report/csynth_design_size.rpt
INFO: [HLS 200-1995] There were 47 instructions in the design after the 'Performance (step 4)' phase of compilation. See the Design Size Report for more details: C:/Users/jielu/Desktop/Workspace/FPGA-VLA/runs/T0035/hbm_tiler_hls/sol1/syn/report/csynth_design_size.rpt
INFO: [HLS 200-1995] There were 54 instructions in the design after the 'HW Transforms (step 1)' phase of compilation. See the Design Size Report for more details: C:/Users/jielu/Desktop/Workspace/FPGA-VLA/runs/T0035/hbm_tiler_hls/sol1/syn/report/csynth_design_size.rpt
INFO: [HLS 200-1995] There were 67 instructions in the design after the 'HW Transforms (step 2)' phase of compilation. See the Design Size Report for more details: C:/Users/jielu/Desktop/Workspace/FPGA-VLA/runs/T0035/hbm_tiler_hls/sol1/syn/report/csynth_design_size.rpt
INFO: [HLS 214-115] Multiple burst reads of length 65536 and bit width 8 in loop 'RD'(hbm_weight_tiler.cpp:22:9) has been inferred on bundle 'hbm_gmem'. These burst requests might be further partitioned into multiple requests during RTL generation, based on max_read_burst_length or max_write_burst_length settings. (hbm_weight_tiler.cpp:22:9)
INFO: [HLS 214-115] Multiple burst writes of length 65536 and bit width 8 in loop 'FD'(hbm_weight_tiler.cpp:29:9) has been inferred on bundle 'out_gmem'. These burst requests might be further partitioned into multiple requests during RTL generation, based on max_read_burst_length or max_write_burst_length settings. (hbm_weight_tiler.cpp:29:9)
INFO: [HLS 200-111] Finished Compiling Optimization and Transform: CPU user time: 0 seconds. CPU system time: 0 seconds. Elapsed time: 9.197 seconds; current allocated memory: 261.746 MB.
INFO: [HLS 200-111] Finished Checking Pragmas: CPU user time: 0 seconds. CPU system time: 0 seconds. Elapsed time: 0.012 seconds; current allocated memory: 261.746 MB.
INFO: [HLS 200-10] Starting code transformations ...
INFO: [HLS 200-111] Finished Standard Transforms: CPU user time: 0 seconds. CPU system time: 0 seconds. Elapsed time: 0.045 seconds; current allocated memory: 266.309 MB.
INFO: [HLS 200-10] Checking synthesizability ...
INFO: [HLS 200-111] Finished Checking Synthesizability: CPU user time: 0 seconds. CPU system time: 0 seconds. Elapsed time: 0.025 seconds; current allocated memory: 267.926 MB.
INFO: [XFORM 203-712] Applying dataflow to function 'dataflow_in_loop_TILE_LOOP.1' (hbm_weight_tiler.cpp:50:22), detected/extracted 3 process function(s): 
	 'entry_proc'
	 'read_tile2'
	 'feed_tile3'.
INFO: [HLS 200-111] Finished Loop, function and other optimizations: CPU user time: 0 seconds. CPU system time: 0 seconds. Elapsed time: 0.069 seconds; current allocated memory: 289.676 MB.
WARNING: [HLS 200-1449] Process dataflow_in_loop_TILE_LOOP.1 has both a predecessor and reads an input from its caller (see the GUI dataflow viewer). This may lead to lower throughput. Consider copying this input via a predecessor process.
INFO: [HLS 200-111] Finished Architecture Synthesis: CPU user time: 0 seconds. CPU system time: 0 seconds. Elapsed time: 0.073 seconds; current allocated memory: 327.344 MB.
INFO: [HLS 200-10] Starting hardware synthesis ...
INFO: [HLS 200-10] Synthesizing 'hbm_weight_tiler' ...
WARNING: [SYN 201-103] Legalizing function name 'dataflow_in_loop_TILE_LOOP.1' to 'dataflow_in_loop_TILE_LOOP_1'.
INFO: [HLS 200-10] ----------------------------------------------------------------
INFO: [HLS 200-42] -- Implementing module 'entry_proc' 
INFO: [HLS 200-10] ----------------------------------------------------------------
INFO: [SCHED 204-11] Starting scheduling ...
INFO: [SCHED 204-11] Finished scheduling.
INFO: [HLS 200-111] Finished Scheduling: CPU user time: 0 seconds. CPU system time: 1 seconds. Elapsed time: 0.221 seconds; current allocated memory: 329.980 MB.
INFO: [BIND 205-100] Starting micro-architecture generation ...
INFO: [BIND 205-101] Performing variable lifetime analysis.
INFO: [BIND 205-101] Exploring resource sharing.
INFO: [BIND 205-101] Binding ...
INFO: [BIND 205-100] Finished micro-architecture generation.
INFO: [HLS 200-111] Finished Binding: CPU user time: 0 seconds. CPU system time: 0 seconds. Elapsed time: 0.061 seconds; current allocated memory: 331.133 MB.
INFO: [HLS 200-10] ----------------------------------------------------------------
INFO: [HLS 200-42] -- Implementing module 'read_tile2_Pipeline_RD' 
INFO: [HLS 200-10] ----------------------------------------------------------------
INFO: [SCHED 204-11] Starting scheduling ...
INFO: [SCHED 204-61] Pipelining loop 'RD'.
INFO: [HLS 200-1470] Pipelining result : Target II = 1, Final II = 1, Depth = 1, loop 'RD'
INFO: [SCHED 204-11] Finished scheduling.
INFO: [HLS 200-111] Finished Scheduling: CPU user time: 0 seconds. CPU system time: 0 seconds. Elapsed time: 0.299 seconds; current allocated memory: 332.285 MB.
INFO: [BIND 205-100] Starting micro-architecture generation ...
INFO: [BIND 205-101] Performing variable lifetime analysis.
INFO: [BIND 205-101] Exploring resource sharing.
INFO: [BIND 205-101] Binding ...
INFO: [BIND 205-100] Finished micro-architecture generation.
INFO: [HLS 200-111] Finished Binding: CPU user time: 0 seconds. CPU system time: 0 seconds. Elapsed time: 0.082 seconds; current allocated memory: 332.371 MB.
INFO: [HLS 200-10] ----------------------------------------------------------------
INFO: [HLS 200-42] -- Implementing module 'read_tile2' 
INFO: [HLS 200-10] ----------------------------------------------------------------
INFO: [SCHED 204-11] Starting scheduling ...
INFO: [SCHED 204-11] Finished scheduling.
INFO: [HLS 200-111] Finished Scheduling: CPU user time: 0 seconds. CPU system time: 0 seconds. Elapsed time: 0.1 seconds; current allocated memory: 332.422 MB.
INFO: [BIND 205-100] Starting micro-architecture generation ...
INFO: [BIND 205-101] Performing variable lifetime analysis.
INFO: [BIND 205-101] Exploring resource sharing.
INFO: [BIND 205-101] Binding ...
INFO: [BIND 205-100] Finished micro-architecture generation.
INFO: [HLS 200-111] Finished Binding: CPU user time: 0 seconds. CPU system time: 0 seconds. Elapsed time: 0.159 seconds; current allocated memory: 332.438 MB.
INFO: [HLS 200-10] ----------------------------------------------------------------
INFO: [HLS 200-42] -- Implementing module 'feed_tile3' 
INFO: [HLS 200-10] ----------------------------------------------------------------
INFO: [SCHED 204-11] Starting scheduling ...
INFO: [SCHED 204-61] Pipelining loop 'FD'.
INFO: [HLS 200-1470] Pipelining result : Target II = 1, Final II = 1, Depth = 15, loop 'FD'
INFO: [SCHED 204-11] Finished scheduling.
INFO: [HLS 200-111] Finished Scheduling: CPU user time: 1 seconds. CPU system time: 0 seconds. Elapsed time: 0.651 seconds; current allocated memory: 332.723 MB.
INFO: [BIND 205-100] Starting micro-architecture generation ...
INFO: [BIND 205-101] Performing variable lifetime analysis.
INFO: [BIND 205-101] Exploring resource sharing.
INFO: [BIND 205-101] Binding ...
INFO: [BIND 205-100] Finished micro-architecture generation.
INFO: [HLS 200-111] Finished Binding: CPU user time: 0 seconds. CPU system time: 0 seconds. Elapsed time: 0.116 seconds; current allocated memory: 332.812 MB.
INFO: [HLS 200-10] ----------------------------------------------------------------
INFO: [HLS 200-42] -- Implementing module 'dataflow_in_loop_TILE_LOOP_1' 
INFO: [HLS 200-10] ----------------------------------------------------------------
INFO: [SCHED 204-11] Starting scheduling ...
INFO: [SCHED 204-11] Finished scheduling.
INFO: [HLS 200-111] Finished Scheduling: CPU user time: 0 seconds. CPU system time: 0 seconds. Elapsed time: 0.12 seconds; current allocated memory: 332.926 MB.
INFO: [BIND 205-100] Starting micro-architecture generation ...
INFO: [BIND 205-101] Performing variable lifetime analysis.
INFO: [BIND 205-101] Exploring resource sharing.
INFO: [BIND 205-101] Binding ...
INFO: [BIND 205-100] Finished micro-architecture generation.
INFO: [HLS 200-111] Finished Binding: CPU user time: 0 seconds. CPU system time: 0 seconds. Elapsed time: 0.248 seconds; current allocated memory: 332.957 MB.
INFO: [HLS 200-10] ----------------------------------------------------------------
INFO: [HLS 200-42] -- Implementing module 'hbm_weight_tiler' 
INFO: [HLS 200-10] ----------------------------------------------------------------
INFO: [SCHED 204-11] Starting scheduling ...
INFO: [SCHED 204-11] Finished scheduling.
INFO: [HLS 200-111] Finished Scheduling: CPU user time: 0 seconds. CPU system time: 0 seconds. Elapsed time: 0.583 seconds; current allocated memory: 333.102 MB.
INFO: [BIND 205-100] Starting micro-architecture generation ...
INFO: [BIND 205-101] Performing variable lifetime analysis.
INFO: [BIND 205-101] Exploring resource sharing.
INFO: [BIND 205-101] Binding ...
INFO: [BIND 205-100] Finished micro-architecture generation.
INFO: [HLS 200-111] Finished Binding: CPU user time: 1 seconds. CPU system time: 0 seconds. Elapsed time: 0.314 seconds; current allocated memory: 333.230 MB.
INFO: [HLS 200-10] ----------------------------------------------------------------
INFO: [HLS 200-10] -- Generating RTL for module 'entry_proc' 
INFO: [HLS 200-10] ----------------------------------------------------------------
INFO: [RTGEN 206-100] Finished creating RTL model for 'entry_proc'.
INFO: [HLS 200-111] Finished Creating RTL model: CPU user time: 0 seconds. CPU system time: 0 seconds. Elapsed time: 0.724 seconds; current allocated memory: 334.734 MB.
INFO: [HLS 200-10] ----------------------------------------------------------------
INFO: [HLS 200-10] -- Generating RTL for module 'read_tile2_Pipeline_RD' 
INFO: [HLS 200-10] ----------------------------------------------------------------
WARNING: [RTGEN 206-101] Setting dangling out port 'read_tile2_Pipeline_RD/m_axi_hbm_gmem_ARVALID' to 0.
WARNING: [RTGEN 206-101] Setting dangling out port 'read_tile2_Pipeline_RD/m_axi_hbm_gmem_ARADDR' to 0.
WARNING: [RTGEN 206-101] Setting dangling out port 'read_tile2_Pipeline_RD/m_axi_hbm_gmem_ARID' to 0.
WARNING: [RTGEN 206-101] Setting dangling out port 'read_tile2_Pipeline_RD/m_axi_hbm_gmem_ARLEN' to 0.
WARNING: [RTGEN 206-101] Setting dangling out port 'read_tile2_Pipeline_RD/m_axi_hbm_gmem_ARSIZE' to 0.
WARNING: [RTGEN 206-101] Setting dangling out port 'read_tile2_Pipeline_RD/m_axi_hbm_gmem_ARBURST' to 0.
WARNING: [RTGEN 206-101] Setting dangling out port 'read_tile2_Pipeline_RD/m_axi_hbm_gmem_ARLOCK' to 0.
WARNING: [RTGEN 206-101] Setting dangling out port 'read_tile2_Pipeline_RD/m_axi_hbm_gmem_ARCACHE' to 0.
WARNING: [RTGEN 206-101] Setting dangling out port 'read_tile2_Pipeline_RD/m_axi_hbm_gmem_ARPROT' to 0.
WARNING: [RTGEN 206-101] Setting dangling out port 'read_tile2_Pipeline_RD/m_axi_hbm_gmem_ARQOS' to 0.
WARNING: [RTGEN 206-101] Setting dangling out port 'read_tile2_Pipeline_RD/m_axi_hbm_gmem_ARREGION' to 0.
WARNING: [RTGEN 206-101] Setting dangling out port 'read_tile2_Pipeline_RD/m_axi_hbm_gmem_ARUSER' to 0.
INFO: [RTGEN 206-100] Finished creating RTL model for 'read_tile2_Pipeline_RD'.
INFO: [HLS 200-111] Finished Creating RTL model: CPU user time: 1 seconds. CPU system time: 0 seconds. Elapsed time: 0.331 seconds; current allocated memory: 335.980 MB.
INFO: [HLS 200-10] ----------------------------------------------------------------
INFO: [HLS 200-10] -- Generating RTL for module 'read_tile2' 
INFO: [HLS 200-10] ----------------------------------------------------------------
INFO: [RTGEN 206-100] Finished creating RTL model for 'read_tile2'.
INFO: [HLS 200-111] Finished Creating RTL model: CPU user time: 1 seconds. CPU system time: 0 seconds. Elapsed time: 1.536 seconds; current allocated memory: 337.129 MB.
INFO: [HLS 200-10] ----------------------------------------------------------------
INFO: [HLS 200-10] -- Generating RTL for module 'feed_tile3' 
INFO: [HLS 200-10] ----------------------------------------------------------------
INFO: [HLS 200-1030] Apply Unified Pipeline Control on module 'feed_tile3' pipeline 'FD' pipeline type 'loop pipeline'
INFO: [RTGEN 206-100] Finished creating RTL model for 'feed_tile3'.
INFO: [HLS 200-111] Finished Creating RTL model: CPU user time: 4 seconds. CPU system time: 0 seconds. Elapsed time: 4.694 seconds; current allocated memory: 338.652 MB.
INFO: [HLS 200-10] ----------------------------------------------------------------
INFO: [HLS 200-10] -- Generating RTL for module 'dataflow_in_loop_TILE_LOOP_1' 
INFO: [HLS 200-10] ----------------------------------------------------------------
WARNING: [RTGEN 206-101] Setting dangling out port 'dataflow_in_loop_TILE_LOOP_1/m_axi_hbm_gmem_AWVALID' to 0.
WARNING: [RTGEN 206-101] Setting dangling out port 'dataflow_in_loop_TILE_LOOP_1/m_axi_hbm_gmem_AWADDR' to 0.
WARNING: [RTGEN 206-101] Setting dangling out port 'dataflow_in_loop_TILE_LOOP_1/m_axi_hbm_gmem_AWID' to 0.
WARNING: [RTGEN 206-101] Setting dangling out port 'dataflow_in_loop_TILE_LOOP_1/m_axi_hbm_gmem_AWLEN' to 0.
WARNING: [RTGEN 206-101] Setting dangling out port 'dataflow_in_loop_TILE_LOOP_1/m_axi_hbm_gmem_AWSIZE' to 0.
WARNING: [RTGEN 206-101] Setting dangling out port 'dataflow_in_loop_TILE_LOOP_1/m_axi_hbm_gmem_AWBURST' to 0.
WARNING: [RTGEN 206-101] Setting dangling out port 'dataflow_in_loop_TILE_LOOP_1/m_axi_hbm_gmem_AWLOCK' to 0.
WARNING: [RTGEN 206-101] Setting dangling out port 'dataflow_in_loop_TILE_LOOP_1/m_axi_hbm_gmem_AWCACHE' to 0.
WARNING: [RTGEN 206-101] Setting dangling out port 'dataflow_in_loop_TILE_LOOP_1/m_axi_hbm_gmem_AWPROT' to 0.
WARNING: [RTGEN 206-101] Setting dangling out port 'dataflow_in_loop_TILE_LOOP_1/m_axi_hbm_gmem_AWQOS' to 0.
WARNING: [RTGEN 206-101] Setting dangling out port 'dataflow_in_loop_TILE_LOOP_1/m_axi_hbm_gmem_AWREGION' to 0.
WARNING: [RTGEN 206-101] Setting dangling out port 'dataflow_in_loop_TILE_LOOP_1/m_axi_hbm_gmem_AWUSER' to 0.
WARNING: [RTGEN 206-101] Setting dangling out port 'dataflow_in_loop_TILE_LOOP_1/m_axi_hbm_gmem_WVALID' to 0.
WARNING: [RTGEN 206-101] Setting dangling out port 'dataflow_in_loop_TILE_LOOP_1/m_axi_hbm_gmem_WDATA' to 0.
WARNING: [RTGEN 206-101] Setting dangling out port 'dataflow_in_loop_TILE_LOOP_1/m_axi_hbm_gmem_WSTRB' to 0.
WARNING: [RTGEN 206-101] Setting dangling out port 'dataflow_in_loop_TILE_LOOP_1/m_axi_hbm_gmem_WLAST' to 0.
WARNING: [RTGEN 206-101] Setting dangling out port 'dataflow_in_loop_TILE_LOOP_1/m_axi_hbm_gmem_WID' to 0.
WARNING: [RTGEN 206-101] Setting dangling out port 'dataflow_in_loop_TILE_LOOP_1/m_axi_hbm_gmem_WUSER' to 0.
WARNING: [RTGEN 206-101] Setting dangling out port 'dataflow_in_loop_TILE_LOOP_1/m_axi_hbm_gmem_BREADY' to 0.
WARNING: [RTGEN 206-101] Setting dangling out port 'dataflow_in_loop_TILE_LOOP_1/m_axi_out_gmem_ARVALID' to 0.
WARNING: [RTGEN 206-101] Setting dangling out port 'dataflow_in_loop_TILE_LOOP_1/m_axi_out_gmem_ARADDR' to 0.
WARNING: [RTGEN 206-101] Setting dangling out port 'dataflow_in_loop_TILE_LOOP_1/m_axi_out_gmem_ARID' to 0.
WARNING: [RTGEN 206-101] Setting dangling out port 'dataflow_in_loop_TILE_LOOP_1/m_axi_out_gmem_ARLEN' to 0.
WARNING: [RTGEN 206-101] Setting dangling out port 'dataflow_in_loop_TILE_LOOP_1/m_axi_out_gmem_ARSIZE' to 0.
WARNING: [RTGEN 206-101] Setting dangling out port 'dataflow_in_loop_TILE_LOOP_1/m_axi_out_gmem_ARBURST' to 0.
WARNING: [RTGEN 206-101] Setting dangling out port 'dataflow_in_loop_TILE_LOOP_1/m_axi_out_gmem_ARLOCK' to 0.
WARNING: [RTGEN 206-101] Setting dangling out port 'dataflow_in_loop_TILE_LOOP_1/m_axi_out_gmem_ARCACHE' to 0.
WARNING: [RTGEN 206-101] Setting dangling out port 'dataflow_in_loop_TILE_LOOP_1/m_axi_out_gmem_ARPROT' to 0.
WARNING: [RTGEN 206-101] Setting dangling out port 'dataflow_in_loop_TILE_LOOP_1/m_axi_out_gmem_ARQOS' to 0.
WARNING: [RTGEN 206-101] Setting dangling out port 'dataflow_in_loop_TILE_LOOP_1/m_axi_out_gmem_ARREGION' to 0.
WARNING: [RTGEN 206-101] Setting dangling out port 'dataflow_in_loop_TILE_LOOP_1/m_axi_out_gmem_ARUSER' to 0.
WARNING: [RTGEN 206-101] Setting dangling out port 'dataflow_in_loop_TILE_LOOP_1/m_axi_out_gmem_RREADY' to 0.
INFO: [RTGEN 206-100] Finished creating RTL model for 'dataflow_in_loop_TILE_LOOP_1'.
INFO: [RTMG 210-285] Implementing FIFO 'out_tiles_c_U(hbm_weight_tiler_fifo_w64_d3_S)' using Shift Registers.
INFO: [RTMG 210-285] Implementing FIFO 'tile_s_U(hbm_weight_tiler_fifo_w8_d512_A)' using Vivado Default RAMs.
INFO: [RTMG 210-285] Implementing FIFO 't_c_U(hbm_weight_tiler_fifo_w4_d2_S)' using Shift Registers.
INFO: [RTMG 210-285] Implementing FIFO 'start_for_feed_tile3_U0_U(hbm_weight_tiler_start_for_feed_tile3_U0)' using Shift Registers.
INFO: [HLS 200-111] Finished Creating RTL model: CPU user time: 1 seconds. CPU system time: 1 seconds. Elapsed time: 1.465 seconds; current allocated memory: 340.898 MB.
INFO: [HLS 200-10] ----------------------------------------------------------------
INFO: [HLS 200-10] -- Generating RTL for module 'hbm_weight_tiler' 
INFO: [HLS 200-10] ----------------------------------------------------------------
WARNING: [RTGEN 206-101] Design contains AXI ports. Reset is fixed to synchronous and active low.
INFO: [RTGEN 206-500] Setting interface mode on port 'hbm_weight_tiler/hbm_gmem' to 'm_axi'.
INFO: [RTGEN 206-500] Setting interface mode on port 'hbm_weight_tiler/out_gmem' to 'm_axi'.
INFO: [RTGEN 206-500] Setting interface mode on port 'hbm_weight_tiler/hbm_weights' to 's_axilite & ap_none'.
INFO: [RTGEN 206-500] Setting interface mode on port 'hbm_weight_tiler/out_tiles' to 's_axilite & ap_none'.
INFO: [RTGEN 206-500] Setting interface mode on function 'hbm_weight_tiler' to 's_axilite & ap_ctrl_hs'.
INFO: [RTGEN 206-100] Bundling port 'hbm_weights', 'out_tiles' and 'return' to AXI-Lite port control.
WARNING: [HLS 200-656] Deadlocks can occur since process feed_tile3 is instantiated in a dataflow region with ap_ctrl_none or without start propagation and contains an auto-rewind pipeline.
Resolution: For help on HLS 200-656 see docs.xilinx.com/access/sources/dita/topic?Doc_Version=2024.1%20English&url=ug1448-hls-guidance&resourceid=200-656.html
INFO: [RTGEN 206-100] Finished creating RTL model for 'hbm_weight_tiler'.
INFO: [HLS 200-111] Finished Creating RTL model: CPU user time: 1 seconds. CPU system time: 0 seconds. Elapsed time: 0.813 seconds; current allocated memory: 343.008 MB.
INFO: [HLS 200-111] Finished Generating all RTL models: CPU user time: 3 seconds. CPU system time: 0 seconds. Elapsed time: 4.258 seconds; current allocated memory: 346.434 MB.
INFO: [HLS 200-1603] Design has inferred MAXI bursts and missed bursts, see Vitis HLS GUI synthesis summary report for detailed information.
INFO: [HLS 200-111] Finished Updating report files: CPU user time: 1 seconds. CPU system time: 2 seconds. Elapsed time: 2.017 seconds; current allocated memory: 351.773 MB.
INFO: [VHDL 208-304] Generating VHDL RTL for hbm_weight_tiler.
INFO: [VLOG 209-307] Generating Verilog RTL for hbm_weight_tiler.
INFO: [HLS 200-790] **** Loop Constraint Status: All loop constraints were satisfied.
INFO: [HLS 200-789] **** Estimated Fmax: 342.47 MHz
INFO: [HLS 200-2161] Finished Command csynth_design Elapsed time: 00:00:34; Allocated memory: 95.121 MB.
INFO: [HLS 200-112] Total CPU user time: 17 seconds. Total CPU system time: 6 seconds. Total elapsed time: 51.965 seconds; peak allocated memory: 352.191 MB.
