

================================================================
== Synthesis Summary Report of 'smoke_mac'
================================================================
+ General Information: 
    * Date:           Tue May 19 00:43:32 2026
    * Version:        2024.1 (Build 5069499 on May 21 2024)
    * Project:        smoke_hls
    * Solution:       sol1 (Vivado IP Flow Target)
    * Product family: versalaicore
    * Target device:  xcvc1902-vsva2197-2MP-e-S
    

+ Performance & Resource Estimates: 
    
    PS: '+' for module; 'o' for loop; '*' for dataflow
    +-------------+------+------+---------+---------+----------+---------+------+----------+---------+---------+------------+------------+-----+
    |   Modules   | Issue|      | Latency | Latency | Iteration|         | Trip |          |         |         |            |            |     |
    |   & Loops   | Type | Slack| (cycles)|   (ns)  |  Latency | Interval| Count| Pipelined|  BRAM   |   DSP   |     FF     |     LUT    | URAM|
    +-------------+------+------+---------+---------+----------+---------+------+----------+---------+---------+------------+------------+-----+
    |+ smoke_mac  |    II|  0.00|       80|  320.000|         -|       64|     -|    rewind|  4 (~0%)|  1 (~0%)|  5098 (~0%)|  4589 (~0%)|    -|
    | o LOOP_MAC  |     -|  2.92|       78|  312.000|        16|        1|    64|       yes|        -|        -|           -|           -|    -|
    +-------------+------+------+---------+---------+----------+---------+------+----------+---------+---------+------------+------------+-----+


================================================================
== HW Interfaces
================================================================
* M_AXI
+-------------+------------+------------+---------------+---------+--------+----------+-----------+--------------+--------------+-------------+-------------+-------------------+
| Interface   | Read/Write | Data Width | Address Width | Latency | Offset | Register | Max Widen | Max Read     | Max Write    | Num Read    | Num Write   | Resource Estimate |
|             |            | (SW->HW)   |               |         |        |          | Bitwidth  | Burst Length | Burst Length | Outstanding | Outstanding |                   |
+-------------+------------+------------+---------------+---------+--------+----------+-----------+--------------+--------------+-------------+-------------+-------------------+
| m_axi_gmem0 | READ_ONLY  | 16 -> 16   | 64            | 0       | slave  | 0        | 0         | 16           | 16           | 16          | 16          | BRAM=2            |
| m_axi_gmem1 | READ_ONLY  | 16 -> 16   | 64            | 0       | slave  | 0        | 0         | 16           | 16           | 16          | 16          | BRAM=2            |
+-------------+------------+------------+---------------+---------+--------+----------+-----------+--------------+--------------+-------------+-------------+-------------------+

* S_AXILITE Interfaces
+---------------+------------+---------------+--------+----------+
| Interface     | Data Width | Address Width | Offset | Register |
+---------------+------------+---------------+--------+----------+
| s_axi_control | 32         | 6             | 16     | 0        |
+---------------+------------+---------------+--------+----------+

* S_AXILITE Registers
+---------------+------------+--------+-------+--------+----------------------------------+----------------------------------------------------------------------+
| Interface     | Register   | Offset | Width | Access | Description                      | Bit Fields                                                           |
+---------------+------------+--------+-------+--------+----------------------------------+----------------------------------------------------------------------+
| s_axi_control | CTRL       | 0x00   | 32    | RW     | Control signals                  | 0=AP_START 1=AP_DONE 2=AP_IDLE 3=AP_READY 7=AUTO_RESTART 9=INTERRUPT |
| s_axi_control | GIER       | 0x04   | 32    | RW     | Global Interrupt Enable Register | 0=Enable                                                             |
| s_axi_control | IP_IER     | 0x08   | 32    | RW     | IP Interrupt Enable Register     | 0=CHAN0_INT_EN 1=CHAN1_INT_EN                                        |
| s_axi_control | IP_ISR     | 0x0c   | 32    | RW     | IP Interrupt Status Register     | 0=CHAN0_INT_ST 1=CHAN1_INT_ST                                        |
| s_axi_control | a_1        | 0x10   | 32    | W      | Data signal of a                 |                                                                      |
| s_axi_control | a_2        | 0x14   | 32    | W      | Data signal of a                 |                                                                      |
| s_axi_control | b_1        | 0x1c   | 32    | W      | Data signal of b                 |                                                                      |
| s_axi_control | b_2        | 0x20   | 32    | W      | Data signal of b                 |                                                                      |
| s_axi_control | out_r      | 0x28   | 32    | R      | Data signal of out_r             |                                                                      |
| s_axi_control | out_r_ctrl | 0x2c   | 32    | R      | Control signal of out_r          | 0=out_r_ap_vld                                                       |
+---------------+------------+--------+-------+--------+----------------------------------+----------------------------------------------------------------------+

* TOP LEVEL CONTROL
+-----------+------------+-----------+
| Interface | Type       | Ports     |
+-----------+------------+-----------+
| ap_clk    | clock      | ap_clk    |
| ap_rst_n  | reset      | ap_rst_n  |
| interrupt | interrupt  | interrupt |
| ap_ctrl   | ap_ctrl_hs |           |
+-----------+------------+-----------+


================================================================
== SW I/O Information
================================================================
* Top Function Arguments
+----------+-----------+-------------+
| Argument | Direction | Datatype    |
+----------+-----------+-------------+
| a        | in        | ap_int<16>* |
| b        | in        | ap_int<16>* |
| out      | out       | ap_int<32>* |
+----------+-----------+-------------+

* SW-to-HW Mapping
+----------+---------------+-----------+----------+--------------------------------------+
| Argument | HW Interface  | HW Type   | HW Usage | HW Info                              |
+----------+---------------+-----------+----------+--------------------------------------+
| a        | m_axi_gmem0   | interface |          | channel=0                            |
| a        | s_axi_control | register  | offset   | name=a_1 offset=0x10 range=32        |
| a        | s_axi_control | register  | offset   | name=a_2 offset=0x14 range=32        |
| b        | m_axi_gmem1   | interface |          | channel=0                            |
| b        | s_axi_control | register  | offset   | name=b_1 offset=0x1c range=32        |
| b        | s_axi_control | register  | offset   | name=b_2 offset=0x20 range=32        |
| out      | s_axi_control | register  |          | name=out_r offset=0x28 range=32      |
| out      | s_axi_control | register  |          | name=out_r_ctrl offset=0x2c range=32 |
+----------+---------------+-----------+----------+--------------------------------------+


================================================================
== M_AXI Burst Information
================================================================
 Note: All burst requests might be further partitioned into multiple requests during RTL generation based on max_read_burst_length or max_write_burst_length settings.

* Inferred Burst Summary
+--------------+-----------+--------+-------+----------+---------------------+
| HW Interface | Direction | Length | Width | Loop     | Loop Location       |
+--------------+-----------+--------+-------+----------+---------------------+
| m_axi_gmem0  | read      | 64     | 16    | LOOP_MAC | smoke_mac.cpp:13:15 |
| m_axi_gmem1  | read      | 64     | 16    | LOOP_MAC | smoke_mac.cpp:13:15 |
+--------------+-----------+--------+-------+----------+---------------------+

* All M_AXI Variable Accesses
+--------------+----------+---------------------+-----------+--------------+--------+----------+---------------------+------------+-------------------------------------------------------------------------------------------------------+
| HW Interface | Variable | Access Location     | Direction | Burst Status | Length | Loop     | Loop Location       | Resolution | Problem                                                                                               |
+--------------+----------+---------------------+-----------+--------------+--------+----------+---------------------+------------+-------------------------------------------------------------------------------------------------------+
| m_axi_gmem0  | a        | smoke_mac.cpp:15:9  | read      | Widen Fail   |        | LOOP_MAC | smoke_mac.cpp:13:15 | 214-353    | Could not widen since type i16 size is greater than or equal to the max_widen_bitwidth threshold of 0 |
| m_axi_gmem0  | a        | smoke_mac.cpp:15:9  | read      | Inferred     | 64     | LOOP_MAC | smoke_mac.cpp:13:15 |            |                                                                                                       |
| m_axi_gmem1  | b        | smoke_mac.cpp:15:23 | read      | Widen Fail   |        | LOOP_MAC | smoke_mac.cpp:13:15 | 214-353    | Could not widen since type i16 size is greater than or equal to the max_widen_bitwidth threshold of 0 |
| m_axi_gmem1  | b        | smoke_mac.cpp:15:23 | read      | Inferred     | 64     | LOOP_MAC | smoke_mac.cpp:13:15 |            |                                                                                                       |
+--------------+----------+---------------------+-----------+--------------+--------+----------+---------------------+------------+-------------------------------------------------------------------------------------------------------+

    * Resolution URL: docs.xilinx.com/access/sources/dita/topic?Doc_Version=2024.1%20English&url=ug1448-hls-guidance&resourceid=XXX-YYY.html (replace XXX-YYY with column value)

================================================================
== Bind Op Report
================================================================
+-------------------------------------+-----+--------+-----------+-------+-----------+---------+
| Name                                | DSP | Pragma | Variable  | Op    | Impl      | Latency |
+-------------------------------------+-----+--------+-----------+-------+-----------+---------+
| + smoke_mac                         | 1   |        |           |       |           |         |
|   i_fu_183_p2                       |     |        | i         | add   | fabric    | 0       |
|   mac_muladd_16s_16s_32ns_32_4_1_U1 | 1   |        | mul_ln15  | mul   | dsp_slice | 3       |
|   mac_muladd_16s_16s_32ns_32_4_1_U1 | 1   |        | acc       | add   | dsp_slice | 3       |
|   icmp_ln13_fu_189_p2               |     |        | icmp_ln13 | seteq | auto      | 0       |
+-------------------------------------+-----+--------+-----------+-------+-----------+---------+


================================================================
== Storage Report
================================================================
+-------------------+-----------+-----------+------+------+--------+----------+------+---------+------------------+
| Name              | Usage     | Type      | BRAM | URAM | Pragma | Variable | Impl | Latency | Bitwidth, Depth, |
|                   |           |           |      |      |        |          |      |         | Banks            |
+-------------------+-----------+-----------+------+------+--------+----------+------+---------+------------------+
| + smoke_mac       |           |           | 4    | 0    |        |          |      |         |                  |
|   control_s_axi_U | interface | s_axilite |      |      |        |          |      |         |                  |
|   gmem0_m_axi_U   | interface | m_axi     | 2    |      |        |          |      |         |                  |
|   gmem1_m_axi_U   | interface | m_axi     | 2    |      |        |          |      |         |                  |
+-------------------+-----------+-----------+------+------+--------+----------+------+---------+------------------+


================================================================
== Pragma Report
================================================================
* Valid Pragma Syntax
+-----------+-------------------------------------------------+---------------------------------------+
| Type      | Options                                         | Location                              |
+-----------+-------------------------------------------------+---------------------------------------+
| interface | m_axi port=a offset=slave bundle=gmem0 depth=64 | smoke_mac.cpp:6 in smoke_mac, a       |
| interface | m_axi port=b offset=slave bundle=gmem1 depth=64 | smoke_mac.cpp:7 in smoke_mac, b       |
| interface | s_axilite port=a                                | smoke_mac.cpp:8 in smoke_mac, a       |
| interface | s_axilite port=b                                | smoke_mac.cpp:9 in smoke_mac, b       |
| interface | s_axilite port=out                              | smoke_mac.cpp:10 in smoke_mac, out    |
| interface | s_axilite port=return                           | smoke_mac.cpp:11 in smoke_mac, return |
| pipeline  | II=1                                            | smoke_mac.cpp:14 in smoke_mac         |
+-----------+-------------------------------------------------+---------------------------------------+


