

================================================================
== Vitis HLS Report for 'smoke_mac'
================================================================
* Date:           Tue May 19 00:43:29 2026

* Version:        2024.1 (Build 5069499 on May 21 2024)
* Project:        smoke_hls
* Solution:       sol1 (Vivado IP Flow Target)
* Product family: versalaicore
* Target device:  xcvc1902-vsva2197-2MP-e-S


================================================================
== Performance Estimates
================================================================
+ Timing: 
    * Summary: 
    +--------+---------+----------+------------+
    |  Clock |  Target | Estimated| Uncertainty|
    +--------+---------+----------+------------+
    |ap_clk  |  4.00 ns|  2.920 ns|     1.08 ns|
    +--------+---------+----------+------------+

+ Latency: 
    * Summary: 
    +---------+---------+----------+----------+-----+-----+------------------------------------------------+
    |  Latency (cycles) |  Latency (absolute) |  Interval |                    Pipeline                    |
    |   min   |   max   |    min   |    max   | min | max |                      Type                      |
    +---------+---------+----------+----------+-----+-----+------------------------------------------------+
    |       80|       80|  0.320 us|  0.320 us|   64|   64|  loop auto-rewind stp(delay=14 clock cycles(s))|
    +---------+---------+----------+----------+-----+-----+------------------------------------------------+

    + Detail: 
        * Instance: 
        N/A

        * Loop: 
        +------------+---------+---------+----------+-----------+-----------+------+----------+
        |            |  Latency (cycles) | Iteration|  Initiation Interval  | Trip |          |
        |  Loop Name |   min   |   max   |  Latency |  achieved |   target  | Count| Pipelined|
        +------------+---------+---------+----------+-----------+-----------+------+----------+
        |- LOOP_MAC  |       78|       78|        16|          1|          1|    64|       yes|
        +------------+---------+---------+----------+-----------+-----------+------+----------+



================================================================
== Utilization Estimates
================================================================
* Summary: 
+-----------------+---------+------+---------+--------+-----+
|       Name      | BRAM_18K|  DSP |    FF   |   LUT  | URAM|
+-----------------+---------+------+---------+--------+-----+
|DSP              |        -|     1|        -|       -|    -|
|Expression       |        -|     -|        0|      25|    -|
|FIFO             |        -|     -|        -|       -|    -|
|Instance         |        4|     -|     4882|    4434|    0|
|Memory           |        -|     -|        -|       -|    -|
|Multiplexer      |        -|     -|        0|     128|    -|
|Register         |        -|     -|      216|       2|    -|
+-----------------+---------+------+---------+--------+-----+
|Total            |        4|     1|     5098|    4589|    0|
+-----------------+---------+------+---------+--------+-----+
|Available        |     1934|  1968|  1799680|  899840|  463|
+-----------------+---------+------+---------+--------+-----+
|Utilization (%)  |       ~0|    ~0|       ~0|      ~0|    0|
+-----------------+---------+------+---------+--------+-----+

+ Detail: 
    * Instance: 
    +-----------------+---------------+---------+----+------+------+-----+
    |     Instance    |     Module    | BRAM_18K| DSP|  FF  |  LUT | URAM|
    +-----------------+---------------+---------+----+------+------+-----+
    |control_s_axi_U  |control_s_axi  |        0|   0|   214|   360|    0|
    |gmem0_m_axi_U    |gmem0_m_axi    |        2|   0|  2334|  2037|    0|
    |gmem1_m_axi_U    |gmem1_m_axi    |        2|   0|  2334|  2037|    0|
    +-----------------+---------------+---------+----+------+------+-----+
    |Total            |               |        4|   0|  4882|  4434|    0|
    +-----------------+---------------+---------+----+------+------+-----+

    * DSP: 
    +-----------------------------------+--------------------------------+--------------+
    |              Instance             |             Module             |  Expression  |
    +-----------------------------------+--------------------------------+--------------+
    |mac_muladd_16s_16s_32ns_32_4_1_U1  |mac_muladd_16s_16s_32ns_32_4_1  |  i0 * i1 + i2|
    +-----------------------------------+--------------------------------+--------------+

    * Memory: 
    N/A

    * FIFO: 
    N/A

    * Expression: 
    +------------------------------------+----------+----+---+----+------------+------------+
    |            Variable Name           | Operation| DSP| FF| LUT| Bitwidth P0| Bitwidth P1|
    +------------------------------------+----------+----+---+----+------------+------------+
    |i_fu_183_p2                         |         +|   0|  0|   6|           6|           1|
    |ap_block_pp0_stage0_01001           |       and|   0|  0|   2|           1|           1|
    |ap_condition_528                    |       and|   0|  0|   2|           1|           1|
    |ap_condition_530                    |       and|   0|  0|   2|           1|           1|
    |ap_condition_663                    |       and|   0|  0|   2|           1|           1|
    |icmp_ln13_fu_189_p2                 |      icmp|   0|  0|   3|           6|           2|
    |ap_block_pp0_stage0_11001           |        or|   0|  0|   2|           1|           1|
    |ap_block_state13_pp0_stage0_iter12  |        or|   0|  0|   2|           1|           1|
    |ap_block_state2_io                  |        or|   0|  0|   2|           1|           1|
    |ap_enable_pp0                       |       xor|   0|  0|   2|           1|           2|
    +------------------------------------+----------+----+---+----+------------+------------+
    |Total                               |          |   0|  0|  25|          20|          12|
    +------------------------------------+----------+----+---+----+------------+------------+

    * Multiplexer: 
    +-----------------------------------+----+-----------+-----+-----------+
    |                Name               | LUT| Input Size| Bits| Total Bits|
    +-----------------------------------+----+-----------+-----+-----------+
    |acc2_fu_90                         |  32|          2|   32|         64|
    |ap_done_int                        |   8|          2|    1|          2|
    |ap_loop_exit_ready_pp0_iter15_reg  |   8|          2|    1|          2|
    |ap_sig_allocacmp_acc2_load         |  32|          2|   32|         64|
    |ap_sig_allocacmp_i1_load           |   8|          2|    6|         12|
    |gmem0_blk_n_AR                     |   8|          2|    1|          2|
    |gmem0_blk_n_R                      |   8|          2|    1|          2|
    |gmem1_blk_n_AR                     |   8|          2|    1|          2|
    |gmem1_blk_n_R                      |   8|          2|    1|          2|
    |i1_fu_86                           |   8|          2|    6|         12|
    +-----------------------------------+----+-----------+-----+-----------+
    |Total                              | 128|         20|   82|        164|
    +-----------------------------------+----+-----------+-----+-----------+

    * Register: 
    +---------------------------------------------------+----+----+-----+-----------+
    |                        Name                       | FF | LUT| Bits| Const Bits|
    +---------------------------------------------------+----+----+-----+-----------+
    |a_read_reg_323                                     |  64|   0|   64|          0|
    |acc2_fu_90                                         |  32|   0|   32|          0|
    |ap_CS_fsm                                          |   1|   0|    1|          0|
    |ap_condition_exit_pp0_iter0_stage0_pp0_iter10_reg  |   1|   0|    1|          0|
    |ap_condition_exit_pp0_iter0_stage0_pp0_iter11_reg  |   1|   0|    1|          0|
    |ap_condition_exit_pp0_iter0_stage0_pp0_iter12_reg  |   1|   0|    1|          0|
    |ap_condition_exit_pp0_iter0_stage0_pp0_iter13_reg  |   1|   0|    1|          0|
    |ap_condition_exit_pp0_iter0_stage0_pp0_iter14_reg  |   1|   0|    1|          0|
    |ap_condition_exit_pp0_iter0_stage0_pp0_iter1_reg   |   1|   0|    1|          0|
    |ap_condition_exit_pp0_iter0_stage0_pp0_iter2_reg   |   1|   0|    1|          0|
    |ap_condition_exit_pp0_iter0_stage0_pp0_iter3_reg   |   1|   0|    1|          0|
    |ap_condition_exit_pp0_iter0_stage0_pp0_iter4_reg   |   1|   0|    1|          0|
    |ap_condition_exit_pp0_iter0_stage0_pp0_iter5_reg   |   1|   0|    1|          0|
    |ap_condition_exit_pp0_iter0_stage0_pp0_iter6_reg   |   1|   0|    1|          0|
    |ap_condition_exit_pp0_iter0_stage0_pp0_iter7_reg   |   1|   0|    1|          0|
    |ap_condition_exit_pp0_iter0_stage0_pp0_iter8_reg   |   1|   0|    1|          0|
    |ap_condition_exit_pp0_iter0_stage0_pp0_iter9_reg   |   1|   0|    1|          0|
    |ap_done_reg                                        |   1|   0|    1|          0|
    |ap_enable_reg_pp0_iter1                            |   1|   0|    1|          0|
    |ap_enable_reg_pp0_iter10                           |   1|   0|    1|          0|
    |ap_enable_reg_pp0_iter11                           |   1|   0|    1|          0|
    |ap_enable_reg_pp0_iter12                           |   1|   0|    1|          0|
    |ap_enable_reg_pp0_iter13                           |   1|   0|    1|          0|
    |ap_enable_reg_pp0_iter14                           |   1|   0|    1|          0|
    |ap_enable_reg_pp0_iter15                           |   1|   0|    1|          0|
    |ap_enable_reg_pp0_iter2                            |   1|   0|    1|          0|
    |ap_enable_reg_pp0_iter3                            |   1|   0|    1|          0|
    |ap_enable_reg_pp0_iter4                            |   1|   0|    1|          0|
    |ap_enable_reg_pp0_iter5                            |   1|   0|    1|          0|
    |ap_enable_reg_pp0_iter6                            |   1|   0|    1|          0|
    |ap_enable_reg_pp0_iter7                            |   1|   0|    1|          0|
    |ap_enable_reg_pp0_iter8                            |   1|   0|    1|          0|
    |ap_enable_reg_pp0_iter9                            |   1|   0|    1|          0|
    |ap_loop_exit_ready_pp0_iter10_reg                  |   1|   0|    1|          0|
    |ap_loop_exit_ready_pp0_iter11_reg                  |   1|   0|    1|          0|
    |ap_loop_exit_ready_pp0_iter12_reg                  |   1|   0|    1|          0|
    |ap_loop_exit_ready_pp0_iter13_reg                  |   1|   0|    1|          0|
    |ap_loop_exit_ready_pp0_iter14_reg                  |   1|   0|    1|          0|
    |ap_loop_exit_ready_pp0_iter15_reg                  |   1|   0|    1|          0|
    |ap_loop_exit_ready_pp0_iter1_reg                   |   1|   0|    1|          0|
    |ap_loop_exit_ready_pp0_iter2_reg                   |   1|   0|    1|          0|
    |ap_loop_exit_ready_pp0_iter3_reg                   |   1|   0|    1|          0|
    |ap_loop_exit_ready_pp0_iter4_reg                   |   1|   0|    1|          0|
    |ap_loop_exit_ready_pp0_iter5_reg                   |   1|   0|    1|          0|
    |ap_loop_exit_ready_pp0_iter6_reg                   |   1|   0|    1|          0|
    |ap_loop_exit_ready_pp0_iter7_reg                   |   1|   0|    1|          0|
    |ap_loop_exit_ready_pp0_iter8_reg                   |   1|   0|    1|          0|
    |ap_loop_exit_ready_pp0_iter9_reg                   |   1|   0|    1|          0|
    |b_read_reg_318                                     |  64|   0|   64|          0|
    |first_iter_0_reg_137                               |   1|   0|    1|          0|
    |i1_fu_86                                           |   6|   0|    6|          0|
    |icmp_ln13_reg_328                                  |   1|   0|    1|          0|
    |icmp_ln13_reg_328                                  |   2|   2|    1|          0|
    +---------------------------------------------------+----+----+-----+-----------+
    |Total                                              | 216|   2|  215|          0|
    +---------------------------------------------------+----+----+-----+-----------+



================================================================
== Interface
================================================================
* Summary: 
+-----------------------+-----+-----+------------+--------------+--------------+
|       RTL Ports       | Dir | Bits|  Protocol  | Source Object|    C Type    |
+-----------------------+-----+-----+------------+--------------+--------------+
|s_axi_control_AWVALID  |   in|    1|       s_axi|       control|       pointer|
|s_axi_control_AWREADY  |  out|    1|       s_axi|       control|       pointer|
|s_axi_control_AWADDR   |   in|    6|       s_axi|       control|       pointer|
|s_axi_control_WVALID   |   in|    1|       s_axi|       control|       pointer|
|s_axi_control_WREADY   |  out|    1|       s_axi|       control|       pointer|
|s_axi_control_WDATA    |   in|   32|       s_axi|       control|       pointer|
|s_axi_control_WSTRB    |   in|    4|       s_axi|       control|       pointer|
|s_axi_control_ARVALID  |   in|    1|       s_axi|       control|       pointer|
|s_axi_control_ARREADY  |  out|    1|       s_axi|       control|       pointer|
|s_axi_control_ARADDR   |   in|    6|       s_axi|       control|       pointer|
|s_axi_control_RVALID   |  out|    1|       s_axi|       control|       pointer|
|s_axi_control_RREADY   |   in|    1|       s_axi|       control|       pointer|
|s_axi_control_RDATA    |  out|   32|       s_axi|       control|       pointer|
|s_axi_control_RRESP    |  out|    2|       s_axi|       control|       pointer|
|s_axi_control_BVALID   |  out|    1|       s_axi|       control|       pointer|
|s_axi_control_BREADY   |   in|    1|       s_axi|       control|       pointer|
|s_axi_control_BRESP    |  out|    2|       s_axi|       control|       pointer|
|ap_clk                 |   in|    1|  ap_ctrl_hs|     smoke_mac|  return value|
|ap_rst_n               |   in|    1|  ap_ctrl_hs|     smoke_mac|  return value|
|interrupt              |  out|    1|  ap_ctrl_hs|     smoke_mac|  return value|
|m_axi_gmem0_AWVALID    |  out|    1|       m_axi|         gmem0|       pointer|
|m_axi_gmem0_AWREADY    |   in|    1|       m_axi|         gmem0|       pointer|
|m_axi_gmem0_AWADDR     |  out|   64|       m_axi|         gmem0|       pointer|
|m_axi_gmem0_AWID       |  out|    1|       m_axi|         gmem0|       pointer|
|m_axi_gmem0_AWLEN      |  out|    8|       m_axi|         gmem0|       pointer|
|m_axi_gmem0_AWSIZE     |  out|    3|       m_axi|         gmem0|       pointer|
|m_axi_gmem0_AWBURST    |  out|    2|       m_axi|         gmem0|       pointer|
|m_axi_gmem0_AWLOCK     |  out|    2|       m_axi|         gmem0|       pointer|
|m_axi_gmem0_AWCACHE    |  out|    4|       m_axi|         gmem0|       pointer|
|m_axi_gmem0_AWPROT     |  out|    3|       m_axi|         gmem0|       pointer|
|m_axi_gmem0_AWQOS      |  out|    4|       m_axi|         gmem0|       pointer|
|m_axi_gmem0_AWREGION   |  out|    4|       m_axi|         gmem0|       pointer|
|m_axi_gmem0_AWUSER     |  out|    1|       m_axi|         gmem0|       pointer|
|m_axi_gmem0_WVALID     |  out|    1|       m_axi|         gmem0|       pointer|
|m_axi_gmem0_WREADY     |   in|    1|       m_axi|         gmem0|       pointer|
|m_axi_gmem0_WDATA      |  out|   32|       m_axi|         gmem0|       pointer|
|m_axi_gmem0_WSTRB      |  out|    4|       m_axi|         gmem0|       pointer|
|m_axi_gmem0_WLAST      |  out|    1|       m_axi|         gmem0|       pointer|
|m_axi_gmem0_WID        |  out|    1|       m_axi|         gmem0|       pointer|
|m_axi_gmem0_WUSER      |  out|    1|       m_axi|         gmem0|       pointer|
|m_axi_gmem0_ARVALID    |  out|    1|       m_axi|         gmem0|       pointer|
|m_axi_gmem0_ARREADY    |   in|    1|       m_axi|         gmem0|       pointer|
|m_axi_gmem0_ARADDR     |  out|   64|       m_axi|         gmem0|       pointer|
|m_axi_gmem0_ARID       |  out|    1|       m_axi|         gmem0|       pointer|
|m_axi_gmem0_ARLEN      |  out|    8|       m_axi|         gmem0|       pointer|
|m_axi_gmem0_ARSIZE     |  out|    3|       m_axi|         gmem0|       pointer|
|m_axi_gmem0_ARBURST    |  out|    2|       m_axi|         gmem0|       pointer|
|m_axi_gmem0_ARLOCK     |  out|    2|       m_axi|         gmem0|       pointer|
|m_axi_gmem0_ARCACHE    |  out|    4|       m_axi|         gmem0|       pointer|
|m_axi_gmem0_ARPROT     |  out|    3|       m_axi|         gmem0|       pointer|
|m_axi_gmem0_ARQOS      |  out|    4|       m_axi|         gmem0|       pointer|
|m_axi_gmem0_ARREGION   |  out|    4|       m_axi|         gmem0|       pointer|
|m_axi_gmem0_ARUSER     |  out|    1|       m_axi|         gmem0|       pointer|
|m_axi_gmem0_RVALID     |   in|    1|       m_axi|         gmem0|       pointer|
|m_axi_gmem0_RREADY     |  out|    1|       m_axi|         gmem0|       pointer|
|m_axi_gmem0_RDATA      |   in|   32|       m_axi|         gmem0|       pointer|
|m_axi_gmem0_RLAST      |   in|    1|       m_axi|         gmem0|       pointer|
|m_axi_gmem0_RID        |   in|    1|       m_axi|         gmem0|       pointer|
|m_axi_gmem0_RUSER      |   in|    1|       m_axi|         gmem0|       pointer|
|m_axi_gmem0_RRESP      |   in|    2|       m_axi|         gmem0|       pointer|
|m_axi_gmem0_BVALID     |   in|    1|       m_axi|         gmem0|       pointer|
|m_axi_gmem0_BREADY     |  out|    1|       m_axi|         gmem0|       pointer|
|m_axi_gmem0_BRESP      |   in|    2|       m_axi|         gmem0|       pointer|
|m_axi_gmem0_BID        |   in|    1|       m_axi|         gmem0|       pointer|
|m_axi_gmem0_BUSER      |   in|    1|       m_axi|         gmem0|       pointer|
|m_axi_gmem1_AWVALID    |  out|    1|       m_axi|         gmem1|       pointer|
|m_axi_gmem1_AWREADY    |   in|    1|       m_axi|         gmem1|       pointer|
|m_axi_gmem1_AWADDR     |  out|   64|       m_axi|         gmem1|       pointer|
|m_axi_gmem1_AWID       |  out|    1|       m_axi|         gmem1|       pointer|
|m_axi_gmem1_AWLEN      |  out|    8|       m_axi|         gmem1|       pointer|
|m_axi_gmem1_AWSIZE     |  out|    3|       m_axi|         gmem1|       pointer|
|m_axi_gmem1_AWBURST    |  out|    2|       m_axi|         gmem1|       pointer|
|m_axi_gmem1_AWLOCK     |  out|    2|       m_axi|         gmem1|       pointer|
|m_axi_gmem1_AWCACHE    |  out|    4|       m_axi|         gmem1|       pointer|
|m_axi_gmem1_AWPROT     |  out|    3|       m_axi|         gmem1|       pointer|
|m_axi_gmem1_AWQOS      |  out|    4|       m_axi|         gmem1|       pointer|
|m_axi_gmem1_AWREGION   |  out|    4|       m_axi|         gmem1|       pointer|
|m_axi_gmem1_AWUSER     |  out|    1|       m_axi|         gmem1|       pointer|
|m_axi_gmem1_WVALID     |  out|    1|       m_axi|         gmem1|       pointer|
|m_axi_gmem1_WREADY     |   in|    1|       m_axi|         gmem1|       pointer|
|m_axi_gmem1_WDATA      |  out|   32|       m_axi|         gmem1|       pointer|
|m_axi_gmem1_WSTRB      |  out|    4|       m_axi|         gmem1|       pointer|
|m_axi_gmem1_WLAST      |  out|    1|       m_axi|         gmem1|       pointer|
|m_axi_gmem1_WID        |  out|    1|       m_axi|         gmem1|       pointer|
|m_axi_gmem1_WUSER      |  out|    1|       m_axi|         gmem1|       pointer|
|m_axi_gmem1_ARVALID    |  out|    1|       m_axi|         gmem1|       pointer|
|m_axi_gmem1_ARREADY    |   in|    1|       m_axi|         gmem1|       pointer|
|m_axi_gmem1_ARADDR     |  out|   64|       m_axi|         gmem1|       pointer|
|m_axi_gmem1_ARID       |  out|    1|       m_axi|         gmem1|       pointer|
|m_axi_gmem1_ARLEN      |  out|    8|       m_axi|         gmem1|       pointer|
|m_axi_gmem1_ARSIZE     |  out|    3|       m_axi|         gmem1|       pointer|
|m_axi_gmem1_ARBURST    |  out|    2|       m_axi|         gmem1|       pointer|
|m_axi_gmem1_ARLOCK     |  out|    2|       m_axi|         gmem1|       pointer|
|m_axi_gmem1_ARCACHE    |  out|    4|       m_axi|         gmem1|       pointer|
|m_axi_gmem1_ARPROT     |  out|    3|       m_axi|         gmem1|       pointer|
|m_axi_gmem1_ARQOS      |  out|    4|       m_axi|         gmem1|       pointer|
|m_axi_gmem1_ARREGION   |  out|    4|       m_axi|         gmem1|       pointer|
|m_axi_gmem1_ARUSER     |  out|    1|       m_axi|         gmem1|       pointer|
|m_axi_gmem1_RVALID     |   in|    1|       m_axi|         gmem1|       pointer|
|m_axi_gmem1_RREADY     |  out|    1|       m_axi|         gmem1|       pointer|
|m_axi_gmem1_RDATA      |   in|   32|       m_axi|         gmem1|       pointer|
|m_axi_gmem1_RLAST      |   in|    1|       m_axi|         gmem1|       pointer|
|m_axi_gmem1_RID        |   in|    1|       m_axi|         gmem1|       pointer|
|m_axi_gmem1_RUSER      |   in|    1|       m_axi|         gmem1|       pointer|
|m_axi_gmem1_RRESP      |   in|    2|       m_axi|         gmem1|       pointer|
|m_axi_gmem1_BVALID     |   in|    1|       m_axi|         gmem1|       pointer|
|m_axi_gmem1_BREADY     |  out|    1|       m_axi|         gmem1|       pointer|
|m_axi_gmem1_BRESP      |   in|    2|       m_axi|         gmem1|       pointer|
|m_axi_gmem1_BID        |   in|    1|       m_axi|         gmem1|       pointer|
|m_axi_gmem1_BUSER      |   in|    1|       m_axi|         gmem1|       pointer|
+-----------------------+-----+-----+------------+--------------+--------------+

