
****** Vivado v2024.1 (64-bit)
  **** SW Build 5076996 on Wed May 22 18:37:14 MDT 2024
  **** IP Build 5075265 on Wed May 22 21:45:21 MDT 2024
  **** SharedData Build 5076995 on Wed May 22 18:29:18 MDT 2024
  **** Start of session at: Wed May 20 17:42:15 2026
    ** Copyright 1986-2022 Xilinx, Inc. All Rights Reserved.
    ** Copyright 2022-2024 Advanced Micro Devices, Inc. All Rights Reserved.

source build_bd.tcl
# set_param general.maxThreads 1
# set part   "xcvc1902-vsva2197-2MP-e-S"
# set REPO   "C:/Users/jielu/Desktop/Workspace/FPGA-VLA"
# set T0034  "$REPO/runs/T0034"
# set SCHED  "$REPO/coord/reports/T0030"
# puts ">>> STEP0 sanity: Vivado [version -short]"
>>> STEP0 sanity: Vivado 2024.1
# set ip_repos [list \
#   "$REPO/runs/T0024/xmod_attn_v1_hls/sol1/impl/ip" \
#   "$REPO/runs/T0025/gvsa_hls/sol1/impl/ip" \
#   "$REPO/runs/T0026/action_diff_hls/sol1/impl/ip" \
#   "$REPO/runs/T0029/vit_enc_hls/sol1/impl/ip" ]
# if {[catch {
#     create_project mr_vla_ipi "$T0034/mr_vla_ipi" -part $part -force
#     add_files [list "$SCHED/rate_enable_gen.sv" "$SCHED/mac_unit.sv" \
#                     "$SCHED/bram_axis_fifo.sv" "$SCHED/mr_vla_top.sv"]
#     set_property ip_repo_paths $ip_repos [current_project]
#     update_ip_catalog
#     puts ">>> STEP1 OK: project + ip_repo_paths + update_ip_catalog"
# } err]} {
#     puts ">>> STEP1 FAIL :: $err"; exit 1
# }
create_project: Time (s): cpu = 00:00:06 ; elapsed = 00:00:06 . Memory (MB): peak = 645.867 ; gain = 200.844
INFO: [IP_Flow 19-234] Refreshing IP repositories
INFO: [IP_Flow 19-1700] Loaded user IP repository 'c:/Users/jielu/Desktop/Workspace/FPGA-VLA/runs/T0024/xmod_attn_v1_hls/sol1/impl/ip'.
INFO: [IP_Flow 19-1700] Loaded user IP repository 'c:/Users/jielu/Desktop/Workspace/FPGA-VLA/runs/T0025/gvsa_hls/sol1/impl/ip'.
INFO: [IP_Flow 19-1700] Loaded user IP repository 'c:/Users/jielu/Desktop/Workspace/FPGA-VLA/runs/T0026/action_diff_hls/sol1/impl/ip'.
INFO: [IP_Flow 19-1700] Loaded user IP repository 'c:/Users/jielu/Desktop/Workspace/FPGA-VLA/runs/T0029/vit_enc_hls/sol1/impl/ip'.
INFO: [IP_Flow 19-2313] Loaded Vivado IP repository 'E:/Applaction/Xilinx/Vivado/2024.1/data/ip'.
>>> STEP1 OK: project + ip_repo_paths + update_ip_catalog
# if {[catch {
#     create_bd_design "mr_vla_bd"
#     # 4 HLS IPs from the IP-XACT packages
#     set c_xmod [create_bd_cell -type ip -vlnv xilinx.com:hls:xmod_attn_v1:1.0      u_xmod]
#     set c_gvsa [create_bd_cell -type ip -vlnv xilinx.com:hls:gvsa_matmul:1.0       u_gvsa]
#     set c_adh  [create_bd_cell -type ip -vlnv xilinx.com:hls:action_diff_head:1.0  u_adh]
#     set c_vit  [create_bd_cell -type ip -vlnv xilinx.com:hls:vit_encoder_12layer:1.0 u_vit]
#     # scheduler as RTL module reference
#     set c_sch  [create_bd_cell -type module -reference mr_vla_top u_sched]
#     puts ">>> STEP2 OK: 5 bd_cells instantiated"
# } err]} {
#     puts ">>> STEP2 FAIL :: $err"; exit 1
# }
Wrote  : <C:\Users\jielu\Desktop\Workspace\FPGA-VLA\runs\T0034\mr_vla_ipi\mr_vla_ipi.srcs\sources_1\bd\mr_vla_bd\mr_vla_bd.bd> 
ERROR: [filemgmt 56-195] Reference 'mr_vla_top' contains top file 'C:/Users/jielu/Desktop/Workspace/FPGA-VLA/coord/reports/T0030/mr_vla_top.sv' of type SystemVerilog. This type is not allowed as the top file in the reference.
ERROR: [BD 41-1690] Unable to resolve module-source based on inputs: mr_vla_top
ERROR: [BD 5-7] Error: running create_bd_cell  -type module -reference mr_vla_top -name u_sched .
>>> STEP2 FAIL :: ERROR: [Common 17-39] 'create_bd_cell' failed due to earlier errors.

INFO: [Common 17-206] Exiting Vivado at Wed May 20 17:42:33 2026...
