
****** Vivado v2024.1 (64-bit)
  **** SW Build 5076996 on Wed May 22 18:37:14 MDT 2024
  **** IP Build 5075265 on Wed May 22 21:45:21 MDT 2024
  **** SharedData Build 5076995 on Wed May 22 18:29:18 MDT 2024
  **** Start of session at: Wed May 20 17:43:17 2026
    ** Copyright 1986-2022 Xilinx, Inc. All Rights Reserved.
    ** Copyright 2022-2024 Advanced Micro Devices, Inc. All Rights Reserved.

source build_bd.tcl
# set_param general.maxThreads 1
# set part   "xcvc1902-vsva2197-2MP-e-S"
# set REPO   "C:/Users/jielu/Desktop/Workspace/FPGA-VLA"
# set T0034  "$REPO/runs/T0034"
# set SCHED  "$REPO/coord/reports/T0030"
# puts ">>> STEP0 sanity: Vivado [version -short]"
>>> STEP0 sanity: Vivado 2024.1
# set ip_repos [list \
#   "$REPO/runs/T0024/xmod_attn_v1_hls/sol1/impl/ip" \
#   "$REPO/runs/T0025/gvsa_hls/sol1/impl/ip" \
#   "$REPO/runs/T0026/action_diff_hls/sol1/impl/ip" \
#   "$REPO/runs/T0029/vit_enc_hls/sol1/impl/ip" ]
# if {[catch {
#     create_project mr_vla_ipi "$T0034/mr_vla_ipi" -part $part -force
#     # scheduler: SV sources as supporting files + a plain-Verilog wrapper as the
#     # module-reference top (IPI rejects SystemVerilog as a reference top file).
#     add_files [list "$SCHED/rate_enable_gen.sv" "$SCHED/mac_unit.sv" \
#                     "$SCHED/bram_axis_fifo.sv" "$SCHED/mr_vla_top.sv" \
#                     "$T0034/mr_vla_sched_wrap.v"]
#     set_property ip_repo_paths $ip_repos [current_project]
#     update_ip_catalog
#     puts ">>> STEP1 OK: project + ip_repo_paths + update_ip_catalog"
# } err]} {
#     puts ">>> STEP1 FAIL :: $err"; exit 1
# }
create_project: Time (s): cpu = 00:00:05 ; elapsed = 00:00:06 . Memory (MB): peak = 645.992 ; gain = 200.738
INFO: [IP_Flow 19-234] Refreshing IP repositories
INFO: [IP_Flow 19-1700] Loaded user IP repository 'c:/Users/jielu/Desktop/Workspace/FPGA-VLA/runs/T0024/xmod_attn_v1_hls/sol1/impl/ip'.
INFO: [IP_Flow 19-1700] Loaded user IP repository 'c:/Users/jielu/Desktop/Workspace/FPGA-VLA/runs/T0025/gvsa_hls/sol1/impl/ip'.
INFO: [IP_Flow 19-1700] Loaded user IP repository 'c:/Users/jielu/Desktop/Workspace/FPGA-VLA/runs/T0026/action_diff_hls/sol1/impl/ip'.
INFO: [IP_Flow 19-1700] Loaded user IP repository 'c:/Users/jielu/Desktop/Workspace/FPGA-VLA/runs/T0029/vit_enc_hls/sol1/impl/ip'.
INFO: [IP_Flow 19-2313] Loaded Vivado IP repository 'E:/Applaction/Xilinx/Vivado/2024.1/data/ip'.
>>> STEP1 OK: project + ip_repo_paths + update_ip_catalog
# if {[catch {
#     create_bd_design "mr_vla_bd"
#     # 4 HLS IPs from the IP-XACT packages
#     set c_xmod [create_bd_cell -type ip -vlnv xilinx.com:hls:xmod_attn_v1:1.0      u_xmod]
#     set c_gvsa [create_bd_cell -type ip -vlnv xilinx.com:hls:gvsa_matmul:1.0       u_gvsa]
#     set c_adh  [create_bd_cell -type ip -vlnv xilinx.com:hls:action_diff_head:1.0  u_adh]
#     set c_vit  [create_bd_cell -type ip -vlnv xilinx.com:hls:vit_encoder_12layer:1.0 u_vit]
#     # scheduler as RTL module reference
#     set c_sch  [create_bd_cell -type module -reference mr_vla_sched_wrap u_sched]
#     puts ">>> STEP2 OK: 5 bd_cells instantiated"
# } err]} {
#     puts ">>> STEP2 FAIL :: $err"; exit 1
# }
Wrote  : <C:\Users\jielu\Desktop\Workspace\FPGA-VLA\runs\T0034\mr_vla_ipi\mr_vla_ipi.srcs\sources_1\bd\mr_vla_bd\mr_vla_bd.bd> 
INFO: [IP_Flow 19-5107] Inferred bus interface 'm_action' of definition 'xilinx.com:interface:axis:1.0' (from Xilinx Repository).
INFO: [IP_Flow 19-5107] Inferred bus interface 's_language' of definition 'xilinx.com:interface:axis:1.0' (from Xilinx Repository).
INFO: [IP_Flow 19-5107] Inferred bus interface 's_vision' of definition 'xilinx.com:interface:axis:1.0' (from Xilinx Repository).
INFO: [IP_Flow 19-5107] Inferred bus interface 'rst_n' of definition 'xilinx.com:signal:reset:1.0' (from Xilinx Repository).
INFO: [IP_Flow 19-5107] Inferred bus interface 'clk' of definition 'xilinx.com:signal:clock:1.0' (from Xilinx Repository).
INFO: [IP_Flow 19-4728] Bus Interface 'rst_n': Added interface parameter 'POLARITY' with value 'ACTIVE_LOW'.
INFO: [IP_Flow 19-4728] Bus Interface 'clk': Added interface parameter 'ASSOCIATED_BUSIF' with value 'm_action'.
WARNING: [IP_Flow 19-11770] Clock interface 'clk' has no FREQ_HZ parameter.
Abnormal program termination (EXCEPTION_ACCESS_VIOLATION)
Please check 'C:/Users/jielu/Desktop/Workspace/FPGA-VLA/runs/T0034/hs_err_pid26236.log' for details
