

================================================================
== Synthesis Summary Report of 'topk_engine'
================================================================
+ General Information: 
    * Date:           Tue May 19 00:58:46 2026
    * Version:        2024.1 (Build 5069499 on May 21 2024)
    * Project:        topk_hls
    * Solution:       sol1 (Vivado IP Flow Target)
    * Product family: versalaicore
    * Target device:  xcvc1902-vsva2197-2MP-e-S
    

+ Performance & Resource Estimates: 
    
    PS: '+' for module; 'o' for loop; '*' for dataflow
    +------------------------------------+------+------+---------+-----------+----------+---------+------+----------+------+----+------------+------------+-----+
    |               Modules              | Issue|      | Latency |  Latency  | Iteration|         | Trip |          |      |    |            |            |     |
    |               & Loops              | Type | Slack| (cycles)|    (ns)   |  Latency | Interval| Count| Pipelined| BRAM | DSP|     FF     |     LUT    | URAM|
    +------------------------------------+------+------+---------+-----------+----------+---------+------+----------+------+----+------------+------------+-----+
    |+ topk_engine                       |     -|  0.32|      327|  1.308e+03|         -|      328|     -|        no|     -|   -|  2083 (~0%)|  7418 (~0%)|    -|
    | + topk_engine_Pipeline_MAIN_LOOP   |     -|  0.32|      258|  1.032e+03|         -|      258|     -|        no|     -|   -|  2068 (~0%)|  6687 (~0%)|    -|
    |  o MAIN_LOOP                       |     -|  2.92|      256|  1.024e+03|         2|        1|   256|       yes|     -|   -|           -|           -|    -|
    | + topk_engine_Pipeline_WRITE_LOOP  |     -|  1.03|       66|    264.000|         -|       66|     -|        no|     -|   -|     9 (~0%)|   707 (~0%)|    -|
    |  o WRITE_LOOP                      |     -|  2.92|       64|    256.000|         1|        1|    64|       yes|     -|   -|           -|           -|    -|
    +------------------------------------+------+------+---------+-----------+----------+---------+------+----------+------+----+------------+------------+-----+


================================================================
== HW Interfaces
================================================================
* AP_MEMORY
+----------------------+-----------+----------+
| Port                 | Direction | Bitwidth |
+----------------------+-----------+----------+
| scores_address0      | out       | 8        |
| scores_q0            | in        | 16       |
| top_indices_address0 | out       | 6        |
| top_indices_d0       | out       | 16       |
| top_scores_address0  | out       | 6        |
| top_scores_d0        | out       | 16       |
+----------------------+-----------+----------+

* TOP LEVEL CONTROL
+-----------+------------+-----------------------------------+
| Interface | Type       | Ports                             |
+-----------+------------+-----------------------------------+
| ap_clk    | clock      | ap_clk                            |
| ap_rst    | reset      | ap_rst                            |
| ap_ctrl   | ap_ctrl_hs | ap_done ap_idle ap_ready ap_start |
+-----------+------------+-----------------------------------+


================================================================
== SW I/O Information
================================================================
* Top Function Arguments
+-------------+-----------+-----------------+
| Argument    | Direction | Datatype        |
+-------------+-----------+-----------------+
| scores      | in        | short const *   |
| top_scores  | out       | short*          |
| top_indices | out       | unsigned short* |
+-------------+-----------+-----------------+

* SW-to-HW Mapping
+-------------+----------------------+---------+----------+
| Argument    | HW Interface         | HW Type | HW Usage |
+-------------+----------------------+---------+----------+
| scores      | scores_address0      | port    | offset   |
| scores      | scores_ce0           | port    |          |
| scores      | scores_q0            | port    |          |
| top_scores  | top_scores_address0  | port    | offset   |
| top_scores  | top_scores_ce0       | port    |          |
| top_scores  | top_scores_we0       | port    |          |
| top_scores  | top_scores_d0        | port    |          |
| top_indices | top_indices_address0 | port    | offset   |
| top_indices | top_indices_ce0      | port    |          |
| top_indices | top_indices_we0      | port    |          |
| top_indices | top_indices_d0       | port    |          |
+-------------+----------------------+---------+----------+


================================================================
== Bind Op Report
================================================================
+------------------------------------+-----+--------+--------------+-----------+--------------------------+---------+
| Name                               | DSP | Pragma | Variable     | Op        | Impl                     | Latency |
+------------------------------------+-----+--------+--------------+-----------+--------------------------+---------+
| + topk_engine                      | 0   |        |              |           |                          |         |
|  + topk_engine_Pipeline_MAIN_LOOP  | 0   |        |              |           |                          |         |
|    n_2_fu_3273_p2                  |     |        | n_2          | add       | fabric                   | 0       |
|    icmp_ln61_fu_3279_p2            |     |        | icmp_ln61    | seteq     | auto                     | 0       |
|    icmp_ln71_fu_4081_p2            |     |        | icmp_ln71    | setgt     | auto                     | 0       |
|    icmp_ln71_1_fu_4087_p2          |     |        | icmp_ln71_1  | setgt     | auto                     | 0       |
|    icmp_ln71_2_fu_4093_p2          |     |        | icmp_ln71_2  | setgt     | auto                     | 0       |
|    icmp_ln71_3_fu_4099_p2          |     |        | icmp_ln71_3  | setgt     | auto                     | 0       |
|    icmp_ln71_4_fu_4105_p2          |     |        | icmp_ln71_4  | setgt     | auto                     | 0       |
|    icmp_ln71_5_fu_4111_p2          |     |        | icmp_ln71_5  | setgt     | auto                     | 0       |
|    icmp_ln71_6_fu_4117_p2          |     |        | icmp_ln71_6  | setgt     | auto                     | 0       |
|    icmp_ln71_7_fu_4123_p2          |     |        | icmp_ln71_7  | setgt     | auto                     | 0       |
|    icmp_ln71_8_fu_4129_p2          |     |        | icmp_ln71_8  | setgt     | auto                     | 0       |
|    icmp_ln71_9_fu_4135_p2          |     |        | icmp_ln71_9  | setgt     | auto                     | 0       |
|    icmp_ln71_10_fu_4141_p2         |     |        | icmp_ln71_10 | setgt     | auto                     | 0       |
|    icmp_ln71_11_fu_4147_p2         |     |        | icmp_ln71_11 | setgt     | auto                     | 0       |
|    icmp_ln71_12_fu_4153_p2         |     |        | icmp_ln71_12 | setgt     | auto                     | 0       |
|    icmp_ln71_13_fu_4159_p2         |     |        | icmp_ln71_13 | setgt     | auto                     | 0       |
|    icmp_ln71_14_fu_4165_p2         |     |        | icmp_ln71_14 | setgt     | auto                     | 0       |
|    icmp_ln71_15_fu_4171_p2         |     |        | icmp_ln71_15 | setgt     | auto                     | 0       |
|    icmp_ln71_16_fu_4177_p2         |     |        | icmp_ln71_16 | setgt     | auto                     | 0       |
|    icmp_ln71_17_fu_4183_p2         |     |        | icmp_ln71_17 | setgt     | auto                     | 0       |
|    icmp_ln71_18_fu_4189_p2         |     |        | icmp_ln71_18 | setgt     | auto                     | 0       |
|    icmp_ln71_19_fu_4195_p2         |     |        | icmp_ln71_19 | setgt     | auto                     | 0       |
|    icmp_ln71_20_fu_4201_p2         |     |        | icmp_ln71_20 | setgt     | auto                     | 0       |
|    icmp_ln71_21_fu_4207_p2         |     |        | icmp_ln71_21 | setgt     | auto                     | 0       |
|    icmp_ln71_22_fu_4213_p2         |     |        | icmp_ln71_22 | setgt     | auto                     | 0       |
|    icmp_ln71_23_fu_4219_p2         |     |        | icmp_ln71_23 | setgt     | auto                     | 0       |
|    icmp_ln71_24_fu_4225_p2         |     |        | icmp_ln71_24 | setgt     | auto                     | 0       |
|    icmp_ln71_25_fu_4231_p2         |     |        | icmp_ln71_25 | setgt     | auto                     | 0       |
|    icmp_ln71_26_fu_4237_p2         |     |        | icmp_ln71_26 | setgt     | auto                     | 0       |
|    icmp_ln71_27_fu_4243_p2         |     |        | icmp_ln71_27 | setgt     | auto                     | 0       |
|    icmp_ln71_28_fu_4249_p2         |     |        | icmp_ln71_28 | setgt     | auto                     | 0       |
|    icmp_ln71_29_fu_4255_p2         |     |        | icmp_ln71_29 | setgt     | auto                     | 0       |
|    icmp_ln71_30_fu_4261_p2         |     |        | icmp_ln71_30 | setgt     | auto                     | 0       |
|    icmp_ln71_31_fu_4267_p2         |     |        | icmp_ln71_31 | setgt     | auto                     | 0       |
|    icmp_ln71_32_fu_4273_p2         |     |        | icmp_ln71_32 | setgt     | auto                     | 0       |
|    icmp_ln71_33_fu_4279_p2         |     |        | icmp_ln71_33 | setgt     | auto                     | 0       |
|    icmp_ln71_34_fu_4285_p2         |     |        | icmp_ln71_34 | setgt     | auto                     | 0       |
|    icmp_ln71_35_fu_4291_p2         |     |        | icmp_ln71_35 | setgt     | auto                     | 0       |
|    icmp_ln71_36_fu_4297_p2         |     |        | icmp_ln71_36 | setgt     | auto                     | 0       |
|    icmp_ln71_37_fu_4303_p2         |     |        | icmp_ln71_37 | setgt     | auto                     | 0       |
|    icmp_ln71_38_fu_4309_p2         |     |        | icmp_ln71_38 | setgt     | auto                     | 0       |
|    icmp_ln71_39_fu_4315_p2         |     |        | icmp_ln71_39 | setgt     | auto                     | 0       |
|    icmp_ln71_40_fu_4321_p2         |     |        | icmp_ln71_40 | setgt     | auto                     | 0       |
|    icmp_ln71_41_fu_4327_p2         |     |        | icmp_ln71_41 | setgt     | auto                     | 0       |
|    icmp_ln71_42_fu_4333_p2         |     |        | icmp_ln71_42 | setgt     | auto                     | 0       |
|    icmp_ln71_43_fu_4339_p2         |     |        | icmp_ln71_43 | setgt     | auto                     | 0       |
|    icmp_ln71_44_fu_4345_p2         |     |        | icmp_ln71_44 | setgt     | auto                     | 0       |
|    icmp_ln71_45_fu_4351_p2         |     |        | icmp_ln71_45 | setgt     | auto                     | 0       |
|    icmp_ln71_46_fu_4357_p2         |     |        | icmp_ln71_46 | setgt     | auto                     | 0       |
|    icmp_ln71_47_fu_4363_p2         |     |        | icmp_ln71_47 | setgt     | auto                     | 0       |
|    icmp_ln71_48_fu_4369_p2         |     |        | icmp_ln71_48 | setgt     | auto                     | 0       |
|    icmp_ln71_49_fu_4375_p2         |     |        | icmp_ln71_49 | setgt     | auto                     | 0       |
|    icmp_ln71_50_fu_4381_p2         |     |        | icmp_ln71_50 | setgt     | auto                     | 0       |
|    icmp_ln71_51_fu_4387_p2         |     |        | icmp_ln71_51 | setgt     | auto                     | 0       |
|    icmp_ln71_52_fu_4393_p2         |     |        | icmp_ln71_52 | setgt     | auto                     | 0       |
|    icmp_ln71_53_fu_4399_p2         |     |        | icmp_ln71_53 | setgt     | auto                     | 0       |
|    icmp_ln71_54_fu_4405_p2         |     |        | icmp_ln71_54 | setgt     | auto                     | 0       |
|    icmp_ln71_55_fu_4411_p2         |     |        | icmp_ln71_55 | setgt     | auto                     | 0       |
|    icmp_ln71_56_fu_4417_p2         |     |        | icmp_ln71_56 | setgt     | auto                     | 0       |
|    icmp_ln71_57_fu_4423_p2         |     |        | icmp_ln71_57 | setgt     | auto                     | 0       |
|    icmp_ln71_58_fu_4429_p2         |     |        | icmp_ln71_58 | setgt     | auto                     | 0       |
|    icmp_ln71_59_fu_4435_p2         |     |        | icmp_ln71_59 | setgt     | auto                     | 0       |
|    icmp_ln71_60_fu_4441_p2         |     |        | icmp_ln71_60 | setgt     | auto                     | 0       |
|    icmp_ln71_61_fu_4447_p2         |     |        | icmp_ln71_61 | setgt     | auto                     | 0       |
|    icmp_ln71_62_fu_4453_p2         |     |        | icmp_ln71_62 | setgt     | auto                     | 0       |
|    icmp_ln71_63_fu_4459_p2         |     |        | icmp_ln71_63 | setgt     | auto                     | 0       |
|    new_i_95_fu_4465_p3             |     |        | new_i_95     | select    | auto_sel                 | 0       |
|    new_v_95_fu_4473_p3             |     |        | new_v_95     | select    | auto_sel                 | 0       |
|    top_i_fu_4481_p3                |     |        | top_i        | select    | auto_sel                 | 0       |
|    top_v_fu_4489_p3                |     |        | top_v        | select    | auto_sel                 | 0       |
|    new_i_98_fu_4497_p3             |     |        | new_i_98     | select    | auto_sel                 | 0       |
|    new_v_98_fu_4505_p3             |     |        | new_v_98     | select    | auto_sel                 | 0       |
|    top_i_1_fu_4513_p3              |     |        | top_i_1      | select    | auto_sel                 | 0       |
|    top_v_1_fu_4521_p3              |     |        | top_v_1      | select    | auto_sel                 | 0       |
|    new_i_101_fu_4529_p3            |     |        | new_i_101    | select    | auto_sel                 | 0       |
|    new_v_101_fu_4537_p3            |     |        | new_v_101    | select    | auto_sel                 | 0       |
|    top_i_2_fu_4545_p3              |     |        | top_i_2      | select    | auto_sel                 | 0       |
|    top_v_2_fu_4553_p3              |     |        | top_v_2      | select    | auto_sel                 | 0       |
|    new_i_104_fu_4561_p3            |     |        | new_i_104    | select    | auto_sel                 | 0       |
|    new_v_104_fu_4569_p3            |     |        | new_v_104    | select    | auto_sel                 | 0       |
|    top_i_3_fu_4577_p3              |     |        | top_i_3      | select    | auto_sel                 | 0       |
|    top_v_3_fu_4585_p3              |     |        | top_v_3      | select    | auto_sel                 | 0       |
|    new_i_107_fu_4593_p3            |     |        | new_i_107    | select    | auto_sel                 | 0       |
|    new_v_107_fu_4601_p3            |     |        | new_v_107    | select    | auto_sel                 | 0       |
|    top_i_4_fu_4609_p3              |     |        | top_i_4      | select    | auto_sel                 | 0       |
|    top_v_4_fu_4617_p3              |     |        | top_v_4      | select    | auto_sel                 | 0       |
|    new_i_110_fu_4625_p3            |     |        | new_i_110    | select    | auto_sel                 | 0       |
|    new_v_110_fu_4633_p3            |     |        | new_v_110    | select    | auto_sel                 | 0       |
|    top_i_5_fu_4641_p3              |     |        | top_i_5      | select    | auto_sel                 | 0       |
|    top_v_5_fu_4649_p3              |     |        | top_v_5      | select    | auto_sel                 | 0       |
|    new_i_113_fu_4657_p3            |     |        | new_i_113    | select    | auto_sel                 | 0       |
|    new_v_113_fu_4665_p3            |     |        | new_v_113    | select    | auto_sel                 | 0       |
|    top_i_6_fu_4673_p3              |     |        | top_i_6      | select    | auto_sel                 | 0       |
|    top_v_6_fu_4681_p3              |     |        | top_v_6      | select    | auto_sel                 | 0       |
|    new_i_116_fu_4689_p3            |     |        | new_i_116    | select    | auto_sel                 | 0       |
|    new_v_116_fu_4697_p3            |     |        | new_v_116    | select    | auto_sel                 | 0       |
|    top_i_7_fu_4705_p3              |     |        | top_i_7      | select    | auto_sel                 | 0       |
|    top_v_7_fu_4713_p3              |     |        | top_v_7      | select    | auto_sel                 | 0       |
|    new_i_119_fu_4721_p3            |     |        | new_i_119    | select    | auto_sel                 | 0       |
|    new_v_119_fu_4729_p3            |     |        | new_v_119    | select    | auto_sel                 | 0       |
|    top_i_8_fu_4737_p3              |     |        | top_i_8      | select    | auto_sel                 | 0       |
|    top_v_8_fu_4745_p3              |     |        | top_v_8      | select    | auto_sel                 | 0       |
|    new_i_122_fu_4753_p3            |     |        | new_i_122    | select    | auto_sel                 | 0       |
|    new_v_122_fu_4761_p3            |     |        | new_v_122    | select    | auto_sel                 | 0       |
|    top_i_9_fu_4769_p3              |     |        | top_i_9      | select    | auto_sel                 | 0       |
|    top_v_9_fu_4777_p3              |     |        | top_v_9      | select    | auto_sel                 | 0       |
|    new_i_125_fu_4785_p3            |     |        | new_i_125    | select    | auto_sel                 | 0       |
|    new_v_125_fu_4793_p3            |     |        | new_v_125    | select    | auto_sel                 | 0       |
|    top_i_10_fu_4801_p3             |     |        | top_i_10     | select    | auto_sel                 | 0       |
|    top_v_10_fu_4809_p3             |     |        | top_v_10     | select    | auto_sel                 | 0       |
|    new_i_128_fu_4817_p3            |     |        | new_i_128    | select    | auto_sel                 | 0       |
|    new_v_128_fu_4825_p3            |     |        | new_v_128    | select    | auto_sel                 | 0       |
|    top_i_11_fu_4833_p3             |     |        | top_i_11     | select    | auto_sel                 | 0       |
|    top_v_11_fu_4841_p3             |     |        | top_v_11     | select    | auto_sel                 | 0       |
|    new_i_131_fu_4849_p3            |     |        | new_i_131    | select    | auto_sel                 | 0       |
|    new_v_131_fu_4857_p3            |     |        | new_v_131    | select    | auto_sel                 | 0       |
|    top_i_12_fu_4865_p3             |     |        | top_i_12     | select    | auto_sel                 | 0       |
|    top_v_12_fu_4873_p3             |     |        | top_v_12     | select    | auto_sel                 | 0       |
|    new_i_134_fu_4881_p3            |     |        | new_i_134    | select    | auto_sel                 | 0       |
|    new_v_134_fu_4889_p3            |     |        | new_v_134    | select    | auto_sel                 | 0       |
|    top_i_13_fu_4897_p3             |     |        | top_i_13     | select    | auto_sel                 | 0       |
|    top_v_13_fu_4905_p3             |     |        | top_v_13     | select    | auto_sel                 | 0       |
|    new_i_137_fu_4913_p3            |     |        | new_i_137    | select    | auto_sel                 | 0       |
|    new_v_137_fu_4921_p3            |     |        | new_v_137    | select    | auto_sel                 | 0       |
|    top_i_14_fu_4929_p3             |     |        | top_i_14     | select    | auto_sel                 | 0       |
|    top_v_14_fu_4937_p3             |     |        | top_v_14     | select    | auto_sel                 | 0       |
|    new_i_140_fu_4945_p3            |     |        | new_i_140    | select    | auto_sel                 | 0       |
|    new_v_140_fu_4953_p3            |     |        | new_v_140    | select    | auto_sel                 | 0       |
|    top_i_15_fu_4961_p3             |     |        | top_i_15     | select    | auto_sel                 | 0       |
|    top_v_15_fu_4969_p3             |     |        | top_v_15     | select    | auto_sel                 | 0       |
|    new_i_143_fu_4977_p3            |     |        | new_i_143    | select    | auto_sel                 | 0       |
|    new_v_143_fu_4985_p3            |     |        | new_v_143    | select    | auto_sel                 | 0       |
|    top_i_16_fu_4993_p3             |     |        | top_i_16     | select    | auto_sel                 | 0       |
|    top_v_16_fu_5001_p3             |     |        | top_v_16     | select    | auto_sel                 | 0       |
|    new_i_146_fu_5009_p3            |     |        | new_i_146    | select    | auto_sel                 | 0       |
|    new_v_146_fu_5017_p3            |     |        | new_v_146    | select    | auto_sel                 | 0       |
|    top_i_17_fu_5025_p3             |     |        | top_i_17     | select    | auto_sel                 | 0       |
|    top_v_17_fu_5033_p3             |     |        | top_v_17     | select    | auto_sel                 | 0       |
|    new_i_149_fu_5041_p3            |     |        | new_i_149    | select    | auto_sel                 | 0       |
|    new_v_149_fu_5049_p3            |     |        | new_v_149    | select    | auto_sel                 | 0       |
|    top_i_18_fu_5057_p3             |     |        | top_i_18     | select    | auto_sel                 | 0       |
|    top_v_18_fu_5065_p3             |     |        | top_v_18     | select    | auto_sel                 | 0       |
|    new_i_152_fu_5073_p3            |     |        | new_i_152    | select    | auto_sel                 | 0       |
|    new_v_152_fu_5081_p3            |     |        | new_v_152    | select    | auto_sel                 | 0       |
|    top_i_19_fu_5089_p3             |     |        | top_i_19     | select    | auto_sel                 | 0       |
|    top_v_19_fu_5097_p3             |     |        | top_v_19     | select    | auto_sel                 | 0       |
|    new_i_155_fu_5105_p3            |     |        | new_i_155    | select    | auto_sel                 | 0       |
|    new_v_155_fu_5113_p3            |     |        | new_v_155    | select    | auto_sel                 | 0       |
|    top_i_20_fu_5121_p3             |     |        | top_i_20     | select    | auto_sel                 | 0       |
|    top_v_20_fu_5129_p3             |     |        | top_v_20     | select    | auto_sel                 | 0       |
|    new_i_158_fu_5137_p3            |     |        | new_i_158    | select    | auto_sel                 | 0       |
|    new_v_158_fu_5145_p3            |     |        | new_v_158    | select    | auto_sel                 | 0       |
|    top_i_21_fu_5153_p3             |     |        | top_i_21     | select    | auto_sel                 | 0       |
|    top_v_21_fu_5161_p3             |     |        | top_v_21     | select    | auto_sel                 | 0       |
|    new_i_161_fu_5169_p3            |     |        | new_i_161    | select    | auto_sel                 | 0       |
|    new_v_161_fu_5177_p3            |     |        | new_v_161    | select    | auto_sel                 | 0       |
|    top_i_22_fu_5185_p3             |     |        | top_i_22     | select    | auto_sel                 | 0       |
|    top_v_22_fu_5193_p3             |     |        | top_v_22     | select    | auto_sel                 | 0       |
|    new_i_164_fu_5201_p3            |     |        | new_i_164    | select    | auto_sel                 | 0       |
|    new_v_164_fu_5209_p3            |     |        | new_v_164    | select    | auto_sel                 | 0       |
|    top_i_23_fu_5217_p3             |     |        | top_i_23     | select    | auto_sel                 | 0       |
|    top_v_23_fu_5225_p3             |     |        | top_v_23     | select    | auto_sel                 | 0       |
|    new_i_167_fu_5233_p3            |     |        | new_i_167    | select    | auto_sel                 | 0       |
|    new_v_167_fu_5241_p3            |     |        | new_v_167    | select    | auto_sel                 | 0       |
|    top_i_24_fu_5249_p3             |     |        | top_i_24     | select    | auto_sel                 | 0       |
|    top_v_24_fu_5257_p3             |     |        | top_v_24     | select    | auto_sel                 | 0       |
|    new_i_170_fu_5265_p3            |     |        | new_i_170    | select    | auto_sel                 | 0       |
|    new_v_170_fu_5273_p3            |     |        | new_v_170    | select    | auto_sel                 | 0       |
|    top_i_25_fu_5281_p3             |     |        | top_i_25     | select    | auto_sel                 | 0       |
|    top_v_25_fu_5289_p3             |     |        | top_v_25     | select    | auto_sel                 | 0       |
|    new_i_173_fu_5297_p3            |     |        | new_i_173    | select    | auto_sel                 | 0       |
|    new_v_173_fu_5305_p3            |     |        | new_v_173    | select    | auto_sel                 | 0       |
|    top_i_26_fu_5313_p3             |     |        | top_i_26     | select    | auto_sel                 | 0       |
|    top_v_26_fu_5321_p3             |     |        | top_v_26     | select    | auto_sel                 | 0       |
|    new_i_176_fu_5329_p3            |     |        | new_i_176    | select    | auto_sel                 | 0       |
|    new_v_176_fu_5337_p3            |     |        | new_v_176    | select    | auto_sel                 | 0       |
|    top_i_27_fu_5345_p3             |     |        | top_i_27     | select    | auto_sel                 | 0       |
|    top_v_27_fu_5353_p3             |     |        | top_v_27     | select    | auto_sel                 | 0       |
|    new_i_179_fu_5361_p3            |     |        | new_i_179    | select    | auto_sel                 | 0       |
|    new_v_179_fu_5369_p3            |     |        | new_v_179    | select    | auto_sel                 | 0       |
|    top_i_28_fu_5377_p3             |     |        | top_i_28     | select    | auto_sel                 | 0       |
|    top_v_28_fu_5385_p3             |     |        | top_v_28     | select    | auto_sel                 | 0       |
|    new_i_182_fu_5393_p3            |     |        | new_i_182    | select    | auto_sel                 | 0       |
|    new_v_182_fu_5401_p3            |     |        | new_v_182    | select    | auto_sel                 | 0       |
|    top_i_29_fu_5409_p3             |     |        | top_i_29     | select    | auto_sel                 | 0       |
|    top_v_29_fu_5417_p3             |     |        | top_v_29     | select    | auto_sel                 | 0       |
|    new_i_185_fu_5425_p3            |     |        | new_i_185    | select    | auto_sel                 | 0       |
|    new_v_185_fu_5433_p3            |     |        | new_v_185    | select    | auto_sel                 | 0       |
|    top_i_30_fu_5441_p3             |     |        | top_i_30     | select    | auto_sel                 | 0       |
|    top_v_30_fu_5449_p3             |     |        | top_v_30     | select    | auto_sel                 | 0       |
|    new_i_188_fu_5457_p3            |     |        | new_i_188    | select    | auto_sel                 | 0       |
|    new_v_188_fu_5465_p3            |     |        | new_v_188    | select    | auto_sel                 | 0       |
|    top_i_31_fu_5473_p3             |     |        | top_i_31     | select    | auto_sel                 | 0       |
|    top_v_31_fu_5481_p3             |     |        | top_v_31     | select    | auto_sel                 | 0       |
|    new_i_190_fu_5489_p3            |     |        | new_i_190    | select    | auto_sel                 | 0       |
|    new_v_190_fu_5497_p3            |     |        | new_v_190    | select    | auto_sel                 | 0       |
|    top_i_32_fu_5505_p3             |     |        | top_i_32     | select    | auto_sel                 | 0       |
|    top_v_32_fu_5513_p3             |     |        | top_v_32     | select    | auto_sel                 | 0       |
|    new_i_192_fu_5521_p3            |     |        | new_i_192    | select    | auto_sel                 | 0       |
|    new_v_192_fu_5529_p3            |     |        | new_v_192    | select    | auto_sel                 | 0       |
|    top_i_33_fu_5537_p3             |     |        | top_i_33     | select    | auto_sel                 | 0       |
|    top_v_33_fu_5545_p3             |     |        | top_v_33     | select    | auto_sel                 | 0       |
|    new_i_194_fu_5553_p3            |     |        | new_i_194    | select    | auto_sel                 | 0       |
|    new_v_194_fu_5561_p3            |     |        | new_v_194    | select    | auto_sel                 | 0       |
|    top_i_34_fu_5569_p3             |     |        | top_i_34     | select    | auto_sel                 | 0       |
|    top_v_34_fu_5577_p3             |     |        | top_v_34     | select    | auto_sel                 | 0       |
|    new_i_196_fu_5585_p3            |     |        | new_i_196    | select    | auto_sel                 | 0       |
|    new_v_196_fu_5593_p3            |     |        | new_v_196    | select    | auto_sel                 | 0       |
|    top_i_35_fu_5601_p3             |     |        | top_i_35     | select    | auto_sel                 | 0       |
|    top_v_35_fu_5609_p3             |     |        | top_v_35     | select    | auto_sel                 | 0       |
|    new_i_198_fu_5617_p3            |     |        | new_i_198    | select    | auto_sel                 | 0       |
|    new_v_198_fu_5625_p3            |     |        | new_v_198    | select    | auto_sel                 | 0       |
|    top_i_36_fu_5633_p3             |     |        | top_i_36     | select    | auto_sel                 | 0       |
|    top_v_36_fu_5641_p3             |     |        | top_v_36     | select    | auto_sel                 | 0       |
|    new_i_200_fu_5649_p3            |     |        | new_i_200    | select    | auto_sel                 | 0       |
|    new_v_200_fu_5657_p3            |     |        | new_v_200    | select    | auto_sel                 | 0       |
|    top_i_37_fu_5665_p3             |     |        | top_i_37     | select    | auto_sel                 | 0       |
|    top_v_37_fu_5673_p3             |     |        | top_v_37     | select    | auto_sel                 | 0       |
|    new_i_202_fu_5681_p3            |     |        | new_i_202    | select    | auto_sel                 | 0       |
|    new_v_202_fu_5689_p3            |     |        | new_v_202    | select    | auto_sel                 | 0       |
|    top_i_38_fu_5697_p3             |     |        | top_i_38     | select    | auto_sel                 | 0       |
|    top_v_38_fu_5705_p3             |     |        | top_v_38     | select    | auto_sel                 | 0       |
|    new_i_204_fu_5713_p3            |     |        | new_i_204    | select    | auto_sel                 | 0       |
|    new_v_204_fu_5721_p3            |     |        | new_v_204    | select    | auto_sel                 | 0       |
|    top_i_39_fu_5729_p3             |     |        | top_i_39     | select    | auto_sel                 | 0       |
|    top_v_39_fu_5737_p3             |     |        | top_v_39     | select    | auto_sel                 | 0       |
|    new_i_206_fu_5745_p3            |     |        | new_i_206    | select    | auto_sel                 | 0       |
|    new_v_206_fu_5753_p3            |     |        | new_v_206    | select    | auto_sel                 | 0       |
|    top_i_40_fu_5761_p3             |     |        | top_i_40     | select    | auto_sel                 | 0       |
|    top_v_40_fu_5769_p3             |     |        | top_v_40     | select    | auto_sel                 | 0       |
|    new_i_208_fu_5777_p3            |     |        | new_i_208    | select    | auto_sel                 | 0       |
|    new_v_208_fu_5785_p3            |     |        | new_v_208    | select    | auto_sel                 | 0       |
|    top_i_41_fu_5793_p3             |     |        | top_i_41     | select    | auto_sel                 | 0       |
|    top_v_41_fu_5801_p3             |     |        | top_v_41     | select    | auto_sel                 | 0       |
|    new_i_210_fu_5809_p3            |     |        | new_i_210    | select    | auto_sel                 | 0       |
|    new_v_210_fu_5817_p3            |     |        | new_v_210    | select    | auto_sel                 | 0       |
|    top_i_42_fu_5825_p3             |     |        | top_i_42     | select    | auto_sel                 | 0       |
|    top_v_42_fu_5833_p3             |     |        | top_v_42     | select    | auto_sel                 | 0       |
|    new_i_212_fu_5841_p3            |     |        | new_i_212    | select    | auto_sel                 | 0       |
|    new_v_212_fu_5849_p3            |     |        | new_v_212    | select    | auto_sel                 | 0       |
|    top_i_43_fu_5857_p3             |     |        | top_i_43     | select    | auto_sel                 | 0       |
|    top_v_43_fu_5865_p3             |     |        | top_v_43     | select    | auto_sel                 | 0       |
|    new_i_214_fu_5873_p3            |     |        | new_i_214    | select    | auto_sel                 | 0       |
|    new_v_214_fu_5881_p3            |     |        | new_v_214    | select    | auto_sel                 | 0       |
|    top_i_44_fu_5889_p3             |     |        | top_i_44     | select    | auto_sel                 | 0       |
|    top_v_44_fu_5897_p3             |     |        | top_v_44     | select    | auto_sel                 | 0       |
|    new_i_216_fu_5905_p3            |     |        | new_i_216    | select    | auto_sel                 | 0       |
|    new_v_216_fu_5913_p3            |     |        | new_v_216    | select    | auto_sel                 | 0       |
|    top_i_45_fu_5921_p3             |     |        | top_i_45     | select    | auto_sel                 | 0       |
|    top_v_45_fu_5929_p3             |     |        | top_v_45     | select    | auto_sel                 | 0       |
|    new_i_218_fu_5937_p3            |     |        | new_i_218    | select    | auto_sel                 | 0       |
|    new_v_218_fu_5945_p3            |     |        | new_v_218    | select    | auto_sel                 | 0       |
|    top_i_46_fu_5953_p3             |     |        | top_i_46     | select    | auto_sel                 | 0       |
|    top_v_46_fu_5961_p3             |     |        | top_v_46     | select    | auto_sel                 | 0       |
|    new_i_220_fu_5969_p3            |     |        | new_i_220    | select    | auto_sel                 | 0       |
|    new_v_220_fu_5977_p3            |     |        | new_v_220    | select    | auto_sel                 | 0       |
|    top_i_47_fu_5985_p3             |     |        | top_i_47     | select    | auto_sel                 | 0       |
|    top_v_47_fu_5993_p3             |     |        | top_v_47     | select    | auto_sel                 | 0       |
|    new_i_222_fu_6001_p3            |     |        | new_i_222    | select    | auto_sel                 | 0       |
|    new_v_222_fu_6009_p3            |     |        | new_v_222    | select    | auto_sel                 | 0       |
|    top_i_48_fu_6017_p3             |     |        | top_i_48     | select    | auto_sel                 | 0       |
|    top_v_48_fu_6025_p3             |     |        | top_v_48     | select    | auto_sel                 | 0       |
|    new_i_224_fu_6033_p3            |     |        | new_i_224    | select    | auto_sel                 | 0       |
|    new_v_224_fu_6041_p3            |     |        | new_v_224    | select    | auto_sel                 | 0       |
|    top_i_49_fu_6049_p3             |     |        | top_i_49     | select    | auto_sel                 | 0       |
|    top_v_49_fu_6057_p3             |     |        | top_v_49     | select    | auto_sel                 | 0       |
|    new_i_226_fu_6065_p3            |     |        | new_i_226    | select    | auto_sel                 | 0       |
|    new_v_226_fu_6073_p3            |     |        | new_v_226    | select    | auto_sel                 | 0       |
|    top_i_50_fu_6081_p3             |     |        | top_i_50     | select    | auto_sel                 | 0       |
|    top_v_50_fu_6089_p3             |     |        | top_v_50     | select    | auto_sel                 | 0       |
|    new_i_228_fu_6097_p3            |     |        | new_i_228    | select    | auto_sel                 | 0       |
|    new_v_228_fu_6105_p3            |     |        | new_v_228    | select    | auto_sel                 | 0       |
|    top_i_51_fu_6113_p3             |     |        | top_i_51     | select    | auto_sel                 | 0       |
|    top_v_51_fu_6121_p3             |     |        | top_v_51     | select    | auto_sel                 | 0       |
|    new_i_230_fu_6129_p3            |     |        | new_i_230    | select    | auto_sel                 | 0       |
|    new_v_230_fu_6137_p3            |     |        | new_v_230    | select    | auto_sel                 | 0       |
|    top_i_52_fu_6145_p3             |     |        | top_i_52     | select    | auto_sel                 | 0       |
|    top_v_52_fu_6153_p3             |     |        | top_v_52     | select    | auto_sel                 | 0       |
|    new_i_232_fu_6161_p3            |     |        | new_i_232    | select    | auto_sel                 | 0       |
|    new_v_232_fu_6169_p3            |     |        | new_v_232    | select    | auto_sel                 | 0       |
|    top_i_53_fu_6177_p3             |     |        | top_i_53     | select    | auto_sel                 | 0       |
|    top_v_53_fu_6185_p3             |     |        | top_v_53     | select    | auto_sel                 | 0       |
|    new_i_234_fu_6193_p3            |     |        | new_i_234    | select    | auto_sel                 | 0       |
|    new_v_234_fu_6201_p3            |     |        | new_v_234    | select    | auto_sel                 | 0       |
|    top_i_54_fu_6209_p3             |     |        | top_i_54     | select    | auto_sel                 | 0       |
|    top_v_54_fu_6217_p3             |     |        | top_v_54     | select    | auto_sel                 | 0       |
|    new_i_236_fu_6225_p3            |     |        | new_i_236    | select    | auto_sel                 | 0       |
|    new_v_236_fu_6233_p3            |     |        | new_v_236    | select    | auto_sel                 | 0       |
|    top_i_55_fu_6241_p3             |     |        | top_i_55     | select    | auto_sel                 | 0       |
|    top_v_55_fu_6249_p3             |     |        | top_v_55     | select    | auto_sel                 | 0       |
|    new_i_238_fu_6257_p3            |     |        | new_i_238    | select    | auto_sel                 | 0       |
|    new_v_238_fu_6265_p3            |     |        | new_v_238    | select    | auto_sel                 | 0       |
|    top_i_56_fu_6273_p3             |     |        | top_i_56     | select    | auto_sel                 | 0       |
|    top_v_56_fu_6281_p3             |     |        | top_v_56     | select    | auto_sel                 | 0       |
|    new_i_240_fu_6289_p3            |     |        | new_i_240    | select    | auto_sel                 | 0       |
|    new_v_240_fu_6297_p3            |     |        | new_v_240    | select    | auto_sel                 | 0       |
|    top_i_57_fu_6305_p3             |     |        | top_i_57     | select    | auto_sel                 | 0       |
|    top_v_57_fu_6313_p3             |     |        | top_v_57     | select    | auto_sel                 | 0       |
|    new_i_242_fu_6321_p3            |     |        | new_i_242    | select    | auto_sel                 | 0       |
|    new_v_242_fu_6329_p3            |     |        | new_v_242    | select    | auto_sel                 | 0       |
|    top_i_58_fu_6337_p3             |     |        | top_i_58     | select    | auto_sel                 | 0       |
|    top_v_58_fu_6345_p3             |     |        | top_v_58     | select    | auto_sel                 | 0       |
|    new_i_244_fu_6353_p3            |     |        | new_i_244    | select    | auto_sel                 | 0       |
|    new_v_244_fu_6361_p3            |     |        | new_v_244    | select    | auto_sel                 | 0       |
|    top_i_59_fu_6369_p3             |     |        | top_i_59     | select    | auto_sel                 | 0       |
|    top_v_59_fu_6377_p3             |     |        | top_v_59     | select    | auto_sel                 | 0       |
|    new_i_246_fu_6385_p3            |     |        | new_i_246    | select    | auto_sel                 | 0       |
|    new_v_246_fu_6393_p3            |     |        | new_v_246    | select    | auto_sel                 | 0       |
|    top_i_60_fu_6401_p3             |     |        | top_i_60     | select    | auto_sel                 | 0       |
|    top_v_60_fu_6409_p3             |     |        | top_v_60     | select    | auto_sel                 | 0       |
|    new_i_248_fu_6417_p3            |     |        | new_i_248    | select    | auto_sel                 | 0       |
|    new_v_248_fu_6425_p3            |     |        | new_v_248    | select    | auto_sel                 | 0       |
|    top_i_61_fu_6433_p3             |     |        | top_i_61     | select    | auto_sel                 | 0       |
|    top_v_61_fu_6441_p3             |     |        | top_v_61     | select    | auto_sel                 | 0       |
|    new_i_250_fu_6449_p3            |     |        | new_i_250    | select    | auto_sel                 | 0       |
|    new_v_250_fu_6457_p3            |     |        | new_v_250    | select    | auto_sel                 | 0       |
|    top_i_62_fu_6465_p3             |     |        | top_i_62     | select    | auto_sel                 | 0       |
|    top_v_62_fu_6473_p3             |     |        | top_v_62     | select    | auto_sel                 | 0       |
|    top_i_63_fu_6481_p3             |     |        | top_i_63     | select    | auto_sel                 | 0       |
|    top_v_63_fu_6489_p3             |     |        | top_v_63     | select    | auto_sel                 | 0       |
|  + topk_engine_Pipeline_WRITE_LOOP | 0   |        |              |           |                          |         |
|    add_ln110_fu_1496_p2            |     |        | add_ln110    | add       | fabric                   | 0       |
|    icmp_ln110_fu_1502_p2           |     |        | icmp_ln110   | seteq     | auto                     | 0       |
|    sparsemux_129_6_16_1_1_U130     |     |        | tmp          | sparsemux | compactencoding_dontcare | 0       |
|    sparsemux_129_6_16_1_1_U131     |     |        | tmp_1        | sparsemux | compactencoding_dontcare | 0       |
+------------------------------------+-----+--------+--------------+-----------+--------------------------+---------+


================================================================
== Storage Report
================================================================
  No bind storage info in design

================================================================
== Pragma Report
================================================================
* Valid Pragma Syntax
+-----------------+-------------------------+-------------------------------------------+
| Type            | Options                 | Location                                  |
+-----------------+-------------------------+-------------------------------------------+
| interface       | ap_ctrl_hs port=return  | topk_engine.cpp:44 in topk_engine, return |
| array_partition | variable=top_v complete | topk_engine.cpp:50 in topk_engine, top_v  |
| array_partition | variable=top_i complete | topk_engine.cpp:51 in topk_engine, top_i  |
| unroll          |                         | topk_engine.cpp:55 in topk_engine         |
| pipeline        | II=1                    | topk_engine.cpp:62 in topk_engine         |
| array_partition | variable=ins complete   | topk_engine.cpp:68 in topk_engine, ins    |
| unroll          |                         | topk_engine.cpp:70 in topk_engine         |
| array_partition | variable=new_v complete | topk_engine.cpp:79 in topk_engine, new_v  |
| array_partition | variable=new_i complete | topk_engine.cpp:80 in topk_engine, new_i  |
| unroll          |                         | topk_engine.cpp:82 in topk_engine         |
| unroll          |                         | topk_engine.cpp:103 in topk_engine        |
| pipeline        | II=1                    | topk_engine.cpp:111 in topk_engine        |
+-----------------+-------------------------+-------------------------------------------+


