

================================================================
== Vitis HLS Report for 'topk_engine_Pipeline_MAIN_LOOP'
================================================================
* Date:           Wed May 27 13:12:20 2026

* Version:        2024.1 (Build 5069499 on May 21 2024)
* Project:        xmod_attn_v1_hls
* Solution:       sol1 (Vivado IP Flow Target)
* Product family: versalaicore
* Target device:  xcvc1902-vsva2197-2MP-e-S


================================================================
== Performance Estimates
================================================================
+ Timing: 
    * Summary: 
    +--------+---------+----------+------------+
    |  Clock |  Target | Estimated| Uncertainty|
    +--------+---------+----------+------------+
    |ap_clk  |  4.00 ns|  1.845 ns|     1.08 ns|
    +--------+---------+----------+------------+

+ Latency: 
    * Summary: 
    +---------+---------+----------+----------+-----+-----+-----------------------------------------------+
    |  Latency (cycles) |  Latency (absolute) |  Interval |                    Pipeline                   |
    |   min   |   max   |    min   |    max   | min | max |                      Type                     |
    +---------+---------+----------+----------+-----+-----+-----------------------------------------------+
    |      259|      259|  1.036 us|  1.036 us|  257|  257|  loop auto-rewind stp(delay=0 clock cycles(s))|
    +---------+---------+----------+----------+-----+-----+-----------------------------------------------+

    + Detail: 
        * Instance: 
        N/A

        * Loop: 
        +-------------+---------+---------+----------+-----------+-----------+------+----------+
        |             |  Latency (cycles) | Iteration|  Initiation Interval  | Trip |          |
        |  Loop Name  |   min   |   max   |  Latency |  achieved |   target  | Count| Pipelined|
        +-------------+---------+---------+----------+-----------+-----------+------+----------+
        |- MAIN_LOOP  |      257|      257|         2|          1|          1|   256|       yes|
        +-------------+---------+---------+----------+-----------+-----------+------+----------+



================================================================
== Utilization Estimates
================================================================
* Summary: 
+-----------------+---------+------+---------+--------+-----+
|       Name      | BRAM_18K|  DSP |    FF   |   LUT  | URAM|
+-----------------+---------+------+---------+--------+-----+
|DSP              |        -|     -|        -|       -|    -|
|Expression       |        -|     -|        0|    4607|    -|
|FIFO             |        -|     -|        -|       -|    -|
|Instance         |        -|     -|        -|       -|    -|
|Memory           |        -|     -|        -|       -|    -|
|Multiplexer      |        -|     -|        0|    2096|    -|
|Register         |        -|     -|     2071|       -|    -|
+-----------------+---------+------+---------+--------+-----+
|Total            |        0|     0|     2071|    6703|    0|
+-----------------+---------+------+---------+--------+-----+
|Available        |     1934|  1968|  1799680|  899840|  463|
+-----------------+---------+------+---------+--------+-----+
|Utilization (%)  |        0|     0|       ~0|      ~0|    0|
+-----------------+---------+------+---------+--------+-----+

+ Detail: 
    * Instance: 
    N/A

    * DSP: 
    N/A

    * Memory: 
    N/A

    * FIFO: 
    N/A

    * Expression: 
    +-------------------------+----------+----+---+----+------------+------------+
    |      Variable Name      | Operation| DSP| FF| LUT| Bitwidth P0| Bitwidth P1|
    +-------------------------+----------+----+---+----+------------+------------+
    |n_2_fu_3480_p2           |         +|   0|  0|   9|           9|           1|
    |icmp_ln61_fu_3486_p2     |      icmp|   0|  0|   4|           9|          10|
    |icmp_ln71_10_fu_4502_p2  |      icmp|   0|  0|   8|          16|          16|
    |icmp_ln71_11_fu_4508_p2  |      icmp|   0|  0|   8|          16|          16|
    |icmp_ln71_12_fu_4514_p2  |      icmp|   0|  0|   8|          16|          16|
    |icmp_ln71_13_fu_4520_p2  |      icmp|   0|  0|   8|          16|          16|
    |icmp_ln71_14_fu_4526_p2  |      icmp|   0|  0|   8|          16|          16|
    |icmp_ln71_15_fu_4532_p2  |      icmp|   0|  0|   8|          16|          16|
    |icmp_ln71_16_fu_4538_p2  |      icmp|   0|  0|   8|          16|          16|
    |icmp_ln71_17_fu_4544_p2  |      icmp|   0|  0|   8|          16|          16|
    |icmp_ln71_18_fu_4550_p2  |      icmp|   0|  0|   8|          16|          16|
    |icmp_ln71_19_fu_4556_p2  |      icmp|   0|  0|   8|          16|          16|
    |icmp_ln71_1_fu_4448_p2   |      icmp|   0|  0|   8|          16|          16|
    |icmp_ln71_20_fu_4562_p2  |      icmp|   0|  0|   8|          16|          16|
    |icmp_ln71_21_fu_4568_p2  |      icmp|   0|  0|   8|          16|          16|
    |icmp_ln71_22_fu_4574_p2  |      icmp|   0|  0|   8|          16|          16|
    |icmp_ln71_23_fu_4580_p2  |      icmp|   0|  0|   8|          16|          16|
    |icmp_ln71_24_fu_4586_p2  |      icmp|   0|  0|   8|          16|          16|
    |icmp_ln71_25_fu_4592_p2  |      icmp|   0|  0|   8|          16|          16|
    |icmp_ln71_26_fu_4598_p2  |      icmp|   0|  0|   8|          16|          16|
    |icmp_ln71_27_fu_4604_p2  |      icmp|   0|  0|   8|          16|          16|
    |icmp_ln71_28_fu_4610_p2  |      icmp|   0|  0|   8|          16|          16|
    |icmp_ln71_29_fu_4616_p2  |      icmp|   0|  0|   8|          16|          16|
    |icmp_ln71_2_fu_4454_p2   |      icmp|   0|  0|   8|          16|          16|
    |icmp_ln71_30_fu_4622_p2  |      icmp|   0|  0|   8|          16|          16|
    |icmp_ln71_31_fu_4628_p2  |      icmp|   0|  0|   8|          16|          16|
    |icmp_ln71_32_fu_4634_p2  |      icmp|   0|  0|   8|          16|          16|
    |icmp_ln71_33_fu_4640_p2  |      icmp|   0|  0|   8|          16|          16|
    |icmp_ln71_34_fu_4646_p2  |      icmp|   0|  0|   8|          16|          16|
    |icmp_ln71_35_fu_4652_p2  |      icmp|   0|  0|   8|          16|          16|
    |icmp_ln71_36_fu_4658_p2  |      icmp|   0|  0|   8|          16|          16|
    |icmp_ln71_37_fu_4664_p2  |      icmp|   0|  0|   8|          16|          16|
    |icmp_ln71_38_fu_4670_p2  |      icmp|   0|  0|   8|          16|          16|
    |icmp_ln71_39_fu_4676_p2  |      icmp|   0|  0|   8|          16|          16|
    |icmp_ln71_3_fu_4460_p2   |      icmp|   0|  0|   8|          16|          16|
    |icmp_ln71_40_fu_4682_p2  |      icmp|   0|  0|   8|          16|          16|
    |icmp_ln71_41_fu_4688_p2  |      icmp|   0|  0|   8|          16|          16|
    |icmp_ln71_42_fu_4694_p2  |      icmp|   0|  0|   8|          16|          16|
    |icmp_ln71_43_fu_4700_p2  |      icmp|   0|  0|   8|          16|          16|
    |icmp_ln71_44_fu_4706_p2  |      icmp|   0|  0|   8|          16|          16|
    |icmp_ln71_45_fu_4712_p2  |      icmp|   0|  0|   8|          16|          16|
    |icmp_ln71_46_fu_4718_p2  |      icmp|   0|  0|   8|          16|          16|
    |icmp_ln71_47_fu_4724_p2  |      icmp|   0|  0|   8|          16|          16|
    |icmp_ln71_48_fu_4730_p2  |      icmp|   0|  0|   8|          16|          16|
    |icmp_ln71_49_fu_4736_p2  |      icmp|   0|  0|   8|          16|          16|
    |icmp_ln71_4_fu_4466_p2   |      icmp|   0|  0|   8|          16|          16|
    |icmp_ln71_50_fu_4742_p2  |      icmp|   0|  0|   8|          16|          16|
    |icmp_ln71_51_fu_4748_p2  |      icmp|   0|  0|   8|          16|          16|
    |icmp_ln71_52_fu_4754_p2  |      icmp|   0|  0|   8|          16|          16|
    |icmp_ln71_53_fu_4760_p2  |      icmp|   0|  0|   8|          16|          16|
    |icmp_ln71_54_fu_4766_p2  |      icmp|   0|  0|   8|          16|          16|
    |icmp_ln71_55_fu_4772_p2  |      icmp|   0|  0|   8|          16|          16|
    |icmp_ln71_56_fu_4778_p2  |      icmp|   0|  0|   8|          16|          16|
    |icmp_ln71_57_fu_4784_p2  |      icmp|   0|  0|   8|          16|          16|
    |icmp_ln71_58_fu_4790_p2  |      icmp|   0|  0|   8|          16|          16|
    |icmp_ln71_59_fu_4796_p2  |      icmp|   0|  0|   8|          16|          16|
    |icmp_ln71_5_fu_4472_p2   |      icmp|   0|  0|   8|          16|          16|
    |icmp_ln71_60_fu_4802_p2  |      icmp|   0|  0|   8|          16|          16|
    |icmp_ln71_61_fu_4808_p2  |      icmp|   0|  0|   8|          16|          16|
    |icmp_ln71_62_fu_4814_p2  |      icmp|   0|  0|   8|          16|          16|
    |icmp_ln71_63_fu_4820_p2  |      icmp|   0|  0|   8|          16|          16|
    |icmp_ln71_6_fu_4478_p2   |      icmp|   0|  0|   8|          16|          16|
    |icmp_ln71_7_fu_4484_p2   |      icmp|   0|  0|   8|          16|          16|
    |icmp_ln71_8_fu_4490_p2   |      icmp|   0|  0|   8|          16|          16|
    |icmp_ln71_9_fu_4496_p2   |      icmp|   0|  0|   8|          16|          16|
    |icmp_ln71_fu_4442_p2     |      icmp|   0|  0|   8|          16|          16|
    |new_i_101_fu_4858_p3     |    select|   0|  0|  16|           1|          16|
    |new_i_105_fu_4890_p3     |    select|   0|  0|  16|           1|          16|
    |new_i_110_fu_4922_p3     |    select|   0|  0|  16|           1|          16|
    |new_i_114_fu_4954_p3     |    select|   0|  0|  16|           1|          16|
    |new_i_119_fu_4986_p3     |    select|   0|  0|  16|           1|          16|
    |new_i_123_fu_5018_p3     |    select|   0|  0|  16|           1|          16|
    |new_i_128_fu_5050_p3     |    select|   0|  0|  16|           1|          16|
    |new_i_132_fu_5082_p3     |    select|   0|  0|  16|           1|          16|
    |new_i_137_fu_5114_p3     |    select|   0|  0|  16|           1|          16|
    |new_i_141_fu_5146_p3     |    select|   0|  0|  16|           1|          16|
    |new_i_146_fu_5178_p3     |    select|   0|  0|  16|           1|          16|
    |new_i_150_fu_5210_p3     |    select|   0|  0|  16|           1|          16|
    |new_i_155_fu_5242_p3     |    select|   0|  0|  16|           1|          16|
    |new_i_159_fu_5274_p3     |    select|   0|  0|  16|           1|          16|
    |new_i_164_fu_5306_p3     |    select|   0|  0|  16|           1|          16|
    |new_i_168_fu_5338_p3     |    select|   0|  0|  16|           1|          16|
    |new_i_173_fu_5370_p3     |    select|   0|  0|  16|           1|          16|
    |new_i_177_fu_5402_p3     |    select|   0|  0|  16|           1|          16|
    |new_i_182_fu_5434_p3     |    select|   0|  0|  16|           1|          16|
    |new_i_186_fu_5466_p3     |    select|   0|  0|  16|           1|          16|
    |new_i_190_fu_5498_p3     |    select|   0|  0|  16|           1|          16|
    |new_i_193_fu_5530_p3     |    select|   0|  0|  16|           1|          16|
    |new_i_196_fu_5562_p3     |    select|   0|  0|  16|           1|          16|
    |new_i_199_fu_5594_p3     |    select|   0|  0|  16|           1|          16|
    |new_i_202_fu_5626_p3     |    select|   0|  0|  16|           1|          16|
    |new_i_205_fu_5658_p3     |    select|   0|  0|  16|           1|          16|
    |new_i_208_fu_5690_p3     |    select|   0|  0|  16|           1|          16|
    |new_i_211_fu_5722_p3     |    select|   0|  0|  16|           1|          16|
    |new_i_214_fu_5754_p3     |    select|   0|  0|  16|           1|          16|
    |new_i_217_fu_5786_p3     |    select|   0|  0|  16|           1|          16|
    |new_i_220_fu_5818_p3     |    select|   0|  0|  16|           1|          16|
    |new_i_223_fu_5850_p3     |    select|   0|  0|  16|           1|          16|
    |new_i_226_fu_5882_p3     |    select|   0|  0|  16|           1|          16|
    |new_i_229_fu_5914_p3     |    select|   0|  0|  16|           1|          16|
    |new_i_232_fu_5946_p3     |    select|   0|  0|  16|           1|          16|
    |new_i_235_fu_5978_p3     |    select|   0|  0|  16|           1|          16|
    |new_i_238_fu_6010_p3     |    select|   0|  0|  16|           1|          16|
    |new_i_241_fu_6042_p3     |    select|   0|  0|  16|           1|          16|
    |new_i_244_fu_6074_p3     |    select|   0|  0|  16|           1|          16|
    |new_i_247_fu_6106_p3     |    select|   0|  0|  16|           1|          16|
    |new_i_250_fu_6138_p3     |    select|   0|  0|  16|           1|          16|
    |new_i_253_fu_6170_p3     |    select|   0|  0|  16|           1|          16|
    |new_i_256_fu_6202_p3     |    select|   0|  0|  16|           1|          16|
    |new_i_259_fu_6234_p3     |    select|   0|  0|  16|           1|          16|
    |new_i_262_fu_6266_p3     |    select|   0|  0|  16|           1|          16|
    |new_i_265_fu_6298_p3     |    select|   0|  0|  16|           1|          16|
    |new_i_268_fu_6330_p3     |    select|   0|  0|  16|           1|          16|
    |new_i_271_fu_6362_p3     |    select|   0|  0|  16|           1|          16|
    |new_i_274_fu_6394_p3     |    select|   0|  0|  16|           1|          16|
    |new_i_277_fu_6426_p3     |    select|   0|  0|  16|           1|          16|
    |new_i_280_fu_6458_p3     |    select|   0|  0|  16|           1|          16|
    |new_i_283_fu_6490_p3     |    select|   0|  0|  16|           1|          16|
    |new_i_286_fu_6522_p3     |    select|   0|  0|  16|           1|          16|
    |new_i_289_fu_6554_p3     |    select|   0|  0|  16|           1|          16|
    |new_i_292_fu_6586_p3     |    select|   0|  0|  16|           1|          16|
    |new_i_295_fu_6618_p3     |    select|   0|  0|  16|           1|          16|
    |new_i_298_fu_6650_p3     |    select|   0|  0|  16|           1|          16|
    |new_i_301_fu_6682_p3     |    select|   0|  0|  16|           1|          16|
    |new_i_304_fu_6714_p3     |    select|   0|  0|  16|           1|          16|
    |new_i_307_fu_6746_p3     |    select|   0|  0|  16|           1|          16|
    |new_i_310_fu_6778_p3     |    select|   0|  0|  16|           1|          16|
    |new_i_313_fu_6810_p3     |    select|   0|  0|  16|           1|          16|
    |new_i_96_fu_4826_p3      |    select|   0|  0|  16|           1|          16|
    |new_v_101_fu_4898_p3     |    select|   0|  0|  16|           1|          16|
    |new_v_104_fu_4930_p3     |    select|   0|  0|  16|           1|          16|
    |new_v_107_fu_4962_p3     |    select|   0|  0|  16|           1|          16|
    |new_v_110_fu_4994_p3     |    select|   0|  0|  16|           1|          16|
    |new_v_113_fu_5026_p3     |    select|   0|  0|  16|           1|          16|
    |new_v_116_fu_5058_p3     |    select|   0|  0|  16|           1|          16|
    |new_v_119_fu_5090_p3     |    select|   0|  0|  16|           1|          16|
    |new_v_122_fu_5122_p3     |    select|   0|  0|  16|           1|          16|
    |new_v_125_fu_5154_p3     |    select|   0|  0|  16|           1|          16|
    |new_v_128_fu_5186_p3     |    select|   0|  0|  16|           1|          16|
    |new_v_131_fu_5218_p3     |    select|   0|  0|  16|           1|          16|
    |new_v_134_fu_5250_p3     |    select|   0|  0|  16|           1|          16|
    |new_v_137_fu_5282_p3     |    select|   0|  0|  16|           1|          16|
    |new_v_140_fu_5314_p3     |    select|   0|  0|  16|           1|          16|
    |new_v_143_fu_5346_p3     |    select|   0|  0|  16|           1|          16|
    |new_v_146_fu_5378_p3     |    select|   0|  0|  16|           1|          16|
    |new_v_149_fu_5410_p3     |    select|   0|  0|  16|           1|          16|
    |new_v_152_fu_5442_p3     |    select|   0|  0|  16|           1|          16|
    |new_v_155_fu_5474_p3     |    select|   0|  0|  16|           1|          16|
    |new_v_158_fu_5506_p3     |    select|   0|  0|  16|           1|          16|
    |new_v_161_fu_5538_p3     |    select|   0|  0|  16|           1|          16|
    |new_v_164_fu_5570_p3     |    select|   0|  0|  16|           1|          16|
    |new_v_167_fu_5602_p3     |    select|   0|  0|  16|           1|          16|
    |new_v_170_fu_5634_p3     |    select|   0|  0|  16|           1|          16|
    |new_v_173_fu_5666_p3     |    select|   0|  0|  16|           1|          16|
    |new_v_176_fu_5698_p3     |    select|   0|  0|  16|           1|          16|
    |new_v_179_fu_5730_p3     |    select|   0|  0|  16|           1|          16|
    |new_v_182_fu_5762_p3     |    select|   0|  0|  16|           1|          16|
    |new_v_185_fu_5794_p3     |    select|   0|  0|  16|           1|          16|
    |new_v_188_fu_5826_p3     |    select|   0|  0|  16|           1|          16|
    |new_v_190_fu_5858_p3     |    select|   0|  0|  16|           1|          16|
    |new_v_192_fu_5890_p3     |    select|   0|  0|  16|           1|          16|
    |new_v_194_fu_5922_p3     |    select|   0|  0|  16|           1|          16|
    |new_v_196_fu_5954_p3     |    select|   0|  0|  16|           1|          16|
    |new_v_198_fu_5986_p3     |    select|   0|  0|  16|           1|          16|
    |new_v_200_fu_6018_p3     |    select|   0|  0|  16|           1|          16|
    |new_v_202_fu_6050_p3     |    select|   0|  0|  16|           1|          16|
    |new_v_204_fu_6082_p3     |    select|   0|  0|  16|           1|          16|
    |new_v_206_fu_6114_p3     |    select|   0|  0|  16|           1|          16|
    |new_v_208_fu_6146_p3     |    select|   0|  0|  16|           1|          16|
    |new_v_210_fu_6178_p3     |    select|   0|  0|  16|           1|          16|
    |new_v_212_fu_6210_p3     |    select|   0|  0|  16|           1|          16|
    |new_v_214_fu_6242_p3     |    select|   0|  0|  16|           1|          16|
    |new_v_216_fu_6274_p3     |    select|   0|  0|  16|           1|          16|
    |new_v_218_fu_6306_p3     |    select|   0|  0|  16|           1|          16|
    |new_v_220_fu_6338_p3     |    select|   0|  0|  16|           1|          16|
    |new_v_222_fu_6370_p3     |    select|   0|  0|  16|           1|          16|
    |new_v_224_fu_6402_p3     |    select|   0|  0|  16|           1|          16|
    |new_v_226_fu_6434_p3     |    select|   0|  0|  16|           1|          16|
    |new_v_228_fu_6466_p3     |    select|   0|  0|  16|           1|          16|
    |new_v_230_fu_6498_p3     |    select|   0|  0|  16|           1|          16|
    |new_v_232_fu_6530_p3     |    select|   0|  0|  16|           1|          16|
    |new_v_234_fu_6562_p3     |    select|   0|  0|  16|           1|          16|
    |new_v_236_fu_6594_p3     |    select|   0|  0|  16|           1|          16|
    |new_v_238_fu_6626_p3     |    select|   0|  0|  16|           1|          16|
    |new_v_240_fu_6658_p3     |    select|   0|  0|  16|           1|          16|
    |new_v_242_fu_6690_p3     |    select|   0|  0|  16|           1|          16|
    |new_v_244_fu_6722_p3     |    select|   0|  0|  16|           1|          16|
    |new_v_246_fu_6754_p3     |    select|   0|  0|  16|           1|          16|
    |new_v_248_fu_6786_p3     |    select|   0|  0|  16|           1|          16|
    |new_v_250_fu_6818_p3     |    select|   0|  0|  16|           1|          16|
    |new_v_95_fu_4834_p3      |    select|   0|  0|  16|           1|          16|
    |new_v_98_fu_4866_p3      |    select|   0|  0|  16|           1|          16|
    |s_val_fu_4430_p3         |    select|   0|  0|  16|           1|          16|
    |top_i_10_fu_5162_p3      |    select|   0|  0|  16|           1|          16|
    |top_i_11_fu_5194_p3      |    select|   0|  0|  16|           1|          16|
    |top_i_12_fu_5226_p3      |    select|   0|  0|  16|           1|          16|
    |top_i_13_fu_5258_p3      |    select|   0|  0|  16|           1|          16|
    |top_i_14_fu_5290_p3      |    select|   0|  0|  16|           1|          16|
    |top_i_15_fu_5322_p3      |    select|   0|  0|  16|           1|          16|
    |top_i_16_fu_5354_p3      |    select|   0|  0|  16|           1|          16|
    |top_i_17_fu_5386_p3      |    select|   0|  0|  16|           1|          16|
    |top_i_18_fu_5418_p3      |    select|   0|  0|  16|           1|          16|
    |top_i_19_fu_5450_p3      |    select|   0|  0|  16|           1|          16|
    |top_i_1_fu_4874_p3       |    select|   0|  0|  16|           1|          16|
    |top_i_20_fu_5482_p3      |    select|   0|  0|  16|           1|          16|
    |top_i_21_fu_5514_p3      |    select|   0|  0|  16|           1|          16|
    |top_i_22_fu_5546_p3      |    select|   0|  0|  16|           1|          16|
    |top_i_23_fu_5578_p3      |    select|   0|  0|  16|           1|          16|
    |top_i_24_fu_5610_p3      |    select|   0|  0|  16|           1|          16|
    |top_i_25_fu_5642_p3      |    select|   0|  0|  16|           1|          16|
    |top_i_26_fu_5674_p3      |    select|   0|  0|  16|           1|          16|
    |top_i_27_fu_5706_p3      |    select|   0|  0|  16|           1|          16|
    |top_i_28_fu_5738_p3      |    select|   0|  0|  16|           1|          16|
    |top_i_29_fu_5770_p3      |    select|   0|  0|  16|           1|          16|
    |top_i_2_fu_4906_p3       |    select|   0|  0|  16|           1|          16|
    |top_i_30_fu_5802_p3      |    select|   0|  0|  16|           1|          16|
    |top_i_31_fu_5834_p3      |    select|   0|  0|  16|           1|          16|
    |top_i_32_fu_5866_p3      |    select|   0|  0|  16|           1|          16|
    |top_i_33_fu_5898_p3      |    select|   0|  0|  16|           1|          16|
    |top_i_34_fu_5930_p3      |    select|   0|  0|  16|           1|          16|
    |top_i_35_fu_5962_p3      |    select|   0|  0|  16|           1|          16|
    |top_i_36_fu_5994_p3      |    select|   0|  0|  16|           1|          16|
    |top_i_37_fu_6026_p3      |    select|   0|  0|  16|           1|          16|
    |top_i_38_fu_6058_p3      |    select|   0|  0|  16|           1|          16|
    |top_i_39_fu_6090_p3      |    select|   0|  0|  16|           1|          16|
    |top_i_3_fu_4938_p3       |    select|   0|  0|  16|           1|          16|
    |top_i_40_fu_6122_p3      |    select|   0|  0|  16|           1|          16|
    |top_i_41_fu_6154_p3      |    select|   0|  0|  16|           1|          16|
    |top_i_42_fu_6186_p3      |    select|   0|  0|  16|           1|          16|
    |top_i_43_fu_6218_p3      |    select|   0|  0|  16|           1|          16|
    |top_i_44_fu_6250_p3      |    select|   0|  0|  16|           1|          16|
    |top_i_45_fu_6282_p3      |    select|   0|  0|  16|           1|          16|
    |top_i_46_fu_6314_p3      |    select|   0|  0|  16|           1|          16|
    |top_i_47_fu_6346_p3      |    select|   0|  0|  16|           1|          16|
    |top_i_48_fu_6378_p3      |    select|   0|  0|  16|           1|          16|
    |top_i_49_fu_6410_p3      |    select|   0|  0|  16|           1|          16|
    |top_i_4_fu_4970_p3       |    select|   0|  0|  16|           1|          16|
    |top_i_50_fu_6442_p3      |    select|   0|  0|  16|           1|          16|
    |top_i_51_fu_6474_p3      |    select|   0|  0|  16|           1|          16|
    |top_i_52_fu_6506_p3      |    select|   0|  0|  16|           1|          16|
    |top_i_53_fu_6538_p3      |    select|   0|  0|  16|           1|          16|
    |top_i_54_fu_6570_p3      |    select|   0|  0|  16|           1|          16|
    |top_i_55_fu_6602_p3      |    select|   0|  0|  16|           1|          16|
    |top_i_56_fu_6634_p3      |    select|   0|  0|  16|           1|          16|
    |top_i_57_fu_6666_p3      |    select|   0|  0|  16|           1|          16|
    |top_i_58_fu_6698_p3      |    select|   0|  0|  16|           1|          16|
    |top_i_59_fu_6730_p3      |    select|   0|  0|  16|           1|          16|
    |top_i_5_fu_5002_p3       |    select|   0|  0|  16|           1|          16|
    |top_i_60_fu_6762_p3      |    select|   0|  0|  16|           1|          16|
    |top_i_61_fu_6794_p3      |    select|   0|  0|  16|           1|          16|
    |top_i_62_fu_6826_p3      |    select|   0|  0|  16|           1|          16|
    |top_i_63_fu_6842_p3      |    select|   0|  0|  16|           1|          16|
    |top_i_6_fu_5034_p3       |    select|   0|  0|  16|           1|          16|
    |top_i_7_fu_5066_p3       |    select|   0|  0|  16|           1|          16|
    |top_i_8_fu_5098_p3       |    select|   0|  0|  16|           1|          16|
    |top_i_9_fu_5130_p3       |    select|   0|  0|  16|           1|          16|
    |top_i_fu_4842_p3         |    select|   0|  0|  16|           1|          16|
    |top_v_10_fu_5170_p3      |    select|   0|  0|  16|           1|          16|
    |top_v_11_fu_5202_p3      |    select|   0|  0|  16|           1|          16|
    |top_v_12_fu_5234_p3      |    select|   0|  0|  16|           1|          16|
    |top_v_13_fu_5266_p3      |    select|   0|  0|  16|           1|          16|
    |top_v_14_fu_5298_p3      |    select|   0|  0|  16|           1|          16|
    |top_v_15_fu_5330_p3      |    select|   0|  0|  16|           1|          16|
    |top_v_16_fu_5362_p3      |    select|   0|  0|  16|           1|          16|
    |top_v_17_fu_5394_p3      |    select|   0|  0|  16|           1|          16|
    |top_v_18_fu_5426_p3      |    select|   0|  0|  16|           1|          16|
    |top_v_19_fu_5458_p3      |    select|   0|  0|  16|           1|          16|
    |top_v_1_fu_4882_p3       |    select|   0|  0|  16|           1|          16|
    |top_v_20_fu_5490_p3      |    select|   0|  0|  16|           1|          16|
    |top_v_21_fu_5522_p3      |    select|   0|  0|  16|           1|          16|
    |top_v_22_fu_5554_p3      |    select|   0|  0|  16|           1|          16|
    |top_v_23_fu_5586_p3      |    select|   0|  0|  16|           1|          16|
    |top_v_24_fu_5618_p3      |    select|   0|  0|  16|           1|          16|
    |top_v_25_fu_5650_p3      |    select|   0|  0|  16|           1|          16|
    |top_v_26_fu_5682_p3      |    select|   0|  0|  16|           1|          16|
    |top_v_27_fu_5714_p3      |    select|   0|  0|  16|           1|          16|
    |top_v_28_fu_5746_p3      |    select|   0|  0|  16|           1|          16|
    |top_v_29_fu_5778_p3      |    select|   0|  0|  16|           1|          16|
    |top_v_2_fu_4914_p3       |    select|   0|  0|  16|           1|          16|
    |top_v_30_fu_5810_p3      |    select|   0|  0|  16|           1|          16|
    |top_v_31_fu_5842_p3      |    select|   0|  0|  16|           1|          16|
    |top_v_32_fu_5874_p3      |    select|   0|  0|  16|           1|          16|
    |top_v_33_fu_5906_p3      |    select|   0|  0|  16|           1|          16|
    |top_v_34_fu_5938_p3      |    select|   0|  0|  16|           1|          16|
    |top_v_35_fu_5970_p3      |    select|   0|  0|  16|           1|          16|
    |top_v_36_fu_6002_p3      |    select|   0|  0|  16|           1|          16|
    |top_v_37_fu_6034_p3      |    select|   0|  0|  16|           1|          16|
    |top_v_38_fu_6066_p3      |    select|   0|  0|  16|           1|          16|
    |top_v_39_fu_6098_p3      |    select|   0|  0|  16|           1|          16|
    |top_v_3_fu_4946_p3       |    select|   0|  0|  16|           1|          16|
    |top_v_40_fu_6130_p3      |    select|   0|  0|  16|           1|          16|
    |top_v_41_fu_6162_p3      |    select|   0|  0|  16|           1|          16|
    |top_v_42_fu_6194_p3      |    select|   0|  0|  16|           1|          16|
    |top_v_43_fu_6226_p3      |    select|   0|  0|  16|           1|          16|
    |top_v_44_fu_6258_p3      |    select|   0|  0|  16|           1|          16|
    |top_v_45_fu_6290_p3      |    select|   0|  0|  16|           1|          16|
    |top_v_46_fu_6322_p3      |    select|   0|  0|  16|           1|          16|
    |top_v_47_fu_6354_p3      |    select|   0|  0|  16|           1|          16|
    |top_v_48_fu_6386_p3      |    select|   0|  0|  16|           1|          16|
    |top_v_49_fu_6418_p3      |    select|   0|  0|  16|           1|          16|
    |top_v_4_fu_4978_p3       |    select|   0|  0|  16|           1|          16|
    |top_v_50_fu_6450_p3      |    select|   0|  0|  16|           1|          16|
    |top_v_51_fu_6482_p3      |    select|   0|  0|  16|           1|          16|
    |top_v_52_fu_6514_p3      |    select|   0|  0|  16|           1|          16|
    |top_v_53_fu_6546_p3      |    select|   0|  0|  16|           1|          16|
    |top_v_54_fu_6578_p3      |    select|   0|  0|  16|           1|          16|
    |top_v_55_fu_6610_p3      |    select|   0|  0|  16|           1|          16|
    |top_v_56_fu_6642_p3      |    select|   0|  0|  16|           1|          16|
    |top_v_57_fu_6674_p3      |    select|   0|  0|  16|           1|          16|
    |top_v_58_fu_6706_p3      |    select|   0|  0|  16|           1|          16|
    |top_v_59_fu_6738_p3      |    select|   0|  0|  16|           1|          16|
    |top_v_5_fu_5010_p3       |    select|   0|  0|  16|           1|          16|
    |top_v_60_fu_6770_p3      |    select|   0|  0|  16|           1|          16|
    |top_v_61_fu_6802_p3      |    select|   0|  0|  16|           1|          16|
    |top_v_62_fu_6834_p3      |    select|   0|  0|  16|           1|          16|
    |top_v_63_fu_6850_p3      |    select|   0|  0|  16|           1|          16|
    |top_v_6_fu_5042_p3       |    select|   0|  0|  16|           1|          16|
    |top_v_7_fu_5074_p3       |    select|   0|  0|  16|           1|          16|
    |top_v_8_fu_5106_p3       |    select|   0|  0|  16|           1|          16|
    |top_v_9_fu_5138_p3       |    select|   0|  0|  16|           1|          16|
    |top_v_fu_4850_p3         |    select|   0|  0|  16|           1|          16|
    |ap_enable_pp0            |       xor|   0|  0|   2|           1|           2|
    +-------------------------+----------+----+---+----+------------+------------+
    |Total                    |          |   0|  0|4607|        1298|        5117|
    +-------------------------+----------+----+---+----+------------+------------+

    * Multiplexer: 
    +----------------------------------+----+-----------+-----+-----------+
    |               Name               | LUT| Input Size| Bits| Total Bits|
    +----------------------------------+----+-----------+-----+-----------+
    |ap_done_int                       |   8|          2|    1|          2|
    |ap_loop_exit_ready_pp0_iter1_reg  |   8|          2|    1|          2|
    |ap_sig_allocacmp_n_1              |  16|          2|    9|         18|
    |empty_115_fu_560                  |  16|          2|   16|         32|
    |empty_fu_300                      |  16|          2|   16|         32|
    |n_fu_296                          |  16|          2|    9|         18|
    |new_i_11_fu_588                   |  16|          2|   16|         32|
    |new_i_12_fu_592                   |  16|          2|   16|         32|
    |new_i_14_fu_596                   |  16|          2|   16|         32|
    |new_i_15_fu_600                   |  16|          2|   16|         32|
    |new_i_17_fu_604                   |  16|          2|   16|         32|
    |new_i_18_fu_608                   |  16|          2|   16|         32|
    |new_i_20_fu_612                   |  16|          2|   16|         32|
    |new_i_21_fu_616                   |  16|          2|   16|         32|
    |new_i_23_fu_620                   |  16|          2|   16|         32|
    |new_i_24_fu_624                   |  16|          2|   16|         32|
    |new_i_26_fu_628                   |  16|          2|   16|         32|
    |new_i_27_fu_632                   |  16|          2|   16|         32|
    |new_i_29_fu_636                   |  16|          2|   16|         32|
    |new_i_2_fu_564                    |  16|          2|   16|         32|
    |new_i_30_fu_640                   |  16|          2|   16|         32|
    |new_i_32_fu_644                   |  16|          2|   16|         32|
    |new_i_33_fu_648                   |  16|          2|   16|         32|
    |new_i_35_fu_652                   |  16|          2|   16|         32|
    |new_i_36_fu_656                   |  16|          2|   16|         32|
    |new_i_38_fu_660                   |  16|          2|   16|         32|
    |new_i_39_fu_664                   |  16|          2|   16|         32|
    |new_i_3_fu_568                    |  16|          2|   16|         32|
    |new_i_41_fu_668                   |  16|          2|   16|         32|
    |new_i_42_fu_672                   |  16|          2|   16|         32|
    |new_i_44_fu_676                   |  16|          2|   16|         32|
    |new_i_45_fu_680                   |  16|          2|   16|         32|
    |new_i_47_fu_684                   |  16|          2|   16|         32|
    |new_i_48_fu_688                   |  16|          2|   16|         32|
    |new_i_50_fu_692                   |  16|          2|   16|         32|
    |new_i_51_fu_696                   |  16|          2|   16|         32|
    |new_i_53_fu_700                   |  16|          2|   16|         32|
    |new_i_54_fu_704                   |  16|          2|   16|         32|
    |new_i_56_fu_708                   |  16|          2|   16|         32|
    |new_i_57_fu_712                   |  16|          2|   16|         32|
    |new_i_59_fu_716                   |  16|          2|   16|         32|
    |new_i_5_fu_572                    |  16|          2|   16|         32|
    |new_i_60_fu_720                   |  16|          2|   16|         32|
    |new_i_62_fu_724                   |  16|          2|   16|         32|
    |new_i_63_fu_728                   |  16|          2|   16|         32|
    |new_i_65_fu_732                   |  16|          2|   16|         32|
    |new_i_66_fu_736                   |  16|          2|   16|         32|
    |new_i_68_fu_740                   |  16|          2|   16|         32|
    |new_i_69_fu_744                   |  16|          2|   16|         32|
    |new_i_6_fu_576                    |  16|          2|   16|         32|
    |new_i_71_fu_748                   |  16|          2|   16|         32|
    |new_i_72_fu_752                   |  16|          2|   16|         32|
    |new_i_74_fu_756                   |  16|          2|   16|         32|
    |new_i_75_fu_760                   |  16|          2|   16|         32|
    |new_i_77_fu_764                   |  16|          2|   16|         32|
    |new_i_78_fu_768                   |  16|          2|   16|         32|
    |new_i_80_fu_772                   |  16|          2|   16|         32|
    |new_i_81_fu_776                   |  16|          2|   16|         32|
    |new_i_83_fu_780                   |  16|          2|   16|         32|
    |new_i_84_fu_784                   |  16|          2|   16|         32|
    |new_i_86_fu_788                   |  16|          2|   16|         32|
    |new_i_87_fu_792                   |  16|          2|   16|         32|
    |new_i_89_fu_796                   |  16|          2|   16|         32|
    |new_i_8_fu_580                    |  16|          2|   16|         32|
    |new_i_90_fu_800                   |  16|          2|   16|         32|
    |new_i_92_fu_804                   |  16|          2|   16|         32|
    |new_i_93_fu_808                   |  16|          2|   16|         32|
    |new_i_9_fu_584                    |  16|          2|   16|         32|
    |new_i_fu_556                      |  16|          2|   16|         32|
    |new_v_11_fu_332                   |  16|          2|   16|         32|
    |new_v_12_fu_336                   |  16|          2|   16|         32|
    |new_v_14_fu_340                   |  16|          2|   16|         32|
    |new_v_15_fu_344                   |  16|          2|   16|         32|
    |new_v_17_fu_348                   |  16|          2|   16|         32|
    |new_v_18_fu_352                   |  16|          2|   16|         32|
    |new_v_20_fu_356                   |  16|          2|   16|         32|
    |new_v_21_fu_360                   |  16|          2|   16|         32|
    |new_v_23_fu_364                   |  16|          2|   16|         32|
    |new_v_24_fu_368                   |  16|          2|   16|         32|
    |new_v_26_fu_372                   |  16|          2|   16|         32|
    |new_v_27_fu_376                   |  16|          2|   16|         32|
    |new_v_29_fu_380                   |  16|          2|   16|         32|
    |new_v_2_fu_308                    |  16|          2|   16|         32|
    |new_v_30_fu_384                   |  16|          2|   16|         32|
    |new_v_32_fu_388                   |  16|          2|   16|         32|
    |new_v_33_fu_392                   |  16|          2|   16|         32|
    |new_v_35_fu_396                   |  16|          2|   16|         32|
    |new_v_36_fu_400                   |  16|          2|   16|         32|
    |new_v_38_fu_404                   |  16|          2|   16|         32|
    |new_v_39_fu_408                   |  16|          2|   16|         32|
    |new_v_3_fu_312                    |  16|          2|   16|         32|
    |new_v_41_fu_412                   |  16|          2|   16|         32|
    |new_v_42_fu_416                   |  16|          2|   16|         32|
    |new_v_44_fu_420                   |  16|          2|   16|         32|
    |new_v_45_fu_424                   |  16|          2|   16|         32|
    |new_v_47_fu_428                   |  16|          2|   16|         32|
    |new_v_48_fu_432                   |  16|          2|   16|         32|
    |new_v_50_fu_436                   |  16|          2|   16|         32|
    |new_v_51_fu_440                   |  16|          2|   16|         32|
    |new_v_53_fu_444                   |  16|          2|   16|         32|
    |new_v_54_fu_448                   |  16|          2|   16|         32|
    |new_v_56_fu_452                   |  16|          2|   16|         32|
    |new_v_57_fu_456                   |  16|          2|   16|         32|
    |new_v_59_fu_460                   |  16|          2|   16|         32|
    |new_v_5_fu_316                    |  16|          2|   16|         32|
    |new_v_60_fu_464                   |  16|          2|   16|         32|
    |new_v_62_fu_468                   |  16|          2|   16|         32|
    |new_v_63_fu_472                   |  16|          2|   16|         32|
    |new_v_65_fu_476                   |  16|          2|   16|         32|
    |new_v_66_fu_480                   |  16|          2|   16|         32|
    |new_v_68_fu_484                   |  16|          2|   16|         32|
    |new_v_69_fu_488                   |  16|          2|   16|         32|
    |new_v_6_fu_320                    |  16|          2|   16|         32|
    |new_v_71_fu_492                   |  16|          2|   16|         32|
    |new_v_72_fu_496                   |  16|          2|   16|         32|
    |new_v_74_fu_500                   |  16|          2|   16|         32|
    |new_v_75_fu_504                   |  16|          2|   16|         32|
    |new_v_77_fu_508                   |  16|          2|   16|         32|
    |new_v_78_fu_512                   |  16|          2|   16|         32|
    |new_v_80_fu_516                   |  16|          2|   16|         32|
    |new_v_81_fu_520                   |  16|          2|   16|         32|
    |new_v_83_fu_524                   |  16|          2|   16|         32|
    |new_v_84_fu_528                   |  16|          2|   16|         32|
    |new_v_86_fu_532                   |  16|          2|   16|         32|
    |new_v_87_fu_536                   |  16|          2|   16|         32|
    |new_v_89_fu_540                   |  16|          2|   16|         32|
    |new_v_8_fu_324                    |  16|          2|   16|         32|
    |new_v_90_fu_544                   |  16|          2|   16|         32|
    |new_v_92_fu_548                   |  16|          2|   16|         32|
    |new_v_93_fu_552                   |  16|          2|   16|         32|
    |new_v_9_fu_328                    |  16|          2|   16|         32|
    |new_v_fu_304                      |  16|          2|   16|         32|
    +----------------------------------+----+-----------+-----+-----------+
    |Total                             |2096|        264| 2068|       4136|
    +----------------------------------+----+-----------+-----+-----------+

    * Register: 
    +----------------------------------+----+----+-----+-----------+
    |               Name               | FF | LUT| Bits| Const Bits|
    +----------------------------------+----+----+-----+-----------+
    |ap_CS_fsm                         |   1|   0|    1|          0|
    |ap_done_reg                       |   1|   0|    1|          0|
    |ap_enable_reg_pp0_iter1           |   1|   0|    1|          0|
    |ap_loop_exit_ready_pp0_iter1_reg  |   1|   0|    1|          0|
    |empty_115_fu_560                  |  16|   0|   16|          0|
    |empty_fu_300                      |  16|   0|   16|          0|
    |icmp_ln61_reg_10522               |   1|   0|    1|          0|
    |n_1_reg_10516                     |   9|   0|    9|          0|
    |n_fu_296                          |   9|   0|    9|          0|
    |new_i_11_fu_588                   |  16|   0|   16|          0|
    |new_i_12_fu_592                   |  16|   0|   16|          0|
    |new_i_14_fu_596                   |  16|   0|   16|          0|
    |new_i_15_fu_600                   |  16|   0|   16|          0|
    |new_i_17_fu_604                   |  16|   0|   16|          0|
    |new_i_18_fu_608                   |  16|   0|   16|          0|
    |new_i_20_fu_612                   |  16|   0|   16|          0|
    |new_i_21_fu_616                   |  16|   0|   16|          0|
    |new_i_23_fu_620                   |  16|   0|   16|          0|
    |new_i_24_fu_624                   |  16|   0|   16|          0|
    |new_i_26_fu_628                   |  16|   0|   16|          0|
    |new_i_27_fu_632                   |  16|   0|   16|          0|
    |new_i_29_fu_636                   |  16|   0|   16|          0|
    |new_i_2_fu_564                    |  16|   0|   16|          0|
    |new_i_30_fu_640                   |  16|   0|   16|          0|
    |new_i_32_fu_644                   |  16|   0|   16|          0|
    |new_i_33_fu_648                   |  16|   0|   16|          0|
    |new_i_35_fu_652                   |  16|   0|   16|          0|
    |new_i_36_fu_656                   |  16|   0|   16|          0|
    |new_i_38_fu_660                   |  16|   0|   16|          0|
    |new_i_39_fu_664                   |  16|   0|   16|          0|
    |new_i_3_fu_568                    |  16|   0|   16|          0|
    |new_i_41_fu_668                   |  16|   0|   16|          0|
    |new_i_42_fu_672                   |  16|   0|   16|          0|
    |new_i_44_fu_676                   |  16|   0|   16|          0|
    |new_i_45_fu_680                   |  16|   0|   16|          0|
    |new_i_47_fu_684                   |  16|   0|   16|          0|
    |new_i_48_fu_688                   |  16|   0|   16|          0|
    |new_i_50_fu_692                   |  16|   0|   16|          0|
    |new_i_51_fu_696                   |  16|   0|   16|          0|
    |new_i_53_fu_700                   |  16|   0|   16|          0|
    |new_i_54_fu_704                   |  16|   0|   16|          0|
    |new_i_56_fu_708                   |  16|   0|   16|          0|
    |new_i_57_fu_712                   |  16|   0|   16|          0|
    |new_i_59_fu_716                   |  16|   0|   16|          0|
    |new_i_5_fu_572                    |  16|   0|   16|          0|
    |new_i_60_fu_720                   |  16|   0|   16|          0|
    |new_i_62_fu_724                   |  16|   0|   16|          0|
    |new_i_63_fu_728                   |  16|   0|   16|          0|
    |new_i_65_fu_732                   |  16|   0|   16|          0|
    |new_i_66_fu_736                   |  16|   0|   16|          0|
    |new_i_68_fu_740                   |  16|   0|   16|          0|
    |new_i_69_fu_744                   |  16|   0|   16|          0|
    |new_i_6_fu_576                    |  16|   0|   16|          0|
    |new_i_71_fu_748                   |  16|   0|   16|          0|
    |new_i_72_fu_752                   |  16|   0|   16|          0|
    |new_i_74_fu_756                   |  16|   0|   16|          0|
    |new_i_75_fu_760                   |  16|   0|   16|          0|
    |new_i_77_fu_764                   |  16|   0|   16|          0|
    |new_i_78_fu_768                   |  16|   0|   16|          0|
    |new_i_80_fu_772                   |  16|   0|   16|          0|
    |new_i_81_fu_776                   |  16|   0|   16|          0|
    |new_i_83_fu_780                   |  16|   0|   16|          0|
    |new_i_84_fu_784                   |  16|   0|   16|          0|
    |new_i_86_fu_788                   |  16|   0|   16|          0|
    |new_i_87_fu_792                   |  16|   0|   16|          0|
    |new_i_89_fu_796                   |  16|   0|   16|          0|
    |new_i_8_fu_580                    |  16|   0|   16|          0|
    |new_i_90_fu_800                   |  16|   0|   16|          0|
    |new_i_92_fu_804                   |  16|   0|   16|          0|
    |new_i_93_fu_808                   |  16|   0|   16|          0|
    |new_i_9_fu_584                    |  16|   0|   16|          0|
    |new_i_fu_556                      |  16|   0|   16|          0|
    |new_v_11_fu_332                   |  16|   0|   16|          0|
    |new_v_12_fu_336                   |  16|   0|   16|          0|
    |new_v_14_fu_340                   |  16|   0|   16|          0|
    |new_v_15_fu_344                   |  16|   0|   16|          0|
    |new_v_17_fu_348                   |  16|   0|   16|          0|
    |new_v_18_fu_352                   |  16|   0|   16|          0|
    |new_v_20_fu_356                   |  16|   0|   16|          0|
    |new_v_21_fu_360                   |  16|   0|   16|          0|
    |new_v_23_fu_364                   |  16|   0|   16|          0|
    |new_v_24_fu_368                   |  16|   0|   16|          0|
    |new_v_26_fu_372                   |  16|   0|   16|          0|
    |new_v_27_fu_376                   |  16|   0|   16|          0|
    |new_v_29_fu_380                   |  16|   0|   16|          0|
    |new_v_2_fu_308                    |  16|   0|   16|          0|
    |new_v_30_fu_384                   |  16|   0|   16|          0|
    |new_v_32_fu_388                   |  16|   0|   16|          0|
    |new_v_33_fu_392                   |  16|   0|   16|          0|
    |new_v_35_fu_396                   |  16|   0|   16|          0|
    |new_v_36_fu_400                   |  16|   0|   16|          0|
    |new_v_38_fu_404                   |  16|   0|   16|          0|
    |new_v_39_fu_408                   |  16|   0|   16|          0|
    |new_v_3_fu_312                    |  16|   0|   16|          0|
    |new_v_41_fu_412                   |  16|   0|   16|          0|
    |new_v_42_fu_416                   |  16|   0|   16|          0|
    |new_v_44_fu_420                   |  16|   0|   16|          0|
    |new_v_45_fu_424                   |  16|   0|   16|          0|
    |new_v_47_fu_428                   |  16|   0|   16|          0|
    |new_v_48_fu_432                   |  16|   0|   16|          0|
    |new_v_50_fu_436                   |  16|   0|   16|          0|
    |new_v_51_fu_440                   |  16|   0|   16|          0|
    |new_v_53_fu_444                   |  16|   0|   16|          0|
    |new_v_54_fu_448                   |  16|   0|   16|          0|
    |new_v_56_fu_452                   |  16|   0|   16|          0|
    |new_v_57_fu_456                   |  16|   0|   16|          0|
    |new_v_59_fu_460                   |  16|   0|   16|          0|
    |new_v_5_fu_316                    |  16|   0|   16|          0|
    |new_v_60_fu_464                   |  16|   0|   16|          0|
    |new_v_62_fu_468                   |  16|   0|   16|          0|
    |new_v_63_fu_472                   |  16|   0|   16|          0|
    |new_v_65_fu_476                   |  16|   0|   16|          0|
    |new_v_66_fu_480                   |  16|   0|   16|          0|
    |new_v_68_fu_484                   |  16|   0|   16|          0|
    |new_v_69_fu_488                   |  16|   0|   16|          0|
    |new_v_6_fu_320                    |  16|   0|   16|          0|
    |new_v_71_fu_492                   |  16|   0|   16|          0|
    |new_v_72_fu_496                   |  16|   0|   16|          0|
    |new_v_74_fu_500                   |  16|   0|   16|          0|
    |new_v_75_fu_504                   |  16|   0|   16|          0|
    |new_v_77_fu_508                   |  16|   0|   16|          0|
    |new_v_78_fu_512                   |  16|   0|   16|          0|
    |new_v_80_fu_516                   |  16|   0|   16|          0|
    |new_v_81_fu_520                   |  16|   0|   16|          0|
    |new_v_83_fu_524                   |  16|   0|   16|          0|
    |new_v_84_fu_528                   |  16|   0|   16|          0|
    |new_v_86_fu_532                   |  16|   0|   16|          0|
    |new_v_87_fu_536                   |  16|   0|   16|          0|
    |new_v_89_fu_540                   |  16|   0|   16|          0|
    |new_v_8_fu_324                    |  16|   0|   16|          0|
    |new_v_90_fu_544                   |  16|   0|   16|          0|
    |new_v_92_fu_548                   |  16|   0|   16|          0|
    |new_v_93_fu_552                   |  16|   0|   16|          0|
    |new_v_9_fu_328                    |  16|   0|   16|          0|
    |new_v_fu_304                      |  16|   0|   16|          0|
    +----------------------------------+----+----+-----+-----------+
    |Total                             |2071|   0| 2071|          0|
    +----------------------------------+----+----+-----+-----------+



================================================================
== Interface
================================================================
* Summary: 
+-----------------------+-----+-----+------------+--------------------------------+--------------+
|       RTL Ports       | Dir | Bits|  Protocol  |          Source Object         |    C Type    |
+-----------------------+-----+-----+------------+--------------------------------+--------------+
|ap_clk                 |   in|    1|  ap_ctrl_hs|  topk_engine_Pipeline_MAIN_LOOP|  return value|
|ap_rst                 |   in|    1|  ap_ctrl_hs|  topk_engine_Pipeline_MAIN_LOOP|  return value|
|ap_start               |   in|    1|  ap_ctrl_hs|  topk_engine_Pipeline_MAIN_LOOP|  return value|
|ap_done                |  out|    1|  ap_ctrl_hs|  topk_engine_Pipeline_MAIN_LOOP|  return value|
|ap_idle                |  out|    1|  ap_ctrl_hs|  topk_engine_Pipeline_MAIN_LOOP|  return value|
|ap_ready               |  out|    1|  ap_ctrl_hs|  topk_engine_Pipeline_MAIN_LOOP|  return value|
|scores_0_address0      |  out|    7|   ap_memory|                        scores_0|         array|
|scores_0_ce0           |  out|    1|   ap_memory|                        scores_0|         array|
|scores_0_q0            |   in|   16|   ap_memory|                        scores_0|         array|
|scores_1_address0      |  out|    7|   ap_memory|                        scores_1|         array|
|scores_1_ce0           |  out|    1|   ap_memory|                        scores_1|         array|
|scores_1_q0            |   in|   16|   ap_memory|                        scores_1|         array|
|right_i_62_out         |  out|    8|      ap_vld|                  right_i_62_out|       pointer|
|right_i_62_out_ap_vld  |  out|    1|      ap_vld|                  right_i_62_out|       pointer|
|right_i_61_out         |  out|    8|      ap_vld|                  right_i_61_out|       pointer|
|right_i_61_out_ap_vld  |  out|    1|      ap_vld|                  right_i_61_out|       pointer|
|right_i_60_out         |  out|    8|      ap_vld|                  right_i_60_out|       pointer|
|right_i_60_out_ap_vld  |  out|    1|      ap_vld|                  right_i_60_out|       pointer|
|right_i_59_out         |  out|    8|      ap_vld|                  right_i_59_out|       pointer|
|right_i_59_out_ap_vld  |  out|    1|      ap_vld|                  right_i_59_out|       pointer|
|right_i_58_out         |  out|    8|      ap_vld|                  right_i_58_out|       pointer|
|right_i_58_out_ap_vld  |  out|    1|      ap_vld|                  right_i_58_out|       pointer|
|right_i_57_out         |  out|    8|      ap_vld|                  right_i_57_out|       pointer|
|right_i_57_out_ap_vld  |  out|    1|      ap_vld|                  right_i_57_out|       pointer|
|right_i_56_out         |  out|    8|      ap_vld|                  right_i_56_out|       pointer|
|right_i_56_out_ap_vld  |  out|    1|      ap_vld|                  right_i_56_out|       pointer|
|right_i_55_out         |  out|    8|      ap_vld|                  right_i_55_out|       pointer|
|right_i_55_out_ap_vld  |  out|    1|      ap_vld|                  right_i_55_out|       pointer|
|right_i_54_out         |  out|    8|      ap_vld|                  right_i_54_out|       pointer|
|right_i_54_out_ap_vld  |  out|    1|      ap_vld|                  right_i_54_out|       pointer|
|right_i_53_out         |  out|    8|      ap_vld|                  right_i_53_out|       pointer|
|right_i_53_out_ap_vld  |  out|    1|      ap_vld|                  right_i_53_out|       pointer|
|right_i_52_out         |  out|    8|      ap_vld|                  right_i_52_out|       pointer|
|right_i_52_out_ap_vld  |  out|    1|      ap_vld|                  right_i_52_out|       pointer|
|right_i_51_out         |  out|    8|      ap_vld|                  right_i_51_out|       pointer|
|right_i_51_out_ap_vld  |  out|    1|      ap_vld|                  right_i_51_out|       pointer|
|right_i_50_out         |  out|    8|      ap_vld|                  right_i_50_out|       pointer|
|right_i_50_out_ap_vld  |  out|    1|      ap_vld|                  right_i_50_out|       pointer|
|right_i_49_out         |  out|    8|      ap_vld|                  right_i_49_out|       pointer|
|right_i_49_out_ap_vld  |  out|    1|      ap_vld|                  right_i_49_out|       pointer|
|right_i_48_out         |  out|    8|      ap_vld|                  right_i_48_out|       pointer|
|right_i_48_out_ap_vld  |  out|    1|      ap_vld|                  right_i_48_out|       pointer|
|right_i_47_out         |  out|    8|      ap_vld|                  right_i_47_out|       pointer|
|right_i_47_out_ap_vld  |  out|    1|      ap_vld|                  right_i_47_out|       pointer|
|right_i_46_out         |  out|    8|      ap_vld|                  right_i_46_out|       pointer|
|right_i_46_out_ap_vld  |  out|    1|      ap_vld|                  right_i_46_out|       pointer|
|right_i_45_out         |  out|    8|      ap_vld|                  right_i_45_out|       pointer|
|right_i_45_out_ap_vld  |  out|    1|      ap_vld|                  right_i_45_out|       pointer|
|right_i_44_out         |  out|    8|      ap_vld|                  right_i_44_out|       pointer|
|right_i_44_out_ap_vld  |  out|    1|      ap_vld|                  right_i_44_out|       pointer|
|right_i_43_out         |  out|    8|      ap_vld|                  right_i_43_out|       pointer|
|right_i_43_out_ap_vld  |  out|    1|      ap_vld|                  right_i_43_out|       pointer|
|right_i_42_out         |  out|    8|      ap_vld|                  right_i_42_out|       pointer|
|right_i_42_out_ap_vld  |  out|    1|      ap_vld|                  right_i_42_out|       pointer|
|right_i_41_out         |  out|    8|      ap_vld|                  right_i_41_out|       pointer|
|right_i_41_out_ap_vld  |  out|    1|      ap_vld|                  right_i_41_out|       pointer|
|right_i_40_out         |  out|    8|      ap_vld|                  right_i_40_out|       pointer|
|right_i_40_out_ap_vld  |  out|    1|      ap_vld|                  right_i_40_out|       pointer|
|right_i_39_out         |  out|    8|      ap_vld|                  right_i_39_out|       pointer|
|right_i_39_out_ap_vld  |  out|    1|      ap_vld|                  right_i_39_out|       pointer|
|right_i_38_out         |  out|    8|      ap_vld|                  right_i_38_out|       pointer|
|right_i_38_out_ap_vld  |  out|    1|      ap_vld|                  right_i_38_out|       pointer|
|right_i_37_out         |  out|    8|      ap_vld|                  right_i_37_out|       pointer|
|right_i_37_out_ap_vld  |  out|    1|      ap_vld|                  right_i_37_out|       pointer|
|right_i_36_out         |  out|    8|      ap_vld|                  right_i_36_out|       pointer|
|right_i_36_out_ap_vld  |  out|    1|      ap_vld|                  right_i_36_out|       pointer|
|right_i_35_out         |  out|    8|      ap_vld|                  right_i_35_out|       pointer|
|right_i_35_out_ap_vld  |  out|    1|      ap_vld|                  right_i_35_out|       pointer|
|right_i_34_out         |  out|    8|      ap_vld|                  right_i_34_out|       pointer|
|right_i_34_out_ap_vld  |  out|    1|      ap_vld|                  right_i_34_out|       pointer|
|right_i_33_out         |  out|    8|      ap_vld|                  right_i_33_out|       pointer|
|right_i_33_out_ap_vld  |  out|    1|      ap_vld|                  right_i_33_out|       pointer|
|right_i_32_out         |  out|    8|      ap_vld|                  right_i_32_out|       pointer|
|right_i_32_out_ap_vld  |  out|    1|      ap_vld|                  right_i_32_out|       pointer|
|right_i_31_out         |  out|    8|      ap_vld|                  right_i_31_out|       pointer|
|right_i_31_out_ap_vld  |  out|    1|      ap_vld|                  right_i_31_out|       pointer|
|right_i_30_out         |  out|    8|      ap_vld|                  right_i_30_out|       pointer|
|right_i_30_out_ap_vld  |  out|    1|      ap_vld|                  right_i_30_out|       pointer|
|right_i_29_out         |  out|    8|      ap_vld|                  right_i_29_out|       pointer|
|right_i_29_out_ap_vld  |  out|    1|      ap_vld|                  right_i_29_out|       pointer|
|right_i_28_out         |  out|    8|      ap_vld|                  right_i_28_out|       pointer|
|right_i_28_out_ap_vld  |  out|    1|      ap_vld|                  right_i_28_out|       pointer|
|right_i_27_out         |  out|    8|      ap_vld|                  right_i_27_out|       pointer|
|right_i_27_out_ap_vld  |  out|    1|      ap_vld|                  right_i_27_out|       pointer|
|right_i_26_out         |  out|    8|      ap_vld|                  right_i_26_out|       pointer|
|right_i_26_out_ap_vld  |  out|    1|      ap_vld|                  right_i_26_out|       pointer|
|right_i_25_out         |  out|    8|      ap_vld|                  right_i_25_out|       pointer|
|right_i_25_out_ap_vld  |  out|    1|      ap_vld|                  right_i_25_out|       pointer|
|right_i_24_out         |  out|    8|      ap_vld|                  right_i_24_out|       pointer|
|right_i_24_out_ap_vld  |  out|    1|      ap_vld|                  right_i_24_out|       pointer|
|right_i_23_out         |  out|    8|      ap_vld|                  right_i_23_out|       pointer|
|right_i_23_out_ap_vld  |  out|    1|      ap_vld|                  right_i_23_out|       pointer|
|right_i_22_out         |  out|    8|      ap_vld|                  right_i_22_out|       pointer|
|right_i_22_out_ap_vld  |  out|    1|      ap_vld|                  right_i_22_out|       pointer|
|right_i_21_out         |  out|    8|      ap_vld|                  right_i_21_out|       pointer|
|right_i_21_out_ap_vld  |  out|    1|      ap_vld|                  right_i_21_out|       pointer|
|right_i_20_out         |  out|    8|      ap_vld|                  right_i_20_out|       pointer|
|right_i_20_out_ap_vld  |  out|    1|      ap_vld|                  right_i_20_out|       pointer|
|right_i_19_out         |  out|    8|      ap_vld|                  right_i_19_out|       pointer|
|right_i_19_out_ap_vld  |  out|    1|      ap_vld|                  right_i_19_out|       pointer|
|right_i_18_out         |  out|    8|      ap_vld|                  right_i_18_out|       pointer|
|right_i_18_out_ap_vld  |  out|    1|      ap_vld|                  right_i_18_out|       pointer|
|right_i_17_out         |  out|    8|      ap_vld|                  right_i_17_out|       pointer|
|right_i_17_out_ap_vld  |  out|    1|      ap_vld|                  right_i_17_out|       pointer|
|right_i_16_out         |  out|    8|      ap_vld|                  right_i_16_out|       pointer|
|right_i_16_out_ap_vld  |  out|    1|      ap_vld|                  right_i_16_out|       pointer|
|right_i_15_out         |  out|    8|      ap_vld|                  right_i_15_out|       pointer|
|right_i_15_out_ap_vld  |  out|    1|      ap_vld|                  right_i_15_out|       pointer|
|right_i_14_out         |  out|    8|      ap_vld|                  right_i_14_out|       pointer|
|right_i_14_out_ap_vld  |  out|    1|      ap_vld|                  right_i_14_out|       pointer|
|right_i_13_out         |  out|    8|      ap_vld|                  right_i_13_out|       pointer|
|right_i_13_out_ap_vld  |  out|    1|      ap_vld|                  right_i_13_out|       pointer|
|right_i_12_out         |  out|    8|      ap_vld|                  right_i_12_out|       pointer|
|right_i_12_out_ap_vld  |  out|    1|      ap_vld|                  right_i_12_out|       pointer|
|right_i_11_out         |  out|    8|      ap_vld|                  right_i_11_out|       pointer|
|right_i_11_out_ap_vld  |  out|    1|      ap_vld|                  right_i_11_out|       pointer|
|right_i_10_out         |  out|    8|      ap_vld|                  right_i_10_out|       pointer|
|right_i_10_out_ap_vld  |  out|    1|      ap_vld|                  right_i_10_out|       pointer|
|right_i_9_out          |  out|    8|      ap_vld|                   right_i_9_out|       pointer|
|right_i_9_out_ap_vld   |  out|    1|      ap_vld|                   right_i_9_out|       pointer|
|right_i_8_out          |  out|    8|      ap_vld|                   right_i_8_out|       pointer|
|right_i_8_out_ap_vld   |  out|    1|      ap_vld|                   right_i_8_out|       pointer|
|right_i_7_out          |  out|    8|      ap_vld|                   right_i_7_out|       pointer|
|right_i_7_out_ap_vld   |  out|    1|      ap_vld|                   right_i_7_out|       pointer|
|right_i_6_out          |  out|    8|      ap_vld|                   right_i_6_out|       pointer|
|right_i_6_out_ap_vld   |  out|    1|      ap_vld|                   right_i_6_out|       pointer|
|right_i_5_out          |  out|    8|      ap_vld|                   right_i_5_out|       pointer|
|right_i_5_out_ap_vld   |  out|    1|      ap_vld|                   right_i_5_out|       pointer|
|right_i_4_out          |  out|    8|      ap_vld|                   right_i_4_out|       pointer|
|right_i_4_out_ap_vld   |  out|    1|      ap_vld|                   right_i_4_out|       pointer|
|right_i_3_out          |  out|    8|      ap_vld|                   right_i_3_out|       pointer|
|right_i_3_out_ap_vld   |  out|    1|      ap_vld|                   right_i_3_out|       pointer|
|right_i_2_out          |  out|    8|      ap_vld|                   right_i_2_out|       pointer|
|right_i_2_out_ap_vld   |  out|    1|      ap_vld|                   right_i_2_out|       pointer|
|right_i_1_out          |  out|    8|      ap_vld|                   right_i_1_out|       pointer|
|right_i_1_out_ap_vld   |  out|    1|      ap_vld|                   right_i_1_out|       pointer|
|p_out                  |  out|    8|      ap_vld|                           p_out|       pointer|
|p_out_ap_vld           |  out|    1|      ap_vld|                           p_out|       pointer|
|right_i_out            |  out|    8|      ap_vld|                     right_i_out|       pointer|
|right_i_out_ap_vld     |  out|    1|      ap_vld|                     right_i_out|       pointer|
|right_v_62_out         |  out|   16|      ap_vld|                  right_v_62_out|       pointer|
|right_v_62_out_ap_vld  |  out|    1|      ap_vld|                  right_v_62_out|       pointer|
|right_v_61_out         |  out|   16|      ap_vld|                  right_v_61_out|       pointer|
|right_v_61_out_ap_vld  |  out|    1|      ap_vld|                  right_v_61_out|       pointer|
|right_v_60_out         |  out|   16|      ap_vld|                  right_v_60_out|       pointer|
|right_v_60_out_ap_vld  |  out|    1|      ap_vld|                  right_v_60_out|       pointer|
|right_v_59_out         |  out|   16|      ap_vld|                  right_v_59_out|       pointer|
|right_v_59_out_ap_vld  |  out|    1|      ap_vld|                  right_v_59_out|       pointer|
|right_v_58_out         |  out|   16|      ap_vld|                  right_v_58_out|       pointer|
|right_v_58_out_ap_vld  |  out|    1|      ap_vld|                  right_v_58_out|       pointer|
|right_v_57_out         |  out|   16|      ap_vld|                  right_v_57_out|       pointer|
|right_v_57_out_ap_vld  |  out|    1|      ap_vld|                  right_v_57_out|       pointer|
|right_v_56_out         |  out|   16|      ap_vld|                  right_v_56_out|       pointer|
|right_v_56_out_ap_vld  |  out|    1|      ap_vld|                  right_v_56_out|       pointer|
|right_v_55_out         |  out|   16|      ap_vld|                  right_v_55_out|       pointer|
|right_v_55_out_ap_vld  |  out|    1|      ap_vld|                  right_v_55_out|       pointer|
|right_v_54_out         |  out|   16|      ap_vld|                  right_v_54_out|       pointer|
|right_v_54_out_ap_vld  |  out|    1|      ap_vld|                  right_v_54_out|       pointer|
|right_v_53_out         |  out|   16|      ap_vld|                  right_v_53_out|       pointer|
|right_v_53_out_ap_vld  |  out|    1|      ap_vld|                  right_v_53_out|       pointer|
|right_v_52_out         |  out|   16|      ap_vld|                  right_v_52_out|       pointer|
|right_v_52_out_ap_vld  |  out|    1|      ap_vld|                  right_v_52_out|       pointer|
|right_v_51_out         |  out|   16|      ap_vld|                  right_v_51_out|       pointer|
|right_v_51_out_ap_vld  |  out|    1|      ap_vld|                  right_v_51_out|       pointer|
|right_v_50_out         |  out|   16|      ap_vld|                  right_v_50_out|       pointer|
|right_v_50_out_ap_vld  |  out|    1|      ap_vld|                  right_v_50_out|       pointer|
|right_v_49_out         |  out|   16|      ap_vld|                  right_v_49_out|       pointer|
|right_v_49_out_ap_vld  |  out|    1|      ap_vld|                  right_v_49_out|       pointer|
|right_v_48_out         |  out|   16|      ap_vld|                  right_v_48_out|       pointer|
|right_v_48_out_ap_vld  |  out|    1|      ap_vld|                  right_v_48_out|       pointer|
|right_v_47_out         |  out|   16|      ap_vld|                  right_v_47_out|       pointer|
|right_v_47_out_ap_vld  |  out|    1|      ap_vld|                  right_v_47_out|       pointer|
|right_v_46_out         |  out|   16|      ap_vld|                  right_v_46_out|       pointer|
|right_v_46_out_ap_vld  |  out|    1|      ap_vld|                  right_v_46_out|       pointer|
|right_v_45_out         |  out|   16|      ap_vld|                  right_v_45_out|       pointer|
|right_v_45_out_ap_vld  |  out|    1|      ap_vld|                  right_v_45_out|       pointer|
|right_v_44_out         |  out|   16|      ap_vld|                  right_v_44_out|       pointer|
|right_v_44_out_ap_vld  |  out|    1|      ap_vld|                  right_v_44_out|       pointer|
|right_v_43_out         |  out|   16|      ap_vld|                  right_v_43_out|       pointer|
|right_v_43_out_ap_vld  |  out|    1|      ap_vld|                  right_v_43_out|       pointer|
|right_v_42_out         |  out|   16|      ap_vld|                  right_v_42_out|       pointer|
|right_v_42_out_ap_vld  |  out|    1|      ap_vld|                  right_v_42_out|       pointer|
|right_v_41_out         |  out|   16|      ap_vld|                  right_v_41_out|       pointer|
|right_v_41_out_ap_vld  |  out|    1|      ap_vld|                  right_v_41_out|       pointer|
|right_v_40_out         |  out|   16|      ap_vld|                  right_v_40_out|       pointer|
|right_v_40_out_ap_vld  |  out|    1|      ap_vld|                  right_v_40_out|       pointer|
|right_v_39_out         |  out|   16|      ap_vld|                  right_v_39_out|       pointer|
|right_v_39_out_ap_vld  |  out|    1|      ap_vld|                  right_v_39_out|       pointer|
|right_v_38_out         |  out|   16|      ap_vld|                  right_v_38_out|       pointer|
|right_v_38_out_ap_vld  |  out|    1|      ap_vld|                  right_v_38_out|       pointer|
|right_v_37_out         |  out|   16|      ap_vld|                  right_v_37_out|       pointer|
|right_v_37_out_ap_vld  |  out|    1|      ap_vld|                  right_v_37_out|       pointer|
|right_v_36_out         |  out|   16|      ap_vld|                  right_v_36_out|       pointer|
|right_v_36_out_ap_vld  |  out|    1|      ap_vld|                  right_v_36_out|       pointer|
|right_v_35_out         |  out|   16|      ap_vld|                  right_v_35_out|       pointer|
|right_v_35_out_ap_vld  |  out|    1|      ap_vld|                  right_v_35_out|       pointer|
|right_v_34_out         |  out|   16|      ap_vld|                  right_v_34_out|       pointer|
|right_v_34_out_ap_vld  |  out|    1|      ap_vld|                  right_v_34_out|       pointer|
|right_v_33_out         |  out|   16|      ap_vld|                  right_v_33_out|       pointer|
|right_v_33_out_ap_vld  |  out|    1|      ap_vld|                  right_v_33_out|       pointer|
|right_v_32_out         |  out|   16|      ap_vld|                  right_v_32_out|       pointer|
|right_v_32_out_ap_vld  |  out|    1|      ap_vld|                  right_v_32_out|       pointer|
|right_v_31_out         |  out|   16|      ap_vld|                  right_v_31_out|       pointer|
|right_v_31_out_ap_vld  |  out|    1|      ap_vld|                  right_v_31_out|       pointer|
|right_v_30_out         |  out|   16|      ap_vld|                  right_v_30_out|       pointer|
|right_v_30_out_ap_vld  |  out|    1|      ap_vld|                  right_v_30_out|       pointer|
|right_v_29_out         |  out|   16|      ap_vld|                  right_v_29_out|       pointer|
|right_v_29_out_ap_vld  |  out|    1|      ap_vld|                  right_v_29_out|       pointer|
|right_v_28_out         |  out|   16|      ap_vld|                  right_v_28_out|       pointer|
|right_v_28_out_ap_vld  |  out|    1|      ap_vld|                  right_v_28_out|       pointer|
|right_v_27_out         |  out|   16|      ap_vld|                  right_v_27_out|       pointer|
|right_v_27_out_ap_vld  |  out|    1|      ap_vld|                  right_v_27_out|       pointer|
|right_v_26_out         |  out|   16|      ap_vld|                  right_v_26_out|       pointer|
|right_v_26_out_ap_vld  |  out|    1|      ap_vld|                  right_v_26_out|       pointer|
|right_v_25_out         |  out|   16|      ap_vld|                  right_v_25_out|       pointer|
|right_v_25_out_ap_vld  |  out|    1|      ap_vld|                  right_v_25_out|       pointer|
|right_v_24_out         |  out|   16|      ap_vld|                  right_v_24_out|       pointer|
|right_v_24_out_ap_vld  |  out|    1|      ap_vld|                  right_v_24_out|       pointer|
|right_v_23_out         |  out|   16|      ap_vld|                  right_v_23_out|       pointer|
|right_v_23_out_ap_vld  |  out|    1|      ap_vld|                  right_v_23_out|       pointer|
|right_v_22_out         |  out|   16|      ap_vld|                  right_v_22_out|       pointer|
|right_v_22_out_ap_vld  |  out|    1|      ap_vld|                  right_v_22_out|       pointer|
|right_v_21_out         |  out|   16|      ap_vld|                  right_v_21_out|       pointer|
|right_v_21_out_ap_vld  |  out|    1|      ap_vld|                  right_v_21_out|       pointer|
|right_v_20_out         |  out|   16|      ap_vld|                  right_v_20_out|       pointer|
|right_v_20_out_ap_vld  |  out|    1|      ap_vld|                  right_v_20_out|       pointer|
|right_v_19_out         |  out|   16|      ap_vld|                  right_v_19_out|       pointer|
|right_v_19_out_ap_vld  |  out|    1|      ap_vld|                  right_v_19_out|       pointer|
|right_v_18_out         |  out|   16|      ap_vld|                  right_v_18_out|       pointer|
|right_v_18_out_ap_vld  |  out|    1|      ap_vld|                  right_v_18_out|       pointer|
|right_v_17_out         |  out|   16|      ap_vld|                  right_v_17_out|       pointer|
|right_v_17_out_ap_vld  |  out|    1|      ap_vld|                  right_v_17_out|       pointer|
|right_v_16_out         |  out|   16|      ap_vld|                  right_v_16_out|       pointer|
|right_v_16_out_ap_vld  |  out|    1|      ap_vld|                  right_v_16_out|       pointer|
|right_v_15_out         |  out|   16|      ap_vld|                  right_v_15_out|       pointer|
|right_v_15_out_ap_vld  |  out|    1|      ap_vld|                  right_v_15_out|       pointer|
|right_v_14_out         |  out|   16|      ap_vld|                  right_v_14_out|       pointer|
|right_v_14_out_ap_vld  |  out|    1|      ap_vld|                  right_v_14_out|       pointer|
|right_v_13_out         |  out|   16|      ap_vld|                  right_v_13_out|       pointer|
|right_v_13_out_ap_vld  |  out|    1|      ap_vld|                  right_v_13_out|       pointer|
|right_v_12_out         |  out|   16|      ap_vld|                  right_v_12_out|       pointer|
|right_v_12_out_ap_vld  |  out|    1|      ap_vld|                  right_v_12_out|       pointer|
|right_v_11_out         |  out|   16|      ap_vld|                  right_v_11_out|       pointer|
|right_v_11_out_ap_vld  |  out|    1|      ap_vld|                  right_v_11_out|       pointer|
|right_v_10_out         |  out|   16|      ap_vld|                  right_v_10_out|       pointer|
|right_v_10_out_ap_vld  |  out|    1|      ap_vld|                  right_v_10_out|       pointer|
|right_v_9_out          |  out|   16|      ap_vld|                   right_v_9_out|       pointer|
|right_v_9_out_ap_vld   |  out|    1|      ap_vld|                   right_v_9_out|       pointer|
|right_v_8_out          |  out|   16|      ap_vld|                   right_v_8_out|       pointer|
|right_v_8_out_ap_vld   |  out|    1|      ap_vld|                   right_v_8_out|       pointer|
|right_v_7_out          |  out|   16|      ap_vld|                   right_v_7_out|       pointer|
|right_v_7_out_ap_vld   |  out|    1|      ap_vld|                   right_v_7_out|       pointer|
|right_v_6_out          |  out|   16|      ap_vld|                   right_v_6_out|       pointer|
|right_v_6_out_ap_vld   |  out|    1|      ap_vld|                   right_v_6_out|       pointer|
|right_v_5_out          |  out|   16|      ap_vld|                   right_v_5_out|       pointer|
|right_v_5_out_ap_vld   |  out|    1|      ap_vld|                   right_v_5_out|       pointer|
|right_v_4_out          |  out|   16|      ap_vld|                   right_v_4_out|       pointer|
|right_v_4_out_ap_vld   |  out|    1|      ap_vld|                   right_v_4_out|       pointer|
|right_v_3_out          |  out|   16|      ap_vld|                   right_v_3_out|       pointer|
|right_v_3_out_ap_vld   |  out|    1|      ap_vld|                   right_v_3_out|       pointer|
|right_v_2_out          |  out|   16|      ap_vld|                   right_v_2_out|       pointer|
|right_v_2_out_ap_vld   |  out|    1|      ap_vld|                   right_v_2_out|       pointer|
|right_v_1_out          |  out|   16|      ap_vld|                   right_v_1_out|       pointer|
|right_v_1_out_ap_vld   |  out|    1|      ap_vld|                   right_v_1_out|       pointer|
|right_v_out            |  out|   16|      ap_vld|                     right_v_out|       pointer|
|right_v_out_ap_vld     |  out|    1|      ap_vld|                     right_v_out|       pointer|
|p_out1                 |  out|   16|      ap_vld|                          p_out1|       pointer|
|p_out1_ap_vld          |  out|    1|      ap_vld|                          p_out1|       pointer|
+-----------------------+-----+-----+------------+--------------------------------+--------------+

