

================================================================
== Vitis HLS Report for 'topk_engine'
================================================================
* Date:           Wed May 27 13:12:22 2026

* Version:        2024.1 (Build 5069499 on May 21 2024)
* Project:        xmod_attn_v1_hls
* Solution:       sol1 (Vivado IP Flow Target)
* Product family: versalaicore
* Target device:  xcvc1902-vsva2197-2MP-e-S


================================================================
== Performance Estimates
================================================================
+ Timing: 
    * Summary: 
    +--------+---------+----------+------------+
    |  Clock |  Target | Estimated| Uncertainty|
    +--------+---------+----------+------------+
    |ap_clk  |  4.00 ns|  1.845 ns|     1.08 ns|
    +--------+---------+----------+------------+

+ Latency: 
    * Summary: 
    +---------+---------+----------+----------+-----+-----+---------+
    |  Latency (cycles) |  Latency (absolute) |  Interval | Pipeline|
    |   min   |   max   |    min   |    max   | min | max |   Type  |
    +---------+---------+----------+----------+-----+-----+---------+
    |      328|      328|  1.312 us|  1.312 us|  328|  328|       no|
    +---------+---------+----------+----------+-----+-----+---------+

    + Detail: 
        * Instance: 
        +--------------------------------------------+---------------------------------+---------+---------+----------+----------+-----+-----+-----------------------------------------------+
        |                                            |                                 |  Latency (cycles) |  Latency (absolute) |  Interval |                    Pipeline                   |
        |                  Instance                  |              Module             |   min   |   max   |    min   |    max   | min | max |                      Type                     |
        +--------------------------------------------+---------------------------------+---------+---------+----------+----------+-----+-----+-----------------------------------------------+
        |grp_topk_engine_Pipeline_MAIN_LOOP_fu_788   |topk_engine_Pipeline_MAIN_LOOP   |      259|      259|  1.036 us|  1.036 us|  257|  257|  loop auto-rewind stp(delay=0 clock cycles(s))|
        |grp_topk_engine_Pipeline_WRITE_LOOP_fu_924  |topk_engine_Pipeline_WRITE_LOOP  |       66|       66|  0.264 us|  0.264 us|   65|   65|  loop auto-rewind stp(delay=0 clock cycles(s))|
        +--------------------------------------------+---------------------------------+---------+---------+----------+----------+-----+-----+-----------------------------------------------+

        * Loop: 
        N/A



================================================================
== Utilization Estimates
================================================================
* Summary: 
+-----------------+---------+------+---------+--------+-----+
|       Name      | BRAM_18K|  DSP |    FF   |   LUT  | URAM|
+-----------------+---------+------+---------+--------+-----+
|DSP              |        -|     -|        -|       -|    -|
|Expression       |        -|     -|        -|       -|    -|
|FIFO             |        -|     -|        -|       -|    -|
|Instance         |        -|     -|     2080|    7242|    -|
|Memory           |        -|     -|        -|       -|    -|
|Multiplexer      |        -|     -|        0|      24|    -|
|Register         |        -|     -|      518|       -|    -|
+-----------------+---------+------+---------+--------+-----+
|Total            |        0|     0|     2598|    7266|    0|
+-----------------+---------+------+---------+--------+-----+
|Available        |     1934|  1968|  1799680|  899840|  463|
+-----------------+---------+------+---------+--------+-----+
|Utilization (%)  |        0|     0|       ~0|      ~0|    0|
+-----------------+---------+------+---------+--------+-----+

+ Detail: 
    * Instance: 
    +--------------------------------------------+---------------------------------+---------+----+------+------+-----+
    |                  Instance                  |              Module             | BRAM_18K| DSP|  FF  |  LUT | URAM|
    +--------------------------------------------+---------------------------------+---------+----+------+------+-----+
    |grp_topk_engine_Pipeline_MAIN_LOOP_fu_788   |topk_engine_Pipeline_MAIN_LOOP   |        0|   0|  2071|  6703|    0|
    |grp_topk_engine_Pipeline_WRITE_LOOP_fu_924  |topk_engine_Pipeline_WRITE_LOOP  |        0|   0|     9|   539|    0|
    +--------------------------------------------+---------------------------------+---------+----+------+------+-----+
    |Total                                       |                                 |        0|   0|  2080|  7242|    0|
    +--------------------------------------------+---------------------------------+---------+----+------+------+-----+

    * DSP: 
    N/A

    * Memory: 
    N/A

    * FIFO: 
    N/A

    * Expression: 
    N/A

    * Multiplexer: 
    +-----------+----+-----------+-----+-----------+
    |    Name   | LUT| Input Size| Bits| Total Bits|
    +-----------+----+-----------+-----+-----------+
    |ap_NS_fsm  |  24|          5|    1|          5|
    +-----------+----+-----------+-----+-----------+
    |Total      |  24|          5|    1|          5|
    +-----------+----+-----------+-----+-----------+

    * Register: 
    +---------------------------------------------------------+---+----+-----+-----------+
    |                           Name                          | FF| LUT| Bits| Const Bits|
    +---------------------------------------------------------+---+----+-----+-----------+
    |ap_CS_fsm                                                |  4|   0|    4|          0|
    |grp_topk_engine_Pipeline_MAIN_LOOP_fu_788_ap_start_reg   |  1|   0|    1|          0|
    |grp_topk_engine_Pipeline_WRITE_LOOP_fu_924_ap_start_reg  |  1|   0|    1|          0|
    |p_loc_fu_536                                             |  8|   0|    8|          0|
    |right_i_10_loc_fu_576                                    |  8|   0|    8|          0|
    |right_i_11_loc_fu_580                                    |  8|   0|    8|          0|
    |right_i_12_loc_fu_584                                    |  8|   0|    8|          0|
    |right_i_13_loc_fu_588                                    |  8|   0|    8|          0|
    |right_i_14_loc_fu_592                                    |  8|   0|    8|          0|
    |right_i_15_loc_fu_596                                    |  8|   0|    8|          0|
    |right_i_16_loc_fu_600                                    |  8|   0|    8|          0|
    |right_i_17_loc_fu_604                                    |  8|   0|    8|          0|
    |right_i_18_loc_fu_608                                    |  8|   0|    8|          0|
    |right_i_19_loc_fu_612                                    |  8|   0|    8|          0|
    |right_i_1_loc_fu_540                                     |  8|   0|    8|          0|
    |right_i_20_loc_fu_616                                    |  8|   0|    8|          0|
    |right_i_21_loc_fu_620                                    |  8|   0|    8|          0|
    |right_i_22_loc_fu_624                                    |  8|   0|    8|          0|
    |right_i_23_loc_fu_628                                    |  8|   0|    8|          0|
    |right_i_24_loc_fu_632                                    |  8|   0|    8|          0|
    |right_i_25_loc_fu_636                                    |  8|   0|    8|          0|
    |right_i_26_loc_fu_640                                    |  8|   0|    8|          0|
    |right_i_27_loc_fu_644                                    |  8|   0|    8|          0|
    |right_i_28_loc_fu_648                                    |  8|   0|    8|          0|
    |right_i_29_loc_fu_652                                    |  8|   0|    8|          0|
    |right_i_2_loc_fu_544                                     |  8|   0|    8|          0|
    |right_i_30_loc_fu_656                                    |  8|   0|    8|          0|
    |right_i_31_loc_fu_660                                    |  8|   0|    8|          0|
    |right_i_32_loc_fu_664                                    |  8|   0|    8|          0|
    |right_i_33_loc_fu_668                                    |  8|   0|    8|          0|
    |right_i_34_loc_fu_672                                    |  8|   0|    8|          0|
    |right_i_35_loc_fu_676                                    |  8|   0|    8|          0|
    |right_i_36_loc_fu_680                                    |  8|   0|    8|          0|
    |right_i_37_loc_fu_684                                    |  8|   0|    8|          0|
    |right_i_38_loc_fu_688                                    |  8|   0|    8|          0|
    |right_i_39_loc_fu_692                                    |  8|   0|    8|          0|
    |right_i_3_loc_fu_548                                     |  8|   0|    8|          0|
    |right_i_40_loc_fu_696                                    |  8|   0|    8|          0|
    |right_i_41_loc_fu_700                                    |  8|   0|    8|          0|
    |right_i_42_loc_fu_704                                    |  8|   0|    8|          0|
    |right_i_43_loc_fu_708                                    |  8|   0|    8|          0|
    |right_i_44_loc_fu_712                                    |  8|   0|    8|          0|
    |right_i_45_loc_fu_716                                    |  8|   0|    8|          0|
    |right_i_46_loc_fu_720                                    |  8|   0|    8|          0|
    |right_i_47_loc_fu_724                                    |  8|   0|    8|          0|
    |right_i_48_loc_fu_728                                    |  8|   0|    8|          0|
    |right_i_49_loc_fu_732                                    |  8|   0|    8|          0|
    |right_i_4_loc_fu_552                                     |  8|   0|    8|          0|
    |right_i_50_loc_fu_736                                    |  8|   0|    8|          0|
    |right_i_51_loc_fu_740                                    |  8|   0|    8|          0|
    |right_i_52_loc_fu_744                                    |  8|   0|    8|          0|
    |right_i_53_loc_fu_748                                    |  8|   0|    8|          0|
    |right_i_54_loc_fu_752                                    |  8|   0|    8|          0|
    |right_i_55_loc_fu_756                                    |  8|   0|    8|          0|
    |right_i_56_loc_fu_760                                    |  8|   0|    8|          0|
    |right_i_57_loc_fu_764                                    |  8|   0|    8|          0|
    |right_i_58_loc_fu_768                                    |  8|   0|    8|          0|
    |right_i_59_loc_fu_772                                    |  8|   0|    8|          0|
    |right_i_5_loc_fu_556                                     |  8|   0|    8|          0|
    |right_i_60_loc_fu_776                                    |  8|   0|    8|          0|
    |right_i_61_loc_fu_780                                    |  8|   0|    8|          0|
    |right_i_62_loc_fu_784                                    |  8|   0|    8|          0|
    |right_i_6_loc_fu_560                                     |  8|   0|    8|          0|
    |right_i_7_loc_fu_564                                     |  8|   0|    8|          0|
    |right_i_8_loc_fu_568                                     |  8|   0|    8|          0|
    |right_i_9_loc_fu_572                                     |  8|   0|    8|          0|
    |right_i_loc_fu_532                                       |  8|   0|    8|          0|
    +---------------------------------------------------------+---+----+-----+-----------+
    |Total                                                    |518|   0|  518|          0|
    +---------------------------------------------------------+---+----+-----+-----------+



================================================================
== Interface
================================================================
* Summary: 
+-----------------------+-----+-----+------------+----------------+--------------+
|       RTL Ports       | Dir | Bits|  Protocol  |  Source Object |    C Type    |
+-----------------------+-----+-----+------------+----------------+--------------+
|ap_clk                 |   in|    1|  ap_ctrl_hs|     topk_engine|  return value|
|ap_rst                 |   in|    1|  ap_ctrl_hs|     topk_engine|  return value|
|ap_start               |   in|    1|  ap_ctrl_hs|     topk_engine|  return value|
|ap_done                |  out|    1|  ap_ctrl_hs|     topk_engine|  return value|
|ap_idle                |  out|    1|  ap_ctrl_hs|     topk_engine|  return value|
|ap_ready               |  out|    1|  ap_ctrl_hs|     topk_engine|  return value|
|scores_0_address0      |  out|    7|   ap_memory|        scores_0|         array|
|scores_0_ce0           |  out|    1|   ap_memory|        scores_0|         array|
|scores_0_q0            |   in|   16|   ap_memory|        scores_0|         array|
|scores_1_address0      |  out|    7|   ap_memory|        scores_1|         array|
|scores_1_ce0           |  out|    1|   ap_memory|        scores_1|         array|
|scores_1_q0            |   in|   16|   ap_memory|        scores_1|         array|
|top_scores_0           |  out|   16|      ap_vld|    top_scores_0|       pointer|
|top_scores_0_ap_vld    |  out|    1|      ap_vld|    top_scores_0|       pointer|
|top_scores_1           |  out|   16|      ap_vld|    top_scores_1|       pointer|
|top_scores_1_ap_vld    |  out|    1|      ap_vld|    top_scores_1|       pointer|
|top_scores_2           |  out|   16|      ap_vld|    top_scores_2|       pointer|
|top_scores_2_ap_vld    |  out|    1|      ap_vld|    top_scores_2|       pointer|
|top_scores_3           |  out|   16|      ap_vld|    top_scores_3|       pointer|
|top_scores_3_ap_vld    |  out|    1|      ap_vld|    top_scores_3|       pointer|
|top_scores_4           |  out|   16|      ap_vld|    top_scores_4|       pointer|
|top_scores_4_ap_vld    |  out|    1|      ap_vld|    top_scores_4|       pointer|
|top_scores_5           |  out|   16|      ap_vld|    top_scores_5|       pointer|
|top_scores_5_ap_vld    |  out|    1|      ap_vld|    top_scores_5|       pointer|
|top_scores_6           |  out|   16|      ap_vld|    top_scores_6|       pointer|
|top_scores_6_ap_vld    |  out|    1|      ap_vld|    top_scores_6|       pointer|
|top_scores_7           |  out|   16|      ap_vld|    top_scores_7|       pointer|
|top_scores_7_ap_vld    |  out|    1|      ap_vld|    top_scores_7|       pointer|
|top_scores_8           |  out|   16|      ap_vld|    top_scores_8|       pointer|
|top_scores_8_ap_vld    |  out|    1|      ap_vld|    top_scores_8|       pointer|
|top_scores_9           |  out|   16|      ap_vld|    top_scores_9|       pointer|
|top_scores_9_ap_vld    |  out|    1|      ap_vld|    top_scores_9|       pointer|
|top_scores_10          |  out|   16|      ap_vld|   top_scores_10|       pointer|
|top_scores_10_ap_vld   |  out|    1|      ap_vld|   top_scores_10|       pointer|
|top_scores_11          |  out|   16|      ap_vld|   top_scores_11|       pointer|
|top_scores_11_ap_vld   |  out|    1|      ap_vld|   top_scores_11|       pointer|
|top_scores_12          |  out|   16|      ap_vld|   top_scores_12|       pointer|
|top_scores_12_ap_vld   |  out|    1|      ap_vld|   top_scores_12|       pointer|
|top_scores_13          |  out|   16|      ap_vld|   top_scores_13|       pointer|
|top_scores_13_ap_vld   |  out|    1|      ap_vld|   top_scores_13|       pointer|
|top_scores_14          |  out|   16|      ap_vld|   top_scores_14|       pointer|
|top_scores_14_ap_vld   |  out|    1|      ap_vld|   top_scores_14|       pointer|
|top_scores_15          |  out|   16|      ap_vld|   top_scores_15|       pointer|
|top_scores_15_ap_vld   |  out|    1|      ap_vld|   top_scores_15|       pointer|
|top_scores_16          |  out|   16|      ap_vld|   top_scores_16|       pointer|
|top_scores_16_ap_vld   |  out|    1|      ap_vld|   top_scores_16|       pointer|
|top_scores_17          |  out|   16|      ap_vld|   top_scores_17|       pointer|
|top_scores_17_ap_vld   |  out|    1|      ap_vld|   top_scores_17|       pointer|
|top_scores_18          |  out|   16|      ap_vld|   top_scores_18|       pointer|
|top_scores_18_ap_vld   |  out|    1|      ap_vld|   top_scores_18|       pointer|
|top_scores_19          |  out|   16|      ap_vld|   top_scores_19|       pointer|
|top_scores_19_ap_vld   |  out|    1|      ap_vld|   top_scores_19|       pointer|
|top_scores_20          |  out|   16|      ap_vld|   top_scores_20|       pointer|
|top_scores_20_ap_vld   |  out|    1|      ap_vld|   top_scores_20|       pointer|
|top_scores_21          |  out|   16|      ap_vld|   top_scores_21|       pointer|
|top_scores_21_ap_vld   |  out|    1|      ap_vld|   top_scores_21|       pointer|
|top_scores_22          |  out|   16|      ap_vld|   top_scores_22|       pointer|
|top_scores_22_ap_vld   |  out|    1|      ap_vld|   top_scores_22|       pointer|
|top_scores_23          |  out|   16|      ap_vld|   top_scores_23|       pointer|
|top_scores_23_ap_vld   |  out|    1|      ap_vld|   top_scores_23|       pointer|
|top_scores_24          |  out|   16|      ap_vld|   top_scores_24|       pointer|
|top_scores_24_ap_vld   |  out|    1|      ap_vld|   top_scores_24|       pointer|
|top_scores_25          |  out|   16|      ap_vld|   top_scores_25|       pointer|
|top_scores_25_ap_vld   |  out|    1|      ap_vld|   top_scores_25|       pointer|
|top_scores_26          |  out|   16|      ap_vld|   top_scores_26|       pointer|
|top_scores_26_ap_vld   |  out|    1|      ap_vld|   top_scores_26|       pointer|
|top_scores_27          |  out|   16|      ap_vld|   top_scores_27|       pointer|
|top_scores_27_ap_vld   |  out|    1|      ap_vld|   top_scores_27|       pointer|
|top_scores_28          |  out|   16|      ap_vld|   top_scores_28|       pointer|
|top_scores_28_ap_vld   |  out|    1|      ap_vld|   top_scores_28|       pointer|
|top_scores_29          |  out|   16|      ap_vld|   top_scores_29|       pointer|
|top_scores_29_ap_vld   |  out|    1|      ap_vld|   top_scores_29|       pointer|
|top_scores_30          |  out|   16|      ap_vld|   top_scores_30|       pointer|
|top_scores_30_ap_vld   |  out|    1|      ap_vld|   top_scores_30|       pointer|
|top_scores_31          |  out|   16|      ap_vld|   top_scores_31|       pointer|
|top_scores_31_ap_vld   |  out|    1|      ap_vld|   top_scores_31|       pointer|
|top_scores_32          |  out|   16|      ap_vld|   top_scores_32|       pointer|
|top_scores_32_ap_vld   |  out|    1|      ap_vld|   top_scores_32|       pointer|
|top_scores_33          |  out|   16|      ap_vld|   top_scores_33|       pointer|
|top_scores_33_ap_vld   |  out|    1|      ap_vld|   top_scores_33|       pointer|
|top_scores_34          |  out|   16|      ap_vld|   top_scores_34|       pointer|
|top_scores_34_ap_vld   |  out|    1|      ap_vld|   top_scores_34|       pointer|
|top_scores_35          |  out|   16|      ap_vld|   top_scores_35|       pointer|
|top_scores_35_ap_vld   |  out|    1|      ap_vld|   top_scores_35|       pointer|
|top_scores_36          |  out|   16|      ap_vld|   top_scores_36|       pointer|
|top_scores_36_ap_vld   |  out|    1|      ap_vld|   top_scores_36|       pointer|
|top_scores_37          |  out|   16|      ap_vld|   top_scores_37|       pointer|
|top_scores_37_ap_vld   |  out|    1|      ap_vld|   top_scores_37|       pointer|
|top_scores_38          |  out|   16|      ap_vld|   top_scores_38|       pointer|
|top_scores_38_ap_vld   |  out|    1|      ap_vld|   top_scores_38|       pointer|
|top_scores_39          |  out|   16|      ap_vld|   top_scores_39|       pointer|
|top_scores_39_ap_vld   |  out|    1|      ap_vld|   top_scores_39|       pointer|
|top_scores_40          |  out|   16|      ap_vld|   top_scores_40|       pointer|
|top_scores_40_ap_vld   |  out|    1|      ap_vld|   top_scores_40|       pointer|
|top_scores_41          |  out|   16|      ap_vld|   top_scores_41|       pointer|
|top_scores_41_ap_vld   |  out|    1|      ap_vld|   top_scores_41|       pointer|
|top_scores_42          |  out|   16|      ap_vld|   top_scores_42|       pointer|
|top_scores_42_ap_vld   |  out|    1|      ap_vld|   top_scores_42|       pointer|
|top_scores_43          |  out|   16|      ap_vld|   top_scores_43|       pointer|
|top_scores_43_ap_vld   |  out|    1|      ap_vld|   top_scores_43|       pointer|
|top_scores_44          |  out|   16|      ap_vld|   top_scores_44|       pointer|
|top_scores_44_ap_vld   |  out|    1|      ap_vld|   top_scores_44|       pointer|
|top_scores_45          |  out|   16|      ap_vld|   top_scores_45|       pointer|
|top_scores_45_ap_vld   |  out|    1|      ap_vld|   top_scores_45|       pointer|
|top_scores_46          |  out|   16|      ap_vld|   top_scores_46|       pointer|
|top_scores_46_ap_vld   |  out|    1|      ap_vld|   top_scores_46|       pointer|
|top_scores_47          |  out|   16|      ap_vld|   top_scores_47|       pointer|
|top_scores_47_ap_vld   |  out|    1|      ap_vld|   top_scores_47|       pointer|
|top_scores_48          |  out|   16|      ap_vld|   top_scores_48|       pointer|
|top_scores_48_ap_vld   |  out|    1|      ap_vld|   top_scores_48|       pointer|
|top_scores_49          |  out|   16|      ap_vld|   top_scores_49|       pointer|
|top_scores_49_ap_vld   |  out|    1|      ap_vld|   top_scores_49|       pointer|
|top_scores_50          |  out|   16|      ap_vld|   top_scores_50|       pointer|
|top_scores_50_ap_vld   |  out|    1|      ap_vld|   top_scores_50|       pointer|
|top_scores_51          |  out|   16|      ap_vld|   top_scores_51|       pointer|
|top_scores_51_ap_vld   |  out|    1|      ap_vld|   top_scores_51|       pointer|
|top_scores_52          |  out|   16|      ap_vld|   top_scores_52|       pointer|
|top_scores_52_ap_vld   |  out|    1|      ap_vld|   top_scores_52|       pointer|
|top_scores_53          |  out|   16|      ap_vld|   top_scores_53|       pointer|
|top_scores_53_ap_vld   |  out|    1|      ap_vld|   top_scores_53|       pointer|
|top_scores_54          |  out|   16|      ap_vld|   top_scores_54|       pointer|
|top_scores_54_ap_vld   |  out|    1|      ap_vld|   top_scores_54|       pointer|
|top_scores_55          |  out|   16|      ap_vld|   top_scores_55|       pointer|
|top_scores_55_ap_vld   |  out|    1|      ap_vld|   top_scores_55|       pointer|
|top_scores_56          |  out|   16|      ap_vld|   top_scores_56|       pointer|
|top_scores_56_ap_vld   |  out|    1|      ap_vld|   top_scores_56|       pointer|
|top_scores_57          |  out|   16|      ap_vld|   top_scores_57|       pointer|
|top_scores_57_ap_vld   |  out|    1|      ap_vld|   top_scores_57|       pointer|
|top_scores_58          |  out|   16|      ap_vld|   top_scores_58|       pointer|
|top_scores_58_ap_vld   |  out|    1|      ap_vld|   top_scores_58|       pointer|
|top_scores_59          |  out|   16|      ap_vld|   top_scores_59|       pointer|
|top_scores_59_ap_vld   |  out|    1|      ap_vld|   top_scores_59|       pointer|
|top_scores_60          |  out|   16|      ap_vld|   top_scores_60|       pointer|
|top_scores_60_ap_vld   |  out|    1|      ap_vld|   top_scores_60|       pointer|
|top_scores_61          |  out|   16|      ap_vld|   top_scores_61|       pointer|
|top_scores_61_ap_vld   |  out|    1|      ap_vld|   top_scores_61|       pointer|
|top_scores_62          |  out|   16|      ap_vld|   top_scores_62|       pointer|
|top_scores_62_ap_vld   |  out|    1|      ap_vld|   top_scores_62|       pointer|
|top_scores_63          |  out|   16|      ap_vld|   top_scores_63|       pointer|
|top_scores_63_ap_vld   |  out|    1|      ap_vld|   top_scores_63|       pointer|
|top_indices_0          |  out|    8|      ap_vld|   top_indices_0|       pointer|
|top_indices_0_ap_vld   |  out|    1|      ap_vld|   top_indices_0|       pointer|
|top_indices_1          |  out|    8|      ap_vld|   top_indices_1|       pointer|
|top_indices_1_ap_vld   |  out|    1|      ap_vld|   top_indices_1|       pointer|
|top_indices_2          |  out|    8|      ap_vld|   top_indices_2|       pointer|
|top_indices_2_ap_vld   |  out|    1|      ap_vld|   top_indices_2|       pointer|
|top_indices_3          |  out|    8|      ap_vld|   top_indices_3|       pointer|
|top_indices_3_ap_vld   |  out|    1|      ap_vld|   top_indices_3|       pointer|
|top_indices_4          |  out|    8|      ap_vld|   top_indices_4|       pointer|
|top_indices_4_ap_vld   |  out|    1|      ap_vld|   top_indices_4|       pointer|
|top_indices_5          |  out|    8|      ap_vld|   top_indices_5|       pointer|
|top_indices_5_ap_vld   |  out|    1|      ap_vld|   top_indices_5|       pointer|
|top_indices_6          |  out|    8|      ap_vld|   top_indices_6|       pointer|
|top_indices_6_ap_vld   |  out|    1|      ap_vld|   top_indices_6|       pointer|
|top_indices_7          |  out|    8|      ap_vld|   top_indices_7|       pointer|
|top_indices_7_ap_vld   |  out|    1|      ap_vld|   top_indices_7|       pointer|
|top_indices_8          |  out|    8|      ap_vld|   top_indices_8|       pointer|
|top_indices_8_ap_vld   |  out|    1|      ap_vld|   top_indices_8|       pointer|
|top_indices_9          |  out|    8|      ap_vld|   top_indices_9|       pointer|
|top_indices_9_ap_vld   |  out|    1|      ap_vld|   top_indices_9|       pointer|
|top_indices_10         |  out|    8|      ap_vld|  top_indices_10|       pointer|
|top_indices_10_ap_vld  |  out|    1|      ap_vld|  top_indices_10|       pointer|
|top_indices_11         |  out|    8|      ap_vld|  top_indices_11|       pointer|
|top_indices_11_ap_vld  |  out|    1|      ap_vld|  top_indices_11|       pointer|
|top_indices_12         |  out|    8|      ap_vld|  top_indices_12|       pointer|
|top_indices_12_ap_vld  |  out|    1|      ap_vld|  top_indices_12|       pointer|
|top_indices_13         |  out|    8|      ap_vld|  top_indices_13|       pointer|
|top_indices_13_ap_vld  |  out|    1|      ap_vld|  top_indices_13|       pointer|
|top_indices_14         |  out|    8|      ap_vld|  top_indices_14|       pointer|
|top_indices_14_ap_vld  |  out|    1|      ap_vld|  top_indices_14|       pointer|
|top_indices_15         |  out|    8|      ap_vld|  top_indices_15|       pointer|
|top_indices_15_ap_vld  |  out|    1|      ap_vld|  top_indices_15|       pointer|
|top_indices_16         |  out|    8|      ap_vld|  top_indices_16|       pointer|
|top_indices_16_ap_vld  |  out|    1|      ap_vld|  top_indices_16|       pointer|
|top_indices_17         |  out|    8|      ap_vld|  top_indices_17|       pointer|
|top_indices_17_ap_vld  |  out|    1|      ap_vld|  top_indices_17|       pointer|
|top_indices_18         |  out|    8|      ap_vld|  top_indices_18|       pointer|
|top_indices_18_ap_vld  |  out|    1|      ap_vld|  top_indices_18|       pointer|
|top_indices_19         |  out|    8|      ap_vld|  top_indices_19|       pointer|
|top_indices_19_ap_vld  |  out|    1|      ap_vld|  top_indices_19|       pointer|
|top_indices_20         |  out|    8|      ap_vld|  top_indices_20|       pointer|
|top_indices_20_ap_vld  |  out|    1|      ap_vld|  top_indices_20|       pointer|
|top_indices_21         |  out|    8|      ap_vld|  top_indices_21|       pointer|
|top_indices_21_ap_vld  |  out|    1|      ap_vld|  top_indices_21|       pointer|
|top_indices_22         |  out|    8|      ap_vld|  top_indices_22|       pointer|
|top_indices_22_ap_vld  |  out|    1|      ap_vld|  top_indices_22|       pointer|
|top_indices_23         |  out|    8|      ap_vld|  top_indices_23|       pointer|
|top_indices_23_ap_vld  |  out|    1|      ap_vld|  top_indices_23|       pointer|
|top_indices_24         |  out|    8|      ap_vld|  top_indices_24|       pointer|
|top_indices_24_ap_vld  |  out|    1|      ap_vld|  top_indices_24|       pointer|
|top_indices_25         |  out|    8|      ap_vld|  top_indices_25|       pointer|
|top_indices_25_ap_vld  |  out|    1|      ap_vld|  top_indices_25|       pointer|
|top_indices_26         |  out|    8|      ap_vld|  top_indices_26|       pointer|
|top_indices_26_ap_vld  |  out|    1|      ap_vld|  top_indices_26|       pointer|
|top_indices_27         |  out|    8|      ap_vld|  top_indices_27|       pointer|
|top_indices_27_ap_vld  |  out|    1|      ap_vld|  top_indices_27|       pointer|
|top_indices_28         |  out|    8|      ap_vld|  top_indices_28|       pointer|
|top_indices_28_ap_vld  |  out|    1|      ap_vld|  top_indices_28|       pointer|
|top_indices_29         |  out|    8|      ap_vld|  top_indices_29|       pointer|
|top_indices_29_ap_vld  |  out|    1|      ap_vld|  top_indices_29|       pointer|
|top_indices_30         |  out|    8|      ap_vld|  top_indices_30|       pointer|
|top_indices_30_ap_vld  |  out|    1|      ap_vld|  top_indices_30|       pointer|
|top_indices_31         |  out|    8|      ap_vld|  top_indices_31|       pointer|
|top_indices_31_ap_vld  |  out|    1|      ap_vld|  top_indices_31|       pointer|
|top_indices_32         |  out|    8|      ap_vld|  top_indices_32|       pointer|
|top_indices_32_ap_vld  |  out|    1|      ap_vld|  top_indices_32|       pointer|
|top_indices_33         |  out|    8|      ap_vld|  top_indices_33|       pointer|
|top_indices_33_ap_vld  |  out|    1|      ap_vld|  top_indices_33|       pointer|
|top_indices_34         |  out|    8|      ap_vld|  top_indices_34|       pointer|
|top_indices_34_ap_vld  |  out|    1|      ap_vld|  top_indices_34|       pointer|
|top_indices_35         |  out|    8|      ap_vld|  top_indices_35|       pointer|
|top_indices_35_ap_vld  |  out|    1|      ap_vld|  top_indices_35|       pointer|
|top_indices_36         |  out|    8|      ap_vld|  top_indices_36|       pointer|
|top_indices_36_ap_vld  |  out|    1|      ap_vld|  top_indices_36|       pointer|
|top_indices_37         |  out|    8|      ap_vld|  top_indices_37|       pointer|
|top_indices_37_ap_vld  |  out|    1|      ap_vld|  top_indices_37|       pointer|
|top_indices_38         |  out|    8|      ap_vld|  top_indices_38|       pointer|
|top_indices_38_ap_vld  |  out|    1|      ap_vld|  top_indices_38|       pointer|
|top_indices_39         |  out|    8|      ap_vld|  top_indices_39|       pointer|
|top_indices_39_ap_vld  |  out|    1|      ap_vld|  top_indices_39|       pointer|
|top_indices_40         |  out|    8|      ap_vld|  top_indices_40|       pointer|
|top_indices_40_ap_vld  |  out|    1|      ap_vld|  top_indices_40|       pointer|
|top_indices_41         |  out|    8|      ap_vld|  top_indices_41|       pointer|
|top_indices_41_ap_vld  |  out|    1|      ap_vld|  top_indices_41|       pointer|
|top_indices_42         |  out|    8|      ap_vld|  top_indices_42|       pointer|
|top_indices_42_ap_vld  |  out|    1|      ap_vld|  top_indices_42|       pointer|
|top_indices_43         |  out|    8|      ap_vld|  top_indices_43|       pointer|
|top_indices_43_ap_vld  |  out|    1|      ap_vld|  top_indices_43|       pointer|
|top_indices_44         |  out|    8|      ap_vld|  top_indices_44|       pointer|
|top_indices_44_ap_vld  |  out|    1|      ap_vld|  top_indices_44|       pointer|
|top_indices_45         |  out|    8|      ap_vld|  top_indices_45|       pointer|
|top_indices_45_ap_vld  |  out|    1|      ap_vld|  top_indices_45|       pointer|
|top_indices_46         |  out|    8|      ap_vld|  top_indices_46|       pointer|
|top_indices_46_ap_vld  |  out|    1|      ap_vld|  top_indices_46|       pointer|
|top_indices_47         |  out|    8|      ap_vld|  top_indices_47|       pointer|
|top_indices_47_ap_vld  |  out|    1|      ap_vld|  top_indices_47|       pointer|
|top_indices_48         |  out|    8|      ap_vld|  top_indices_48|       pointer|
|top_indices_48_ap_vld  |  out|    1|      ap_vld|  top_indices_48|       pointer|
|top_indices_49         |  out|    8|      ap_vld|  top_indices_49|       pointer|
|top_indices_49_ap_vld  |  out|    1|      ap_vld|  top_indices_49|       pointer|
|top_indices_50         |  out|    8|      ap_vld|  top_indices_50|       pointer|
|top_indices_50_ap_vld  |  out|    1|      ap_vld|  top_indices_50|       pointer|
|top_indices_51         |  out|    8|      ap_vld|  top_indices_51|       pointer|
|top_indices_51_ap_vld  |  out|    1|      ap_vld|  top_indices_51|       pointer|
|top_indices_52         |  out|    8|      ap_vld|  top_indices_52|       pointer|
|top_indices_52_ap_vld  |  out|    1|      ap_vld|  top_indices_52|       pointer|
|top_indices_53         |  out|    8|      ap_vld|  top_indices_53|       pointer|
|top_indices_53_ap_vld  |  out|    1|      ap_vld|  top_indices_53|       pointer|
|top_indices_54         |  out|    8|      ap_vld|  top_indices_54|       pointer|
|top_indices_54_ap_vld  |  out|    1|      ap_vld|  top_indices_54|       pointer|
|top_indices_55         |  out|    8|      ap_vld|  top_indices_55|       pointer|
|top_indices_55_ap_vld  |  out|    1|      ap_vld|  top_indices_55|       pointer|
|top_indices_56         |  out|    8|      ap_vld|  top_indices_56|       pointer|
|top_indices_56_ap_vld  |  out|    1|      ap_vld|  top_indices_56|       pointer|
|top_indices_57         |  out|    8|      ap_vld|  top_indices_57|       pointer|
|top_indices_57_ap_vld  |  out|    1|      ap_vld|  top_indices_57|       pointer|
|top_indices_58         |  out|    8|      ap_vld|  top_indices_58|       pointer|
|top_indices_58_ap_vld  |  out|    1|      ap_vld|  top_indices_58|       pointer|
|top_indices_59         |  out|    8|      ap_vld|  top_indices_59|       pointer|
|top_indices_59_ap_vld  |  out|    1|      ap_vld|  top_indices_59|       pointer|
|top_indices_60         |  out|    8|      ap_vld|  top_indices_60|       pointer|
|top_indices_60_ap_vld  |  out|    1|      ap_vld|  top_indices_60|       pointer|
|top_indices_61         |  out|    8|      ap_vld|  top_indices_61|       pointer|
|top_indices_61_ap_vld  |  out|    1|      ap_vld|  top_indices_61|       pointer|
|top_indices_62         |  out|    8|      ap_vld|  top_indices_62|       pointer|
|top_indices_62_ap_vld  |  out|    1|      ap_vld|  top_indices_62|       pointer|
|top_indices_63         |  out|    8|      ap_vld|  top_indices_63|       pointer|
|top_indices_63_ap_vld  |  out|    1|      ap_vld|  top_indices_63|       pointer|
+-----------------------+-----+-----+------------+----------------+--------------+

