

================================================================
== Vitis HLS Report for 'weighted_sum_v1_Pipeline_WRITE_LOOP'
================================================================
* Date:           Wed May 27 13:13:01 2026

* Version:        2024.1 (Build 5069499 on May 21 2024)
* Project:        xmod_attn_v1_hls
* Solution:       sol1 (Vivado IP Flow Target)
* Product family: versalaicore
* Target device:  xcvc1902-vsva2197-2MP-e-S


================================================================
== Performance Estimates
================================================================
+ Timing: 
    * Summary: 
    +--------+---------+----------+------------+
    |  Clock |  Target | Estimated| Uncertainty|
    +--------+---------+----------+------------+
    |ap_clk  |  4.00 ns|  2.673 ns|     1.08 ns|
    +--------+---------+----------+------------+

+ Latency: 
    * Summary: 
    +---------+---------+-----------+-----------+------+------+-----------------------------------------------+
    |  Latency (cycles) |   Latency (absolute)  |   Interval  |                    Pipeline                   |
    |   min   |   max   |    min    |    max    |  min |  max |                      Type                     |
    +---------+---------+-----------+-----------+------+------+-----------------------------------------------+
    |     4099|     4099|  16.396 us|  16.396 us|  4097|  4097|  loop auto-rewind stp(delay=0 clock cycles(s))|
    +---------+---------+-----------+-----------+------+------+-----------------------------------------------+

    + Detail: 
        * Instance: 
        N/A

        * Loop: 
        +--------------+---------+---------+----------+-----------+-----------+------+----------+
        |              |  Latency (cycles) | Iteration|  Initiation Interval  | Trip |          |
        |   Loop Name  |   min   |   max   |  Latency |  achieved |   target  | Count| Pipelined|
        +--------------+---------+---------+----------+-----------+-----------+------+----------+
        |- WRITE_LOOP  |     4097|     4097|         3|          1|          1|  4096|       yes|
        +--------------+---------+---------+----------+-----------+-----------+------+----------+



================================================================
== Utilization Estimates
================================================================
* Summary: 
+-----------------+---------+------+---------+--------+-----+
|       Name      | BRAM_18K|  DSP |    FF   |   LUT  | URAM|
+-----------------+---------+------+---------+--------+-----+
|DSP              |        -|     -|        -|       -|    -|
|Expression       |        -|     -|        0|      52|    -|
|FIFO             |        -|     -|        -|       -|    -|
|Instance         |        -|     -|        0|     160|    -|
|Memory           |        -|     -|        -|       -|    -|
|Multiplexer      |        -|     -|        0|      48|    -|
|Register         |        -|     -|       52|       -|    -|
+-----------------+---------+------+---------+--------+-----+
|Total            |        0|     0|       52|     260|    0|
+-----------------+---------+------+---------+--------+-----+
|Available        |     1934|  1968|  1799680|  899840|  463|
+-----------------+---------+------+---------+--------+-----+
|Utilization (%)  |        0|     0|       ~0|      ~0|    0|
+-----------------+---------+------+---------+--------+-----+

+ Detail: 
    * Instance: 
    +-----------------------------+-----------------------+---------+----+---+-----+-----+
    |           Instance          |         Module        | BRAM_18K| DSP| FF| LUT | URAM|
    +-----------------------------+-----------------------+---------+----+---+-----+-----+
    |sparsemux_33_4_32_1_1_U1805  |sparsemux_33_4_32_1_1  |        0|   0|  0|  160|    0|
    +-----------------------------+-----------------------+---------+----+---+-----+-----+
    |Total                        |                       |        0|   0|  0|  160|    0|
    +-----------------------------+-----------------------+---------+----+---+-----+-----+

    * DSP: 
    N/A

    * Memory: 
    N/A

    * FIFO: 
    N/A

    * Expression: 
    +-------------------------+----------+----+---+----+------------+------------+
    |      Variable Name      | Operation| DSP| FF| LUT| Bitwidth P0| Bitwidth P1|
    +-------------------------+----------+----+---+----+------------+------------+
    |add_ln62_fu_363_p2       |         +|   0|  0|  13|          13|           1|
    |icmp_ln10_fu_576_p2      |      icmp|   0|  0|   6|          10|           1|
    |icmp_ln11_fu_582_p2      |      icmp|   0|  0|   8|          17|           9|
    |icmp_ln62_fu_369_p2      |      icmp|   0|  0|   6|          13|          14|
    |or_ln10_fu_606_p2        |        or|   0|  0|   2|           1|           1|
    |select_ln10_1_fu_598_p3  |    select|   0|  0|   8|           1|           7|
    |select_ln10_fu_612_p3    |    select|   0|  0|   7|           1|           8|
    |ap_enable_pp0            |       xor|   0|  0|   2|           1|           2|
    +-------------------------+----------+----+---+----+------------+------------+
    |Total                    |          |   0|  0|  52|          57|          43|
    +-------------------------+----------+----+---+----+------------+------------+

    * Multiplexer: 
    +-------------------------+----+-----------+-----+-----------+
    |           Name          | LUT| Input Size| Bits| Total Bits|
    +-------------------------+----+-----------+-----+-----------+
    |ap_done_int              |   8|          2|    1|          2|
    |ap_enable_reg_pp0_iter1  |   8|          2|    1|          2|
    |ap_sig_allocacmp_d_1     |  16|          2|   13|         26|
    |d_fu_120                 |  16|          2|   13|         26|
    +-------------------------+----+-----------+-----+-----------+
    |Total                    |  48|          8|   28|         56|
    +-------------------------+----+-----------+-----+-----------+

    * Register: 
    +----------------------------------+----+----+-----+-----------+
    |               Name               | FF | LUT| Bits| Const Bits|
    +----------------------------------+----+----+-----+-----------+
    |ap_CS_fsm                         |   1|   0|    1|          0|
    |ap_done_reg                       |   1|   0|    1|          0|
    |ap_enable_reg_pp0_iter1           |   1|   0|    1|          0|
    |ap_enable_reg_pp0_iter2           |   1|   0|    1|          0|
    |ap_loop_exit_ready_pp0_iter1_reg  |   1|   0|    1|          0|
    |d_1_reg_641                       |  13|   0|   13|          0|
    |d_1_reg_641_pp0_iter1_reg         |  13|   0|   13|          0|
    |d_fu_120                          |  13|   0|   13|          0|
    |select_ln10_reg_731               |   8|   0|    8|          0|
    +----------------------------------+----+----+-----+-----------+
    |Total                             |  52|   0|   52|          0|
    +----------------------------------+----+----+-----+-----------+



================================================================
== Interface
================================================================
* Summary: 
+------------------------------------------------------------------------------------+-----+-----+------------+---------------------------------------------------------------------------+--------------+
|                                      RTL Ports                                     | Dir | Bits|  Protocol  |                               Source Object                               |    C Type    |
+------------------------------------------------------------------------------------+-----+-----+------------+---------------------------------------------------------------------------+--------------+
|ap_clk                                                                              |   in|    1|  ap_ctrl_hs|                                        weighted_sum_v1_Pipeline_WRITE_LOOP|  return value|
|ap_rst                                                                              |   in|    1|  ap_ctrl_hs|                                        weighted_sum_v1_Pipeline_WRITE_LOOP|  return value|
|ap_start                                                                            |   in|    1|  ap_ctrl_hs|                                        weighted_sum_v1_Pipeline_WRITE_LOOP|  return value|
|ap_done                                                                             |  out|    1|  ap_ctrl_hs|                                        weighted_sum_v1_Pipeline_WRITE_LOOP|  return value|
|ap_idle                                                                             |  out|    1|  ap_ctrl_hs|                                        weighted_sum_v1_Pipeline_WRITE_LOOP|  return value|
|ap_ready                                                                            |  out|    1|  ap_ctrl_hs|                                        weighted_sum_v1_Pipeline_WRITE_LOOP|  return value|
|out_r_address0                                                                      |  out|   12|   ap_memory|                                                                      out_r|         array|
|out_r_ce0                                                                           |  out|    1|   ap_memory|                                                                      out_r|         array|
|out_r_we0                                                                           |  out|    1|   ap_memory|                                                                      out_r|         array|
|out_r_d0                                                                            |  out|    8|   ap_memory|                                                                      out_r|         array|
|weighted_sum_v1_short_const_unsigned_short_const_signed_char_const_4096_9_address0  |  out|    8|   ap_memory|  weighted_sum_v1_short_const_unsigned_short_const_signed_char_const_4096_9|         array|
|weighted_sum_v1_short_const_unsigned_short_const_signed_char_const_4096_9_ce0       |  out|    1|   ap_memory|  weighted_sum_v1_short_const_unsigned_short_const_signed_char_const_4096_9|         array|
|weighted_sum_v1_short_const_unsigned_short_const_signed_char_const_4096_9_q0        |   in|   32|   ap_memory|  weighted_sum_v1_short_const_unsigned_short_const_signed_char_const_4096_9|         array|
|weighted_sum_v1_short_const_unsigned_short_const_signed_char_const_4096_8_address0  |  out|    8|   ap_memory|  weighted_sum_v1_short_const_unsigned_short_const_signed_char_const_4096_8|         array|
|weighted_sum_v1_short_const_unsigned_short_const_signed_char_const_4096_8_ce0       |  out|    1|   ap_memory|  weighted_sum_v1_short_const_unsigned_short_const_signed_char_const_4096_8|         array|
|weighted_sum_v1_short_const_unsigned_short_const_signed_char_const_4096_8_q0        |   in|   32|   ap_memory|  weighted_sum_v1_short_const_unsigned_short_const_signed_char_const_4096_8|         array|
|weighted_sum_v1_short_const_unsigned_short_const_signed_char_const_4096_7_address0  |  out|    8|   ap_memory|  weighted_sum_v1_short_const_unsigned_short_const_signed_char_const_4096_7|         array|
|weighted_sum_v1_short_const_unsigned_short_const_signed_char_const_4096_7_ce0       |  out|    1|   ap_memory|  weighted_sum_v1_short_const_unsigned_short_const_signed_char_const_4096_7|         array|
|weighted_sum_v1_short_const_unsigned_short_const_signed_char_const_4096_7_q0        |   in|   32|   ap_memory|  weighted_sum_v1_short_const_unsigned_short_const_signed_char_const_4096_7|         array|
|weighted_sum_v1_short_const_unsigned_short_const_signed_char_const_4096_6_address0  |  out|    8|   ap_memory|  weighted_sum_v1_short_const_unsigned_short_const_signed_char_const_4096_6|         array|
|weighted_sum_v1_short_const_unsigned_short_const_signed_char_const_4096_6_ce0       |  out|    1|   ap_memory|  weighted_sum_v1_short_const_unsigned_short_const_signed_char_const_4096_6|         array|
|weighted_sum_v1_short_const_unsigned_short_const_signed_char_const_4096_6_q0        |   in|   32|   ap_memory|  weighted_sum_v1_short_const_unsigned_short_const_signed_char_const_4096_6|         array|
|weighted_sum_v1_short_const_unsigned_short_const_signed_char_const_4096_5_address0  |  out|    8|   ap_memory|  weighted_sum_v1_short_const_unsigned_short_const_signed_char_const_4096_5|         array|
|weighted_sum_v1_short_const_unsigned_short_const_signed_char_const_4096_5_ce0       |  out|    1|   ap_memory|  weighted_sum_v1_short_const_unsigned_short_const_signed_char_const_4096_5|         array|
|weighted_sum_v1_short_const_unsigned_short_const_signed_char_const_4096_5_q0        |   in|   32|   ap_memory|  weighted_sum_v1_short_const_unsigned_short_const_signed_char_const_4096_5|         array|
|weighted_sum_v1_short_const_unsigned_short_const_signed_char_const_4096_4_address0  |  out|    8|   ap_memory|  weighted_sum_v1_short_const_unsigned_short_const_signed_char_const_4096_4|         array|
|weighted_sum_v1_short_const_unsigned_short_const_signed_char_const_4096_4_ce0       |  out|    1|   ap_memory|  weighted_sum_v1_short_const_unsigned_short_const_signed_char_const_4096_4|         array|
|weighted_sum_v1_short_const_unsigned_short_const_signed_char_const_4096_4_q0        |   in|   32|   ap_memory|  weighted_sum_v1_short_const_unsigned_short_const_signed_char_const_4096_4|         array|
|weighted_sum_v1_short_const_unsigned_short_const_signed_char_const_4096_3_address0  |  out|    8|   ap_memory|  weighted_sum_v1_short_const_unsigned_short_const_signed_char_const_4096_3|         array|
|weighted_sum_v1_short_const_unsigned_short_const_signed_char_const_4096_3_ce0       |  out|    1|   ap_memory|  weighted_sum_v1_short_const_unsigned_short_const_signed_char_const_4096_3|         array|
|weighted_sum_v1_short_const_unsigned_short_const_signed_char_const_4096_3_q0        |   in|   32|   ap_memory|  weighted_sum_v1_short_const_unsigned_short_const_signed_char_const_4096_3|         array|
|weighted_sum_v1_short_const_unsigned_short_const_signed_char_const_4096_2_address0  |  out|    8|   ap_memory|  weighted_sum_v1_short_const_unsigned_short_const_signed_char_const_4096_2|         array|
|weighted_sum_v1_short_const_unsigned_short_const_signed_char_const_4096_2_ce0       |  out|    1|   ap_memory|  weighted_sum_v1_short_const_unsigned_short_const_signed_char_const_4096_2|         array|
|weighted_sum_v1_short_const_unsigned_short_const_signed_char_const_4096_2_q0        |   in|   32|   ap_memory|  weighted_sum_v1_short_const_unsigned_short_const_signed_char_const_4096_2|         array|
|weighted_sum_v1_short_const_unsigned_short_const_signed_char_const_4096_1_address0  |  out|    8|   ap_memory|  weighted_sum_v1_short_const_unsigned_short_const_signed_char_const_4096_1|         array|
|weighted_sum_v1_short_const_unsigned_short_const_signed_char_const_4096_1_ce0       |  out|    1|   ap_memory|  weighted_sum_v1_short_const_unsigned_short_const_signed_char_const_4096_1|         array|
|weighted_sum_v1_short_const_unsigned_short_const_signed_char_const_4096_1_q0        |   in|   32|   ap_memory|  weighted_sum_v1_short_const_unsigned_short_const_signed_char_const_4096_1|         array|
|weighted_sum_v1_short_const_unsigned_short_const_signed_char_const_4096_address0    |  out|    8|   ap_memory|    weighted_sum_v1_short_const_unsigned_short_const_signed_char_const_4096|         array|
|weighted_sum_v1_short_const_unsigned_short_const_signed_char_const_4096_ce0         |  out|    1|   ap_memory|    weighted_sum_v1_short_const_unsigned_short_const_signed_char_const_4096|         array|
|weighted_sum_v1_short_const_unsigned_short_const_signed_char_const_4096_q0          |   in|   32|   ap_memory|    weighted_sum_v1_short_const_unsigned_short_const_signed_char_const_4096|         array|
|p_ZZ15weighted_sum_v1PKsPKtPA4096_KaPaE3acc_10_address0                             |  out|    8|   ap_memory|                             p_ZZ15weighted_sum_v1PKsPKtPA4096_KaPaE3acc_10|         array|
|p_ZZ15weighted_sum_v1PKsPKtPA4096_KaPaE3acc_10_ce0                                  |  out|    1|   ap_memory|                             p_ZZ15weighted_sum_v1PKsPKtPA4096_KaPaE3acc_10|         array|
|p_ZZ15weighted_sum_v1PKsPKtPA4096_KaPaE3acc_10_q0                                   |   in|   32|   ap_memory|                             p_ZZ15weighted_sum_v1PKsPKtPA4096_KaPaE3acc_10|         array|
|p_ZZ15weighted_sum_v1PKsPKtPA4096_KaPaE3acc_11_address0                             |  out|    8|   ap_memory|                             p_ZZ15weighted_sum_v1PKsPKtPA4096_KaPaE3acc_11|         array|
|p_ZZ15weighted_sum_v1PKsPKtPA4096_KaPaE3acc_11_ce0                                  |  out|    1|   ap_memory|                             p_ZZ15weighted_sum_v1PKsPKtPA4096_KaPaE3acc_11|         array|
|p_ZZ15weighted_sum_v1PKsPKtPA4096_KaPaE3acc_11_q0                                   |   in|   32|   ap_memory|                             p_ZZ15weighted_sum_v1PKsPKtPA4096_KaPaE3acc_11|         array|
|p_ZZ15weighted_sum_v1PKsPKtPA4096_KaPaE3acc_12_address0                             |  out|    8|   ap_memory|                             p_ZZ15weighted_sum_v1PKsPKtPA4096_KaPaE3acc_12|         array|
|p_ZZ15weighted_sum_v1PKsPKtPA4096_KaPaE3acc_12_ce0                                  |  out|    1|   ap_memory|                             p_ZZ15weighted_sum_v1PKsPKtPA4096_KaPaE3acc_12|         array|
|p_ZZ15weighted_sum_v1PKsPKtPA4096_KaPaE3acc_12_q0                                   |   in|   32|   ap_memory|                             p_ZZ15weighted_sum_v1PKsPKtPA4096_KaPaE3acc_12|         array|
|p_ZZ15weighted_sum_v1PKsPKtPA4096_KaPaE3acc_13_address0                             |  out|    8|   ap_memory|                             p_ZZ15weighted_sum_v1PKsPKtPA4096_KaPaE3acc_13|         array|
|p_ZZ15weighted_sum_v1PKsPKtPA4096_KaPaE3acc_13_ce0                                  |  out|    1|   ap_memory|                             p_ZZ15weighted_sum_v1PKsPKtPA4096_KaPaE3acc_13|         array|
|p_ZZ15weighted_sum_v1PKsPKtPA4096_KaPaE3acc_13_q0                                   |   in|   32|   ap_memory|                             p_ZZ15weighted_sum_v1PKsPKtPA4096_KaPaE3acc_13|         array|
|p_ZZ15weighted_sum_v1PKsPKtPA4096_KaPaE3acc_14_address0                             |  out|    8|   ap_memory|                             p_ZZ15weighted_sum_v1PKsPKtPA4096_KaPaE3acc_14|         array|
|p_ZZ15weighted_sum_v1PKsPKtPA4096_KaPaE3acc_14_ce0                                  |  out|    1|   ap_memory|                             p_ZZ15weighted_sum_v1PKsPKtPA4096_KaPaE3acc_14|         array|
|p_ZZ15weighted_sum_v1PKsPKtPA4096_KaPaE3acc_14_q0                                   |   in|   32|   ap_memory|                             p_ZZ15weighted_sum_v1PKsPKtPA4096_KaPaE3acc_14|         array|
|p_ZZ15weighted_sum_v1PKsPKtPA4096_KaPaE3acc_15_address0                             |  out|    8|   ap_memory|                             p_ZZ15weighted_sum_v1PKsPKtPA4096_KaPaE3acc_15|         array|
|p_ZZ15weighted_sum_v1PKsPKtPA4096_KaPaE3acc_15_ce0                                  |  out|    1|   ap_memory|                             p_ZZ15weighted_sum_v1PKsPKtPA4096_KaPaE3acc_15|         array|
|p_ZZ15weighted_sum_v1PKsPKtPA4096_KaPaE3acc_15_q0                                   |   in|   32|   ap_memory|                             p_ZZ15weighted_sum_v1PKsPKtPA4096_KaPaE3acc_15|         array|
+------------------------------------------------------------------------------------+-----+-----+------------+---------------------------------------------------------------------------+--------------+

