

================================================================
== Vitis HLS Report for 'weighted_sum_v1'
================================================================
* Date:           Wed May 27 13:13:02 2026

* Version:        2024.1 (Build 5069499 on May 21 2024)
* Project:        xmod_attn_v1_hls
* Solution:       sol1 (Vivado IP Flow Target)
* Product family: versalaicore
* Target device:  xcvc1902-vsva2197-2MP-e-S


================================================================
== Performance Estimates
================================================================
+ Timing: 
    * Summary: 
    +--------+---------+----------+------------+
    |  Clock |  Target | Estimated| Uncertainty|
    +--------+---------+----------+------------+
    |ap_clk  |  4.00 ns|  2.846 ns|     1.08 ns|
    +--------+---------+----------+------------+

+ Latency: 
    * Summary: 
    +---------+---------+-----------+-----------+-------+-------+---------+
    |  Latency (cycles) |   Latency (absolute)  |    Interval   | Pipeline|
    |   min   |   max   |    min    |    max    |  min  |  max  |   Type  |
    +---------+---------+-----------+-----------+-------+-------+---------+
    |    16402|    16402|  65.608 us|  65.608 us|  16402|  16402|       no|
    +---------+---------+-----------+-----------+-------+-------+---------+

    + Detail: 
        * Instance: 
        +-----------------------------------------------------+-----------------------------------------+---------+---------+-----------+-----------+------+------+-----------------------------------------------+
        |                                                     |                                         |  Latency (cycles) |   Latency (absolute)  |   Interval  |                    Pipeline                   |
        |                       Instance                      |                  Module                 |   min   |   max   |    min    |    max    |  min |  max |                      Type                     |
        +-----------------------------------------------------+-----------------------------------------+---------+---------+-----------+-----------+------+------+-----------------------------------------------+
        |grp_weighted_sum_v1_Pipeline_INIT_LOOP_fu_1204       |weighted_sum_v1_Pipeline_INIT_LOOP       |     4098|     4098|  16.392 us|  16.392 us|  4097|  4097|  loop auto-rewind stp(delay=0 clock cycles(s))|
        |grp_weighted_sum_v1_Pipeline_KB_LOOP_D_LOOP_fu_1240  |weighted_sum_v1_Pipeline_KB_LOOP_D_LOOP  |     8200|     8200|  32.800 us|  32.800 us|  8194|  8194|  loop auto-rewind stp(delay=0 clock cycles(s))|
        |grp_weighted_sum_v1_Pipeline_WRITE_LOOP_fu_1660      |weighted_sum_v1_Pipeline_WRITE_LOOP      |     4099|     4099|  16.396 us|  16.396 us|  4097|  4097|  loop auto-rewind stp(delay=0 clock cycles(s))|
        +-----------------------------------------------------+-----------------------------------------+---------+---------+-----------+-----------+------+------+-----------------------------------------------+

        * Loop: 
        N/A



================================================================
== Utilization Estimates
================================================================
* Summary: 
+-----------------+---------+------+---------+--------+-----+
|       Name      | BRAM_18K|  DSP |    FF   |   LUT  | URAM|
+-----------------+---------+------+---------+--------+-----+
|DSP              |        -|     -|        -|       -|    -|
|Expression       |        -|     -|        -|       -|    -|
|FIFO             |        -|     -|        -|       -|    -|
|Instance         |        -|    64|     2397|    5597|    -|
|Memory           |       16|     -|        0|       0|    0|
|Multiplexer      |        -|     -|        0|    1048|    -|
|Register         |        -|     -|        9|       -|    -|
+-----------------+---------+------+---------+--------+-----+
|Total            |       16|    64|     2406|    6645|    0|
+-----------------+---------+------+---------+--------+-----+
|Available        |     1934|  1968|  1799680|  899840|  463|
+-----------------+---------+------+---------+--------+-----+
|Utilization (%)  |       ~0|     3|       ~0|      ~0|    0|
+-----------------+---------+------+---------+--------+-----+

+ Detail: 
    * Instance: 
    +-----------------------------------------------------+-----------------------------------------+---------+----+------+------+-----+
    |                       Instance                      |                  Module                 | BRAM_18K| DSP|  FF  |  LUT | URAM|
    +-----------------------------------------------------+-----------------------------------------+---------+----+------+------+-----+
    |grp_weighted_sum_v1_Pipeline_INIT_LOOP_fu_1204       |weighted_sum_v1_Pipeline_INIT_LOOP       |        0|   0|    15|    59|    0|
    |grp_weighted_sum_v1_Pipeline_KB_LOOP_D_LOOP_fu_1240  |weighted_sum_v1_Pipeline_KB_LOOP_D_LOOP  |        0|  64|  2330|  5278|    0|
    |grp_weighted_sum_v1_Pipeline_WRITE_LOOP_fu_1660      |weighted_sum_v1_Pipeline_WRITE_LOOP      |        0|   0|    52|   260|    0|
    +-----------------------------------------------------+-----------------------------------------+---------+----+------+------+-----+
    |Total                                                |                                         |        0|  64|  2397|  5597|    0|
    +-----------------------------------------------------+-----------------------------------------+---------+----+------+------+-----+

    * DSP: 
    N/A

    * Memory: 
    +-----------------------------------------------------------------------------+----------------------------------------------------------------------------------+---------+---+----+-----+------+-----+------+-------------+
    |                                    Memory                                   |                                      Module                                      | BRAM_18K| FF| LUT| URAM| Words| Bits| Banks| W*Bits*Banks|
    +-----------------------------------------------------------------------------+----------------------------------------------------------------------------------+---------+---+----+-----+------+-----+------+-------------+
    |weighted_sum_v1_short_const_unsigned_short_const_signed_char_const_4096_9_U  |weighted_sum_v1_weighted_sum_v1_short_const_unsigned_short_const_signed_char_bkb  |        1|  0|   0|    0|   256|   32|     1|         8192|
    |weighted_sum_v1_short_const_unsigned_short_const_signed_char_const_4096_8_U  |weighted_sum_v1_weighted_sum_v1_short_const_unsigned_short_const_signed_char_bkb  |        1|  0|   0|    0|   256|   32|     1|         8192|
    |weighted_sum_v1_short_const_unsigned_short_const_signed_char_const_4096_7_U  |weighted_sum_v1_weighted_sum_v1_short_const_unsigned_short_const_signed_char_bkb  |        1|  0|   0|    0|   256|   32|     1|         8192|
    |weighted_sum_v1_short_const_unsigned_short_const_signed_char_const_4096_6_U  |weighted_sum_v1_weighted_sum_v1_short_const_unsigned_short_const_signed_char_bkb  |        1|  0|   0|    0|   256|   32|     1|         8192|
    |weighted_sum_v1_short_const_unsigned_short_const_signed_char_const_4096_5_U  |weighted_sum_v1_weighted_sum_v1_short_const_unsigned_short_const_signed_char_bkb  |        1|  0|   0|    0|   256|   32|     1|         8192|
    |weighted_sum_v1_short_const_unsigned_short_const_signed_char_const_4096_4_U  |weighted_sum_v1_weighted_sum_v1_short_const_unsigned_short_const_signed_char_bkb  |        1|  0|   0|    0|   256|   32|     1|         8192|
    |weighted_sum_v1_short_const_unsigned_short_const_signed_char_const_4096_3_U  |weighted_sum_v1_weighted_sum_v1_short_const_unsigned_short_const_signed_char_bkb  |        1|  0|   0|    0|   256|   32|     1|         8192|
    |weighted_sum_v1_short_const_unsigned_short_const_signed_char_const_4096_2_U  |weighted_sum_v1_weighted_sum_v1_short_const_unsigned_short_const_signed_char_bkb  |        1|  0|   0|    0|   256|   32|     1|         8192|
    |weighted_sum_v1_short_const_unsigned_short_const_signed_char_const_4096_1_U  |weighted_sum_v1_weighted_sum_v1_short_const_unsigned_short_const_signed_char_bkb  |        1|  0|   0|    0|   256|   32|     1|         8192|
    |weighted_sum_v1_short_const_unsigned_short_const_signed_char_const_4096_U    |weighted_sum_v1_weighted_sum_v1_short_const_unsigned_short_const_signed_char_bkb  |        1|  0|   0|    0|   256|   32|     1|         8192|
    |p_ZZ15weighted_sum_v1PKsPKtPA4096_KaPaE3acc_10_U                             |weighted_sum_v1_weighted_sum_v1_short_const_unsigned_short_const_signed_char_bkb  |        1|  0|   0|    0|   256|   32|     1|         8192|
    |p_ZZ15weighted_sum_v1PKsPKtPA4096_KaPaE3acc_11_U                             |weighted_sum_v1_weighted_sum_v1_short_const_unsigned_short_const_signed_char_bkb  |        1|  0|   0|    0|   256|   32|     1|         8192|
    |p_ZZ15weighted_sum_v1PKsPKtPA4096_KaPaE3acc_12_U                             |weighted_sum_v1_weighted_sum_v1_short_const_unsigned_short_const_signed_char_bkb  |        1|  0|   0|    0|   256|   32|     1|         8192|
    |p_ZZ15weighted_sum_v1PKsPKtPA4096_KaPaE3acc_13_U                             |weighted_sum_v1_weighted_sum_v1_short_const_unsigned_short_const_signed_char_bkb  |        1|  0|   0|    0|   256|   32|     1|         8192|
    |p_ZZ15weighted_sum_v1PKsPKtPA4096_KaPaE3acc_14_U                             |weighted_sum_v1_weighted_sum_v1_short_const_unsigned_short_const_signed_char_bkb  |        1|  0|   0|    0|   256|   32|     1|         8192|
    |p_ZZ15weighted_sum_v1PKsPKtPA4096_KaPaE3acc_15_U                             |weighted_sum_v1_weighted_sum_v1_short_const_unsigned_short_const_signed_char_bkb  |        1|  0|   0|    0|   256|   32|     1|         8192|
    +-----------------------------------------------------------------------------+----------------------------------------------------------------------------------+---------+---+----+-----+------+-----+------+-------------+
    |Total                                                                        |                                                                                  |       16|  0|   0|    0|  4096|  512|    16|       131072|
    +-----------------------------------------------------------------------------+----------------------------------------------------------------------------------+---------+---+----+-----+------+-----+------+-------------+

    * FIFO: 
    N/A

    * Expression: 
    N/A

    * Multiplexer: 
    +------------------------------------------------------------------------------------+----+-----------+-----+-----------+
    |                                        Name                                        | LUT| Input Size| Bits| Total Bits|
    +------------------------------------------------------------------------------------+----+-----------+-----+-----------+
    |ap_NS_fsm                                                                           |  24|          7|    1|          7|
    |p_ZZ15weighted_sum_v1PKsPKtPA4096_KaPaE3acc_10_address0                             |   8|          4|    8|         32|
    |p_ZZ15weighted_sum_v1PKsPKtPA4096_KaPaE3acc_10_ce0                                  |   8|          4|    1|          4|
    |p_ZZ15weighted_sum_v1PKsPKtPA4096_KaPaE3acc_10_ce1                                  |   8|          2|    1|          2|
    |p_ZZ15weighted_sum_v1PKsPKtPA4096_KaPaE3acc_10_d0                                   |  32|          3|   32|         96|
    |p_ZZ15weighted_sum_v1PKsPKtPA4096_KaPaE3acc_10_we0                                  |   8|          3|    1|          3|
    |p_ZZ15weighted_sum_v1PKsPKtPA4096_KaPaE3acc_11_address0                             |   8|          4|    8|         32|
    |p_ZZ15weighted_sum_v1PKsPKtPA4096_KaPaE3acc_11_ce0                                  |   8|          4|    1|          4|
    |p_ZZ15weighted_sum_v1PKsPKtPA4096_KaPaE3acc_11_ce1                                  |   8|          2|    1|          2|
    |p_ZZ15weighted_sum_v1PKsPKtPA4096_KaPaE3acc_11_d0                                   |  32|          3|   32|         96|
    |p_ZZ15weighted_sum_v1PKsPKtPA4096_KaPaE3acc_11_we0                                  |   8|          3|    1|          3|
    |p_ZZ15weighted_sum_v1PKsPKtPA4096_KaPaE3acc_12_address0                             |   8|          4|    8|         32|
    |p_ZZ15weighted_sum_v1PKsPKtPA4096_KaPaE3acc_12_ce0                                  |   8|          4|    1|          4|
    |p_ZZ15weighted_sum_v1PKsPKtPA4096_KaPaE3acc_12_ce1                                  |   8|          2|    1|          2|
    |p_ZZ15weighted_sum_v1PKsPKtPA4096_KaPaE3acc_12_d0                                   |  32|          3|   32|         96|
    |p_ZZ15weighted_sum_v1PKsPKtPA4096_KaPaE3acc_12_we0                                  |   8|          3|    1|          3|
    |p_ZZ15weighted_sum_v1PKsPKtPA4096_KaPaE3acc_13_address0                             |   8|          4|    8|         32|
    |p_ZZ15weighted_sum_v1PKsPKtPA4096_KaPaE3acc_13_ce0                                  |   8|          4|    1|          4|
    |p_ZZ15weighted_sum_v1PKsPKtPA4096_KaPaE3acc_13_ce1                                  |   8|          2|    1|          2|
    |p_ZZ15weighted_sum_v1PKsPKtPA4096_KaPaE3acc_13_d0                                   |  32|          3|   32|         96|
    |p_ZZ15weighted_sum_v1PKsPKtPA4096_KaPaE3acc_13_we0                                  |   8|          3|    1|          3|
    |p_ZZ15weighted_sum_v1PKsPKtPA4096_KaPaE3acc_14_address0                             |   8|          4|    8|         32|
    |p_ZZ15weighted_sum_v1PKsPKtPA4096_KaPaE3acc_14_ce0                                  |   8|          4|    1|          4|
    |p_ZZ15weighted_sum_v1PKsPKtPA4096_KaPaE3acc_14_ce1                                  |   8|          2|    1|          2|
    |p_ZZ15weighted_sum_v1PKsPKtPA4096_KaPaE3acc_14_d0                                   |  32|          3|   32|         96|
    |p_ZZ15weighted_sum_v1PKsPKtPA4096_KaPaE3acc_14_we0                                  |   8|          3|    1|          3|
    |p_ZZ15weighted_sum_v1PKsPKtPA4096_KaPaE3acc_15_address0                             |   8|          4|    8|         32|
    |p_ZZ15weighted_sum_v1PKsPKtPA4096_KaPaE3acc_15_ce0                                  |   8|          4|    1|          4|
    |p_ZZ15weighted_sum_v1PKsPKtPA4096_KaPaE3acc_15_ce1                                  |   8|          2|    1|          2|
    |p_ZZ15weighted_sum_v1PKsPKtPA4096_KaPaE3acc_15_d0                                   |  32|          3|   32|         96|
    |p_ZZ15weighted_sum_v1PKsPKtPA4096_KaPaE3acc_15_we0                                  |   8|          3|    1|          3|
    |weighted_sum_v1_short_const_unsigned_short_const_signed_char_const_4096_1_address0  |   8|          4|    8|         32|
    |weighted_sum_v1_short_const_unsigned_short_const_signed_char_const_4096_1_ce0       |   8|          4|    1|          4|
    |weighted_sum_v1_short_const_unsigned_short_const_signed_char_const_4096_1_ce1       |   8|          2|    1|          2|
    |weighted_sum_v1_short_const_unsigned_short_const_signed_char_const_4096_1_d0        |  32|          3|   32|         96|
    |weighted_sum_v1_short_const_unsigned_short_const_signed_char_const_4096_1_we0       |   8|          3|    1|          3|
    |weighted_sum_v1_short_const_unsigned_short_const_signed_char_const_4096_2_address0  |   8|          4|    8|         32|
    |weighted_sum_v1_short_const_unsigned_short_const_signed_char_const_4096_2_ce0       |   8|          4|    1|          4|
    |weighted_sum_v1_short_const_unsigned_short_const_signed_char_const_4096_2_ce1       |   8|          2|    1|          2|
    |weighted_sum_v1_short_const_unsigned_short_const_signed_char_const_4096_2_d0        |  32|          3|   32|         96|
    |weighted_sum_v1_short_const_unsigned_short_const_signed_char_const_4096_2_we0       |   8|          3|    1|          3|
    |weighted_sum_v1_short_const_unsigned_short_const_signed_char_const_4096_3_address0  |   8|          4|    8|         32|
    |weighted_sum_v1_short_const_unsigned_short_const_signed_char_const_4096_3_ce0       |   8|          4|    1|          4|
    |weighted_sum_v1_short_const_unsigned_short_const_signed_char_const_4096_3_ce1       |   8|          2|    1|          2|
    |weighted_sum_v1_short_const_unsigned_short_const_signed_char_const_4096_3_d0        |  32|          3|   32|         96|
    |weighted_sum_v1_short_const_unsigned_short_const_signed_char_const_4096_3_we0       |   8|          3|    1|          3|
    |weighted_sum_v1_short_const_unsigned_short_const_signed_char_const_4096_4_address0  |   8|          4|    8|         32|
    |weighted_sum_v1_short_const_unsigned_short_const_signed_char_const_4096_4_ce0       |   8|          4|    1|          4|
    |weighted_sum_v1_short_const_unsigned_short_const_signed_char_const_4096_4_ce1       |   8|          2|    1|          2|
    |weighted_sum_v1_short_const_unsigned_short_const_signed_char_const_4096_4_d0        |  32|          3|   32|         96|
    |weighted_sum_v1_short_const_unsigned_short_const_signed_char_const_4096_4_we0       |   8|          3|    1|          3|
    |weighted_sum_v1_short_const_unsigned_short_const_signed_char_const_4096_5_address0  |   8|          4|    8|         32|
    |weighted_sum_v1_short_const_unsigned_short_const_signed_char_const_4096_5_ce0       |   8|          4|    1|          4|
    |weighted_sum_v1_short_const_unsigned_short_const_signed_char_const_4096_5_ce1       |   8|          2|    1|          2|
    |weighted_sum_v1_short_const_unsigned_short_const_signed_char_const_4096_5_d0        |  32|          3|   32|         96|
    |weighted_sum_v1_short_const_unsigned_short_const_signed_char_const_4096_5_we0       |   8|          3|    1|          3|
    |weighted_sum_v1_short_const_unsigned_short_const_signed_char_const_4096_6_address0  |   8|          4|    8|         32|
    |weighted_sum_v1_short_const_unsigned_short_const_signed_char_const_4096_6_ce0       |   8|          4|    1|          4|
    |weighted_sum_v1_short_const_unsigned_short_const_signed_char_const_4096_6_ce1       |   8|          2|    1|          2|
    |weighted_sum_v1_short_const_unsigned_short_const_signed_char_const_4096_6_d0        |  32|          3|   32|         96|
    |weighted_sum_v1_short_const_unsigned_short_const_signed_char_const_4096_6_we0       |   8|          3|    1|          3|
    |weighted_sum_v1_short_const_unsigned_short_const_signed_char_const_4096_7_address0  |   8|          4|    8|         32|
    |weighted_sum_v1_short_const_unsigned_short_const_signed_char_const_4096_7_ce0       |   8|          4|    1|          4|
    |weighted_sum_v1_short_const_unsigned_short_const_signed_char_const_4096_7_ce1       |   8|          2|    1|          2|
    |weighted_sum_v1_short_const_unsigned_short_const_signed_char_const_4096_7_d0        |  32|          3|   32|         96|
    |weighted_sum_v1_short_const_unsigned_short_const_signed_char_const_4096_7_we0       |   8|          3|    1|          3|
    |weighted_sum_v1_short_const_unsigned_short_const_signed_char_const_4096_8_address0  |   8|          4|    8|         32|
    |weighted_sum_v1_short_const_unsigned_short_const_signed_char_const_4096_8_ce0       |   8|          4|    1|          4|
    |weighted_sum_v1_short_const_unsigned_short_const_signed_char_const_4096_8_ce1       |   8|          2|    1|          2|
    |weighted_sum_v1_short_const_unsigned_short_const_signed_char_const_4096_8_d0        |  32|          3|   32|         96|
    |weighted_sum_v1_short_const_unsigned_short_const_signed_char_const_4096_8_we0       |   8|          3|    1|          3|
    |weighted_sum_v1_short_const_unsigned_short_const_signed_char_const_4096_9_address0  |   8|          4|    8|         32|
    |weighted_sum_v1_short_const_unsigned_short_const_signed_char_const_4096_9_ce0       |   8|          4|    1|          4|
    |weighted_sum_v1_short_const_unsigned_short_const_signed_char_const_4096_9_ce1       |   8|          2|    1|          2|
    |weighted_sum_v1_short_const_unsigned_short_const_signed_char_const_4096_9_d0        |  32|          3|   32|         96|
    |weighted_sum_v1_short_const_unsigned_short_const_signed_char_const_4096_9_we0       |   8|          3|    1|          3|
    |weighted_sum_v1_short_const_unsigned_short_const_signed_char_const_4096_address0    |   8|          4|    8|         32|
    |weighted_sum_v1_short_const_unsigned_short_const_signed_char_const_4096_ce0         |   8|          4|    1|          4|
    |weighted_sum_v1_short_const_unsigned_short_const_signed_char_const_4096_ce1         |   8|          2|    1|          2|
    |weighted_sum_v1_short_const_unsigned_short_const_signed_char_const_4096_d0          |  32|          3|   32|         96|
    |weighted_sum_v1_short_const_unsigned_short_const_signed_char_const_4096_we0         |   8|          3|    1|          3|
    +------------------------------------------------------------------------------------+----+-----------+-----+-----------+
    |Total                                                                               |1048|        263|  689|       2199|
    +------------------------------------------------------------------------------------+----+-----------+-----+-----------+

    * Register: 
    +------------------------------------------------------------------+---+----+-----+-----------+
    |                               Name                               | FF| LUT| Bits| Const Bits|
    +------------------------------------------------------------------+---+----+-----+-----------+
    |ap_CS_fsm                                                         |  6|   0|    6|          0|
    |grp_weighted_sum_v1_Pipeline_INIT_LOOP_fu_1204_ap_start_reg       |  1|   0|    1|          0|
    |grp_weighted_sum_v1_Pipeline_KB_LOOP_D_LOOP_fu_1240_ap_start_reg  |  1|   0|    1|          0|
    |grp_weighted_sum_v1_Pipeline_WRITE_LOOP_fu_1660_ap_start_reg      |  1|   0|    1|          0|
    +------------------------------------------------------------------+---+----+-----+-----------+
    |Total                                                             |  9|   0|    9|          0|
    +------------------------------------------------------------------+---+----+-----+-----------+



================================================================
== Interface
================================================================
* Summary: 
+--------------------+-----+-----+------------+--------------------+--------------+
|      RTL Ports     | Dir | Bits|  Protocol  |    Source Object   |    C Type    |
+--------------------+-----+-----+------------+--------------------+--------------+
|ap_clk              |   in|    1|  ap_ctrl_hs|     weighted_sum_v1|  return value|
|ap_rst              |   in|    1|  ap_ctrl_hs|     weighted_sum_v1|  return value|
|ap_start            |   in|    1|  ap_ctrl_hs|     weighted_sum_v1|  return value|
|ap_done             |  out|    1|  ap_ctrl_hs|     weighted_sum_v1|  return value|
|ap_idle             |  out|    1|  ap_ctrl_hs|     weighted_sum_v1|  return value|
|ap_ready            |  out|    1|  ap_ctrl_hs|     weighted_sum_v1|  return value|
|weights_0_val       |   in|   16|     ap_none|       weights_0_val|        scalar|
|weights_1_val       |   in|   16|     ap_none|       weights_1_val|        scalar|
|weights_2_val       |   in|   16|     ap_none|       weights_2_val|        scalar|
|weights_3_val       |   in|   16|     ap_none|       weights_3_val|        scalar|
|weights_4_val       |   in|   16|     ap_none|       weights_4_val|        scalar|
|weights_5_val       |   in|   16|     ap_none|       weights_5_val|        scalar|
|weights_6_val       |   in|   16|     ap_none|       weights_6_val|        scalar|
|weights_7_val       |   in|   16|     ap_none|       weights_7_val|        scalar|
|weights_8_val       |   in|   16|     ap_none|       weights_8_val|        scalar|
|weights_9_val       |   in|   16|     ap_none|       weights_9_val|        scalar|
|weights_10_val      |   in|   16|     ap_none|      weights_10_val|        scalar|
|weights_11_val      |   in|   16|     ap_none|      weights_11_val|        scalar|
|weights_12_val      |   in|   16|     ap_none|      weights_12_val|        scalar|
|weights_13_val      |   in|   16|     ap_none|      weights_13_val|        scalar|
|weights_14_val      |   in|   16|     ap_none|      weights_14_val|        scalar|
|weights_15_val      |   in|   16|     ap_none|      weights_15_val|        scalar|
|weights_16_val      |   in|   16|     ap_none|      weights_16_val|        scalar|
|weights_17_val      |   in|   16|     ap_none|      weights_17_val|        scalar|
|weights_18_val      |   in|   16|     ap_none|      weights_18_val|        scalar|
|weights_19_val      |   in|   16|     ap_none|      weights_19_val|        scalar|
|weights_20_val      |   in|   16|     ap_none|      weights_20_val|        scalar|
|weights_21_val      |   in|   16|     ap_none|      weights_21_val|        scalar|
|weights_22_val      |   in|   16|     ap_none|      weights_22_val|        scalar|
|weights_23_val      |   in|   16|     ap_none|      weights_23_val|        scalar|
|weights_24_val      |   in|   16|     ap_none|      weights_24_val|        scalar|
|weights_25_val      |   in|   16|     ap_none|      weights_25_val|        scalar|
|weights_26_val      |   in|   16|     ap_none|      weights_26_val|        scalar|
|weights_27_val      |   in|   16|     ap_none|      weights_27_val|        scalar|
|weights_28_val      |   in|   16|     ap_none|      weights_28_val|        scalar|
|weights_29_val      |   in|   16|     ap_none|      weights_29_val|        scalar|
|weights_30_val      |   in|   16|     ap_none|      weights_30_val|        scalar|
|weights_31_val      |   in|   16|     ap_none|      weights_31_val|        scalar|
|weights_32_val      |   in|   16|     ap_none|      weights_32_val|        scalar|
|weights_33_val      |   in|   16|     ap_none|      weights_33_val|        scalar|
|weights_34_val      |   in|   16|     ap_none|      weights_34_val|        scalar|
|weights_35_val      |   in|   16|     ap_none|      weights_35_val|        scalar|
|weights_36_val      |   in|   16|     ap_none|      weights_36_val|        scalar|
|weights_37_val      |   in|   16|     ap_none|      weights_37_val|        scalar|
|weights_38_val      |   in|   16|     ap_none|      weights_38_val|        scalar|
|weights_39_val      |   in|   16|     ap_none|      weights_39_val|        scalar|
|weights_40_val      |   in|   16|     ap_none|      weights_40_val|        scalar|
|weights_41_val      |   in|   16|     ap_none|      weights_41_val|        scalar|
|weights_42_val      |   in|   16|     ap_none|      weights_42_val|        scalar|
|weights_43_val      |   in|   16|     ap_none|      weights_43_val|        scalar|
|weights_44_val      |   in|   16|     ap_none|      weights_44_val|        scalar|
|weights_45_val      |   in|   16|     ap_none|      weights_45_val|        scalar|
|weights_46_val      |   in|   16|     ap_none|      weights_46_val|        scalar|
|weights_47_val      |   in|   16|     ap_none|      weights_47_val|        scalar|
|weights_48_val      |   in|   16|     ap_none|      weights_48_val|        scalar|
|weights_49_val      |   in|   16|     ap_none|      weights_49_val|        scalar|
|weights_50_val      |   in|   16|     ap_none|      weights_50_val|        scalar|
|weights_51_val      |   in|   16|     ap_none|      weights_51_val|        scalar|
|weights_52_val      |   in|   16|     ap_none|      weights_52_val|        scalar|
|weights_53_val      |   in|   16|     ap_none|      weights_53_val|        scalar|
|weights_54_val      |   in|   16|     ap_none|      weights_54_val|        scalar|
|weights_55_val      |   in|   16|     ap_none|      weights_55_val|        scalar|
|weights_56_val      |   in|   16|     ap_none|      weights_56_val|        scalar|
|weights_57_val      |   in|   16|     ap_none|      weights_57_val|        scalar|
|weights_58_val      |   in|   16|     ap_none|      weights_58_val|        scalar|
|weights_59_val      |   in|   16|     ap_none|      weights_59_val|        scalar|
|weights_60_val      |   in|   16|     ap_none|      weights_60_val|        scalar|
|weights_61_val      |   in|   16|     ap_none|      weights_61_val|        scalar|
|weights_62_val      |   in|   16|     ap_none|      weights_62_val|        scalar|
|weights_63_val      |   in|   16|     ap_none|      weights_63_val|        scalar|
|top_indices_0_val   |   in|    8|     ap_none|   top_indices_0_val|        scalar|
|top_indices_1_val   |   in|    8|     ap_none|   top_indices_1_val|        scalar|
|top_indices_2_val   |   in|    8|     ap_none|   top_indices_2_val|        scalar|
|top_indices_3_val   |   in|    8|     ap_none|   top_indices_3_val|        scalar|
|top_indices_4_val   |   in|    8|     ap_none|   top_indices_4_val|        scalar|
|top_indices_5_val   |   in|    8|     ap_none|   top_indices_5_val|        scalar|
|top_indices_6_val   |   in|    8|     ap_none|   top_indices_6_val|        scalar|
|top_indices_7_val   |   in|    8|     ap_none|   top_indices_7_val|        scalar|
|top_indices_8_val   |   in|    8|     ap_none|   top_indices_8_val|        scalar|
|top_indices_9_val   |   in|    8|     ap_none|   top_indices_9_val|        scalar|
|top_indices_10_val  |   in|    8|     ap_none|  top_indices_10_val|        scalar|
|top_indices_11_val  |   in|    8|     ap_none|  top_indices_11_val|        scalar|
|top_indices_12_val  |   in|    8|     ap_none|  top_indices_12_val|        scalar|
|top_indices_13_val  |   in|    8|     ap_none|  top_indices_13_val|        scalar|
|top_indices_14_val  |   in|    8|     ap_none|  top_indices_14_val|        scalar|
|top_indices_15_val  |   in|    8|     ap_none|  top_indices_15_val|        scalar|
|top_indices_16_val  |   in|    8|     ap_none|  top_indices_16_val|        scalar|
|top_indices_17_val  |   in|    8|     ap_none|  top_indices_17_val|        scalar|
|top_indices_18_val  |   in|    8|     ap_none|  top_indices_18_val|        scalar|
|top_indices_19_val  |   in|    8|     ap_none|  top_indices_19_val|        scalar|
|top_indices_20_val  |   in|    8|     ap_none|  top_indices_20_val|        scalar|
|top_indices_21_val  |   in|    8|     ap_none|  top_indices_21_val|        scalar|
|top_indices_22_val  |   in|    8|     ap_none|  top_indices_22_val|        scalar|
|top_indices_23_val  |   in|    8|     ap_none|  top_indices_23_val|        scalar|
|top_indices_24_val  |   in|    8|     ap_none|  top_indices_24_val|        scalar|
|top_indices_25_val  |   in|    8|     ap_none|  top_indices_25_val|        scalar|
|top_indices_26_val  |   in|    8|     ap_none|  top_indices_26_val|        scalar|
|top_indices_27_val  |   in|    8|     ap_none|  top_indices_27_val|        scalar|
|top_indices_28_val  |   in|    8|     ap_none|  top_indices_28_val|        scalar|
|top_indices_29_val  |   in|    8|     ap_none|  top_indices_29_val|        scalar|
|top_indices_30_val  |   in|    8|     ap_none|  top_indices_30_val|        scalar|
|top_indices_31_val  |   in|    8|     ap_none|  top_indices_31_val|        scalar|
|top_indices_32_val  |   in|    8|     ap_none|  top_indices_32_val|        scalar|
|top_indices_33_val  |   in|    8|     ap_none|  top_indices_33_val|        scalar|
|top_indices_34_val  |   in|    8|     ap_none|  top_indices_34_val|        scalar|
|top_indices_35_val  |   in|    8|     ap_none|  top_indices_35_val|        scalar|
|top_indices_36_val  |   in|    8|     ap_none|  top_indices_36_val|        scalar|
|top_indices_37_val  |   in|    8|     ap_none|  top_indices_37_val|        scalar|
|top_indices_38_val  |   in|    8|     ap_none|  top_indices_38_val|        scalar|
|top_indices_39_val  |   in|    8|     ap_none|  top_indices_39_val|        scalar|
|top_indices_40_val  |   in|    8|     ap_none|  top_indices_40_val|        scalar|
|top_indices_41_val  |   in|    8|     ap_none|  top_indices_41_val|        scalar|
|top_indices_42_val  |   in|    8|     ap_none|  top_indices_42_val|        scalar|
|top_indices_43_val  |   in|    8|     ap_none|  top_indices_43_val|        scalar|
|top_indices_44_val  |   in|    8|     ap_none|  top_indices_44_val|        scalar|
|top_indices_45_val  |   in|    8|     ap_none|  top_indices_45_val|        scalar|
|top_indices_46_val  |   in|    8|     ap_none|  top_indices_46_val|        scalar|
|top_indices_47_val  |   in|    8|     ap_none|  top_indices_47_val|        scalar|
|top_indices_48_val  |   in|    8|     ap_none|  top_indices_48_val|        scalar|
|top_indices_49_val  |   in|    8|     ap_none|  top_indices_49_val|        scalar|
|top_indices_50_val  |   in|    8|     ap_none|  top_indices_50_val|        scalar|
|top_indices_51_val  |   in|    8|     ap_none|  top_indices_51_val|        scalar|
|top_indices_52_val  |   in|    8|     ap_none|  top_indices_52_val|        scalar|
|top_indices_53_val  |   in|    8|     ap_none|  top_indices_53_val|        scalar|
|top_indices_54_val  |   in|    8|     ap_none|  top_indices_54_val|        scalar|
|top_indices_55_val  |   in|    8|     ap_none|  top_indices_55_val|        scalar|
|top_indices_56_val  |   in|    8|     ap_none|  top_indices_56_val|        scalar|
|top_indices_57_val  |   in|    8|     ap_none|  top_indices_57_val|        scalar|
|top_indices_58_val  |   in|    8|     ap_none|  top_indices_58_val|        scalar|
|top_indices_59_val  |   in|    8|     ap_none|  top_indices_59_val|        scalar|
|top_indices_60_val  |   in|    8|     ap_none|  top_indices_60_val|        scalar|
|top_indices_61_val  |   in|    8|     ap_none|  top_indices_61_val|        scalar|
|top_indices_62_val  |   in|    8|     ap_none|  top_indices_62_val|        scalar|
|top_indices_63_val  |   in|    8|     ap_none|  top_indices_63_val|        scalar|
|V_0_0_address0      |  out|   14|   ap_memory|               V_0_0|         array|
|V_0_0_ce0           |  out|    1|   ap_memory|               V_0_0|         array|
|V_0_0_q0            |   in|    8|   ap_memory|               V_0_0|         array|
|V_0_0_address1      |  out|   14|   ap_memory|               V_0_0|         array|
|V_0_0_ce1           |  out|    1|   ap_memory|               V_0_0|         array|
|V_0_0_q1            |   in|    8|   ap_memory|               V_0_0|         array|
|V_0_1_address0      |  out|   14|   ap_memory|               V_0_1|         array|
|V_0_1_ce0           |  out|    1|   ap_memory|               V_0_1|         array|
|V_0_1_q0            |   in|    8|   ap_memory|               V_0_1|         array|
|V_0_1_address1      |  out|   14|   ap_memory|               V_0_1|         array|
|V_0_1_ce1           |  out|    1|   ap_memory|               V_0_1|         array|
|V_0_1_q1            |   in|    8|   ap_memory|               V_0_1|         array|
|V_0_2_address0      |  out|   14|   ap_memory|               V_0_2|         array|
|V_0_2_ce0           |  out|    1|   ap_memory|               V_0_2|         array|
|V_0_2_q0            |   in|    8|   ap_memory|               V_0_2|         array|
|V_0_2_address1      |  out|   14|   ap_memory|               V_0_2|         array|
|V_0_2_ce1           |  out|    1|   ap_memory|               V_0_2|         array|
|V_0_2_q1            |   in|    8|   ap_memory|               V_0_2|         array|
|V_0_3_address0      |  out|   14|   ap_memory|               V_0_3|         array|
|V_0_3_ce0           |  out|    1|   ap_memory|               V_0_3|         array|
|V_0_3_q0            |   in|    8|   ap_memory|               V_0_3|         array|
|V_0_3_address1      |  out|   14|   ap_memory|               V_0_3|         array|
|V_0_3_ce1           |  out|    1|   ap_memory|               V_0_3|         array|
|V_0_3_q1            |   in|    8|   ap_memory|               V_0_3|         array|
|V_0_4_address0      |  out|   14|   ap_memory|               V_0_4|         array|
|V_0_4_ce0           |  out|    1|   ap_memory|               V_0_4|         array|
|V_0_4_q0            |   in|    8|   ap_memory|               V_0_4|         array|
|V_0_4_address1      |  out|   14|   ap_memory|               V_0_4|         array|
|V_0_4_ce1           |  out|    1|   ap_memory|               V_0_4|         array|
|V_0_4_q1            |   in|    8|   ap_memory|               V_0_4|         array|
|V_0_5_address0      |  out|   14|   ap_memory|               V_0_5|         array|
|V_0_5_ce0           |  out|    1|   ap_memory|               V_0_5|         array|
|V_0_5_q0            |   in|    8|   ap_memory|               V_0_5|         array|
|V_0_5_address1      |  out|   14|   ap_memory|               V_0_5|         array|
|V_0_5_ce1           |  out|    1|   ap_memory|               V_0_5|         array|
|V_0_5_q1            |   in|    8|   ap_memory|               V_0_5|         array|
|V_0_6_address0      |  out|   14|   ap_memory|               V_0_6|         array|
|V_0_6_ce0           |  out|    1|   ap_memory|               V_0_6|         array|
|V_0_6_q0            |   in|    8|   ap_memory|               V_0_6|         array|
|V_0_6_address1      |  out|   14|   ap_memory|               V_0_6|         array|
|V_0_6_ce1           |  out|    1|   ap_memory|               V_0_6|         array|
|V_0_6_q1            |   in|    8|   ap_memory|               V_0_6|         array|
|V_0_7_address0      |  out|   14|   ap_memory|               V_0_7|         array|
|V_0_7_ce0           |  out|    1|   ap_memory|               V_0_7|         array|
|V_0_7_q0            |   in|    8|   ap_memory|               V_0_7|         array|
|V_0_7_address1      |  out|   14|   ap_memory|               V_0_7|         array|
|V_0_7_ce1           |  out|    1|   ap_memory|               V_0_7|         array|
|V_0_7_q1            |   in|    8|   ap_memory|               V_0_7|         array|
|V_0_8_address0      |  out|   14|   ap_memory|               V_0_8|         array|
|V_0_8_ce0           |  out|    1|   ap_memory|               V_0_8|         array|
|V_0_8_q0            |   in|    8|   ap_memory|               V_0_8|         array|
|V_0_8_address1      |  out|   14|   ap_memory|               V_0_8|         array|
|V_0_8_ce1           |  out|    1|   ap_memory|               V_0_8|         array|
|V_0_8_q1            |   in|    8|   ap_memory|               V_0_8|         array|
|V_0_9_address0      |  out|   14|   ap_memory|               V_0_9|         array|
|V_0_9_ce0           |  out|    1|   ap_memory|               V_0_9|         array|
|V_0_9_q0            |   in|    8|   ap_memory|               V_0_9|         array|
|V_0_9_address1      |  out|   14|   ap_memory|               V_0_9|         array|
|V_0_9_ce1           |  out|    1|   ap_memory|               V_0_9|         array|
|V_0_9_q1            |   in|    8|   ap_memory|               V_0_9|         array|
|V_0_10_address0     |  out|   14|   ap_memory|              V_0_10|         array|
|V_0_10_ce0          |  out|    1|   ap_memory|              V_0_10|         array|
|V_0_10_q0           |   in|    8|   ap_memory|              V_0_10|         array|
|V_0_10_address1     |  out|   14|   ap_memory|              V_0_10|         array|
|V_0_10_ce1          |  out|    1|   ap_memory|              V_0_10|         array|
|V_0_10_q1           |   in|    8|   ap_memory|              V_0_10|         array|
|V_0_11_address0     |  out|   14|   ap_memory|              V_0_11|         array|
|V_0_11_ce0          |  out|    1|   ap_memory|              V_0_11|         array|
|V_0_11_q0           |   in|    8|   ap_memory|              V_0_11|         array|
|V_0_11_address1     |  out|   14|   ap_memory|              V_0_11|         array|
|V_0_11_ce1          |  out|    1|   ap_memory|              V_0_11|         array|
|V_0_11_q1           |   in|    8|   ap_memory|              V_0_11|         array|
|V_0_12_address0     |  out|   14|   ap_memory|              V_0_12|         array|
|V_0_12_ce0          |  out|    1|   ap_memory|              V_0_12|         array|
|V_0_12_q0           |   in|    8|   ap_memory|              V_0_12|         array|
|V_0_12_address1     |  out|   14|   ap_memory|              V_0_12|         array|
|V_0_12_ce1          |  out|    1|   ap_memory|              V_0_12|         array|
|V_0_12_q1           |   in|    8|   ap_memory|              V_0_12|         array|
|V_0_13_address0     |  out|   14|   ap_memory|              V_0_13|         array|
|V_0_13_ce0          |  out|    1|   ap_memory|              V_0_13|         array|
|V_0_13_q0           |   in|    8|   ap_memory|              V_0_13|         array|
|V_0_13_address1     |  out|   14|   ap_memory|              V_0_13|         array|
|V_0_13_ce1          |  out|    1|   ap_memory|              V_0_13|         array|
|V_0_13_q1           |   in|    8|   ap_memory|              V_0_13|         array|
|V_0_14_address0     |  out|   14|   ap_memory|              V_0_14|         array|
|V_0_14_ce0          |  out|    1|   ap_memory|              V_0_14|         array|
|V_0_14_q0           |   in|    8|   ap_memory|              V_0_14|         array|
|V_0_14_address1     |  out|   14|   ap_memory|              V_0_14|         array|
|V_0_14_ce1          |  out|    1|   ap_memory|              V_0_14|         array|
|V_0_14_q1           |   in|    8|   ap_memory|              V_0_14|         array|
|V_0_15_address0     |  out|   14|   ap_memory|              V_0_15|         array|
|V_0_15_ce0          |  out|    1|   ap_memory|              V_0_15|         array|
|V_0_15_q0           |   in|    8|   ap_memory|              V_0_15|         array|
|V_0_15_address1     |  out|   14|   ap_memory|              V_0_15|         array|
|V_0_15_ce1          |  out|    1|   ap_memory|              V_0_15|         array|
|V_0_15_q1           |   in|    8|   ap_memory|              V_0_15|         array|
|V_1_0_address0      |  out|   14|   ap_memory|               V_1_0|         array|
|V_1_0_ce0           |  out|    1|   ap_memory|               V_1_0|         array|
|V_1_0_q0            |   in|    8|   ap_memory|               V_1_0|         array|
|V_1_0_address1      |  out|   14|   ap_memory|               V_1_0|         array|
|V_1_0_ce1           |  out|    1|   ap_memory|               V_1_0|         array|
|V_1_0_q1            |   in|    8|   ap_memory|               V_1_0|         array|
|V_1_1_address0      |  out|   14|   ap_memory|               V_1_1|         array|
|V_1_1_ce0           |  out|    1|   ap_memory|               V_1_1|         array|
|V_1_1_q0            |   in|    8|   ap_memory|               V_1_1|         array|
|V_1_1_address1      |  out|   14|   ap_memory|               V_1_1|         array|
|V_1_1_ce1           |  out|    1|   ap_memory|               V_1_1|         array|
|V_1_1_q1            |   in|    8|   ap_memory|               V_1_1|         array|
|V_1_2_address0      |  out|   14|   ap_memory|               V_1_2|         array|
|V_1_2_ce0           |  out|    1|   ap_memory|               V_1_2|         array|
|V_1_2_q0            |   in|    8|   ap_memory|               V_1_2|         array|
|V_1_2_address1      |  out|   14|   ap_memory|               V_1_2|         array|
|V_1_2_ce1           |  out|    1|   ap_memory|               V_1_2|         array|
|V_1_2_q1            |   in|    8|   ap_memory|               V_1_2|         array|
|V_1_3_address0      |  out|   14|   ap_memory|               V_1_3|         array|
|V_1_3_ce0           |  out|    1|   ap_memory|               V_1_3|         array|
|V_1_3_q0            |   in|    8|   ap_memory|               V_1_3|         array|
|V_1_3_address1      |  out|   14|   ap_memory|               V_1_3|         array|
|V_1_3_ce1           |  out|    1|   ap_memory|               V_1_3|         array|
|V_1_3_q1            |   in|    8|   ap_memory|               V_1_3|         array|
|V_1_4_address0      |  out|   14|   ap_memory|               V_1_4|         array|
|V_1_4_ce0           |  out|    1|   ap_memory|               V_1_4|         array|
|V_1_4_q0            |   in|    8|   ap_memory|               V_1_4|         array|
|V_1_4_address1      |  out|   14|   ap_memory|               V_1_4|         array|
|V_1_4_ce1           |  out|    1|   ap_memory|               V_1_4|         array|
|V_1_4_q1            |   in|    8|   ap_memory|               V_1_4|         array|
|V_1_5_address0      |  out|   14|   ap_memory|               V_1_5|         array|
|V_1_5_ce0           |  out|    1|   ap_memory|               V_1_5|         array|
|V_1_5_q0            |   in|    8|   ap_memory|               V_1_5|         array|
|V_1_5_address1      |  out|   14|   ap_memory|               V_1_5|         array|
|V_1_5_ce1           |  out|    1|   ap_memory|               V_1_5|         array|
|V_1_5_q1            |   in|    8|   ap_memory|               V_1_5|         array|
|V_1_6_address0      |  out|   14|   ap_memory|               V_1_6|         array|
|V_1_6_ce0           |  out|    1|   ap_memory|               V_1_6|         array|
|V_1_6_q0            |   in|    8|   ap_memory|               V_1_6|         array|
|V_1_6_address1      |  out|   14|   ap_memory|               V_1_6|         array|
|V_1_6_ce1           |  out|    1|   ap_memory|               V_1_6|         array|
|V_1_6_q1            |   in|    8|   ap_memory|               V_1_6|         array|
|V_1_7_address0      |  out|   14|   ap_memory|               V_1_7|         array|
|V_1_7_ce0           |  out|    1|   ap_memory|               V_1_7|         array|
|V_1_7_q0            |   in|    8|   ap_memory|               V_1_7|         array|
|V_1_7_address1      |  out|   14|   ap_memory|               V_1_7|         array|
|V_1_7_ce1           |  out|    1|   ap_memory|               V_1_7|         array|
|V_1_7_q1            |   in|    8|   ap_memory|               V_1_7|         array|
|V_1_8_address0      |  out|   14|   ap_memory|               V_1_8|         array|
|V_1_8_ce0           |  out|    1|   ap_memory|               V_1_8|         array|
|V_1_8_q0            |   in|    8|   ap_memory|               V_1_8|         array|
|V_1_8_address1      |  out|   14|   ap_memory|               V_1_8|         array|
|V_1_8_ce1           |  out|    1|   ap_memory|               V_1_8|         array|
|V_1_8_q1            |   in|    8|   ap_memory|               V_1_8|         array|
|V_1_9_address0      |  out|   14|   ap_memory|               V_1_9|         array|
|V_1_9_ce0           |  out|    1|   ap_memory|               V_1_9|         array|
|V_1_9_q0            |   in|    8|   ap_memory|               V_1_9|         array|
|V_1_9_address1      |  out|   14|   ap_memory|               V_1_9|         array|
|V_1_9_ce1           |  out|    1|   ap_memory|               V_1_9|         array|
|V_1_9_q1            |   in|    8|   ap_memory|               V_1_9|         array|
|V_1_10_address0     |  out|   14|   ap_memory|              V_1_10|         array|
|V_1_10_ce0          |  out|    1|   ap_memory|              V_1_10|         array|
|V_1_10_q0           |   in|    8|   ap_memory|              V_1_10|         array|
|V_1_10_address1     |  out|   14|   ap_memory|              V_1_10|         array|
|V_1_10_ce1          |  out|    1|   ap_memory|              V_1_10|         array|
|V_1_10_q1           |   in|    8|   ap_memory|              V_1_10|         array|
|V_1_11_address0     |  out|   14|   ap_memory|              V_1_11|         array|
|V_1_11_ce0          |  out|    1|   ap_memory|              V_1_11|         array|
|V_1_11_q0           |   in|    8|   ap_memory|              V_1_11|         array|
|V_1_11_address1     |  out|   14|   ap_memory|              V_1_11|         array|
|V_1_11_ce1          |  out|    1|   ap_memory|              V_1_11|         array|
|V_1_11_q1           |   in|    8|   ap_memory|              V_1_11|         array|
|V_1_12_address0     |  out|   14|   ap_memory|              V_1_12|         array|
|V_1_12_ce0          |  out|    1|   ap_memory|              V_1_12|         array|
|V_1_12_q0           |   in|    8|   ap_memory|              V_1_12|         array|
|V_1_12_address1     |  out|   14|   ap_memory|              V_1_12|         array|
|V_1_12_ce1          |  out|    1|   ap_memory|              V_1_12|         array|
|V_1_12_q1           |   in|    8|   ap_memory|              V_1_12|         array|
|V_1_13_address0     |  out|   14|   ap_memory|              V_1_13|         array|
|V_1_13_ce0          |  out|    1|   ap_memory|              V_1_13|         array|
|V_1_13_q0           |   in|    8|   ap_memory|              V_1_13|         array|
|V_1_13_address1     |  out|   14|   ap_memory|              V_1_13|         array|
|V_1_13_ce1          |  out|    1|   ap_memory|              V_1_13|         array|
|V_1_13_q1           |   in|    8|   ap_memory|              V_1_13|         array|
|V_1_14_address0     |  out|   14|   ap_memory|              V_1_14|         array|
|V_1_14_ce0          |  out|    1|   ap_memory|              V_1_14|         array|
|V_1_14_q0           |   in|    8|   ap_memory|              V_1_14|         array|
|V_1_14_address1     |  out|   14|   ap_memory|              V_1_14|         array|
|V_1_14_ce1          |  out|    1|   ap_memory|              V_1_14|         array|
|V_1_14_q1           |   in|    8|   ap_memory|              V_1_14|         array|
|V_1_15_address0     |  out|   14|   ap_memory|              V_1_15|         array|
|V_1_15_ce0          |  out|    1|   ap_memory|              V_1_15|         array|
|V_1_15_q0           |   in|    8|   ap_memory|              V_1_15|         array|
|V_1_15_address1     |  out|   14|   ap_memory|              V_1_15|         array|
|V_1_15_ce1          |  out|    1|   ap_memory|              V_1_15|         array|
|V_1_15_q1           |   in|    8|   ap_memory|              V_1_15|         array|
|V_2_0_address0      |  out|   14|   ap_memory|               V_2_0|         array|
|V_2_0_ce0           |  out|    1|   ap_memory|               V_2_0|         array|
|V_2_0_q0            |   in|    8|   ap_memory|               V_2_0|         array|
|V_2_0_address1      |  out|   14|   ap_memory|               V_2_0|         array|
|V_2_0_ce1           |  out|    1|   ap_memory|               V_2_0|         array|
|V_2_0_q1            |   in|    8|   ap_memory|               V_2_0|         array|
|V_2_1_address0      |  out|   14|   ap_memory|               V_2_1|         array|
|V_2_1_ce0           |  out|    1|   ap_memory|               V_2_1|         array|
|V_2_1_q0            |   in|    8|   ap_memory|               V_2_1|         array|
|V_2_1_address1      |  out|   14|   ap_memory|               V_2_1|         array|
|V_2_1_ce1           |  out|    1|   ap_memory|               V_2_1|         array|
|V_2_1_q1            |   in|    8|   ap_memory|               V_2_1|         array|
|V_2_2_address0      |  out|   14|   ap_memory|               V_2_2|         array|
|V_2_2_ce0           |  out|    1|   ap_memory|               V_2_2|         array|
|V_2_2_q0            |   in|    8|   ap_memory|               V_2_2|         array|
|V_2_2_address1      |  out|   14|   ap_memory|               V_2_2|         array|
|V_2_2_ce1           |  out|    1|   ap_memory|               V_2_2|         array|
|V_2_2_q1            |   in|    8|   ap_memory|               V_2_2|         array|
|V_2_3_address0      |  out|   14|   ap_memory|               V_2_3|         array|
|V_2_3_ce0           |  out|    1|   ap_memory|               V_2_3|         array|
|V_2_3_q0            |   in|    8|   ap_memory|               V_2_3|         array|
|V_2_3_address1      |  out|   14|   ap_memory|               V_2_3|         array|
|V_2_3_ce1           |  out|    1|   ap_memory|               V_2_3|         array|
|V_2_3_q1            |   in|    8|   ap_memory|               V_2_3|         array|
|V_2_4_address0      |  out|   14|   ap_memory|               V_2_4|         array|
|V_2_4_ce0           |  out|    1|   ap_memory|               V_2_4|         array|
|V_2_4_q0            |   in|    8|   ap_memory|               V_2_4|         array|
|V_2_4_address1      |  out|   14|   ap_memory|               V_2_4|         array|
|V_2_4_ce1           |  out|    1|   ap_memory|               V_2_4|         array|
|V_2_4_q1            |   in|    8|   ap_memory|               V_2_4|         array|
|V_2_5_address0      |  out|   14|   ap_memory|               V_2_5|         array|
|V_2_5_ce0           |  out|    1|   ap_memory|               V_2_5|         array|
|V_2_5_q0            |   in|    8|   ap_memory|               V_2_5|         array|
|V_2_5_address1      |  out|   14|   ap_memory|               V_2_5|         array|
|V_2_5_ce1           |  out|    1|   ap_memory|               V_2_5|         array|
|V_2_5_q1            |   in|    8|   ap_memory|               V_2_5|         array|
|V_2_6_address0      |  out|   14|   ap_memory|               V_2_6|         array|
|V_2_6_ce0           |  out|    1|   ap_memory|               V_2_6|         array|
|V_2_6_q0            |   in|    8|   ap_memory|               V_2_6|         array|
|V_2_6_address1      |  out|   14|   ap_memory|               V_2_6|         array|
|V_2_6_ce1           |  out|    1|   ap_memory|               V_2_6|         array|
|V_2_6_q1            |   in|    8|   ap_memory|               V_2_6|         array|
|V_2_7_address0      |  out|   14|   ap_memory|               V_2_7|         array|
|V_2_7_ce0           |  out|    1|   ap_memory|               V_2_7|         array|
|V_2_7_q0            |   in|    8|   ap_memory|               V_2_7|         array|
|V_2_7_address1      |  out|   14|   ap_memory|               V_2_7|         array|
|V_2_7_ce1           |  out|    1|   ap_memory|               V_2_7|         array|
|V_2_7_q1            |   in|    8|   ap_memory|               V_2_7|         array|
|V_2_8_address0      |  out|   14|   ap_memory|               V_2_8|         array|
|V_2_8_ce0           |  out|    1|   ap_memory|               V_2_8|         array|
|V_2_8_q0            |   in|    8|   ap_memory|               V_2_8|         array|
|V_2_8_address1      |  out|   14|   ap_memory|               V_2_8|         array|
|V_2_8_ce1           |  out|    1|   ap_memory|               V_2_8|         array|
|V_2_8_q1            |   in|    8|   ap_memory|               V_2_8|         array|
|V_2_9_address0      |  out|   14|   ap_memory|               V_2_9|         array|
|V_2_9_ce0           |  out|    1|   ap_memory|               V_2_9|         array|
|V_2_9_q0            |   in|    8|   ap_memory|               V_2_9|         array|
|V_2_9_address1      |  out|   14|   ap_memory|               V_2_9|         array|
|V_2_9_ce1           |  out|    1|   ap_memory|               V_2_9|         array|
|V_2_9_q1            |   in|    8|   ap_memory|               V_2_9|         array|
|V_2_10_address0     |  out|   14|   ap_memory|              V_2_10|         array|
|V_2_10_ce0          |  out|    1|   ap_memory|              V_2_10|         array|
|V_2_10_q0           |   in|    8|   ap_memory|              V_2_10|         array|
|V_2_10_address1     |  out|   14|   ap_memory|              V_2_10|         array|
|V_2_10_ce1          |  out|    1|   ap_memory|              V_2_10|         array|
|V_2_10_q1           |   in|    8|   ap_memory|              V_2_10|         array|
|V_2_11_address0     |  out|   14|   ap_memory|              V_2_11|         array|
|V_2_11_ce0          |  out|    1|   ap_memory|              V_2_11|         array|
|V_2_11_q0           |   in|    8|   ap_memory|              V_2_11|         array|
|V_2_11_address1     |  out|   14|   ap_memory|              V_2_11|         array|
|V_2_11_ce1          |  out|    1|   ap_memory|              V_2_11|         array|
|V_2_11_q1           |   in|    8|   ap_memory|              V_2_11|         array|
|V_2_12_address0     |  out|   14|   ap_memory|              V_2_12|         array|
|V_2_12_ce0          |  out|    1|   ap_memory|              V_2_12|         array|
|V_2_12_q0           |   in|    8|   ap_memory|              V_2_12|         array|
|V_2_12_address1     |  out|   14|   ap_memory|              V_2_12|         array|
|V_2_12_ce1          |  out|    1|   ap_memory|              V_2_12|         array|
|V_2_12_q1           |   in|    8|   ap_memory|              V_2_12|         array|
|V_2_13_address0     |  out|   14|   ap_memory|              V_2_13|         array|
|V_2_13_ce0          |  out|    1|   ap_memory|              V_2_13|         array|
|V_2_13_q0           |   in|    8|   ap_memory|              V_2_13|         array|
|V_2_13_address1     |  out|   14|   ap_memory|              V_2_13|         array|
|V_2_13_ce1          |  out|    1|   ap_memory|              V_2_13|         array|
|V_2_13_q1           |   in|    8|   ap_memory|              V_2_13|         array|
|V_2_14_address0     |  out|   14|   ap_memory|              V_2_14|         array|
|V_2_14_ce0          |  out|    1|   ap_memory|              V_2_14|         array|
|V_2_14_q0           |   in|    8|   ap_memory|              V_2_14|         array|
|V_2_14_address1     |  out|   14|   ap_memory|              V_2_14|         array|
|V_2_14_ce1          |  out|    1|   ap_memory|              V_2_14|         array|
|V_2_14_q1           |   in|    8|   ap_memory|              V_2_14|         array|
|V_2_15_address0     |  out|   14|   ap_memory|              V_2_15|         array|
|V_2_15_ce0          |  out|    1|   ap_memory|              V_2_15|         array|
|V_2_15_q0           |   in|    8|   ap_memory|              V_2_15|         array|
|V_2_15_address1     |  out|   14|   ap_memory|              V_2_15|         array|
|V_2_15_ce1          |  out|    1|   ap_memory|              V_2_15|         array|
|V_2_15_q1           |   in|    8|   ap_memory|              V_2_15|         array|
|V_3_0_address0      |  out|   14|   ap_memory|               V_3_0|         array|
|V_3_0_ce0           |  out|    1|   ap_memory|               V_3_0|         array|
|V_3_0_q0            |   in|    8|   ap_memory|               V_3_0|         array|
|V_3_0_address1      |  out|   14|   ap_memory|               V_3_0|         array|
|V_3_0_ce1           |  out|    1|   ap_memory|               V_3_0|         array|
|V_3_0_q1            |   in|    8|   ap_memory|               V_3_0|         array|
|V_3_1_address0      |  out|   14|   ap_memory|               V_3_1|         array|
|V_3_1_ce0           |  out|    1|   ap_memory|               V_3_1|         array|
|V_3_1_q0            |   in|    8|   ap_memory|               V_3_1|         array|
|V_3_1_address1      |  out|   14|   ap_memory|               V_3_1|         array|
|V_3_1_ce1           |  out|    1|   ap_memory|               V_3_1|         array|
|V_3_1_q1            |   in|    8|   ap_memory|               V_3_1|         array|
|V_3_2_address0      |  out|   14|   ap_memory|               V_3_2|         array|
|V_3_2_ce0           |  out|    1|   ap_memory|               V_3_2|         array|
|V_3_2_q0            |   in|    8|   ap_memory|               V_3_2|         array|
|V_3_2_address1      |  out|   14|   ap_memory|               V_3_2|         array|
|V_3_2_ce1           |  out|    1|   ap_memory|               V_3_2|         array|
|V_3_2_q1            |   in|    8|   ap_memory|               V_3_2|         array|
|V_3_3_address0      |  out|   14|   ap_memory|               V_3_3|         array|
|V_3_3_ce0           |  out|    1|   ap_memory|               V_3_3|         array|
|V_3_3_q0            |   in|    8|   ap_memory|               V_3_3|         array|
|V_3_3_address1      |  out|   14|   ap_memory|               V_3_3|         array|
|V_3_3_ce1           |  out|    1|   ap_memory|               V_3_3|         array|
|V_3_3_q1            |   in|    8|   ap_memory|               V_3_3|         array|
|V_3_4_address0      |  out|   14|   ap_memory|               V_3_4|         array|
|V_3_4_ce0           |  out|    1|   ap_memory|               V_3_4|         array|
|V_3_4_q0            |   in|    8|   ap_memory|               V_3_4|         array|
|V_3_4_address1      |  out|   14|   ap_memory|               V_3_4|         array|
|V_3_4_ce1           |  out|    1|   ap_memory|               V_3_4|         array|
|V_3_4_q1            |   in|    8|   ap_memory|               V_3_4|         array|
|V_3_5_address0      |  out|   14|   ap_memory|               V_3_5|         array|
|V_3_5_ce0           |  out|    1|   ap_memory|               V_3_5|         array|
|V_3_5_q0            |   in|    8|   ap_memory|               V_3_5|         array|
|V_3_5_address1      |  out|   14|   ap_memory|               V_3_5|         array|
|V_3_5_ce1           |  out|    1|   ap_memory|               V_3_5|         array|
|V_3_5_q1            |   in|    8|   ap_memory|               V_3_5|         array|
|V_3_6_address0      |  out|   14|   ap_memory|               V_3_6|         array|
|V_3_6_ce0           |  out|    1|   ap_memory|               V_3_6|         array|
|V_3_6_q0            |   in|    8|   ap_memory|               V_3_6|         array|
|V_3_6_address1      |  out|   14|   ap_memory|               V_3_6|         array|
|V_3_6_ce1           |  out|    1|   ap_memory|               V_3_6|         array|
|V_3_6_q1            |   in|    8|   ap_memory|               V_3_6|         array|
|V_3_7_address0      |  out|   14|   ap_memory|               V_3_7|         array|
|V_3_7_ce0           |  out|    1|   ap_memory|               V_3_7|         array|
|V_3_7_q0            |   in|    8|   ap_memory|               V_3_7|         array|
|V_3_7_address1      |  out|   14|   ap_memory|               V_3_7|         array|
|V_3_7_ce1           |  out|    1|   ap_memory|               V_3_7|         array|
|V_3_7_q1            |   in|    8|   ap_memory|               V_3_7|         array|
|V_3_8_address0      |  out|   14|   ap_memory|               V_3_8|         array|
|V_3_8_ce0           |  out|    1|   ap_memory|               V_3_8|         array|
|V_3_8_q0            |   in|    8|   ap_memory|               V_3_8|         array|
|V_3_8_address1      |  out|   14|   ap_memory|               V_3_8|         array|
|V_3_8_ce1           |  out|    1|   ap_memory|               V_3_8|         array|
|V_3_8_q1            |   in|    8|   ap_memory|               V_3_8|         array|
|V_3_9_address0      |  out|   14|   ap_memory|               V_3_9|         array|
|V_3_9_ce0           |  out|    1|   ap_memory|               V_3_9|         array|
|V_3_9_q0            |   in|    8|   ap_memory|               V_3_9|         array|
|V_3_9_address1      |  out|   14|   ap_memory|               V_3_9|         array|
|V_3_9_ce1           |  out|    1|   ap_memory|               V_3_9|         array|
|V_3_9_q1            |   in|    8|   ap_memory|               V_3_9|         array|
|V_3_10_address0     |  out|   14|   ap_memory|              V_3_10|         array|
|V_3_10_ce0          |  out|    1|   ap_memory|              V_3_10|         array|
|V_3_10_q0           |   in|    8|   ap_memory|              V_3_10|         array|
|V_3_10_address1     |  out|   14|   ap_memory|              V_3_10|         array|
|V_3_10_ce1          |  out|    1|   ap_memory|              V_3_10|         array|
|V_3_10_q1           |   in|    8|   ap_memory|              V_3_10|         array|
|V_3_11_address0     |  out|   14|   ap_memory|              V_3_11|         array|
|V_3_11_ce0          |  out|    1|   ap_memory|              V_3_11|         array|
|V_3_11_q0           |   in|    8|   ap_memory|              V_3_11|         array|
|V_3_11_address1     |  out|   14|   ap_memory|              V_3_11|         array|
|V_3_11_ce1          |  out|    1|   ap_memory|              V_3_11|         array|
|V_3_11_q1           |   in|    8|   ap_memory|              V_3_11|         array|
|V_3_12_address0     |  out|   14|   ap_memory|              V_3_12|         array|
|V_3_12_ce0          |  out|    1|   ap_memory|              V_3_12|         array|
|V_3_12_q0           |   in|    8|   ap_memory|              V_3_12|         array|
|V_3_12_address1     |  out|   14|   ap_memory|              V_3_12|         array|
|V_3_12_ce1          |  out|    1|   ap_memory|              V_3_12|         array|
|V_3_12_q1           |   in|    8|   ap_memory|              V_3_12|         array|
|V_3_13_address0     |  out|   14|   ap_memory|              V_3_13|         array|
|V_3_13_ce0          |  out|    1|   ap_memory|              V_3_13|         array|
|V_3_13_q0           |   in|    8|   ap_memory|              V_3_13|         array|
|V_3_13_address1     |  out|   14|   ap_memory|              V_3_13|         array|
|V_3_13_ce1          |  out|    1|   ap_memory|              V_3_13|         array|
|V_3_13_q1           |   in|    8|   ap_memory|              V_3_13|         array|
|V_3_14_address0     |  out|   14|   ap_memory|              V_3_14|         array|
|V_3_14_ce0          |  out|    1|   ap_memory|              V_3_14|         array|
|V_3_14_q0           |   in|    8|   ap_memory|              V_3_14|         array|
|V_3_14_address1     |  out|   14|   ap_memory|              V_3_14|         array|
|V_3_14_ce1          |  out|    1|   ap_memory|              V_3_14|         array|
|V_3_14_q1           |   in|    8|   ap_memory|              V_3_14|         array|
|V_3_15_address0     |  out|   14|   ap_memory|              V_3_15|         array|
|V_3_15_ce0          |  out|    1|   ap_memory|              V_3_15|         array|
|V_3_15_q0           |   in|    8|   ap_memory|              V_3_15|         array|
|V_3_15_address1     |  out|   14|   ap_memory|              V_3_15|         array|
|V_3_15_ce1          |  out|    1|   ap_memory|              V_3_15|         array|
|V_3_15_q1           |   in|    8|   ap_memory|              V_3_15|         array|
|out_r_address0      |  out|   12|   ap_memory|               out_r|         array|
|out_r_ce0           |  out|    1|   ap_memory|               out_r|         array|
|out_r_we0           |  out|    1|   ap_memory|               out_r|         array|
|out_r_d0            |  out|    8|   ap_memory|               out_r|         array|
+--------------------+-----+-----+------------+--------------------+--------------+

