

================================================================
== Vitis HLS Report for 'weighted_sum_v1_Pipeline_INIT_LOOP'
================================================================
* Date:           Wed May 27 13:12:26 2026

* Version:        2024.1 (Build 5069499 on May 21 2024)
* Project:        xmod_attn_v1_hls
* Solution:       sol1 (Vivado IP Flow Target)
* Product family: versalaicore
* Target device:  xcvc1902-vsva2197-2MP-e-S


================================================================
== Performance Estimates
================================================================
+ Timing: 
    * Summary: 
    +--------+---------+----------+------------+
    |  Clock |  Target | Estimated| Uncertainty|
    +--------+---------+----------+------------+
    |ap_clk  |  4.00 ns|  1.955 ns|     1.08 ns|
    +--------+---------+----------+------------+

+ Latency: 
    * Summary: 
    +---------+---------+-----------+-----------+------+------+-----------------------------------------------+
    |  Latency (cycles) |   Latency (absolute)  |   Interval  |                    Pipeline                   |
    |   min   |   max   |    min    |    max    |  min |  max |                      Type                     |
    +---------+---------+-----------+-----------+------+------+-----------------------------------------------+
    |     4098|     4098|  16.392 us|  16.392 us|  4097|  4097|  loop auto-rewind stp(delay=0 clock cycles(s))|
    +---------+---------+-----------+-----------+------+------+-----------------------------------------------+

    + Detail: 
        * Instance: 
        N/A

        * Loop: 
        +-------------+---------+---------+----------+-----------+-----------+------+----------+
        |             |  Latency (cycles) | Iteration|  Initiation Interval  | Trip |          |
        |  Loop Name  |   min   |   max   |  Latency |  achieved |   target  | Count| Pipelined|
        +-------------+---------+---------+----------+-----------+-----------+------+----------+
        |- INIT_LOOP  |     4096|     4096|         1|          1|          1|  4096|       yes|
        +-------------+---------+---------+----------+-----------+-----------+------+----------+



================================================================
== Utilization Estimates
================================================================
* Summary: 
+-----------------+---------+------+---------+--------+-----+
|       Name      | BRAM_18K|  DSP |    FF   |   LUT  | URAM|
+-----------------+---------+------+---------+--------+-----+
|DSP              |        -|     -|        -|       -|    -|
|Expression       |        -|     -|        0|      19|    -|
|FIFO             |        -|     -|        -|       -|    -|
|Instance         |        -|     -|        -|       -|    -|
|Memory           |        -|     -|        -|       -|    -|
|Multiplexer      |        -|     -|        0|      40|    -|
|Register         |        -|     -|       15|       -|    -|
+-----------------+---------+------+---------+--------+-----+
|Total            |        0|     0|       15|      59|    0|
+-----------------+---------+------+---------+--------+-----+
|Available        |     1934|  1968|  1799680|  899840|  463|
+-----------------+---------+------+---------+--------+-----+
|Utilization (%)  |        0|     0|       ~0|      ~0|    0|
+-----------------+---------+------+---------+--------+-----+

+ Detail: 
    * Instance: 
    N/A

    * DSP: 
    N/A

    * Memory: 
    N/A

    * FIFO: 
    N/A

    * Expression: 
    +---------------------+----------+----+---+----+------------+------------+
    |    Variable Name    | Operation| DSP| FF| LUT| Bitwidth P0| Bitwidth P1|
    +---------------------+----------+----+---+----+------------+------------+
    |add_ln30_fu_342_p2   |         +|   0|  0|  13|          13|           1|
    |icmp_ln30_fu_348_p2  |      icmp|   0|  0|   6|          13|          14|
    +---------------------+----------+----+---+----+------------+------------+
    |Total                |          |   0|  0|  19|          26|          15|
    +---------------------+----------+----+---+----+------------+------------+

    * Multiplexer: 
    +----------------------+----+-----------+-----+-----------+
    |         Name         | LUT| Input Size| Bits| Total Bits|
    +----------------------+----+-----------+-----+-----------+
    |ap_done_int           |   8|          2|    1|          2|
    |ap_sig_allocacmp_d_2  |  16|          2|   13|         26|
    |d_fu_92               |  16|          2|   13|         26|
    +----------------------+----+-----------+-----+-----------+
    |Total                 |  40|          6|   27|         54|
    +----------------------+----+-----------+-----+-----------+

    * Register: 
    +-------------+----+----+-----+-----------+
    |     Name    | FF | LUT| Bits| Const Bits|
    +-------------+----+----+-----+-----------+
    |ap_CS_fsm    |   1|   0|    1|          0|
    |ap_done_reg  |   1|   0|    1|          0|
    |d_fu_92      |  13|   0|   13|          0|
    +-------------+----+----+-----+-----------+
    |Total        |  15|   0|   15|          0|
    +-------------+----+----+-----+-----------+



================================================================
== Interface
================================================================
* Summary: 
+------------------------------------------------------------------------------------+-----+-----+------------+---------------------------------------------------------------------------+--------------+
|                                      RTL Ports                                     | Dir | Bits|  Protocol  |                               Source Object                               |    C Type    |
+------------------------------------------------------------------------------------+-----+-----+------------+---------------------------------------------------------------------------+--------------+
|ap_clk                                                                              |   in|    1|  ap_ctrl_hs|                                         weighted_sum_v1_Pipeline_INIT_LOOP|  return value|
|ap_rst                                                                              |   in|    1|  ap_ctrl_hs|                                         weighted_sum_v1_Pipeline_INIT_LOOP|  return value|
|ap_start                                                                            |   in|    1|  ap_ctrl_hs|                                         weighted_sum_v1_Pipeline_INIT_LOOP|  return value|
|ap_done                                                                             |  out|    1|  ap_ctrl_hs|                                         weighted_sum_v1_Pipeline_INIT_LOOP|  return value|
|ap_idle                                                                             |  out|    1|  ap_ctrl_hs|                                         weighted_sum_v1_Pipeline_INIT_LOOP|  return value|
|ap_ready                                                                            |  out|    1|  ap_ctrl_hs|                                         weighted_sum_v1_Pipeline_INIT_LOOP|  return value|
|weighted_sum_v1_short_const_unsigned_short_const_signed_char_const_4096_9_address0  |  out|    8|   ap_memory|  weighted_sum_v1_short_const_unsigned_short_const_signed_char_const_4096_9|         array|
|weighted_sum_v1_short_const_unsigned_short_const_signed_char_const_4096_9_ce0       |  out|    1|   ap_memory|  weighted_sum_v1_short_const_unsigned_short_const_signed_char_const_4096_9|         array|
|weighted_sum_v1_short_const_unsigned_short_const_signed_char_const_4096_9_we0       |  out|    1|   ap_memory|  weighted_sum_v1_short_const_unsigned_short_const_signed_char_const_4096_9|         array|
|weighted_sum_v1_short_const_unsigned_short_const_signed_char_const_4096_9_d0        |  out|   32|   ap_memory|  weighted_sum_v1_short_const_unsigned_short_const_signed_char_const_4096_9|         array|
|weighted_sum_v1_short_const_unsigned_short_const_signed_char_const_4096_8_address0  |  out|    8|   ap_memory|  weighted_sum_v1_short_const_unsigned_short_const_signed_char_const_4096_8|         array|
|weighted_sum_v1_short_const_unsigned_short_const_signed_char_const_4096_8_ce0       |  out|    1|   ap_memory|  weighted_sum_v1_short_const_unsigned_short_const_signed_char_const_4096_8|         array|
|weighted_sum_v1_short_const_unsigned_short_const_signed_char_const_4096_8_we0       |  out|    1|   ap_memory|  weighted_sum_v1_short_const_unsigned_short_const_signed_char_const_4096_8|         array|
|weighted_sum_v1_short_const_unsigned_short_const_signed_char_const_4096_8_d0        |  out|   32|   ap_memory|  weighted_sum_v1_short_const_unsigned_short_const_signed_char_const_4096_8|         array|
|weighted_sum_v1_short_const_unsigned_short_const_signed_char_const_4096_7_address0  |  out|    8|   ap_memory|  weighted_sum_v1_short_const_unsigned_short_const_signed_char_const_4096_7|         array|
|weighted_sum_v1_short_const_unsigned_short_const_signed_char_const_4096_7_ce0       |  out|    1|   ap_memory|  weighted_sum_v1_short_const_unsigned_short_const_signed_char_const_4096_7|         array|
|weighted_sum_v1_short_const_unsigned_short_const_signed_char_const_4096_7_we0       |  out|    1|   ap_memory|  weighted_sum_v1_short_const_unsigned_short_const_signed_char_const_4096_7|         array|
|weighted_sum_v1_short_const_unsigned_short_const_signed_char_const_4096_7_d0        |  out|   32|   ap_memory|  weighted_sum_v1_short_const_unsigned_short_const_signed_char_const_4096_7|         array|
|weighted_sum_v1_short_const_unsigned_short_const_signed_char_const_4096_6_address0  |  out|    8|   ap_memory|  weighted_sum_v1_short_const_unsigned_short_const_signed_char_const_4096_6|         array|
|weighted_sum_v1_short_const_unsigned_short_const_signed_char_const_4096_6_ce0       |  out|    1|   ap_memory|  weighted_sum_v1_short_const_unsigned_short_const_signed_char_const_4096_6|         array|
|weighted_sum_v1_short_const_unsigned_short_const_signed_char_const_4096_6_we0       |  out|    1|   ap_memory|  weighted_sum_v1_short_const_unsigned_short_const_signed_char_const_4096_6|         array|
|weighted_sum_v1_short_const_unsigned_short_const_signed_char_const_4096_6_d0        |  out|   32|   ap_memory|  weighted_sum_v1_short_const_unsigned_short_const_signed_char_const_4096_6|         array|
|weighted_sum_v1_short_const_unsigned_short_const_signed_char_const_4096_5_address0  |  out|    8|   ap_memory|  weighted_sum_v1_short_const_unsigned_short_const_signed_char_const_4096_5|         array|
|weighted_sum_v1_short_const_unsigned_short_const_signed_char_const_4096_5_ce0       |  out|    1|   ap_memory|  weighted_sum_v1_short_const_unsigned_short_const_signed_char_const_4096_5|         array|
|weighted_sum_v1_short_const_unsigned_short_const_signed_char_const_4096_5_we0       |  out|    1|   ap_memory|  weighted_sum_v1_short_const_unsigned_short_const_signed_char_const_4096_5|         array|
|weighted_sum_v1_short_const_unsigned_short_const_signed_char_const_4096_5_d0        |  out|   32|   ap_memory|  weighted_sum_v1_short_const_unsigned_short_const_signed_char_const_4096_5|         array|
|weighted_sum_v1_short_const_unsigned_short_const_signed_char_const_4096_4_address0  |  out|    8|   ap_memory|  weighted_sum_v1_short_const_unsigned_short_const_signed_char_const_4096_4|         array|
|weighted_sum_v1_short_const_unsigned_short_const_signed_char_const_4096_4_ce0       |  out|    1|   ap_memory|  weighted_sum_v1_short_const_unsigned_short_const_signed_char_const_4096_4|         array|
|weighted_sum_v1_short_const_unsigned_short_const_signed_char_const_4096_4_we0       |  out|    1|   ap_memory|  weighted_sum_v1_short_const_unsigned_short_const_signed_char_const_4096_4|         array|
|weighted_sum_v1_short_const_unsigned_short_const_signed_char_const_4096_4_d0        |  out|   32|   ap_memory|  weighted_sum_v1_short_const_unsigned_short_const_signed_char_const_4096_4|         array|
|weighted_sum_v1_short_const_unsigned_short_const_signed_char_const_4096_3_address0  |  out|    8|   ap_memory|  weighted_sum_v1_short_const_unsigned_short_const_signed_char_const_4096_3|         array|
|weighted_sum_v1_short_const_unsigned_short_const_signed_char_const_4096_3_ce0       |  out|    1|   ap_memory|  weighted_sum_v1_short_const_unsigned_short_const_signed_char_const_4096_3|         array|
|weighted_sum_v1_short_const_unsigned_short_const_signed_char_const_4096_3_we0       |  out|    1|   ap_memory|  weighted_sum_v1_short_const_unsigned_short_const_signed_char_const_4096_3|         array|
|weighted_sum_v1_short_const_unsigned_short_const_signed_char_const_4096_3_d0        |  out|   32|   ap_memory|  weighted_sum_v1_short_const_unsigned_short_const_signed_char_const_4096_3|         array|
|weighted_sum_v1_short_const_unsigned_short_const_signed_char_const_4096_2_address0  |  out|    8|   ap_memory|  weighted_sum_v1_short_const_unsigned_short_const_signed_char_const_4096_2|         array|
|weighted_sum_v1_short_const_unsigned_short_const_signed_char_const_4096_2_ce0       |  out|    1|   ap_memory|  weighted_sum_v1_short_const_unsigned_short_const_signed_char_const_4096_2|         array|
|weighted_sum_v1_short_const_unsigned_short_const_signed_char_const_4096_2_we0       |  out|    1|   ap_memory|  weighted_sum_v1_short_const_unsigned_short_const_signed_char_const_4096_2|         array|
|weighted_sum_v1_short_const_unsigned_short_const_signed_char_const_4096_2_d0        |  out|   32|   ap_memory|  weighted_sum_v1_short_const_unsigned_short_const_signed_char_const_4096_2|         array|
|weighted_sum_v1_short_const_unsigned_short_const_signed_char_const_4096_1_address0  |  out|    8|   ap_memory|  weighted_sum_v1_short_const_unsigned_short_const_signed_char_const_4096_1|         array|
|weighted_sum_v1_short_const_unsigned_short_const_signed_char_const_4096_1_ce0       |  out|    1|   ap_memory|  weighted_sum_v1_short_const_unsigned_short_const_signed_char_const_4096_1|         array|
|weighted_sum_v1_short_const_unsigned_short_const_signed_char_const_4096_1_we0       |  out|    1|   ap_memory|  weighted_sum_v1_short_const_unsigned_short_const_signed_char_const_4096_1|         array|
|weighted_sum_v1_short_const_unsigned_short_const_signed_char_const_4096_1_d0        |  out|   32|   ap_memory|  weighted_sum_v1_short_const_unsigned_short_const_signed_char_const_4096_1|         array|
|weighted_sum_v1_short_const_unsigned_short_const_signed_char_const_4096_address0    |  out|    8|   ap_memory|    weighted_sum_v1_short_const_unsigned_short_const_signed_char_const_4096|         array|
|weighted_sum_v1_short_const_unsigned_short_const_signed_char_const_4096_ce0         |  out|    1|   ap_memory|    weighted_sum_v1_short_const_unsigned_short_const_signed_char_const_4096|         array|
|weighted_sum_v1_short_const_unsigned_short_const_signed_char_const_4096_we0         |  out|    1|   ap_memory|    weighted_sum_v1_short_const_unsigned_short_const_signed_char_const_4096|         array|
|weighted_sum_v1_short_const_unsigned_short_const_signed_char_const_4096_d0          |  out|   32|   ap_memory|    weighted_sum_v1_short_const_unsigned_short_const_signed_char_const_4096|         array|
|p_ZZ15weighted_sum_v1PKsPKtPA4096_KaPaE3acc_10_address0                             |  out|    8|   ap_memory|                             p_ZZ15weighted_sum_v1PKsPKtPA4096_KaPaE3acc_10|         array|
|p_ZZ15weighted_sum_v1PKsPKtPA4096_KaPaE3acc_10_ce0                                  |  out|    1|   ap_memory|                             p_ZZ15weighted_sum_v1PKsPKtPA4096_KaPaE3acc_10|         array|
|p_ZZ15weighted_sum_v1PKsPKtPA4096_KaPaE3acc_10_we0                                  |  out|    1|   ap_memory|                             p_ZZ15weighted_sum_v1PKsPKtPA4096_KaPaE3acc_10|         array|
|p_ZZ15weighted_sum_v1PKsPKtPA4096_KaPaE3acc_10_d0                                   |  out|   32|   ap_memory|                             p_ZZ15weighted_sum_v1PKsPKtPA4096_KaPaE3acc_10|         array|
|p_ZZ15weighted_sum_v1PKsPKtPA4096_KaPaE3acc_11_address0                             |  out|    8|   ap_memory|                             p_ZZ15weighted_sum_v1PKsPKtPA4096_KaPaE3acc_11|         array|
|p_ZZ15weighted_sum_v1PKsPKtPA4096_KaPaE3acc_11_ce0                                  |  out|    1|   ap_memory|                             p_ZZ15weighted_sum_v1PKsPKtPA4096_KaPaE3acc_11|         array|
|p_ZZ15weighted_sum_v1PKsPKtPA4096_KaPaE3acc_11_we0                                  |  out|    1|   ap_memory|                             p_ZZ15weighted_sum_v1PKsPKtPA4096_KaPaE3acc_11|         array|
|p_ZZ15weighted_sum_v1PKsPKtPA4096_KaPaE3acc_11_d0                                   |  out|   32|   ap_memory|                             p_ZZ15weighted_sum_v1PKsPKtPA4096_KaPaE3acc_11|         array|
|p_ZZ15weighted_sum_v1PKsPKtPA4096_KaPaE3acc_12_address0                             |  out|    8|   ap_memory|                             p_ZZ15weighted_sum_v1PKsPKtPA4096_KaPaE3acc_12|         array|
|p_ZZ15weighted_sum_v1PKsPKtPA4096_KaPaE3acc_12_ce0                                  |  out|    1|   ap_memory|                             p_ZZ15weighted_sum_v1PKsPKtPA4096_KaPaE3acc_12|         array|
|p_ZZ15weighted_sum_v1PKsPKtPA4096_KaPaE3acc_12_we0                                  |  out|    1|   ap_memory|                             p_ZZ15weighted_sum_v1PKsPKtPA4096_KaPaE3acc_12|         array|
|p_ZZ15weighted_sum_v1PKsPKtPA4096_KaPaE3acc_12_d0                                   |  out|   32|   ap_memory|                             p_ZZ15weighted_sum_v1PKsPKtPA4096_KaPaE3acc_12|         array|
|p_ZZ15weighted_sum_v1PKsPKtPA4096_KaPaE3acc_13_address0                             |  out|    8|   ap_memory|                             p_ZZ15weighted_sum_v1PKsPKtPA4096_KaPaE3acc_13|         array|
|p_ZZ15weighted_sum_v1PKsPKtPA4096_KaPaE3acc_13_ce0                                  |  out|    1|   ap_memory|                             p_ZZ15weighted_sum_v1PKsPKtPA4096_KaPaE3acc_13|         array|
|p_ZZ15weighted_sum_v1PKsPKtPA4096_KaPaE3acc_13_we0                                  |  out|    1|   ap_memory|                             p_ZZ15weighted_sum_v1PKsPKtPA4096_KaPaE3acc_13|         array|
|p_ZZ15weighted_sum_v1PKsPKtPA4096_KaPaE3acc_13_d0                                   |  out|   32|   ap_memory|                             p_ZZ15weighted_sum_v1PKsPKtPA4096_KaPaE3acc_13|         array|
|p_ZZ15weighted_sum_v1PKsPKtPA4096_KaPaE3acc_14_address0                             |  out|    8|   ap_memory|                             p_ZZ15weighted_sum_v1PKsPKtPA4096_KaPaE3acc_14|         array|
|p_ZZ15weighted_sum_v1PKsPKtPA4096_KaPaE3acc_14_ce0                                  |  out|    1|   ap_memory|                             p_ZZ15weighted_sum_v1PKsPKtPA4096_KaPaE3acc_14|         array|
|p_ZZ15weighted_sum_v1PKsPKtPA4096_KaPaE3acc_14_we0                                  |  out|    1|   ap_memory|                             p_ZZ15weighted_sum_v1PKsPKtPA4096_KaPaE3acc_14|         array|
|p_ZZ15weighted_sum_v1PKsPKtPA4096_KaPaE3acc_14_d0                                   |  out|   32|   ap_memory|                             p_ZZ15weighted_sum_v1PKsPKtPA4096_KaPaE3acc_14|         array|
|p_ZZ15weighted_sum_v1PKsPKtPA4096_KaPaE3acc_15_address0                             |  out|    8|   ap_memory|                             p_ZZ15weighted_sum_v1PKsPKtPA4096_KaPaE3acc_15|         array|
|p_ZZ15weighted_sum_v1PKsPKtPA4096_KaPaE3acc_15_ce0                                  |  out|    1|   ap_memory|                             p_ZZ15weighted_sum_v1PKsPKtPA4096_KaPaE3acc_15|         array|
|p_ZZ15weighted_sum_v1PKsPKtPA4096_KaPaE3acc_15_we0                                  |  out|    1|   ap_memory|                             p_ZZ15weighted_sum_v1PKsPKtPA4096_KaPaE3acc_15|         array|
|p_ZZ15weighted_sum_v1PKsPKtPA4096_KaPaE3acc_15_d0                                   |  out|   32|   ap_memory|                             p_ZZ15weighted_sum_v1PKsPKtPA4096_KaPaE3acc_15|         array|
+------------------------------------------------------------------------------------+-----+-----+------------+---------------------------------------------------------------------------+--------------+

