

================================================================
== Vitis HLS Report for 'xmod_attn_v1_Pipeline_LOAD_Q'
================================================================
* Date:           Wed May 27 13:11:21 2026

* Version:        2024.1 (Build 5069499 on May 21 2024)
* Project:        xmod_attn_v1_hls
* Solution:       sol1 (Vivado IP Flow Target)
* Product family: versalaicore
* Target device:  xcvc1902-vsva2197-2MP-e-S


================================================================
== Performance Estimates
================================================================
+ Timing: 
    * Summary: 
    +--------+---------+----------+------------+
    |  Clock |  Target | Estimated| Uncertainty|
    +--------+---------+----------+------------+
    |ap_clk  |  4.00 ns|  1.700 ns|     1.08 ns|
    +--------+---------+----------+------------+

+ Latency: 
    * Summary: 
    +---------+---------+-----------+-----------+------+------+-----------------------------------------------+
    |  Latency (cycles) |   Latency (absolute)  |   Interval  |                    Pipeline                   |
    |   min   |   max   |    min    |    max    |  min |  max |                      Type                     |
    +---------+---------+-----------+-----------+------+------+-----------------------------------------------+
    |     4098|     4098|  16.392 us|  16.392 us|  4097|  4097|  loop auto-rewind stp(delay=0 clock cycles(s))|
    +---------+---------+-----------+-----------+------+------+-----------------------------------------------+

    + Detail: 
        * Instance: 
        N/A

        * Loop: 
        +----------+---------+---------+----------+-----------+-----------+------+----------+
        |          |  Latency (cycles) | Iteration|  Initiation Interval  | Trip |          |
        | Loop Name|   min   |   max   |  Latency |  achieved |   target  | Count| Pipelined|
        +----------+---------+---------+----------+-----------+-----------+------+----------+
        |- LOAD_Q  |     4096|     4096|         2|          1|          1|  4096|       yes|
        +----------+---------+---------+----------+-----------+-----------+------+----------+



================================================================
== Utilization Estimates
================================================================
* Summary: 
+-----------------+---------+------+---------+--------+-----+
|       Name      | BRAM_18K|  DSP |    FF   |   LUT  | URAM|
+-----------------+---------+------+---------+--------+-----+
|DSP              |        -|     -|        -|       -|    -|
|Expression       |        -|     -|        0|      23|    -|
|FIFO             |        -|     -|        -|       -|    -|
|Instance         |        -|     -|        -|       -|    -|
|Memory           |        -|     -|        -|       -|    -|
|Multiplexer      |        -|     -|        0|      56|    -|
|Register         |        -|     -|       28|       -|    -|
+-----------------+---------+------+---------+--------+-----+
|Total            |        0|     0|       28|      79|    0|
+-----------------+---------+------+---------+--------+-----+
|Available        |     1934|  1968|  1799680|  899840|  463|
+-----------------+---------+------+---------+--------+-----+
|Utilization (%)  |        0|     0|       ~0|      ~0|    0|
+-----------------+---------+------+---------+--------+-----+

+ Detail: 
    * Instance: 
    N/A

    * DSP: 
    N/A

    * Memory: 
    N/A

    * FIFO: 
    N/A

    * Expression: 
    +---------------------------+----------+----+---+----+------------+------------+
    |       Variable Name       | Operation| DSP| FF| LUT| Bitwidth P0| Bitwidth P1|
    +---------------------------+----------+----+---+----+------------+------------+
    |add_ln67_fu_669_p2         |         +|   0|  0|  13|          13|           1|
    |ap_block_pp0_stage0_11001  |       and|   0|  0|   2|           1|           1|
    |icmp_ln67_fu_675_p2        |      icmp|   0|  0|   6|          13|          14|
    |ap_enable_pp0              |       xor|   0|  0|   2|           1|           2|
    +---------------------------+----------+----+---+----+------------+------------+
    |Total                      |          |   0|  0|  23|          28|          18|
    +---------------------------+----------+----+---+----+------------+------------+

    * Multiplexer: 
    +-------------------------+----+-----------+-----+-----------+
    |           Name          | LUT| Input Size| Bits| Total Bits|
    +-------------------------+----+-----------+-----+-----------+
    |ap_done_int              |   8|          2|    1|          2|
    |ap_enable_reg_pp0_iter1  |   8|          2|    1|          2|
    |ap_sig_allocacmp_i_2     |  16|          2|   13|         26|
    |ddrQ_blk_n_R             |   8|          2|    1|          2|
    |i_fu_182                 |  16|          2|   13|         26|
    +-------------------------+----+-----------+-----+-----------+
    |Total                    |  56|         10|   29|         58|
    +-------------------------+----+-----------+-----+-----------+

    * Register: 
    +-------------------------+----+----+-----+-----------+
    |           Name          | FF | LUT| Bits| Const Bits|
    +-------------------------+----+----+-----+-----------+
    |ap_CS_fsm                |   1|   0|    1|          0|
    |ap_done_reg              |   1|   0|    1|          0|
    |ap_enable_reg_pp0_iter1  |   1|   0|    1|          0|
    |i_fu_182                 |  13|   0|   13|          0|
    |lshr_ln_reg_900          |   7|   0|    7|          0|
    |trunc_ln67_reg_896       |   5|   0|    5|          0|
    +-------------------------+----+----+-----+-----------+
    |Total                    |  28|   0|   28|          0|
    +-------------------------+----+----+-----+-----------+



================================================================
== Interface
================================================================
* Summary: 
+---------------------+-----+-----+------------+------------------------------+--------------+
|      RTL Ports      | Dir | Bits|  Protocol  |         Source Object        |    C Type    |
+---------------------+-----+-----+------------+------------------------------+--------------+
|ap_clk               |   in|    1|  ap_ctrl_hs|  xmod_attn_v1_Pipeline_LOAD_Q|  return value|
|ap_rst               |   in|    1|  ap_ctrl_hs|  xmod_attn_v1_Pipeline_LOAD_Q|  return value|
|ap_start             |   in|    1|  ap_ctrl_hs|  xmod_attn_v1_Pipeline_LOAD_Q|  return value|
|ap_done              |  out|    1|  ap_ctrl_hs|  xmod_attn_v1_Pipeline_LOAD_Q|  return value|
|ap_idle              |  out|    1|  ap_ctrl_hs|  xmod_attn_v1_Pipeline_LOAD_Q|  return value|
|ap_ready             |  out|    1|  ap_ctrl_hs|  xmod_attn_v1_Pipeline_LOAD_Q|  return value|
|m_axi_ddrQ_AWVALID   |  out|    1|       m_axi|                          ddrQ|       pointer|
|m_axi_ddrQ_AWREADY   |   in|    1|       m_axi|                          ddrQ|       pointer|
|m_axi_ddrQ_AWADDR    |  out|   64|       m_axi|                          ddrQ|       pointer|
|m_axi_ddrQ_AWID      |  out|    1|       m_axi|                          ddrQ|       pointer|
|m_axi_ddrQ_AWLEN     |  out|   32|       m_axi|                          ddrQ|       pointer|
|m_axi_ddrQ_AWSIZE    |  out|    3|       m_axi|                          ddrQ|       pointer|
|m_axi_ddrQ_AWBURST   |  out|    2|       m_axi|                          ddrQ|       pointer|
|m_axi_ddrQ_AWLOCK    |  out|    2|       m_axi|                          ddrQ|       pointer|
|m_axi_ddrQ_AWCACHE   |  out|    4|       m_axi|                          ddrQ|       pointer|
|m_axi_ddrQ_AWPROT    |  out|    3|       m_axi|                          ddrQ|       pointer|
|m_axi_ddrQ_AWQOS     |  out|    4|       m_axi|                          ddrQ|       pointer|
|m_axi_ddrQ_AWREGION  |  out|    4|       m_axi|                          ddrQ|       pointer|
|m_axi_ddrQ_AWUSER    |  out|    1|       m_axi|                          ddrQ|       pointer|
|m_axi_ddrQ_WVALID    |  out|    1|       m_axi|                          ddrQ|       pointer|
|m_axi_ddrQ_WREADY    |   in|    1|       m_axi|                          ddrQ|       pointer|
|m_axi_ddrQ_WDATA     |  out|    8|       m_axi|                          ddrQ|       pointer|
|m_axi_ddrQ_WSTRB     |  out|    1|       m_axi|                          ddrQ|       pointer|
|m_axi_ddrQ_WLAST     |  out|    1|       m_axi|                          ddrQ|       pointer|
|m_axi_ddrQ_WID       |  out|    1|       m_axi|                          ddrQ|       pointer|
|m_axi_ddrQ_WUSER     |  out|    1|       m_axi|                          ddrQ|       pointer|
|m_axi_ddrQ_ARVALID   |  out|    1|       m_axi|                          ddrQ|       pointer|
|m_axi_ddrQ_ARREADY   |   in|    1|       m_axi|                          ddrQ|       pointer|
|m_axi_ddrQ_ARADDR    |  out|   64|       m_axi|                          ddrQ|       pointer|
|m_axi_ddrQ_ARID      |  out|    1|       m_axi|                          ddrQ|       pointer|
|m_axi_ddrQ_ARLEN     |  out|   32|       m_axi|                          ddrQ|       pointer|
|m_axi_ddrQ_ARSIZE    |  out|    3|       m_axi|                          ddrQ|       pointer|
|m_axi_ddrQ_ARBURST   |  out|    2|       m_axi|                          ddrQ|       pointer|
|m_axi_ddrQ_ARLOCK    |  out|    2|       m_axi|                          ddrQ|       pointer|
|m_axi_ddrQ_ARCACHE   |  out|    4|       m_axi|                          ddrQ|       pointer|
|m_axi_ddrQ_ARPROT    |  out|    3|       m_axi|                          ddrQ|       pointer|
|m_axi_ddrQ_ARQOS     |  out|    4|       m_axi|                          ddrQ|       pointer|
|m_axi_ddrQ_ARREGION  |  out|    4|       m_axi|                          ddrQ|       pointer|
|m_axi_ddrQ_ARUSER    |  out|    1|       m_axi|                          ddrQ|       pointer|
|m_axi_ddrQ_RVALID    |   in|    1|       m_axi|                          ddrQ|       pointer|
|m_axi_ddrQ_RREADY    |  out|    1|       m_axi|                          ddrQ|       pointer|
|m_axi_ddrQ_RDATA     |   in|    8|       m_axi|                          ddrQ|       pointer|
|m_axi_ddrQ_RLAST     |   in|    1|       m_axi|                          ddrQ|       pointer|
|m_axi_ddrQ_RID       |   in|    1|       m_axi|                          ddrQ|       pointer|
|m_axi_ddrQ_RFIFONUM  |   in|   15|       m_axi|                          ddrQ|       pointer|
|m_axi_ddrQ_RUSER     |   in|    1|       m_axi|                          ddrQ|       pointer|
|m_axi_ddrQ_RRESP     |   in|    2|       m_axi|                          ddrQ|       pointer|
|m_axi_ddrQ_BVALID    |   in|    1|       m_axi|                          ddrQ|       pointer|
|m_axi_ddrQ_BREADY    |  out|    1|       m_axi|                          ddrQ|       pointer|
|m_axi_ddrQ_BRESP     |   in|    2|       m_axi|                          ddrQ|       pointer|
|m_axi_ddrQ_BID       |   in|    1|       m_axi|                          ddrQ|       pointer|
|m_axi_ddrQ_BUSER     |   in|    1|       m_axi|                          ddrQ|       pointer|
|Q                    |   in|   64|     ap_none|                             Q|        scalar|
|Q_local_31_address0  |  out|    7|   ap_memory|                    Q_local_31|         array|
|Q_local_31_ce0       |  out|    1|   ap_memory|                    Q_local_31|         array|
|Q_local_31_we0       |  out|    1|   ap_memory|                    Q_local_31|         array|
|Q_local_31_d0        |  out|    8|   ap_memory|                    Q_local_31|         array|
|Q_local_30_address0  |  out|    7|   ap_memory|                    Q_local_30|         array|
|Q_local_30_ce0       |  out|    1|   ap_memory|                    Q_local_30|         array|
|Q_local_30_we0       |  out|    1|   ap_memory|                    Q_local_30|         array|
|Q_local_30_d0        |  out|    8|   ap_memory|                    Q_local_30|         array|
|Q_local_29_address0  |  out|    7|   ap_memory|                    Q_local_29|         array|
|Q_local_29_ce0       |  out|    1|   ap_memory|                    Q_local_29|         array|
|Q_local_29_we0       |  out|    1|   ap_memory|                    Q_local_29|         array|
|Q_local_29_d0        |  out|    8|   ap_memory|                    Q_local_29|         array|
|Q_local_28_address0  |  out|    7|   ap_memory|                    Q_local_28|         array|
|Q_local_28_ce0       |  out|    1|   ap_memory|                    Q_local_28|         array|
|Q_local_28_we0       |  out|    1|   ap_memory|                    Q_local_28|         array|
|Q_local_28_d0        |  out|    8|   ap_memory|                    Q_local_28|         array|
|Q_local_27_address0  |  out|    7|   ap_memory|                    Q_local_27|         array|
|Q_local_27_ce0       |  out|    1|   ap_memory|                    Q_local_27|         array|
|Q_local_27_we0       |  out|    1|   ap_memory|                    Q_local_27|         array|
|Q_local_27_d0        |  out|    8|   ap_memory|                    Q_local_27|         array|
|Q_local_26_address0  |  out|    7|   ap_memory|                    Q_local_26|         array|
|Q_local_26_ce0       |  out|    1|   ap_memory|                    Q_local_26|         array|
|Q_local_26_we0       |  out|    1|   ap_memory|                    Q_local_26|         array|
|Q_local_26_d0        |  out|    8|   ap_memory|                    Q_local_26|         array|
|Q_local_25_address0  |  out|    7|   ap_memory|                    Q_local_25|         array|
|Q_local_25_ce0       |  out|    1|   ap_memory|                    Q_local_25|         array|
|Q_local_25_we0       |  out|    1|   ap_memory|                    Q_local_25|         array|
|Q_local_25_d0        |  out|    8|   ap_memory|                    Q_local_25|         array|
|Q_local_24_address0  |  out|    7|   ap_memory|                    Q_local_24|         array|
|Q_local_24_ce0       |  out|    1|   ap_memory|                    Q_local_24|         array|
|Q_local_24_we0       |  out|    1|   ap_memory|                    Q_local_24|         array|
|Q_local_24_d0        |  out|    8|   ap_memory|                    Q_local_24|         array|
|Q_local_23_address0  |  out|    7|   ap_memory|                    Q_local_23|         array|
|Q_local_23_ce0       |  out|    1|   ap_memory|                    Q_local_23|         array|
|Q_local_23_we0       |  out|    1|   ap_memory|                    Q_local_23|         array|
|Q_local_23_d0        |  out|    8|   ap_memory|                    Q_local_23|         array|
|Q_local_22_address0  |  out|    7|   ap_memory|                    Q_local_22|         array|
|Q_local_22_ce0       |  out|    1|   ap_memory|                    Q_local_22|         array|
|Q_local_22_we0       |  out|    1|   ap_memory|                    Q_local_22|         array|
|Q_local_22_d0        |  out|    8|   ap_memory|                    Q_local_22|         array|
|Q_local_21_address0  |  out|    7|   ap_memory|                    Q_local_21|         array|
|Q_local_21_ce0       |  out|    1|   ap_memory|                    Q_local_21|         array|
|Q_local_21_we0       |  out|    1|   ap_memory|                    Q_local_21|         array|
|Q_local_21_d0        |  out|    8|   ap_memory|                    Q_local_21|         array|
|Q_local_20_address0  |  out|    7|   ap_memory|                    Q_local_20|         array|
|Q_local_20_ce0       |  out|    1|   ap_memory|                    Q_local_20|         array|
|Q_local_20_we0       |  out|    1|   ap_memory|                    Q_local_20|         array|
|Q_local_20_d0        |  out|    8|   ap_memory|                    Q_local_20|         array|
|Q_local_19_address0  |  out|    7|   ap_memory|                    Q_local_19|         array|
|Q_local_19_ce0       |  out|    1|   ap_memory|                    Q_local_19|         array|
|Q_local_19_we0       |  out|    1|   ap_memory|                    Q_local_19|         array|
|Q_local_19_d0        |  out|    8|   ap_memory|                    Q_local_19|         array|
|Q_local_18_address0  |  out|    7|   ap_memory|                    Q_local_18|         array|
|Q_local_18_ce0       |  out|    1|   ap_memory|                    Q_local_18|         array|
|Q_local_18_we0       |  out|    1|   ap_memory|                    Q_local_18|         array|
|Q_local_18_d0        |  out|    8|   ap_memory|                    Q_local_18|         array|
|Q_local_17_address0  |  out|    7|   ap_memory|                    Q_local_17|         array|
|Q_local_17_ce0       |  out|    1|   ap_memory|                    Q_local_17|         array|
|Q_local_17_we0       |  out|    1|   ap_memory|                    Q_local_17|         array|
|Q_local_17_d0        |  out|    8|   ap_memory|                    Q_local_17|         array|
|Q_local_16_address0  |  out|    7|   ap_memory|                    Q_local_16|         array|
|Q_local_16_ce0       |  out|    1|   ap_memory|                    Q_local_16|         array|
|Q_local_16_we0       |  out|    1|   ap_memory|                    Q_local_16|         array|
|Q_local_16_d0        |  out|    8|   ap_memory|                    Q_local_16|         array|
|Q_local_15_address0  |  out|    7|   ap_memory|                    Q_local_15|         array|
|Q_local_15_ce0       |  out|    1|   ap_memory|                    Q_local_15|         array|
|Q_local_15_we0       |  out|    1|   ap_memory|                    Q_local_15|         array|
|Q_local_15_d0        |  out|    8|   ap_memory|                    Q_local_15|         array|
|Q_local_14_address0  |  out|    7|   ap_memory|                    Q_local_14|         array|
|Q_local_14_ce0       |  out|    1|   ap_memory|                    Q_local_14|         array|
|Q_local_14_we0       |  out|    1|   ap_memory|                    Q_local_14|         array|
|Q_local_14_d0        |  out|    8|   ap_memory|                    Q_local_14|         array|
|Q_local_13_address0  |  out|    7|   ap_memory|                    Q_local_13|         array|
|Q_local_13_ce0       |  out|    1|   ap_memory|                    Q_local_13|         array|
|Q_local_13_we0       |  out|    1|   ap_memory|                    Q_local_13|         array|
|Q_local_13_d0        |  out|    8|   ap_memory|                    Q_local_13|         array|
|Q_local_12_address0  |  out|    7|   ap_memory|                    Q_local_12|         array|
|Q_local_12_ce0       |  out|    1|   ap_memory|                    Q_local_12|         array|
|Q_local_12_we0       |  out|    1|   ap_memory|                    Q_local_12|         array|
|Q_local_12_d0        |  out|    8|   ap_memory|                    Q_local_12|         array|
|Q_local_11_address0  |  out|    7|   ap_memory|                    Q_local_11|         array|
|Q_local_11_ce0       |  out|    1|   ap_memory|                    Q_local_11|         array|
|Q_local_11_we0       |  out|    1|   ap_memory|                    Q_local_11|         array|
|Q_local_11_d0        |  out|    8|   ap_memory|                    Q_local_11|         array|
|Q_local_10_address0  |  out|    7|   ap_memory|                    Q_local_10|         array|
|Q_local_10_ce0       |  out|    1|   ap_memory|                    Q_local_10|         array|
|Q_local_10_we0       |  out|    1|   ap_memory|                    Q_local_10|         array|
|Q_local_10_d0        |  out|    8|   ap_memory|                    Q_local_10|         array|
|Q_local_9_address0   |  out|    7|   ap_memory|                     Q_local_9|         array|
|Q_local_9_ce0        |  out|    1|   ap_memory|                     Q_local_9|         array|
|Q_local_9_we0        |  out|    1|   ap_memory|                     Q_local_9|         array|
|Q_local_9_d0         |  out|    8|   ap_memory|                     Q_local_9|         array|
|Q_local_8_address0   |  out|    7|   ap_memory|                     Q_local_8|         array|
|Q_local_8_ce0        |  out|    1|   ap_memory|                     Q_local_8|         array|
|Q_local_8_we0        |  out|    1|   ap_memory|                     Q_local_8|         array|
|Q_local_8_d0         |  out|    8|   ap_memory|                     Q_local_8|         array|
|Q_local_7_address0   |  out|    7|   ap_memory|                     Q_local_7|         array|
|Q_local_7_ce0        |  out|    1|   ap_memory|                     Q_local_7|         array|
|Q_local_7_we0        |  out|    1|   ap_memory|                     Q_local_7|         array|
|Q_local_7_d0         |  out|    8|   ap_memory|                     Q_local_7|         array|
|Q_local_6_address0   |  out|    7|   ap_memory|                     Q_local_6|         array|
|Q_local_6_ce0        |  out|    1|   ap_memory|                     Q_local_6|         array|
|Q_local_6_we0        |  out|    1|   ap_memory|                     Q_local_6|         array|
|Q_local_6_d0         |  out|    8|   ap_memory|                     Q_local_6|         array|
|Q_local_5_address0   |  out|    7|   ap_memory|                     Q_local_5|         array|
|Q_local_5_ce0        |  out|    1|   ap_memory|                     Q_local_5|         array|
|Q_local_5_we0        |  out|    1|   ap_memory|                     Q_local_5|         array|
|Q_local_5_d0         |  out|    8|   ap_memory|                     Q_local_5|         array|
|Q_local_4_address0   |  out|    7|   ap_memory|                     Q_local_4|         array|
|Q_local_4_ce0        |  out|    1|   ap_memory|                     Q_local_4|         array|
|Q_local_4_we0        |  out|    1|   ap_memory|                     Q_local_4|         array|
|Q_local_4_d0         |  out|    8|   ap_memory|                     Q_local_4|         array|
|Q_local_3_address0   |  out|    7|   ap_memory|                     Q_local_3|         array|
|Q_local_3_ce0        |  out|    1|   ap_memory|                     Q_local_3|         array|
|Q_local_3_we0        |  out|    1|   ap_memory|                     Q_local_3|         array|
|Q_local_3_d0         |  out|    8|   ap_memory|                     Q_local_3|         array|
|Q_local_2_address0   |  out|    7|   ap_memory|                     Q_local_2|         array|
|Q_local_2_ce0        |  out|    1|   ap_memory|                     Q_local_2|         array|
|Q_local_2_we0        |  out|    1|   ap_memory|                     Q_local_2|         array|
|Q_local_2_d0         |  out|    8|   ap_memory|                     Q_local_2|         array|
|Q_local_1_address0   |  out|    7|   ap_memory|                     Q_local_1|         array|
|Q_local_1_ce0        |  out|    1|   ap_memory|                     Q_local_1|         array|
|Q_local_1_we0        |  out|    1|   ap_memory|                     Q_local_1|         array|
|Q_local_1_d0         |  out|    8|   ap_memory|                     Q_local_1|         array|
|Q_local_address0     |  out|    7|   ap_memory|                       Q_local|         array|
|Q_local_ce0          |  out|    1|   ap_memory|                       Q_local|         array|
|Q_local_we0          |  out|    1|   ap_memory|                       Q_local|         array|
|Q_local_d0           |  out|    8|   ap_memory|                       Q_local|         array|
+---------------------+-----+-----+------------+------------------------------+--------------+

