

================================================================
== Vitis HLS Report for 'xmod_attn_v1_Pipeline_LOAD_V_N_LOAD_V_D'
================================================================
* Date:           Wed May 27 13:11:24 2026

* Version:        2024.1 (Build 5069499 on May 21 2024)
* Project:        xmod_attn_v1_hls
* Solution:       sol1 (Vivado IP Flow Target)
* Product family: versalaicore
* Target device:  xcvc1902-vsva2197-2MP-e-S


================================================================
== Performance Estimates
================================================================
+ Timing: 
    * Summary: 
    +--------+---------+----------+------------+
    |  Clock |  Target | Estimated| Uncertainty|
    +--------+---------+----------+------------+
    |ap_clk  |  4.00 ns|  2.165 ns|     1.08 ns|
    +--------+---------+----------+------------+

+ Latency: 
    * Summary: 
    +---------+---------+----------+----------+---------+---------+-----------------------------------------------+
    |  Latency (cycles) |  Latency (absolute) |      Interval     |                    Pipeline                   |
    |   min   |   max   |    min   |    max   |   min   |   max   |                      Type                     |
    +---------+---------+----------+----------+---------+---------+-----------------------------------------------+
    |  1048578|  1048578|  4.194 ms|  4.194 ms|  1048577|  1048577|  loop auto-rewind stp(delay=0 clock cycles(s))|
    +---------+---------+----------+----------+---------+---------+-----------------------------------------------+

    + Detail: 
        * Instance: 
        N/A

        * Loop: 
        +---------------------+---------+---------+----------+-----------+-----------+---------+----------+
        |                     |  Latency (cycles) | Iteration|  Initiation Interval  |   Trip  |          |
        |      Loop Name      |   min   |   max   |  Latency |  achieved |   target  |  Count  | Pipelined|
        +---------------------+---------+---------+----------+-----------+-----------+---------+----------+
        |- LOAD_V_N_LOAD_V_D  |  1048576|  1048576|         2|          1|          1|  1048576|       yes|
        +---------------------+---------+---------+----------+-----------+-----------+---------+----------+



================================================================
== Utilization Estimates
================================================================
* Summary: 
+-----------------+---------+------+---------+--------+-----+
|       Name      | BRAM_18K|  DSP |    FF   |   LUT  | URAM|
+-----------------+---------+------+---------+--------+-----+
|DSP              |        -|     -|        -|       -|    -|
|Expression       |        -|     -|        0|      82|    -|
|FIFO             |        -|     -|        -|       -|    -|
|Instance         |        -|     -|        -|       -|    -|
|Memory           |        -|     -|        -|       -|    -|
|Multiplexer      |        -|     -|        0|      96|    -|
|Register         |        -|     -|       67|       -|    -|
+-----------------+---------+------+---------+--------+-----+
|Total            |        0|     0|       67|     178|    0|
+-----------------+---------+------+---------+--------+-----+
|Available        |     1934|  1968|  1799680|  899840|  463|
+-----------------+---------+------+---------+--------+-----+
|Utilization (%)  |        0|     0|       ~0|      ~0|    0|
+-----------------+---------+------+---------+--------+-----+

+ Detail: 
    * Instance: 
    N/A

    * DSP: 
    N/A

    * Memory: 
    N/A

    * FIFO: 
    N/A

    * Expression: 
    +---------------------------+----------+----+---+----+------------+------------+
    |       Variable Name       | Operation| DSP| FF| LUT| Bitwidth P0| Bitwidth P1|
    +---------------------------+----------+----+---+----+------------+------------+
    |add_ln79_1_fu_1469_p2      |         +|   0|  0|  21|          21|           1|
    |add_ln79_fu_1498_p2        |         +|   0|  0|   9|           9|           1|
    |add_ln80_fu_1554_p2        |         +|   0|  0|  13|          13|           1|
    |ap_block_pp0_stage0_11001  |       and|   0|  0|   2|           1|           1|
    |icmp_ln79_fu_1475_p2       |      icmp|   0|  0|   9|          21|          22|
    |icmp_ln80_fu_1504_p2       |      icmp|   0|  0|   6|          13|          14|
    |select_ln79_1_fu_1518_p3   |    select|   0|  0|   8|           1|           9|
    |select_ln79_fu_1510_p3     |    select|   0|  0|  12|           1|           1|
    |ap_enable_pp0              |       xor|   0|  0|   2|           1|           2|
    +---------------------------+----------+----+---+----+------------+------------+
    |Total                      |          |   0|  0|  82|          81|          52|
    +---------------------------+----------+----+---+----+------------+------------+

    * Multiplexer: 
    +-------------------------+----+-----------+-----+-----------+
    |           Name          | LUT| Input Size| Bits| Total Bits|
    +-------------------------+----+-----------+-----+-----------+
    |ap_done_int              |   8|          2|    1|          2|
    |ap_enable_reg_pp0_iter1  |   8|          2|    1|          2|
    |ap_enable_reg_pp0_iter2  |   8|          2|    1|          2|
    |d_fu_246                 |  16|          2|   13|         26|
    |ddrV_blk_n_R             |   8|          2|    1|          2|
    |indvar_flatten6_fu_254   |  32|          2|   21|         42|
    |n_fu_250                 |  16|          2|    9|         18|
    +-------------------------+----+-----------+-----+-----------+
    |Total                    |  96|         14|   47|         94|
    +-------------------------+----+-----------+-----+-----------+

    * Register: 
    +-------------------------+----+----+-----+-----------+
    |           Name          | FF | LUT| Bits| Const Bits|
    +-------------------------+----+----+-----+-----------+
    |ap_CS_fsm                |   1|   0|    1|          0|
    |ap_done_reg              |   1|   0|    1|          0|
    |ap_enable_reg_pp0_iter1  |   1|   0|    1|          0|
    |ap_enable_reg_pp0_iter2  |   1|   0|    1|          0|
    |d_fu_246                 |  13|   0|   13|          0|
    |indvar_flatten6_fu_254   |  21|   0|   21|          0|
    |lshr_ln2_reg_1979        |   8|   0|    8|          0|
    |n_fu_250                 |   9|   0|    9|          0|
    |trunc_ln79_3_reg_1971    |   2|   0|    2|          0|
    |trunc_ln80_reg_1975      |   4|   0|    4|          0|
    |trunc_ln82_reg_1984      |   6|   0|    6|          0|
    +-------------------------+----+----+-----+-----------+
    |Total                    |  67|   0|   67|          0|
    +-------------------------+----+----+-----+-----------+



================================================================
== Interface
================================================================
* Summary: 
+---------------------+-----+-----+------------+-----------------------------------------+--------------+
|      RTL Ports      | Dir | Bits|  Protocol  |              Source Object              |    C Type    |
+---------------------+-----+-----+------------+-----------------------------------------+--------------+
|ap_clk               |   in|    1|  ap_ctrl_hs|  xmod_attn_v1_Pipeline_LOAD_V_N_LOAD_V_D|  return value|
|ap_rst               |   in|    1|  ap_ctrl_hs|  xmod_attn_v1_Pipeline_LOAD_V_N_LOAD_V_D|  return value|
|ap_start             |   in|    1|  ap_ctrl_hs|  xmod_attn_v1_Pipeline_LOAD_V_N_LOAD_V_D|  return value|
|ap_done              |  out|    1|  ap_ctrl_hs|  xmod_attn_v1_Pipeline_LOAD_V_N_LOAD_V_D|  return value|
|ap_idle              |  out|    1|  ap_ctrl_hs|  xmod_attn_v1_Pipeline_LOAD_V_N_LOAD_V_D|  return value|
|ap_ready             |  out|    1|  ap_ctrl_hs|  xmod_attn_v1_Pipeline_LOAD_V_N_LOAD_V_D|  return value|
|m_axi_ddrV_AWVALID   |  out|    1|       m_axi|                                     ddrV|       pointer|
|m_axi_ddrV_AWREADY   |   in|    1|       m_axi|                                     ddrV|       pointer|
|m_axi_ddrV_AWADDR    |  out|   64|       m_axi|                                     ddrV|       pointer|
|m_axi_ddrV_AWID      |  out|    1|       m_axi|                                     ddrV|       pointer|
|m_axi_ddrV_AWLEN     |  out|   32|       m_axi|                                     ddrV|       pointer|
|m_axi_ddrV_AWSIZE    |  out|    3|       m_axi|                                     ddrV|       pointer|
|m_axi_ddrV_AWBURST   |  out|    2|       m_axi|                                     ddrV|       pointer|
|m_axi_ddrV_AWLOCK    |  out|    2|       m_axi|                                     ddrV|       pointer|
|m_axi_ddrV_AWCACHE   |  out|    4|       m_axi|                                     ddrV|       pointer|
|m_axi_ddrV_AWPROT    |  out|    3|       m_axi|                                     ddrV|       pointer|
|m_axi_ddrV_AWQOS     |  out|    4|       m_axi|                                     ddrV|       pointer|
|m_axi_ddrV_AWREGION  |  out|    4|       m_axi|                                     ddrV|       pointer|
|m_axi_ddrV_AWUSER    |  out|    1|       m_axi|                                     ddrV|       pointer|
|m_axi_ddrV_WVALID    |  out|    1|       m_axi|                                     ddrV|       pointer|
|m_axi_ddrV_WREADY    |   in|    1|       m_axi|                                     ddrV|       pointer|
|m_axi_ddrV_WDATA     |  out|    8|       m_axi|                                     ddrV|       pointer|
|m_axi_ddrV_WSTRB     |  out|    1|       m_axi|                                     ddrV|       pointer|
|m_axi_ddrV_WLAST     |  out|    1|       m_axi|                                     ddrV|       pointer|
|m_axi_ddrV_WID       |  out|    1|       m_axi|                                     ddrV|       pointer|
|m_axi_ddrV_WUSER     |  out|    1|       m_axi|                                     ddrV|       pointer|
|m_axi_ddrV_ARVALID   |  out|    1|       m_axi|                                     ddrV|       pointer|
|m_axi_ddrV_ARREADY   |   in|    1|       m_axi|                                     ddrV|       pointer|
|m_axi_ddrV_ARADDR    |  out|   64|       m_axi|                                     ddrV|       pointer|
|m_axi_ddrV_ARID      |  out|    1|       m_axi|                                     ddrV|       pointer|
|m_axi_ddrV_ARLEN     |  out|   32|       m_axi|                                     ddrV|       pointer|
|m_axi_ddrV_ARSIZE    |  out|    3|       m_axi|                                     ddrV|       pointer|
|m_axi_ddrV_ARBURST   |  out|    2|       m_axi|                                     ddrV|       pointer|
|m_axi_ddrV_ARLOCK    |  out|    2|       m_axi|                                     ddrV|       pointer|
|m_axi_ddrV_ARCACHE   |  out|    4|       m_axi|                                     ddrV|       pointer|
|m_axi_ddrV_ARPROT    |  out|    3|       m_axi|                                     ddrV|       pointer|
|m_axi_ddrV_ARQOS     |  out|    4|       m_axi|                                     ddrV|       pointer|
|m_axi_ddrV_ARREGION  |  out|    4|       m_axi|                                     ddrV|       pointer|
|m_axi_ddrV_ARUSER    |  out|    1|       m_axi|                                     ddrV|       pointer|
|m_axi_ddrV_RVALID    |   in|    1|       m_axi|                                     ddrV|       pointer|
|m_axi_ddrV_RREADY    |  out|    1|       m_axi|                                     ddrV|       pointer|
|m_axi_ddrV_RDATA     |   in|    8|       m_axi|                                     ddrV|       pointer|
|m_axi_ddrV_RLAST     |   in|    1|       m_axi|                                     ddrV|       pointer|
|m_axi_ddrV_RID       |   in|    1|       m_axi|                                     ddrV|       pointer|
|m_axi_ddrV_RFIFONUM  |   in|   15|       m_axi|                                     ddrV|       pointer|
|m_axi_ddrV_RUSER     |   in|    1|       m_axi|                                     ddrV|       pointer|
|m_axi_ddrV_RRESP     |   in|    2|       m_axi|                                     ddrV|       pointer|
|m_axi_ddrV_BVALID    |   in|    1|       m_axi|                                     ddrV|       pointer|
|m_axi_ddrV_BREADY    |  out|    1|       m_axi|                                     ddrV|       pointer|
|m_axi_ddrV_BRESP     |   in|    2|       m_axi|                                     ddrV|       pointer|
|m_axi_ddrV_BID       |   in|    1|       m_axi|                                     ddrV|       pointer|
|m_axi_ddrV_BUSER     |   in|    1|       m_axi|                                     ddrV|       pointer|
|V                    |   in|   64|     ap_none|                                        V|        scalar|
|V_local_address1     |  out|   14|   ap_memory|                                  V_local|         array|
|V_local_ce1          |  out|    1|   ap_memory|                                  V_local|         array|
|V_local_we1          |  out|    1|   ap_memory|                                  V_local|         array|
|V_local_d1           |  out|    8|   ap_memory|                                  V_local|         array|
|V_local_1_address1   |  out|   14|   ap_memory|                                V_local_1|         array|
|V_local_1_ce1        |  out|    1|   ap_memory|                                V_local_1|         array|
|V_local_1_we1        |  out|    1|   ap_memory|                                V_local_1|         array|
|V_local_1_d1         |  out|    8|   ap_memory|                                V_local_1|         array|
|V_local_2_address1   |  out|   14|   ap_memory|                                V_local_2|         array|
|V_local_2_ce1        |  out|    1|   ap_memory|                                V_local_2|         array|
|V_local_2_we1        |  out|    1|   ap_memory|                                V_local_2|         array|
|V_local_2_d1         |  out|    8|   ap_memory|                                V_local_2|         array|
|V_local_3_address1   |  out|   14|   ap_memory|                                V_local_3|         array|
|V_local_3_ce1        |  out|    1|   ap_memory|                                V_local_3|         array|
|V_local_3_we1        |  out|    1|   ap_memory|                                V_local_3|         array|
|V_local_3_d1         |  out|    8|   ap_memory|                                V_local_3|         array|
|V_local_4_address1   |  out|   14|   ap_memory|                                V_local_4|         array|
|V_local_4_ce1        |  out|    1|   ap_memory|                                V_local_4|         array|
|V_local_4_we1        |  out|    1|   ap_memory|                                V_local_4|         array|
|V_local_4_d1         |  out|    8|   ap_memory|                                V_local_4|         array|
|V_local_5_address1   |  out|   14|   ap_memory|                                V_local_5|         array|
|V_local_5_ce1        |  out|    1|   ap_memory|                                V_local_5|         array|
|V_local_5_we1        |  out|    1|   ap_memory|                                V_local_5|         array|
|V_local_5_d1         |  out|    8|   ap_memory|                                V_local_5|         array|
|V_local_6_address1   |  out|   14|   ap_memory|                                V_local_6|         array|
|V_local_6_ce1        |  out|    1|   ap_memory|                                V_local_6|         array|
|V_local_6_we1        |  out|    1|   ap_memory|                                V_local_6|         array|
|V_local_6_d1         |  out|    8|   ap_memory|                                V_local_6|         array|
|V_local_7_address1   |  out|   14|   ap_memory|                                V_local_7|         array|
|V_local_7_ce1        |  out|    1|   ap_memory|                                V_local_7|         array|
|V_local_7_we1        |  out|    1|   ap_memory|                                V_local_7|         array|
|V_local_7_d1         |  out|    8|   ap_memory|                                V_local_7|         array|
|V_local_8_address1   |  out|   14|   ap_memory|                                V_local_8|         array|
|V_local_8_ce1        |  out|    1|   ap_memory|                                V_local_8|         array|
|V_local_8_we1        |  out|    1|   ap_memory|                                V_local_8|         array|
|V_local_8_d1         |  out|    8|   ap_memory|                                V_local_8|         array|
|V_local_9_address1   |  out|   14|   ap_memory|                                V_local_9|         array|
|V_local_9_ce1        |  out|    1|   ap_memory|                                V_local_9|         array|
|V_local_9_we1        |  out|    1|   ap_memory|                                V_local_9|         array|
|V_local_9_d1         |  out|    8|   ap_memory|                                V_local_9|         array|
|V_local_10_address1  |  out|   14|   ap_memory|                               V_local_10|         array|
|V_local_10_ce1       |  out|    1|   ap_memory|                               V_local_10|         array|
|V_local_10_we1       |  out|    1|   ap_memory|                               V_local_10|         array|
|V_local_10_d1        |  out|    8|   ap_memory|                               V_local_10|         array|
|V_local_11_address1  |  out|   14|   ap_memory|                               V_local_11|         array|
|V_local_11_ce1       |  out|    1|   ap_memory|                               V_local_11|         array|
|V_local_11_we1       |  out|    1|   ap_memory|                               V_local_11|         array|
|V_local_11_d1        |  out|    8|   ap_memory|                               V_local_11|         array|
|V_local_12_address1  |  out|   14|   ap_memory|                               V_local_12|         array|
|V_local_12_ce1       |  out|    1|   ap_memory|                               V_local_12|         array|
|V_local_12_we1       |  out|    1|   ap_memory|                               V_local_12|         array|
|V_local_12_d1        |  out|    8|   ap_memory|                               V_local_12|         array|
|V_local_13_address1  |  out|   14|   ap_memory|                               V_local_13|         array|
|V_local_13_ce1       |  out|    1|   ap_memory|                               V_local_13|         array|
|V_local_13_we1       |  out|    1|   ap_memory|                               V_local_13|         array|
|V_local_13_d1        |  out|    8|   ap_memory|                               V_local_13|         array|
|V_local_14_address1  |  out|   14|   ap_memory|                               V_local_14|         array|
|V_local_14_ce1       |  out|    1|   ap_memory|                               V_local_14|         array|
|V_local_14_we1       |  out|    1|   ap_memory|                               V_local_14|         array|
|V_local_14_d1        |  out|    8|   ap_memory|                               V_local_14|         array|
|V_local_15_address1  |  out|   14|   ap_memory|                               V_local_15|         array|
|V_local_15_ce1       |  out|    1|   ap_memory|                               V_local_15|         array|
|V_local_15_we1       |  out|    1|   ap_memory|                               V_local_15|         array|
|V_local_15_d1        |  out|    8|   ap_memory|                               V_local_15|         array|
|V_local_16_address1  |  out|   14|   ap_memory|                               V_local_16|         array|
|V_local_16_ce1       |  out|    1|   ap_memory|                               V_local_16|         array|
|V_local_16_we1       |  out|    1|   ap_memory|                               V_local_16|         array|
|V_local_16_d1        |  out|    8|   ap_memory|                               V_local_16|         array|
|V_local_17_address1  |  out|   14|   ap_memory|                               V_local_17|         array|
|V_local_17_ce1       |  out|    1|   ap_memory|                               V_local_17|         array|
|V_local_17_we1       |  out|    1|   ap_memory|                               V_local_17|         array|
|V_local_17_d1        |  out|    8|   ap_memory|                               V_local_17|         array|
|V_local_18_address1  |  out|   14|   ap_memory|                               V_local_18|         array|
|V_local_18_ce1       |  out|    1|   ap_memory|                               V_local_18|         array|
|V_local_18_we1       |  out|    1|   ap_memory|                               V_local_18|         array|
|V_local_18_d1        |  out|    8|   ap_memory|                               V_local_18|         array|
|V_local_19_address1  |  out|   14|   ap_memory|                               V_local_19|         array|
|V_local_19_ce1       |  out|    1|   ap_memory|                               V_local_19|         array|
|V_local_19_we1       |  out|    1|   ap_memory|                               V_local_19|         array|
|V_local_19_d1        |  out|    8|   ap_memory|                               V_local_19|         array|
|V_local_20_address1  |  out|   14|   ap_memory|                               V_local_20|         array|
|V_local_20_ce1       |  out|    1|   ap_memory|                               V_local_20|         array|
|V_local_20_we1       |  out|    1|   ap_memory|                               V_local_20|         array|
|V_local_20_d1        |  out|    8|   ap_memory|                               V_local_20|         array|
|V_local_21_address1  |  out|   14|   ap_memory|                               V_local_21|         array|
|V_local_21_ce1       |  out|    1|   ap_memory|                               V_local_21|         array|
|V_local_21_we1       |  out|    1|   ap_memory|                               V_local_21|         array|
|V_local_21_d1        |  out|    8|   ap_memory|                               V_local_21|         array|
|V_local_22_address1  |  out|   14|   ap_memory|                               V_local_22|         array|
|V_local_22_ce1       |  out|    1|   ap_memory|                               V_local_22|         array|
|V_local_22_we1       |  out|    1|   ap_memory|                               V_local_22|         array|
|V_local_22_d1        |  out|    8|   ap_memory|                               V_local_22|         array|
|V_local_23_address1  |  out|   14|   ap_memory|                               V_local_23|         array|
|V_local_23_ce1       |  out|    1|   ap_memory|                               V_local_23|         array|
|V_local_23_we1       |  out|    1|   ap_memory|                               V_local_23|         array|
|V_local_23_d1        |  out|    8|   ap_memory|                               V_local_23|         array|
|V_local_24_address1  |  out|   14|   ap_memory|                               V_local_24|         array|
|V_local_24_ce1       |  out|    1|   ap_memory|                               V_local_24|         array|
|V_local_24_we1       |  out|    1|   ap_memory|                               V_local_24|         array|
|V_local_24_d1        |  out|    8|   ap_memory|                               V_local_24|         array|
|V_local_25_address1  |  out|   14|   ap_memory|                               V_local_25|         array|
|V_local_25_ce1       |  out|    1|   ap_memory|                               V_local_25|         array|
|V_local_25_we1       |  out|    1|   ap_memory|                               V_local_25|         array|
|V_local_25_d1        |  out|    8|   ap_memory|                               V_local_25|         array|
|V_local_26_address1  |  out|   14|   ap_memory|                               V_local_26|         array|
|V_local_26_ce1       |  out|    1|   ap_memory|                               V_local_26|         array|
|V_local_26_we1       |  out|    1|   ap_memory|                               V_local_26|         array|
|V_local_26_d1        |  out|    8|   ap_memory|                               V_local_26|         array|
|V_local_27_address1  |  out|   14|   ap_memory|                               V_local_27|         array|
|V_local_27_ce1       |  out|    1|   ap_memory|                               V_local_27|         array|
|V_local_27_we1       |  out|    1|   ap_memory|                               V_local_27|         array|
|V_local_27_d1        |  out|    8|   ap_memory|                               V_local_27|         array|
|V_local_28_address1  |  out|   14|   ap_memory|                               V_local_28|         array|
|V_local_28_ce1       |  out|    1|   ap_memory|                               V_local_28|         array|
|V_local_28_we1       |  out|    1|   ap_memory|                               V_local_28|         array|
|V_local_28_d1        |  out|    8|   ap_memory|                               V_local_28|         array|
|V_local_29_address1  |  out|   14|   ap_memory|                               V_local_29|         array|
|V_local_29_ce1       |  out|    1|   ap_memory|                               V_local_29|         array|
|V_local_29_we1       |  out|    1|   ap_memory|                               V_local_29|         array|
|V_local_29_d1        |  out|    8|   ap_memory|                               V_local_29|         array|
|V_local_30_address1  |  out|   14|   ap_memory|                               V_local_30|         array|
|V_local_30_ce1       |  out|    1|   ap_memory|                               V_local_30|         array|
|V_local_30_we1       |  out|    1|   ap_memory|                               V_local_30|         array|
|V_local_30_d1        |  out|    8|   ap_memory|                               V_local_30|         array|
|V_local_31_address1  |  out|   14|   ap_memory|                               V_local_31|         array|
|V_local_31_ce1       |  out|    1|   ap_memory|                               V_local_31|         array|
|V_local_31_we1       |  out|    1|   ap_memory|                               V_local_31|         array|
|V_local_31_d1        |  out|    8|   ap_memory|                               V_local_31|         array|
|V_local_32_address1  |  out|   14|   ap_memory|                               V_local_32|         array|
|V_local_32_ce1       |  out|    1|   ap_memory|                               V_local_32|         array|
|V_local_32_we1       |  out|    1|   ap_memory|                               V_local_32|         array|
|V_local_32_d1        |  out|    8|   ap_memory|                               V_local_32|         array|
|V_local_33_address1  |  out|   14|   ap_memory|                               V_local_33|         array|
|V_local_33_ce1       |  out|    1|   ap_memory|                               V_local_33|         array|
|V_local_33_we1       |  out|    1|   ap_memory|                               V_local_33|         array|
|V_local_33_d1        |  out|    8|   ap_memory|                               V_local_33|         array|
|V_local_34_address1  |  out|   14|   ap_memory|                               V_local_34|         array|
|V_local_34_ce1       |  out|    1|   ap_memory|                               V_local_34|         array|
|V_local_34_we1       |  out|    1|   ap_memory|                               V_local_34|         array|
|V_local_34_d1        |  out|    8|   ap_memory|                               V_local_34|         array|
|V_local_35_address1  |  out|   14|   ap_memory|                               V_local_35|         array|
|V_local_35_ce1       |  out|    1|   ap_memory|                               V_local_35|         array|
|V_local_35_we1       |  out|    1|   ap_memory|                               V_local_35|         array|
|V_local_35_d1        |  out|    8|   ap_memory|                               V_local_35|         array|
|V_local_36_address1  |  out|   14|   ap_memory|                               V_local_36|         array|
|V_local_36_ce1       |  out|    1|   ap_memory|                               V_local_36|         array|
|V_local_36_we1       |  out|    1|   ap_memory|                               V_local_36|         array|
|V_local_36_d1        |  out|    8|   ap_memory|                               V_local_36|         array|
|V_local_37_address1  |  out|   14|   ap_memory|                               V_local_37|         array|
|V_local_37_ce1       |  out|    1|   ap_memory|                               V_local_37|         array|
|V_local_37_we1       |  out|    1|   ap_memory|                               V_local_37|         array|
|V_local_37_d1        |  out|    8|   ap_memory|                               V_local_37|         array|
|V_local_38_address1  |  out|   14|   ap_memory|                               V_local_38|         array|
|V_local_38_ce1       |  out|    1|   ap_memory|                               V_local_38|         array|
|V_local_38_we1       |  out|    1|   ap_memory|                               V_local_38|         array|
|V_local_38_d1        |  out|    8|   ap_memory|                               V_local_38|         array|
|V_local_39_address1  |  out|   14|   ap_memory|                               V_local_39|         array|
|V_local_39_ce1       |  out|    1|   ap_memory|                               V_local_39|         array|
|V_local_39_we1       |  out|    1|   ap_memory|                               V_local_39|         array|
|V_local_39_d1        |  out|    8|   ap_memory|                               V_local_39|         array|
|V_local_40_address1  |  out|   14|   ap_memory|                               V_local_40|         array|
|V_local_40_ce1       |  out|    1|   ap_memory|                               V_local_40|         array|
|V_local_40_we1       |  out|    1|   ap_memory|                               V_local_40|         array|
|V_local_40_d1        |  out|    8|   ap_memory|                               V_local_40|         array|
|V_local_41_address1  |  out|   14|   ap_memory|                               V_local_41|         array|
|V_local_41_ce1       |  out|    1|   ap_memory|                               V_local_41|         array|
|V_local_41_we1       |  out|    1|   ap_memory|                               V_local_41|         array|
|V_local_41_d1        |  out|    8|   ap_memory|                               V_local_41|         array|
|V_local_42_address1  |  out|   14|   ap_memory|                               V_local_42|         array|
|V_local_42_ce1       |  out|    1|   ap_memory|                               V_local_42|         array|
|V_local_42_we1       |  out|    1|   ap_memory|                               V_local_42|         array|
|V_local_42_d1        |  out|    8|   ap_memory|                               V_local_42|         array|
|V_local_43_address1  |  out|   14|   ap_memory|                               V_local_43|         array|
|V_local_43_ce1       |  out|    1|   ap_memory|                               V_local_43|         array|
|V_local_43_we1       |  out|    1|   ap_memory|                               V_local_43|         array|
|V_local_43_d1        |  out|    8|   ap_memory|                               V_local_43|         array|
|V_local_44_address1  |  out|   14|   ap_memory|                               V_local_44|         array|
|V_local_44_ce1       |  out|    1|   ap_memory|                               V_local_44|         array|
|V_local_44_we1       |  out|    1|   ap_memory|                               V_local_44|         array|
|V_local_44_d1        |  out|    8|   ap_memory|                               V_local_44|         array|
|V_local_45_address1  |  out|   14|   ap_memory|                               V_local_45|         array|
|V_local_45_ce1       |  out|    1|   ap_memory|                               V_local_45|         array|
|V_local_45_we1       |  out|    1|   ap_memory|                               V_local_45|         array|
|V_local_45_d1        |  out|    8|   ap_memory|                               V_local_45|         array|
|V_local_46_address1  |  out|   14|   ap_memory|                               V_local_46|         array|
|V_local_46_ce1       |  out|    1|   ap_memory|                               V_local_46|         array|
|V_local_46_we1       |  out|    1|   ap_memory|                               V_local_46|         array|
|V_local_46_d1        |  out|    8|   ap_memory|                               V_local_46|         array|
|V_local_47_address1  |  out|   14|   ap_memory|                               V_local_47|         array|
|V_local_47_ce1       |  out|    1|   ap_memory|                               V_local_47|         array|
|V_local_47_we1       |  out|    1|   ap_memory|                               V_local_47|         array|
|V_local_47_d1        |  out|    8|   ap_memory|                               V_local_47|         array|
|V_local_48_address1  |  out|   14|   ap_memory|                               V_local_48|         array|
|V_local_48_ce1       |  out|    1|   ap_memory|                               V_local_48|         array|
|V_local_48_we1       |  out|    1|   ap_memory|                               V_local_48|         array|
|V_local_48_d1        |  out|    8|   ap_memory|                               V_local_48|         array|
|V_local_49_address1  |  out|   14|   ap_memory|                               V_local_49|         array|
|V_local_49_ce1       |  out|    1|   ap_memory|                               V_local_49|         array|
|V_local_49_we1       |  out|    1|   ap_memory|                               V_local_49|         array|
|V_local_49_d1        |  out|    8|   ap_memory|                               V_local_49|         array|
|V_local_50_address1  |  out|   14|   ap_memory|                               V_local_50|         array|
|V_local_50_ce1       |  out|    1|   ap_memory|                               V_local_50|         array|
|V_local_50_we1       |  out|    1|   ap_memory|                               V_local_50|         array|
|V_local_50_d1        |  out|    8|   ap_memory|                               V_local_50|         array|
|V_local_51_address1  |  out|   14|   ap_memory|                               V_local_51|         array|
|V_local_51_ce1       |  out|    1|   ap_memory|                               V_local_51|         array|
|V_local_51_we1       |  out|    1|   ap_memory|                               V_local_51|         array|
|V_local_51_d1        |  out|    8|   ap_memory|                               V_local_51|         array|
|V_local_52_address1  |  out|   14|   ap_memory|                               V_local_52|         array|
|V_local_52_ce1       |  out|    1|   ap_memory|                               V_local_52|         array|
|V_local_52_we1       |  out|    1|   ap_memory|                               V_local_52|         array|
|V_local_52_d1        |  out|    8|   ap_memory|                               V_local_52|         array|
|V_local_53_address1  |  out|   14|   ap_memory|                               V_local_53|         array|
|V_local_53_ce1       |  out|    1|   ap_memory|                               V_local_53|         array|
|V_local_53_we1       |  out|    1|   ap_memory|                               V_local_53|         array|
|V_local_53_d1        |  out|    8|   ap_memory|                               V_local_53|         array|
|V_local_54_address1  |  out|   14|   ap_memory|                               V_local_54|         array|
|V_local_54_ce1       |  out|    1|   ap_memory|                               V_local_54|         array|
|V_local_54_we1       |  out|    1|   ap_memory|                               V_local_54|         array|
|V_local_54_d1        |  out|    8|   ap_memory|                               V_local_54|         array|
|V_local_55_address1  |  out|   14|   ap_memory|                               V_local_55|         array|
|V_local_55_ce1       |  out|    1|   ap_memory|                               V_local_55|         array|
|V_local_55_we1       |  out|    1|   ap_memory|                               V_local_55|         array|
|V_local_55_d1        |  out|    8|   ap_memory|                               V_local_55|         array|
|V_local_56_address1  |  out|   14|   ap_memory|                               V_local_56|         array|
|V_local_56_ce1       |  out|    1|   ap_memory|                               V_local_56|         array|
|V_local_56_we1       |  out|    1|   ap_memory|                               V_local_56|         array|
|V_local_56_d1        |  out|    8|   ap_memory|                               V_local_56|         array|
|V_local_57_address1  |  out|   14|   ap_memory|                               V_local_57|         array|
|V_local_57_ce1       |  out|    1|   ap_memory|                               V_local_57|         array|
|V_local_57_we1       |  out|    1|   ap_memory|                               V_local_57|         array|
|V_local_57_d1        |  out|    8|   ap_memory|                               V_local_57|         array|
|V_local_58_address1  |  out|   14|   ap_memory|                               V_local_58|         array|
|V_local_58_ce1       |  out|    1|   ap_memory|                               V_local_58|         array|
|V_local_58_we1       |  out|    1|   ap_memory|                               V_local_58|         array|
|V_local_58_d1        |  out|    8|   ap_memory|                               V_local_58|         array|
|V_local_59_address1  |  out|   14|   ap_memory|                               V_local_59|         array|
|V_local_59_ce1       |  out|    1|   ap_memory|                               V_local_59|         array|
|V_local_59_we1       |  out|    1|   ap_memory|                               V_local_59|         array|
|V_local_59_d1        |  out|    8|   ap_memory|                               V_local_59|         array|
|V_local_60_address1  |  out|   14|   ap_memory|                               V_local_60|         array|
|V_local_60_ce1       |  out|    1|   ap_memory|                               V_local_60|         array|
|V_local_60_we1       |  out|    1|   ap_memory|                               V_local_60|         array|
|V_local_60_d1        |  out|    8|   ap_memory|                               V_local_60|         array|
|V_local_61_address1  |  out|   14|   ap_memory|                               V_local_61|         array|
|V_local_61_ce1       |  out|    1|   ap_memory|                               V_local_61|         array|
|V_local_61_we1       |  out|    1|   ap_memory|                               V_local_61|         array|
|V_local_61_d1        |  out|    8|   ap_memory|                               V_local_61|         array|
|V_local_62_address1  |  out|   14|   ap_memory|                               V_local_62|         array|
|V_local_62_ce1       |  out|    1|   ap_memory|                               V_local_62|         array|
|V_local_62_we1       |  out|    1|   ap_memory|                               V_local_62|         array|
|V_local_62_d1        |  out|    8|   ap_memory|                               V_local_62|         array|
|V_local_63_address1  |  out|   14|   ap_memory|                               V_local_63|         array|
|V_local_63_ce1       |  out|    1|   ap_memory|                               V_local_63|         array|
|V_local_63_we1       |  out|    1|   ap_memory|                               V_local_63|         array|
|V_local_63_d1        |  out|    8|   ap_memory|                               V_local_63|         array|
+---------------------+-----+-----+------------+-----------------------------------------+--------------+

