

================================================================
== Vitis HLS Report for 'xmod_attn_v1_Pipeline_LOAD_K_N_LOAD_K_D'
================================================================
* Date:           Wed May 27 13:11:22 2026

* Version:        2024.1 (Build 5069499 on May 21 2024)
* Project:        xmod_attn_v1_hls
* Solution:       sol1 (Vivado IP Flow Target)
* Product family: versalaicore
* Target device:  xcvc1902-vsva2197-2MP-e-S


================================================================
== Performance Estimates
================================================================
+ Timing: 
    * Summary: 
    +--------+---------+----------+------------+
    |  Clock |  Target | Estimated| Uncertainty|
    +--------+---------+----------+------------+
    |ap_clk  |  4.00 ns|  2.165 ns|     1.08 ns|
    +--------+---------+----------+------------+

+ Latency: 
    * Summary: 
    +---------+---------+----------+----------+---------+---------+-----------------------------------------------+
    |  Latency (cycles) |  Latency (absolute) |      Interval     |                    Pipeline                   |
    |   min   |   max   |    min   |    max   |   min   |   max   |                      Type                     |
    +---------+---------+----------+----------+---------+---------+-----------------------------------------------+
    |  1048578|  1048578|  4.194 ms|  4.194 ms|  1048577|  1048577|  loop auto-rewind stp(delay=0 clock cycles(s))|
    +---------+---------+----------+----------+---------+---------+-----------------------------------------------+

    + Detail: 
        * Instance: 
        N/A

        * Loop: 
        +---------------------+---------+---------+----------+-----------+-----------+---------+----------+
        |                     |  Latency (cycles) | Iteration|  Initiation Interval  |   Trip  |          |
        |      Loop Name      |   min   |   max   |  Latency |  achieved |   target  |  Count  | Pipelined|
        +---------------------+---------+---------+----------+-----------+-----------+---------+----------+
        |- LOAD_K_N_LOAD_K_D  |  1048576|  1048576|         2|          1|          1|  1048576|       yes|
        +---------------------+---------+---------+----------+-----------+-----------+---------+----------+



================================================================
== Utilization Estimates
================================================================
* Summary: 
+-----------------+---------+------+---------+--------+-----+
|       Name      | BRAM_18K|  DSP |    FF   |   LUT  | URAM|
+-----------------+---------+------+---------+--------+-----+
|DSP              |        -|     -|        -|       -|    -|
|Expression       |        -|     -|        0|      82|    -|
|FIFO             |        -|     -|        -|       -|    -|
|Instance         |        -|     -|        -|       -|    -|
|Memory           |        -|     -|        -|       -|    -|
|Multiplexer      |        -|     -|        0|      96|    -|
|Register         |        -|     -|       67|       -|    -|
+-----------------+---------+------+---------+--------+-----+
|Total            |        0|     0|       67|     178|    0|
+-----------------+---------+------+---------+--------+-----+
|Available        |     1934|  1968|  1799680|  899840|  463|
+-----------------+---------+------+---------+--------+-----+
|Utilization (%)  |        0|     0|       ~0|      ~0|    0|
+-----------------+---------+------+---------+--------+-----+

+ Detail: 
    * Instance: 
    N/A

    * DSP: 
    N/A

    * Memory: 
    N/A

    * FIFO: 
    N/A

    * Expression: 
    +---------------------------+----------+----+---+----+------------+------------+
    |       Variable Name       | Operation| DSP| FF| LUT| Bitwidth P0| Bitwidth P1|
    +---------------------------+----------+----+---+----+------------+------------+
    |add_ln72_1_fu_2781_p2      |         +|   0|  0|  21|          21|           1|
    |add_ln72_fu_2810_p2        |         +|   0|  0|   9|           9|           1|
    |add_ln73_fu_2866_p2        |         +|   0|  0|  13|          13|           1|
    |ap_block_pp0_stage0_11001  |       and|   0|  0|   2|           1|           1|
    |icmp_ln72_fu_2787_p2       |      icmp|   0|  0|   9|          21|          22|
    |icmp_ln73_fu_2816_p2       |      icmp|   0|  0|   6|          13|          14|
    |select_ln72_1_fu_2830_p3   |    select|   0|  0|   8|           1|           9|
    |select_ln72_fu_2822_p3     |    select|   0|  0|  12|           1|           1|
    |ap_enable_pp0              |       xor|   0|  0|   2|           1|           2|
    +---------------------------+----------+----+---+----+------------+------------+
    |Total                      |          |   0|  0|  82|          81|          52|
    +---------------------------+----------+----+---+----+------------+------------+

    * Multiplexer: 
    +-------------------------+----+-----------+-----+-----------+
    |           Name          | LUT| Input Size| Bits| Total Bits|
    +-------------------------+----+-----------+-----+-----------+
    |ap_done_int              |   8|          2|    1|          2|
    |ap_enable_reg_pp0_iter1  |   8|          2|    1|          2|
    |ap_enable_reg_pp0_iter2  |   8|          2|    1|          2|
    |d_fu_406                 |  16|          2|   13|         26|
    |ddrK_blk_n_R             |   8|          2|    1|          2|
    |indvar_flatten_fu_414    |  32|          2|   21|         42|
    |n_fu_410                 |  16|          2|    9|         18|
    +-------------------------+----+-----------+-----+-----------+
    |Total                    |  96|         14|   47|         94|
    +-------------------------+----+-----------+-----+-----------+

    * Register: 
    +-------------------------+----+----+-----+-----------+
    |           Name          | FF | LUT| Bits| Const Bits|
    +-------------------------+----+----+-----+-----------+
    |ap_CS_fsm                |   1|   0|    1|          0|
    |ap_done_reg              |   1|   0|    1|          0|
    |ap_enable_reg_pp0_iter1  |   1|   0|    1|          0|
    |ap_enable_reg_pp0_iter2  |   1|   0|    1|          0|
    |d_fu_406                 |  13|   0|   13|          0|
    |indvar_flatten_fu_414    |  21|   0|   21|          0|
    |lshr_ln1_reg_3611        |   7|   0|    7|          0|
    |n_fu_410                 |   9|   0|    9|          0|
    |trunc_ln72_3_reg_3603    |   2|   0|    2|          0|
    |trunc_ln73_reg_3607      |   5|   0|    5|          0|
    |trunc_ln75_reg_3616      |   6|   0|    6|          0|
    +-------------------------+----+----+-----+-----------+
    |Total                    |  67|   0|   67|          0|
    +-------------------------+----+----+-----+-----------+



================================================================
== Interface
================================================================
* Summary: 
+----------------------+-----+-----+------------+-----------------------------------------+--------------+
|       RTL Ports      | Dir | Bits|  Protocol  |              Source Object              |    C Type    |
+----------------------+-----+-----+------------+-----------------------------------------+--------------+
|ap_clk                |   in|    1|  ap_ctrl_hs|  xmod_attn_v1_Pipeline_LOAD_K_N_LOAD_K_D|  return value|
|ap_rst                |   in|    1|  ap_ctrl_hs|  xmod_attn_v1_Pipeline_LOAD_K_N_LOAD_K_D|  return value|
|ap_start              |   in|    1|  ap_ctrl_hs|  xmod_attn_v1_Pipeline_LOAD_K_N_LOAD_K_D|  return value|
|ap_done               |  out|    1|  ap_ctrl_hs|  xmod_attn_v1_Pipeline_LOAD_K_N_LOAD_K_D|  return value|
|ap_idle               |  out|    1|  ap_ctrl_hs|  xmod_attn_v1_Pipeline_LOAD_K_N_LOAD_K_D|  return value|
|ap_ready              |  out|    1|  ap_ctrl_hs|  xmod_attn_v1_Pipeline_LOAD_K_N_LOAD_K_D|  return value|
|m_axi_ddrK_AWVALID    |  out|    1|       m_axi|                                     ddrK|       pointer|
|m_axi_ddrK_AWREADY    |   in|    1|       m_axi|                                     ddrK|       pointer|
|m_axi_ddrK_AWADDR     |  out|   64|       m_axi|                                     ddrK|       pointer|
|m_axi_ddrK_AWID       |  out|    1|       m_axi|                                     ddrK|       pointer|
|m_axi_ddrK_AWLEN      |  out|   32|       m_axi|                                     ddrK|       pointer|
|m_axi_ddrK_AWSIZE     |  out|    3|       m_axi|                                     ddrK|       pointer|
|m_axi_ddrK_AWBURST    |  out|    2|       m_axi|                                     ddrK|       pointer|
|m_axi_ddrK_AWLOCK     |  out|    2|       m_axi|                                     ddrK|       pointer|
|m_axi_ddrK_AWCACHE    |  out|    4|       m_axi|                                     ddrK|       pointer|
|m_axi_ddrK_AWPROT     |  out|    3|       m_axi|                                     ddrK|       pointer|
|m_axi_ddrK_AWQOS      |  out|    4|       m_axi|                                     ddrK|       pointer|
|m_axi_ddrK_AWREGION   |  out|    4|       m_axi|                                     ddrK|       pointer|
|m_axi_ddrK_AWUSER     |  out|    1|       m_axi|                                     ddrK|       pointer|
|m_axi_ddrK_WVALID     |  out|    1|       m_axi|                                     ddrK|       pointer|
|m_axi_ddrK_WREADY     |   in|    1|       m_axi|                                     ddrK|       pointer|
|m_axi_ddrK_WDATA      |  out|    8|       m_axi|                                     ddrK|       pointer|
|m_axi_ddrK_WSTRB      |  out|    1|       m_axi|                                     ddrK|       pointer|
|m_axi_ddrK_WLAST      |  out|    1|       m_axi|                                     ddrK|       pointer|
|m_axi_ddrK_WID        |  out|    1|       m_axi|                                     ddrK|       pointer|
|m_axi_ddrK_WUSER      |  out|    1|       m_axi|                                     ddrK|       pointer|
|m_axi_ddrK_ARVALID    |  out|    1|       m_axi|                                     ddrK|       pointer|
|m_axi_ddrK_ARREADY    |   in|    1|       m_axi|                                     ddrK|       pointer|
|m_axi_ddrK_ARADDR     |  out|   64|       m_axi|                                     ddrK|       pointer|
|m_axi_ddrK_ARID       |  out|    1|       m_axi|                                     ddrK|       pointer|
|m_axi_ddrK_ARLEN      |  out|   32|       m_axi|                                     ddrK|       pointer|
|m_axi_ddrK_ARSIZE     |  out|    3|       m_axi|                                     ddrK|       pointer|
|m_axi_ddrK_ARBURST    |  out|    2|       m_axi|                                     ddrK|       pointer|
|m_axi_ddrK_ARLOCK     |  out|    2|       m_axi|                                     ddrK|       pointer|
|m_axi_ddrK_ARCACHE    |  out|    4|       m_axi|                                     ddrK|       pointer|
|m_axi_ddrK_ARPROT     |  out|    3|       m_axi|                                     ddrK|       pointer|
|m_axi_ddrK_ARQOS      |  out|    4|       m_axi|                                     ddrK|       pointer|
|m_axi_ddrK_ARREGION   |  out|    4|       m_axi|                                     ddrK|       pointer|
|m_axi_ddrK_ARUSER     |  out|    1|       m_axi|                                     ddrK|       pointer|
|m_axi_ddrK_RVALID     |   in|    1|       m_axi|                                     ddrK|       pointer|
|m_axi_ddrK_RREADY     |  out|    1|       m_axi|                                     ddrK|       pointer|
|m_axi_ddrK_RDATA      |   in|    8|       m_axi|                                     ddrK|       pointer|
|m_axi_ddrK_RLAST      |   in|    1|       m_axi|                                     ddrK|       pointer|
|m_axi_ddrK_RID        |   in|    1|       m_axi|                                     ddrK|       pointer|
|m_axi_ddrK_RFIFONUM   |   in|   15|       m_axi|                                     ddrK|       pointer|
|m_axi_ddrK_RUSER      |   in|    1|       m_axi|                                     ddrK|       pointer|
|m_axi_ddrK_RRESP      |   in|    2|       m_axi|                                     ddrK|       pointer|
|m_axi_ddrK_BVALID     |   in|    1|       m_axi|                                     ddrK|       pointer|
|m_axi_ddrK_BREADY     |  out|    1|       m_axi|                                     ddrK|       pointer|
|m_axi_ddrK_BRESP      |   in|    2|       m_axi|                                     ddrK|       pointer|
|m_axi_ddrK_BID        |   in|    1|       m_axi|                                     ddrK|       pointer|
|m_axi_ddrK_BUSER      |   in|    1|       m_axi|                                     ddrK|       pointer|
|K                     |   in|   64|     ap_none|                                        K|        scalar|
|K_local_address1      |  out|   13|   ap_memory|                                  K_local|         array|
|K_local_ce1           |  out|    1|   ap_memory|                                  K_local|         array|
|K_local_we1           |  out|    1|   ap_memory|                                  K_local|         array|
|K_local_d1            |  out|    8|   ap_memory|                                  K_local|         array|
|K_local_1_address1    |  out|   13|   ap_memory|                                K_local_1|         array|
|K_local_1_ce1         |  out|    1|   ap_memory|                                K_local_1|         array|
|K_local_1_we1         |  out|    1|   ap_memory|                                K_local_1|         array|
|K_local_1_d1          |  out|    8|   ap_memory|                                K_local_1|         array|
|K_local_2_address1    |  out|   13|   ap_memory|                                K_local_2|         array|
|K_local_2_ce1         |  out|    1|   ap_memory|                                K_local_2|         array|
|K_local_2_we1         |  out|    1|   ap_memory|                                K_local_2|         array|
|K_local_2_d1          |  out|    8|   ap_memory|                                K_local_2|         array|
|K_local_3_address1    |  out|   13|   ap_memory|                                K_local_3|         array|
|K_local_3_ce1         |  out|    1|   ap_memory|                                K_local_3|         array|
|K_local_3_we1         |  out|    1|   ap_memory|                                K_local_3|         array|
|K_local_3_d1          |  out|    8|   ap_memory|                                K_local_3|         array|
|K_local_4_address1    |  out|   13|   ap_memory|                                K_local_4|         array|
|K_local_4_ce1         |  out|    1|   ap_memory|                                K_local_4|         array|
|K_local_4_we1         |  out|    1|   ap_memory|                                K_local_4|         array|
|K_local_4_d1          |  out|    8|   ap_memory|                                K_local_4|         array|
|K_local_5_address1    |  out|   13|   ap_memory|                                K_local_5|         array|
|K_local_5_ce1         |  out|    1|   ap_memory|                                K_local_5|         array|
|K_local_5_we1         |  out|    1|   ap_memory|                                K_local_5|         array|
|K_local_5_d1          |  out|    8|   ap_memory|                                K_local_5|         array|
|K_local_6_address1    |  out|   13|   ap_memory|                                K_local_6|         array|
|K_local_6_ce1         |  out|    1|   ap_memory|                                K_local_6|         array|
|K_local_6_we1         |  out|    1|   ap_memory|                                K_local_6|         array|
|K_local_6_d1          |  out|    8|   ap_memory|                                K_local_6|         array|
|K_local_7_address1    |  out|   13|   ap_memory|                                K_local_7|         array|
|K_local_7_ce1         |  out|    1|   ap_memory|                                K_local_7|         array|
|K_local_7_we1         |  out|    1|   ap_memory|                                K_local_7|         array|
|K_local_7_d1          |  out|    8|   ap_memory|                                K_local_7|         array|
|K_local_8_address1    |  out|   13|   ap_memory|                                K_local_8|         array|
|K_local_8_ce1         |  out|    1|   ap_memory|                                K_local_8|         array|
|K_local_8_we1         |  out|    1|   ap_memory|                                K_local_8|         array|
|K_local_8_d1          |  out|    8|   ap_memory|                                K_local_8|         array|
|K_local_9_address1    |  out|   13|   ap_memory|                                K_local_9|         array|
|K_local_9_ce1         |  out|    1|   ap_memory|                                K_local_9|         array|
|K_local_9_we1         |  out|    1|   ap_memory|                                K_local_9|         array|
|K_local_9_d1          |  out|    8|   ap_memory|                                K_local_9|         array|
|K_local_10_address1   |  out|   13|   ap_memory|                               K_local_10|         array|
|K_local_10_ce1        |  out|    1|   ap_memory|                               K_local_10|         array|
|K_local_10_we1        |  out|    1|   ap_memory|                               K_local_10|         array|
|K_local_10_d1         |  out|    8|   ap_memory|                               K_local_10|         array|
|K_local_11_address1   |  out|   13|   ap_memory|                               K_local_11|         array|
|K_local_11_ce1        |  out|    1|   ap_memory|                               K_local_11|         array|
|K_local_11_we1        |  out|    1|   ap_memory|                               K_local_11|         array|
|K_local_11_d1         |  out|    8|   ap_memory|                               K_local_11|         array|
|K_local_12_address1   |  out|   13|   ap_memory|                               K_local_12|         array|
|K_local_12_ce1        |  out|    1|   ap_memory|                               K_local_12|         array|
|K_local_12_we1        |  out|    1|   ap_memory|                               K_local_12|         array|
|K_local_12_d1         |  out|    8|   ap_memory|                               K_local_12|         array|
|K_local_13_address1   |  out|   13|   ap_memory|                               K_local_13|         array|
|K_local_13_ce1        |  out|    1|   ap_memory|                               K_local_13|         array|
|K_local_13_we1        |  out|    1|   ap_memory|                               K_local_13|         array|
|K_local_13_d1         |  out|    8|   ap_memory|                               K_local_13|         array|
|K_local_14_address1   |  out|   13|   ap_memory|                               K_local_14|         array|
|K_local_14_ce1        |  out|    1|   ap_memory|                               K_local_14|         array|
|K_local_14_we1        |  out|    1|   ap_memory|                               K_local_14|         array|
|K_local_14_d1         |  out|    8|   ap_memory|                               K_local_14|         array|
|K_local_15_address1   |  out|   13|   ap_memory|                               K_local_15|         array|
|K_local_15_ce1        |  out|    1|   ap_memory|                               K_local_15|         array|
|K_local_15_we1        |  out|    1|   ap_memory|                               K_local_15|         array|
|K_local_15_d1         |  out|    8|   ap_memory|                               K_local_15|         array|
|K_local_16_address1   |  out|   13|   ap_memory|                               K_local_16|         array|
|K_local_16_ce1        |  out|    1|   ap_memory|                               K_local_16|         array|
|K_local_16_we1        |  out|    1|   ap_memory|                               K_local_16|         array|
|K_local_16_d1         |  out|    8|   ap_memory|                               K_local_16|         array|
|K_local_17_address1   |  out|   13|   ap_memory|                               K_local_17|         array|
|K_local_17_ce1        |  out|    1|   ap_memory|                               K_local_17|         array|
|K_local_17_we1        |  out|    1|   ap_memory|                               K_local_17|         array|
|K_local_17_d1         |  out|    8|   ap_memory|                               K_local_17|         array|
|K_local_18_address1   |  out|   13|   ap_memory|                               K_local_18|         array|
|K_local_18_ce1        |  out|    1|   ap_memory|                               K_local_18|         array|
|K_local_18_we1        |  out|    1|   ap_memory|                               K_local_18|         array|
|K_local_18_d1         |  out|    8|   ap_memory|                               K_local_18|         array|
|K_local_19_address1   |  out|   13|   ap_memory|                               K_local_19|         array|
|K_local_19_ce1        |  out|    1|   ap_memory|                               K_local_19|         array|
|K_local_19_we1        |  out|    1|   ap_memory|                               K_local_19|         array|
|K_local_19_d1         |  out|    8|   ap_memory|                               K_local_19|         array|
|K_local_20_address1   |  out|   13|   ap_memory|                               K_local_20|         array|
|K_local_20_ce1        |  out|    1|   ap_memory|                               K_local_20|         array|
|K_local_20_we1        |  out|    1|   ap_memory|                               K_local_20|         array|
|K_local_20_d1         |  out|    8|   ap_memory|                               K_local_20|         array|
|K_local_21_address1   |  out|   13|   ap_memory|                               K_local_21|         array|
|K_local_21_ce1        |  out|    1|   ap_memory|                               K_local_21|         array|
|K_local_21_we1        |  out|    1|   ap_memory|                               K_local_21|         array|
|K_local_21_d1         |  out|    8|   ap_memory|                               K_local_21|         array|
|K_local_22_address1   |  out|   13|   ap_memory|                               K_local_22|         array|
|K_local_22_ce1        |  out|    1|   ap_memory|                               K_local_22|         array|
|K_local_22_we1        |  out|    1|   ap_memory|                               K_local_22|         array|
|K_local_22_d1         |  out|    8|   ap_memory|                               K_local_22|         array|
|K_local_23_address1   |  out|   13|   ap_memory|                               K_local_23|         array|
|K_local_23_ce1        |  out|    1|   ap_memory|                               K_local_23|         array|
|K_local_23_we1        |  out|    1|   ap_memory|                               K_local_23|         array|
|K_local_23_d1         |  out|    8|   ap_memory|                               K_local_23|         array|
|K_local_24_address1   |  out|   13|   ap_memory|                               K_local_24|         array|
|K_local_24_ce1        |  out|    1|   ap_memory|                               K_local_24|         array|
|K_local_24_we1        |  out|    1|   ap_memory|                               K_local_24|         array|
|K_local_24_d1         |  out|    8|   ap_memory|                               K_local_24|         array|
|K_local_25_address1   |  out|   13|   ap_memory|                               K_local_25|         array|
|K_local_25_ce1        |  out|    1|   ap_memory|                               K_local_25|         array|
|K_local_25_we1        |  out|    1|   ap_memory|                               K_local_25|         array|
|K_local_25_d1         |  out|    8|   ap_memory|                               K_local_25|         array|
|K_local_26_address1   |  out|   13|   ap_memory|                               K_local_26|         array|
|K_local_26_ce1        |  out|    1|   ap_memory|                               K_local_26|         array|
|K_local_26_we1        |  out|    1|   ap_memory|                               K_local_26|         array|
|K_local_26_d1         |  out|    8|   ap_memory|                               K_local_26|         array|
|K_local_27_address1   |  out|   13|   ap_memory|                               K_local_27|         array|
|K_local_27_ce1        |  out|    1|   ap_memory|                               K_local_27|         array|
|K_local_27_we1        |  out|    1|   ap_memory|                               K_local_27|         array|
|K_local_27_d1         |  out|    8|   ap_memory|                               K_local_27|         array|
|K_local_28_address1   |  out|   13|   ap_memory|                               K_local_28|         array|
|K_local_28_ce1        |  out|    1|   ap_memory|                               K_local_28|         array|
|K_local_28_we1        |  out|    1|   ap_memory|                               K_local_28|         array|
|K_local_28_d1         |  out|    8|   ap_memory|                               K_local_28|         array|
|K_local_29_address1   |  out|   13|   ap_memory|                               K_local_29|         array|
|K_local_29_ce1        |  out|    1|   ap_memory|                               K_local_29|         array|
|K_local_29_we1        |  out|    1|   ap_memory|                               K_local_29|         array|
|K_local_29_d1         |  out|    8|   ap_memory|                               K_local_29|         array|
|K_local_30_address1   |  out|   13|   ap_memory|                               K_local_30|         array|
|K_local_30_ce1        |  out|    1|   ap_memory|                               K_local_30|         array|
|K_local_30_we1        |  out|    1|   ap_memory|                               K_local_30|         array|
|K_local_30_d1         |  out|    8|   ap_memory|                               K_local_30|         array|
|K_local_31_address1   |  out|   13|   ap_memory|                               K_local_31|         array|
|K_local_31_ce1        |  out|    1|   ap_memory|                               K_local_31|         array|
|K_local_31_we1        |  out|    1|   ap_memory|                               K_local_31|         array|
|K_local_31_d1         |  out|    8|   ap_memory|                               K_local_31|         array|
|K_local_32_address1   |  out|   13|   ap_memory|                               K_local_32|         array|
|K_local_32_ce1        |  out|    1|   ap_memory|                               K_local_32|         array|
|K_local_32_we1        |  out|    1|   ap_memory|                               K_local_32|         array|
|K_local_32_d1         |  out|    8|   ap_memory|                               K_local_32|         array|
|K_local_33_address1   |  out|   13|   ap_memory|                               K_local_33|         array|
|K_local_33_ce1        |  out|    1|   ap_memory|                               K_local_33|         array|
|K_local_33_we1        |  out|    1|   ap_memory|                               K_local_33|         array|
|K_local_33_d1         |  out|    8|   ap_memory|                               K_local_33|         array|
|K_local_34_address1   |  out|   13|   ap_memory|                               K_local_34|         array|
|K_local_34_ce1        |  out|    1|   ap_memory|                               K_local_34|         array|
|K_local_34_we1        |  out|    1|   ap_memory|                               K_local_34|         array|
|K_local_34_d1         |  out|    8|   ap_memory|                               K_local_34|         array|
|K_local_35_address1   |  out|   13|   ap_memory|                               K_local_35|         array|
|K_local_35_ce1        |  out|    1|   ap_memory|                               K_local_35|         array|
|K_local_35_we1        |  out|    1|   ap_memory|                               K_local_35|         array|
|K_local_35_d1         |  out|    8|   ap_memory|                               K_local_35|         array|
|K_local_36_address1   |  out|   13|   ap_memory|                               K_local_36|         array|
|K_local_36_ce1        |  out|    1|   ap_memory|                               K_local_36|         array|
|K_local_36_we1        |  out|    1|   ap_memory|                               K_local_36|         array|
|K_local_36_d1         |  out|    8|   ap_memory|                               K_local_36|         array|
|K_local_37_address1   |  out|   13|   ap_memory|                               K_local_37|         array|
|K_local_37_ce1        |  out|    1|   ap_memory|                               K_local_37|         array|
|K_local_37_we1        |  out|    1|   ap_memory|                               K_local_37|         array|
|K_local_37_d1         |  out|    8|   ap_memory|                               K_local_37|         array|
|K_local_38_address1   |  out|   13|   ap_memory|                               K_local_38|         array|
|K_local_38_ce1        |  out|    1|   ap_memory|                               K_local_38|         array|
|K_local_38_we1        |  out|    1|   ap_memory|                               K_local_38|         array|
|K_local_38_d1         |  out|    8|   ap_memory|                               K_local_38|         array|
|K_local_39_address1   |  out|   13|   ap_memory|                               K_local_39|         array|
|K_local_39_ce1        |  out|    1|   ap_memory|                               K_local_39|         array|
|K_local_39_we1        |  out|    1|   ap_memory|                               K_local_39|         array|
|K_local_39_d1         |  out|    8|   ap_memory|                               K_local_39|         array|
|K_local_40_address1   |  out|   13|   ap_memory|                               K_local_40|         array|
|K_local_40_ce1        |  out|    1|   ap_memory|                               K_local_40|         array|
|K_local_40_we1        |  out|    1|   ap_memory|                               K_local_40|         array|
|K_local_40_d1         |  out|    8|   ap_memory|                               K_local_40|         array|
|K_local_41_address1   |  out|   13|   ap_memory|                               K_local_41|         array|
|K_local_41_ce1        |  out|    1|   ap_memory|                               K_local_41|         array|
|K_local_41_we1        |  out|    1|   ap_memory|                               K_local_41|         array|
|K_local_41_d1         |  out|    8|   ap_memory|                               K_local_41|         array|
|K_local_42_address1   |  out|   13|   ap_memory|                               K_local_42|         array|
|K_local_42_ce1        |  out|    1|   ap_memory|                               K_local_42|         array|
|K_local_42_we1        |  out|    1|   ap_memory|                               K_local_42|         array|
|K_local_42_d1         |  out|    8|   ap_memory|                               K_local_42|         array|
|K_local_43_address1   |  out|   13|   ap_memory|                               K_local_43|         array|
|K_local_43_ce1        |  out|    1|   ap_memory|                               K_local_43|         array|
|K_local_43_we1        |  out|    1|   ap_memory|                               K_local_43|         array|
|K_local_43_d1         |  out|    8|   ap_memory|                               K_local_43|         array|
|K_local_44_address1   |  out|   13|   ap_memory|                               K_local_44|         array|
|K_local_44_ce1        |  out|    1|   ap_memory|                               K_local_44|         array|
|K_local_44_we1        |  out|    1|   ap_memory|                               K_local_44|         array|
|K_local_44_d1         |  out|    8|   ap_memory|                               K_local_44|         array|
|K_local_45_address1   |  out|   13|   ap_memory|                               K_local_45|         array|
|K_local_45_ce1        |  out|    1|   ap_memory|                               K_local_45|         array|
|K_local_45_we1        |  out|    1|   ap_memory|                               K_local_45|         array|
|K_local_45_d1         |  out|    8|   ap_memory|                               K_local_45|         array|
|K_local_46_address1   |  out|   13|   ap_memory|                               K_local_46|         array|
|K_local_46_ce1        |  out|    1|   ap_memory|                               K_local_46|         array|
|K_local_46_we1        |  out|    1|   ap_memory|                               K_local_46|         array|
|K_local_46_d1         |  out|    8|   ap_memory|                               K_local_46|         array|
|K_local_47_address1   |  out|   13|   ap_memory|                               K_local_47|         array|
|K_local_47_ce1        |  out|    1|   ap_memory|                               K_local_47|         array|
|K_local_47_we1        |  out|    1|   ap_memory|                               K_local_47|         array|
|K_local_47_d1         |  out|    8|   ap_memory|                               K_local_47|         array|
|K_local_48_address1   |  out|   13|   ap_memory|                               K_local_48|         array|
|K_local_48_ce1        |  out|    1|   ap_memory|                               K_local_48|         array|
|K_local_48_we1        |  out|    1|   ap_memory|                               K_local_48|         array|
|K_local_48_d1         |  out|    8|   ap_memory|                               K_local_48|         array|
|K_local_49_address1   |  out|   13|   ap_memory|                               K_local_49|         array|
|K_local_49_ce1        |  out|    1|   ap_memory|                               K_local_49|         array|
|K_local_49_we1        |  out|    1|   ap_memory|                               K_local_49|         array|
|K_local_49_d1         |  out|    8|   ap_memory|                               K_local_49|         array|
|K_local_50_address1   |  out|   13|   ap_memory|                               K_local_50|         array|
|K_local_50_ce1        |  out|    1|   ap_memory|                               K_local_50|         array|
|K_local_50_we1        |  out|    1|   ap_memory|                               K_local_50|         array|
|K_local_50_d1         |  out|    8|   ap_memory|                               K_local_50|         array|
|K_local_51_address1   |  out|   13|   ap_memory|                               K_local_51|         array|
|K_local_51_ce1        |  out|    1|   ap_memory|                               K_local_51|         array|
|K_local_51_we1        |  out|    1|   ap_memory|                               K_local_51|         array|
|K_local_51_d1         |  out|    8|   ap_memory|                               K_local_51|         array|
|K_local_52_address1   |  out|   13|   ap_memory|                               K_local_52|         array|
|K_local_52_ce1        |  out|    1|   ap_memory|                               K_local_52|         array|
|K_local_52_we1        |  out|    1|   ap_memory|                               K_local_52|         array|
|K_local_52_d1         |  out|    8|   ap_memory|                               K_local_52|         array|
|K_local_53_address1   |  out|   13|   ap_memory|                               K_local_53|         array|
|K_local_53_ce1        |  out|    1|   ap_memory|                               K_local_53|         array|
|K_local_53_we1        |  out|    1|   ap_memory|                               K_local_53|         array|
|K_local_53_d1         |  out|    8|   ap_memory|                               K_local_53|         array|
|K_local_54_address1   |  out|   13|   ap_memory|                               K_local_54|         array|
|K_local_54_ce1        |  out|    1|   ap_memory|                               K_local_54|         array|
|K_local_54_we1        |  out|    1|   ap_memory|                               K_local_54|         array|
|K_local_54_d1         |  out|    8|   ap_memory|                               K_local_54|         array|
|K_local_55_address1   |  out|   13|   ap_memory|                               K_local_55|         array|
|K_local_55_ce1        |  out|    1|   ap_memory|                               K_local_55|         array|
|K_local_55_we1        |  out|    1|   ap_memory|                               K_local_55|         array|
|K_local_55_d1         |  out|    8|   ap_memory|                               K_local_55|         array|
|K_local_56_address1   |  out|   13|   ap_memory|                               K_local_56|         array|
|K_local_56_ce1        |  out|    1|   ap_memory|                               K_local_56|         array|
|K_local_56_we1        |  out|    1|   ap_memory|                               K_local_56|         array|
|K_local_56_d1         |  out|    8|   ap_memory|                               K_local_56|         array|
|K_local_57_address1   |  out|   13|   ap_memory|                               K_local_57|         array|
|K_local_57_ce1        |  out|    1|   ap_memory|                               K_local_57|         array|
|K_local_57_we1        |  out|    1|   ap_memory|                               K_local_57|         array|
|K_local_57_d1         |  out|    8|   ap_memory|                               K_local_57|         array|
|K_local_58_address1   |  out|   13|   ap_memory|                               K_local_58|         array|
|K_local_58_ce1        |  out|    1|   ap_memory|                               K_local_58|         array|
|K_local_58_we1        |  out|    1|   ap_memory|                               K_local_58|         array|
|K_local_58_d1         |  out|    8|   ap_memory|                               K_local_58|         array|
|K_local_59_address1   |  out|   13|   ap_memory|                               K_local_59|         array|
|K_local_59_ce1        |  out|    1|   ap_memory|                               K_local_59|         array|
|K_local_59_we1        |  out|    1|   ap_memory|                               K_local_59|         array|
|K_local_59_d1         |  out|    8|   ap_memory|                               K_local_59|         array|
|K_local_60_address1   |  out|   13|   ap_memory|                               K_local_60|         array|
|K_local_60_ce1        |  out|    1|   ap_memory|                               K_local_60|         array|
|K_local_60_we1        |  out|    1|   ap_memory|                               K_local_60|         array|
|K_local_60_d1         |  out|    8|   ap_memory|                               K_local_60|         array|
|K_local_61_address1   |  out|   13|   ap_memory|                               K_local_61|         array|
|K_local_61_ce1        |  out|    1|   ap_memory|                               K_local_61|         array|
|K_local_61_we1        |  out|    1|   ap_memory|                               K_local_61|         array|
|K_local_61_d1         |  out|    8|   ap_memory|                               K_local_61|         array|
|K_local_62_address1   |  out|   13|   ap_memory|                               K_local_62|         array|
|K_local_62_ce1        |  out|    1|   ap_memory|                               K_local_62|         array|
|K_local_62_we1        |  out|    1|   ap_memory|                               K_local_62|         array|
|K_local_62_d1         |  out|    8|   ap_memory|                               K_local_62|         array|
|K_local_63_address1   |  out|   13|   ap_memory|                               K_local_63|         array|
|K_local_63_ce1        |  out|    1|   ap_memory|                               K_local_63|         array|
|K_local_63_we1        |  out|    1|   ap_memory|                               K_local_63|         array|
|K_local_63_d1         |  out|    8|   ap_memory|                               K_local_63|         array|
|K_local_64_address1   |  out|   13|   ap_memory|                               K_local_64|         array|
|K_local_64_ce1        |  out|    1|   ap_memory|                               K_local_64|         array|
|K_local_64_we1        |  out|    1|   ap_memory|                               K_local_64|         array|
|K_local_64_d1         |  out|    8|   ap_memory|                               K_local_64|         array|
|K_local_65_address1   |  out|   13|   ap_memory|                               K_local_65|         array|
|K_local_65_ce1        |  out|    1|   ap_memory|                               K_local_65|         array|
|K_local_65_we1        |  out|    1|   ap_memory|                               K_local_65|         array|
|K_local_65_d1         |  out|    8|   ap_memory|                               K_local_65|         array|
|K_local_66_address1   |  out|   13|   ap_memory|                               K_local_66|         array|
|K_local_66_ce1        |  out|    1|   ap_memory|                               K_local_66|         array|
|K_local_66_we1        |  out|    1|   ap_memory|                               K_local_66|         array|
|K_local_66_d1         |  out|    8|   ap_memory|                               K_local_66|         array|
|K_local_67_address1   |  out|   13|   ap_memory|                               K_local_67|         array|
|K_local_67_ce1        |  out|    1|   ap_memory|                               K_local_67|         array|
|K_local_67_we1        |  out|    1|   ap_memory|                               K_local_67|         array|
|K_local_67_d1         |  out|    8|   ap_memory|                               K_local_67|         array|
|K_local_68_address1   |  out|   13|   ap_memory|                               K_local_68|         array|
|K_local_68_ce1        |  out|    1|   ap_memory|                               K_local_68|         array|
|K_local_68_we1        |  out|    1|   ap_memory|                               K_local_68|         array|
|K_local_68_d1         |  out|    8|   ap_memory|                               K_local_68|         array|
|K_local_69_address1   |  out|   13|   ap_memory|                               K_local_69|         array|
|K_local_69_ce1        |  out|    1|   ap_memory|                               K_local_69|         array|
|K_local_69_we1        |  out|    1|   ap_memory|                               K_local_69|         array|
|K_local_69_d1         |  out|    8|   ap_memory|                               K_local_69|         array|
|K_local_70_address1   |  out|   13|   ap_memory|                               K_local_70|         array|
|K_local_70_ce1        |  out|    1|   ap_memory|                               K_local_70|         array|
|K_local_70_we1        |  out|    1|   ap_memory|                               K_local_70|         array|
|K_local_70_d1         |  out|    8|   ap_memory|                               K_local_70|         array|
|K_local_71_address1   |  out|   13|   ap_memory|                               K_local_71|         array|
|K_local_71_ce1        |  out|    1|   ap_memory|                               K_local_71|         array|
|K_local_71_we1        |  out|    1|   ap_memory|                               K_local_71|         array|
|K_local_71_d1         |  out|    8|   ap_memory|                               K_local_71|         array|
|K_local_72_address1   |  out|   13|   ap_memory|                               K_local_72|         array|
|K_local_72_ce1        |  out|    1|   ap_memory|                               K_local_72|         array|
|K_local_72_we1        |  out|    1|   ap_memory|                               K_local_72|         array|
|K_local_72_d1         |  out|    8|   ap_memory|                               K_local_72|         array|
|K_local_73_address1   |  out|   13|   ap_memory|                               K_local_73|         array|
|K_local_73_ce1        |  out|    1|   ap_memory|                               K_local_73|         array|
|K_local_73_we1        |  out|    1|   ap_memory|                               K_local_73|         array|
|K_local_73_d1         |  out|    8|   ap_memory|                               K_local_73|         array|
|K_local_74_address1   |  out|   13|   ap_memory|                               K_local_74|         array|
|K_local_74_ce1        |  out|    1|   ap_memory|                               K_local_74|         array|
|K_local_74_we1        |  out|    1|   ap_memory|                               K_local_74|         array|
|K_local_74_d1         |  out|    8|   ap_memory|                               K_local_74|         array|
|K_local_75_address1   |  out|   13|   ap_memory|                               K_local_75|         array|
|K_local_75_ce1        |  out|    1|   ap_memory|                               K_local_75|         array|
|K_local_75_we1        |  out|    1|   ap_memory|                               K_local_75|         array|
|K_local_75_d1         |  out|    8|   ap_memory|                               K_local_75|         array|
|K_local_76_address1   |  out|   13|   ap_memory|                               K_local_76|         array|
|K_local_76_ce1        |  out|    1|   ap_memory|                               K_local_76|         array|
|K_local_76_we1        |  out|    1|   ap_memory|                               K_local_76|         array|
|K_local_76_d1         |  out|    8|   ap_memory|                               K_local_76|         array|
|K_local_77_address1   |  out|   13|   ap_memory|                               K_local_77|         array|
|K_local_77_ce1        |  out|    1|   ap_memory|                               K_local_77|         array|
|K_local_77_we1        |  out|    1|   ap_memory|                               K_local_77|         array|
|K_local_77_d1         |  out|    8|   ap_memory|                               K_local_77|         array|
|K_local_78_address1   |  out|   13|   ap_memory|                               K_local_78|         array|
|K_local_78_ce1        |  out|    1|   ap_memory|                               K_local_78|         array|
|K_local_78_we1        |  out|    1|   ap_memory|                               K_local_78|         array|
|K_local_78_d1         |  out|    8|   ap_memory|                               K_local_78|         array|
|K_local_79_address1   |  out|   13|   ap_memory|                               K_local_79|         array|
|K_local_79_ce1        |  out|    1|   ap_memory|                               K_local_79|         array|
|K_local_79_we1        |  out|    1|   ap_memory|                               K_local_79|         array|
|K_local_79_d1         |  out|    8|   ap_memory|                               K_local_79|         array|
|K_local_80_address1   |  out|   13|   ap_memory|                               K_local_80|         array|
|K_local_80_ce1        |  out|    1|   ap_memory|                               K_local_80|         array|
|K_local_80_we1        |  out|    1|   ap_memory|                               K_local_80|         array|
|K_local_80_d1         |  out|    8|   ap_memory|                               K_local_80|         array|
|K_local_81_address1   |  out|   13|   ap_memory|                               K_local_81|         array|
|K_local_81_ce1        |  out|    1|   ap_memory|                               K_local_81|         array|
|K_local_81_we1        |  out|    1|   ap_memory|                               K_local_81|         array|
|K_local_81_d1         |  out|    8|   ap_memory|                               K_local_81|         array|
|K_local_82_address1   |  out|   13|   ap_memory|                               K_local_82|         array|
|K_local_82_ce1        |  out|    1|   ap_memory|                               K_local_82|         array|
|K_local_82_we1        |  out|    1|   ap_memory|                               K_local_82|         array|
|K_local_82_d1         |  out|    8|   ap_memory|                               K_local_82|         array|
|K_local_83_address1   |  out|   13|   ap_memory|                               K_local_83|         array|
|K_local_83_ce1        |  out|    1|   ap_memory|                               K_local_83|         array|
|K_local_83_we1        |  out|    1|   ap_memory|                               K_local_83|         array|
|K_local_83_d1         |  out|    8|   ap_memory|                               K_local_83|         array|
|K_local_84_address1   |  out|   13|   ap_memory|                               K_local_84|         array|
|K_local_84_ce1        |  out|    1|   ap_memory|                               K_local_84|         array|
|K_local_84_we1        |  out|    1|   ap_memory|                               K_local_84|         array|
|K_local_84_d1         |  out|    8|   ap_memory|                               K_local_84|         array|
|K_local_85_address1   |  out|   13|   ap_memory|                               K_local_85|         array|
|K_local_85_ce1        |  out|    1|   ap_memory|                               K_local_85|         array|
|K_local_85_we1        |  out|    1|   ap_memory|                               K_local_85|         array|
|K_local_85_d1         |  out|    8|   ap_memory|                               K_local_85|         array|
|K_local_86_address1   |  out|   13|   ap_memory|                               K_local_86|         array|
|K_local_86_ce1        |  out|    1|   ap_memory|                               K_local_86|         array|
|K_local_86_we1        |  out|    1|   ap_memory|                               K_local_86|         array|
|K_local_86_d1         |  out|    8|   ap_memory|                               K_local_86|         array|
|K_local_87_address1   |  out|   13|   ap_memory|                               K_local_87|         array|
|K_local_87_ce1        |  out|    1|   ap_memory|                               K_local_87|         array|
|K_local_87_we1        |  out|    1|   ap_memory|                               K_local_87|         array|
|K_local_87_d1         |  out|    8|   ap_memory|                               K_local_87|         array|
|K_local_88_address1   |  out|   13|   ap_memory|                               K_local_88|         array|
|K_local_88_ce1        |  out|    1|   ap_memory|                               K_local_88|         array|
|K_local_88_we1        |  out|    1|   ap_memory|                               K_local_88|         array|
|K_local_88_d1         |  out|    8|   ap_memory|                               K_local_88|         array|
|K_local_89_address1   |  out|   13|   ap_memory|                               K_local_89|         array|
|K_local_89_ce1        |  out|    1|   ap_memory|                               K_local_89|         array|
|K_local_89_we1        |  out|    1|   ap_memory|                               K_local_89|         array|
|K_local_89_d1         |  out|    8|   ap_memory|                               K_local_89|         array|
|K_local_90_address1   |  out|   13|   ap_memory|                               K_local_90|         array|
|K_local_90_ce1        |  out|    1|   ap_memory|                               K_local_90|         array|
|K_local_90_we1        |  out|    1|   ap_memory|                               K_local_90|         array|
|K_local_90_d1         |  out|    8|   ap_memory|                               K_local_90|         array|
|K_local_91_address1   |  out|   13|   ap_memory|                               K_local_91|         array|
|K_local_91_ce1        |  out|    1|   ap_memory|                               K_local_91|         array|
|K_local_91_we1        |  out|    1|   ap_memory|                               K_local_91|         array|
|K_local_91_d1         |  out|    8|   ap_memory|                               K_local_91|         array|
|K_local_92_address1   |  out|   13|   ap_memory|                               K_local_92|         array|
|K_local_92_ce1        |  out|    1|   ap_memory|                               K_local_92|         array|
|K_local_92_we1        |  out|    1|   ap_memory|                               K_local_92|         array|
|K_local_92_d1         |  out|    8|   ap_memory|                               K_local_92|         array|
|K_local_93_address1   |  out|   13|   ap_memory|                               K_local_93|         array|
|K_local_93_ce1        |  out|    1|   ap_memory|                               K_local_93|         array|
|K_local_93_we1        |  out|    1|   ap_memory|                               K_local_93|         array|
|K_local_93_d1         |  out|    8|   ap_memory|                               K_local_93|         array|
|K_local_94_address1   |  out|   13|   ap_memory|                               K_local_94|         array|
|K_local_94_ce1        |  out|    1|   ap_memory|                               K_local_94|         array|
|K_local_94_we1        |  out|    1|   ap_memory|                               K_local_94|         array|
|K_local_94_d1         |  out|    8|   ap_memory|                               K_local_94|         array|
|K_local_95_address1   |  out|   13|   ap_memory|                               K_local_95|         array|
|K_local_95_ce1        |  out|    1|   ap_memory|                               K_local_95|         array|
|K_local_95_we1        |  out|    1|   ap_memory|                               K_local_95|         array|
|K_local_95_d1         |  out|    8|   ap_memory|                               K_local_95|         array|
|K_local_96_address1   |  out|   13|   ap_memory|                               K_local_96|         array|
|K_local_96_ce1        |  out|    1|   ap_memory|                               K_local_96|         array|
|K_local_96_we1        |  out|    1|   ap_memory|                               K_local_96|         array|
|K_local_96_d1         |  out|    8|   ap_memory|                               K_local_96|         array|
|K_local_97_address1   |  out|   13|   ap_memory|                               K_local_97|         array|
|K_local_97_ce1        |  out|    1|   ap_memory|                               K_local_97|         array|
|K_local_97_we1        |  out|    1|   ap_memory|                               K_local_97|         array|
|K_local_97_d1         |  out|    8|   ap_memory|                               K_local_97|         array|
|K_local_98_address1   |  out|   13|   ap_memory|                               K_local_98|         array|
|K_local_98_ce1        |  out|    1|   ap_memory|                               K_local_98|         array|
|K_local_98_we1        |  out|    1|   ap_memory|                               K_local_98|         array|
|K_local_98_d1         |  out|    8|   ap_memory|                               K_local_98|         array|
|K_local_99_address1   |  out|   13|   ap_memory|                               K_local_99|         array|
|K_local_99_ce1        |  out|    1|   ap_memory|                               K_local_99|         array|
|K_local_99_we1        |  out|    1|   ap_memory|                               K_local_99|         array|
|K_local_99_d1         |  out|    8|   ap_memory|                               K_local_99|         array|
|K_local_100_address1  |  out|   13|   ap_memory|                              K_local_100|         array|
|K_local_100_ce1       |  out|    1|   ap_memory|                              K_local_100|         array|
|K_local_100_we1       |  out|    1|   ap_memory|                              K_local_100|         array|
|K_local_100_d1        |  out|    8|   ap_memory|                              K_local_100|         array|
|K_local_101_address1  |  out|   13|   ap_memory|                              K_local_101|         array|
|K_local_101_ce1       |  out|    1|   ap_memory|                              K_local_101|         array|
|K_local_101_we1       |  out|    1|   ap_memory|                              K_local_101|         array|
|K_local_101_d1        |  out|    8|   ap_memory|                              K_local_101|         array|
|K_local_102_address1  |  out|   13|   ap_memory|                              K_local_102|         array|
|K_local_102_ce1       |  out|    1|   ap_memory|                              K_local_102|         array|
|K_local_102_we1       |  out|    1|   ap_memory|                              K_local_102|         array|
|K_local_102_d1        |  out|    8|   ap_memory|                              K_local_102|         array|
|K_local_103_address1  |  out|   13|   ap_memory|                              K_local_103|         array|
|K_local_103_ce1       |  out|    1|   ap_memory|                              K_local_103|         array|
|K_local_103_we1       |  out|    1|   ap_memory|                              K_local_103|         array|
|K_local_103_d1        |  out|    8|   ap_memory|                              K_local_103|         array|
|K_local_104_address1  |  out|   13|   ap_memory|                              K_local_104|         array|
|K_local_104_ce1       |  out|    1|   ap_memory|                              K_local_104|         array|
|K_local_104_we1       |  out|    1|   ap_memory|                              K_local_104|         array|
|K_local_104_d1        |  out|    8|   ap_memory|                              K_local_104|         array|
|K_local_105_address1  |  out|   13|   ap_memory|                              K_local_105|         array|
|K_local_105_ce1       |  out|    1|   ap_memory|                              K_local_105|         array|
|K_local_105_we1       |  out|    1|   ap_memory|                              K_local_105|         array|
|K_local_105_d1        |  out|    8|   ap_memory|                              K_local_105|         array|
|K_local_106_address1  |  out|   13|   ap_memory|                              K_local_106|         array|
|K_local_106_ce1       |  out|    1|   ap_memory|                              K_local_106|         array|
|K_local_106_we1       |  out|    1|   ap_memory|                              K_local_106|         array|
|K_local_106_d1        |  out|    8|   ap_memory|                              K_local_106|         array|
|K_local_107_address1  |  out|   13|   ap_memory|                              K_local_107|         array|
|K_local_107_ce1       |  out|    1|   ap_memory|                              K_local_107|         array|
|K_local_107_we1       |  out|    1|   ap_memory|                              K_local_107|         array|
|K_local_107_d1        |  out|    8|   ap_memory|                              K_local_107|         array|
|K_local_108_address1  |  out|   13|   ap_memory|                              K_local_108|         array|
|K_local_108_ce1       |  out|    1|   ap_memory|                              K_local_108|         array|
|K_local_108_we1       |  out|    1|   ap_memory|                              K_local_108|         array|
|K_local_108_d1        |  out|    8|   ap_memory|                              K_local_108|         array|
|K_local_109_address1  |  out|   13|   ap_memory|                              K_local_109|         array|
|K_local_109_ce1       |  out|    1|   ap_memory|                              K_local_109|         array|
|K_local_109_we1       |  out|    1|   ap_memory|                              K_local_109|         array|
|K_local_109_d1        |  out|    8|   ap_memory|                              K_local_109|         array|
|K_local_110_address1  |  out|   13|   ap_memory|                              K_local_110|         array|
|K_local_110_ce1       |  out|    1|   ap_memory|                              K_local_110|         array|
|K_local_110_we1       |  out|    1|   ap_memory|                              K_local_110|         array|
|K_local_110_d1        |  out|    8|   ap_memory|                              K_local_110|         array|
|K_local_111_address1  |  out|   13|   ap_memory|                              K_local_111|         array|
|K_local_111_ce1       |  out|    1|   ap_memory|                              K_local_111|         array|
|K_local_111_we1       |  out|    1|   ap_memory|                              K_local_111|         array|
|K_local_111_d1        |  out|    8|   ap_memory|                              K_local_111|         array|
|K_local_112_address1  |  out|   13|   ap_memory|                              K_local_112|         array|
|K_local_112_ce1       |  out|    1|   ap_memory|                              K_local_112|         array|
|K_local_112_we1       |  out|    1|   ap_memory|                              K_local_112|         array|
|K_local_112_d1        |  out|    8|   ap_memory|                              K_local_112|         array|
|K_local_113_address1  |  out|   13|   ap_memory|                              K_local_113|         array|
|K_local_113_ce1       |  out|    1|   ap_memory|                              K_local_113|         array|
|K_local_113_we1       |  out|    1|   ap_memory|                              K_local_113|         array|
|K_local_113_d1        |  out|    8|   ap_memory|                              K_local_113|         array|
|K_local_114_address1  |  out|   13|   ap_memory|                              K_local_114|         array|
|K_local_114_ce1       |  out|    1|   ap_memory|                              K_local_114|         array|
|K_local_114_we1       |  out|    1|   ap_memory|                              K_local_114|         array|
|K_local_114_d1        |  out|    8|   ap_memory|                              K_local_114|         array|
|K_local_115_address1  |  out|   13|   ap_memory|                              K_local_115|         array|
|K_local_115_ce1       |  out|    1|   ap_memory|                              K_local_115|         array|
|K_local_115_we1       |  out|    1|   ap_memory|                              K_local_115|         array|
|K_local_115_d1        |  out|    8|   ap_memory|                              K_local_115|         array|
|K_local_116_address1  |  out|   13|   ap_memory|                              K_local_116|         array|
|K_local_116_ce1       |  out|    1|   ap_memory|                              K_local_116|         array|
|K_local_116_we1       |  out|    1|   ap_memory|                              K_local_116|         array|
|K_local_116_d1        |  out|    8|   ap_memory|                              K_local_116|         array|
|K_local_117_address1  |  out|   13|   ap_memory|                              K_local_117|         array|
|K_local_117_ce1       |  out|    1|   ap_memory|                              K_local_117|         array|
|K_local_117_we1       |  out|    1|   ap_memory|                              K_local_117|         array|
|K_local_117_d1        |  out|    8|   ap_memory|                              K_local_117|         array|
|K_local_118_address1  |  out|   13|   ap_memory|                              K_local_118|         array|
|K_local_118_ce1       |  out|    1|   ap_memory|                              K_local_118|         array|
|K_local_118_we1       |  out|    1|   ap_memory|                              K_local_118|         array|
|K_local_118_d1        |  out|    8|   ap_memory|                              K_local_118|         array|
|K_local_119_address1  |  out|   13|   ap_memory|                              K_local_119|         array|
|K_local_119_ce1       |  out|    1|   ap_memory|                              K_local_119|         array|
|K_local_119_we1       |  out|    1|   ap_memory|                              K_local_119|         array|
|K_local_119_d1        |  out|    8|   ap_memory|                              K_local_119|         array|
|K_local_120_address1  |  out|   13|   ap_memory|                              K_local_120|         array|
|K_local_120_ce1       |  out|    1|   ap_memory|                              K_local_120|         array|
|K_local_120_we1       |  out|    1|   ap_memory|                              K_local_120|         array|
|K_local_120_d1        |  out|    8|   ap_memory|                              K_local_120|         array|
|K_local_121_address1  |  out|   13|   ap_memory|                              K_local_121|         array|
|K_local_121_ce1       |  out|    1|   ap_memory|                              K_local_121|         array|
|K_local_121_we1       |  out|    1|   ap_memory|                              K_local_121|         array|
|K_local_121_d1        |  out|    8|   ap_memory|                              K_local_121|         array|
|K_local_122_address1  |  out|   13|   ap_memory|                              K_local_122|         array|
|K_local_122_ce1       |  out|    1|   ap_memory|                              K_local_122|         array|
|K_local_122_we1       |  out|    1|   ap_memory|                              K_local_122|         array|
|K_local_122_d1        |  out|    8|   ap_memory|                              K_local_122|         array|
|K_local_123_address1  |  out|   13|   ap_memory|                              K_local_123|         array|
|K_local_123_ce1       |  out|    1|   ap_memory|                              K_local_123|         array|
|K_local_123_we1       |  out|    1|   ap_memory|                              K_local_123|         array|
|K_local_123_d1        |  out|    8|   ap_memory|                              K_local_123|         array|
|K_local_124_address1  |  out|   13|   ap_memory|                              K_local_124|         array|
|K_local_124_ce1       |  out|    1|   ap_memory|                              K_local_124|         array|
|K_local_124_we1       |  out|    1|   ap_memory|                              K_local_124|         array|
|K_local_124_d1        |  out|    8|   ap_memory|                              K_local_124|         array|
|K_local_125_address1  |  out|   13|   ap_memory|                              K_local_125|         array|
|K_local_125_ce1       |  out|    1|   ap_memory|                              K_local_125|         array|
|K_local_125_we1       |  out|    1|   ap_memory|                              K_local_125|         array|
|K_local_125_d1        |  out|    8|   ap_memory|                              K_local_125|         array|
|K_local_126_address1  |  out|   13|   ap_memory|                              K_local_126|         array|
|K_local_126_ce1       |  out|    1|   ap_memory|                              K_local_126|         array|
|K_local_126_we1       |  out|    1|   ap_memory|                              K_local_126|         array|
|K_local_126_d1        |  out|    8|   ap_memory|                              K_local_126|         array|
|K_local_127_address1  |  out|   13|   ap_memory|                              K_local_127|         array|
|K_local_127_ce1       |  out|    1|   ap_memory|                              K_local_127|         array|
|K_local_127_we1       |  out|    1|   ap_memory|                              K_local_127|         array|
|K_local_127_d1        |  out|    8|   ap_memory|                              K_local_127|         array|
+----------------------+-----+-----+------------+-----------------------------------------+--------------+

